#-----------------------------------------------------------
# Vivado v2025.2 (64-bit)
# SW Build 6299465 on Fri Nov 14 12:34:56 MST 2025
# IP Build 6300035 on Fri Nov 14 10:48:45 MST 2025
# SharedData Build 6298862 on Thu Nov 13 04:50:51 MST 2025
# Start of session at: Mon Aug 24 16:10:53 2026
# Process ID         : 384794
# Current directory  : /home/williams/MYFPGA/FSO FPGA/sda_codec_clean/sda_codec_clean/sda_codec_clean.runs/cross_gth_logic_head_synth_1
# Command line       : vivado -log cross_gth_logic_head.vds -product Vivado -mode batch -messageDb vivado.pb -notrace -source cross_gth_logic_head.tcl
# Log file           : /home/williams/MYFPGA/FSO FPGA/sda_codec_clean/sda_codec_clean/sda_codec_clean.runs/cross_gth_logic_head_synth_1/cross_gth_logic_head.vds
# Journal file       : /home/williams/MYFPGA/FSO FPGA/sda_codec_clean/sda_codec_clean/sda_codec_clean.runs/cross_gth_logic_head_synth_1/vivado.jou
# Running On         : Williams
# Platform           : Ubuntu
# Operating System   : Ubuntu 22.04.5 LTS
# Processor Detail   : 13th Gen Intel(R) Core(TM) i7-13700K
# CPU Frequency      : 5300.000 MHz
# CPU Physical cores : 16
# CPU Logical cores  : 24
# Host memory        : 67183 MB
# Swap memory        : 63999 MB
# Total Virtual      : 131182 MB
# Available Virtual  : 116328 MB
#-----------------------------------------------------------
source cross_gth_logic_head.tcl -notrace
