
*** Running vivado
    with args -log top.vdi -applog -m64 -product Vivado -messageDb vivado.pb -mode batch -source top.tcl -notrace


****** Vivado v2022.2 (64-bit)
  **** SW Build 3671981 on Fri Oct 14 04:59:54 MDT 2022
  **** IP Build 3669848 on Fri Oct 14 08:30:02 MDT 2022
    ** Copyright 1986-2022 Xilinx, Inc. All Rights Reserved.

source top.tcl -notrace
Command: link_design -top top -part xcku060-ffva1156-2-i
Design is defaulting to srcset: sources_1
Design is defaulting to constrset: constrs_1
INFO: [Device 21-403] Loading part xcku060-ffva1156-2-i
INFO: [Project 1-454] Reading design checkpoint '/home/williams/MYFPGA/FPGA Final/rs_codec_clean/rs_codec_clean/rs_codec_clean.gen/sources_1/ip/clk_wiz_0/clk_wiz_0.dcp' for cell 'clk_wiz_inst'
INFO: [Project 1-454] Reading design checkpoint '/home/williams/MYFPGA/FPGA Final/rs_codec_clean/rs_codec_clean/rs_codec_clean.gen/sources_1/ip/bram_rs/bram_rs.dcp' for cell 'rs_decoder_inst/bram_rs_inst'
Netlist sorting complete. Time (s): cpu = 00:00:00.01 ; elapsed = 00:00:00 . Memory (MB): peak = 2719.938 ; gain = 0.000 ; free physical = 1425 ; free virtual = 89667
INFO: [Netlist 29-17] Analyzing 51 Unisim elements for replacement
INFO: [Netlist 29-28] Unisim Transformation completed in 0 CPU seconds
INFO: [Project 1-479] Netlist was created with Vivado 2022.2
INFO: [Project 1-570] Preparing netlist for logic optimization
WARNING: [Opt 31-32] Removing redundant IBUF since it is not being driven by a top-level port. clk_wiz_inst/inst/clkin1_ibuf 
Resolution: The tool has removed redundant IBUF. To resolve this warning, check for redundant IBUF in the input design.
WARNING: [Constraints 18-550] Could not create 'IBUF_LOW_PWR' constraint because net 'clk_wiz_inst/clk_in1' is not directly connected to top level port. Synthesis is ignored for IBUF_LOW_PWR but preserved for implementation.
Parsing XDC File [/home/williams/MYFPGA/FPGA Final/rs_codec_clean/rs_codec_clean/rs_codec_clean.gen/sources_1/ip/clk_wiz_0/clk_wiz_0_board.xdc] for cell 'clk_wiz_inst/inst'
Finished Parsing XDC File [/home/williams/MYFPGA/FPGA Final/rs_codec_clean/rs_codec_clean/rs_codec_clean.gen/sources_1/ip/clk_wiz_0/clk_wiz_0_board.xdc] for cell 'clk_wiz_inst/inst'
Parsing XDC File [/home/williams/MYFPGA/FPGA Final/rs_codec_clean/rs_codec_clean/rs_codec_clean.gen/sources_1/ip/clk_wiz_0/clk_wiz_0.xdc] for cell 'clk_wiz_inst/inst'
INFO: [Timing 38-35] Done setting XDC timing constraints. [/home/williams/MYFPGA/FPGA Final/rs_codec_clean/rs_codec_clean/rs_codec_clean.gen/sources_1/ip/clk_wiz_0/clk_wiz_0.xdc:57]
INFO: [Timing 38-2] Deriving generated clocks [/home/williams/MYFPGA/FPGA Final/rs_codec_clean/rs_codec_clean/rs_codec_clean.gen/sources_1/ip/clk_wiz_0/clk_wiz_0.xdc:57]
Finished Parsing XDC File [/home/williams/MYFPGA/FPGA Final/rs_codec_clean/rs_codec_clean/rs_codec_clean.gen/sources_1/ip/clk_wiz_0/clk_wiz_0.xdc] for cell 'clk_wiz_inst/inst'
Parsing XDC File [/home/williams/MYFPGA/FPGA Final/rs_codec_clean/rs_codec_clean/rs_codec_clean.srcs/constrs_1/new/top.xdc]
Finished Parsing XDC File [/home/williams/MYFPGA/FPGA Final/rs_codec_clean/rs_codec_clean/rs_codec_clean.srcs/constrs_1/new/top.xdc]
INFO: [Opt 31-138] Pushed 0 inverter(s) to 0 load pin(s).
INFO: [Opt 31-422] The CLOCK_DOMAINS attribute on the BRAM cell rs_decoder_inst/bram_rs_inst/U0/inst_blk_mem_gen/gnbram.gnativebmg.native_blk_mem_gen/valid.cstr/ramloop[0].ram.r/prim_noinit.ram/DEVICE_8SERIES.NO_BMM_INFO.SDP.WIDE_PRIM18.ram has been changed from INDEPENDENT to COMMON to match the clocking topology used for the BRAM.
Netlist sorting complete. Time (s): cpu = 00:00:00 ; elapsed = 00:00:00 . Memory (MB): peak = 3143.176 ; gain = 0.000 ; free physical = 1230 ; free virtual = 89471
INFO: [Project 1-111] Unisim Transformation Summary:
  A total of 1 instances were transformed.
  IBUFGDS => IBUFDS (DIFFINBUF, IBUFCTRL): 1 instance 

12 Infos, 2 Warnings, 0 Critical Warnings and 0 Errors encountered.
link_design completed successfully
Command: opt_design
Attempting to get a license for feature 'Implementation' and/or device 'xcku060'
INFO: [Common 17-349] Got license for feature 'Implementation' and/or device 'xcku060'
Running DRC as a precondition to command opt_design

Starting DRC Task
INFO: [DRC 23-27] Running DRC with 8 threads
INFO: [Project 1-461] DRC finished with 0 Errors
INFO: [Project 1-462] Please refer to the DRC report (report_drc) for more information.

Time (s): cpu = 00:00:00.8 ; elapsed = 00:00:00.48 . Memory (MB): peak = 3215.211 ; gain = 64.031 ; free physical = 1238 ; free virtual = 89480

Starting Cache Timing Information Task
INFO: [Timing 38-35] Done setting XDC timing constraints.
Ending Cache Timing Information Task | Checksum: 164cae147

Time (s): cpu = 00:00:00.09 ; elapsed = 00:00:00.03 . Memory (MB): peak = 3215.211 ; gain = 0.000 ; free physical = 1237 ; free virtual = 89479

Starting Logic Optimization Task

Phase 1 Generate And Synthesize Debug Cores
INFO: [Chipscope 16-329] Generating Script for core instance : dbg_hub 
INFO: [IP_Flow 19-3806] Processing IP xilinx.com:ip:xsdbm:3.0 for cell dbg_hub_CV.
INFO: [Chipscope 16-329] Generating Script for core instance : u_ila_0 
INFO: [IP_Flow 19-3806] Processing IP xilinx.com:ip:ila:6.2 for cell u_ila_0_CV.
Netlist sorting complete. Time (s): cpu = 00:00:00.02 ; elapsed = 00:00:00.01 . Memory (MB): peak = 3482.805 ; gain = 0.000 ; free physical = 7126 ; free virtual = 88934
Phase 1 Generate And Synthesize Debug Cores | Checksum: f7412cf9

Time (s): cpu = 00:01:08 ; elapsed = 00:00:53 . Memory (MB): peak = 3482.805 ; gain = 19.844 ; free physical = 7126 ; free virtual = 88934

Phase 2 Retarget
INFO: [Opt 31-1287] Pulled Inverter u_ila_0/inst/ila_core_inst/xsdb_memory_read_inst/current_state[0]_i_1 into driver instance u_ila_0/inst/ila_core_inst/xsdb_memory_read_inst/read_addr[9]_i_3, which resulted in an inversion of 13 pins
INFO: [Opt 31-138] Pushed 4 inverter(s) to 26 load pin(s).
INFO: [Opt 31-422] The CLOCK_DOMAINS attribute on the BRAM cell u_ila_0/inst/ila_core_inst/ila_trace_memory_inst/SUBCORE_RAM_BLK_MEM_1.trace_block_memory/inst_blk_mem_gen/gnbram.gnativebmg.native_blk_mem_gen/valid.cstr/ramloop[0].ram.r/prim_noinit.ram/DEVICE_8SERIES.NO_BMM_INFO.SDP.SIMPLE_PRIM18.ram has been changed from INDEPENDENT to COMMON to match the clocking topology used for the BRAM.
INFO: [Opt 31-422] The CLOCK_DOMAINS attribute on the BRAM cell u_ila_0/inst/ila_core_inst/ila_trace_memory_inst/SUBCORE_RAM_BLK_MEM_1.trace_block_memory/inst_blk_mem_gen/gnbram.gnativebmg.native_blk_mem_gen/valid.cstr/ramloop[1].ram.r/prim_noinit.ram/DEVICE_8SERIES.NO_BMM_INFO.SDP.SIMPLE_PRIM36.ram has been changed from INDEPENDENT to COMMON to match the clocking topology used for the BRAM.
INFO: [Opt 31-49] Retargeted 0 cell(s).
Phase 2 Retarget | Checksum: 1e5eee53d

Time (s): cpu = 00:01:09 ; elapsed = 00:00:53 . Memory (MB): peak = 3482.805 ; gain = 19.844 ; free physical = 7127 ; free virtual = 88936
INFO: [Opt 31-389] Phase Retarget created 321 cells and removed 338 cells
INFO: [Opt 31-1021] In phase Retarget, 65 netlist objects are constrained preventing optimization. Please run opt_design with -debug_log to get more detail. 

Phase 3 Constant propagation
INFO: [Opt 31-138] Pushed 0 inverter(s) to 0 load pin(s).
Phase 3 Constant propagation | Checksum: 15a91a6c7

Time (s): cpu = 00:01:09 ; elapsed = 00:00:53 . Memory (MB): peak = 3482.805 ; gain = 19.844 ; free physical = 7127 ; free virtual = 88936
INFO: [Opt 31-389] Phase Constant propagation created 0 cells and removed 16 cells
INFO: [Opt 31-1021] In phase Constant propagation, 49 netlist objects are constrained preventing optimization. Please run opt_design with -debug_log to get more detail. 

Phase 4 Sweep
Phase 4 Sweep | Checksum: 1341b4152

Time (s): cpu = 00:01:09 ; elapsed = 00:00:53 . Memory (MB): peak = 3482.805 ; gain = 19.844 ; free physical = 7127 ; free virtual = 88936
INFO: [Opt 31-389] Phase Sweep created 0 cells and removed 47 cells
INFO: [Opt 31-1021] In phase Sweep, 896 netlist objects are constrained preventing optimization. Please run opt_design with -debug_log to get more detail. 

Phase 5 BUFG optimization
INFO: [Opt 31-1077] Phase BUFG optimization inserted 0 global clock buffer(s) for CLOCK_LOW_FANOUT.
Phase 5 BUFG optimization | Checksum: 1341b4152

Time (s): cpu = 00:01:09 ; elapsed = 00:00:53 . Memory (MB): peak = 3482.805 ; gain = 19.844 ; free physical = 7127 ; free virtual = 88936
INFO: [Opt 31-662] Phase BUFG optimization created 0 cells of which 0 are BUFGs and removed 0 cells.

Phase 6 Shift Register Optimization
INFO: [Opt 31-1064] SRL Remap converted 0 SRLs to 0 registers and converted 0 registers of register chains to 0 SRLs
Phase 6 Shift Register Optimization | Checksum: 1341b4152

Time (s): cpu = 00:01:09 ; elapsed = 00:00:53 . Memory (MB): peak = 3482.805 ; gain = 19.844 ; free physical = 7127 ; free virtual = 88936
INFO: [Opt 31-389] Phase Shift Register Optimization created 0 cells and removed 0 cells

Phase 7 Post Processing Netlist
Phase 7 Post Processing Netlist | Checksum: 1341b4152

Time (s): cpu = 00:01:09 ; elapsed = 00:00:53 . Memory (MB): peak = 3482.805 ; gain = 19.844 ; free physical = 7127 ; free virtual = 88936
INFO: [Opt 31-389] Phase Post Processing Netlist created 0 cells and removed 0 cells
INFO: [Opt 31-1021] In phase Post Processing Netlist, 57 netlist objects are constrained preventing optimization. Please run opt_design with -debug_log to get more detail. 
Opt_design Change Summary
=========================


-------------------------------------------------------------------------------------------------------------------------
|  Phase                        |  #Cells created  |  #Cells Removed  |  #Constrained objects preventing optimizations  |
-------------------------------------------------------------------------------------------------------------------------
|  Retarget                     |             321  |             338  |                                             65  |
|  Constant propagation         |               0  |              16  |                                             49  |
|  Sweep                        |               0  |              47  |                                            896  |
|  BUFG optimization            |               0  |               0  |                                              0  |
|  Shift Register Optimization  |               0  |               0  |                                              0  |
|  Post Processing Netlist      |               0  |               0  |                                             57  |
-------------------------------------------------------------------------------------------------------------------------



Starting Connectivity Check Task

Time (s): cpu = 00:00:00.01 ; elapsed = 00:00:00.01 . Memory (MB): peak = 3482.805 ; gain = 0.000 ; free physical = 7127 ; free virtual = 88935
Ending Logic Optimization Task | Checksum: 20f37d90a

Time (s): cpu = 00:01:09 ; elapsed = 00:00:53 . Memory (MB): peak = 3482.805 ; gain = 19.844 ; free physical = 7127 ; free virtual = 88935

Starting Power Optimization Task
INFO: [Pwropt 34-132] Skipping clock gating for clocks with a period < 2.00 ns.
INFO: [Pwropt 34-9] Applying IDT optimizations ...
INFO: [Pwropt 34-10] Applying ODC optimizations ...
INFO: [Timing 38-35] Done setting XDC timing constraints.
Running Vector-less Activity Propagation...

Finished Running Vector-less Activity Propagation


Starting PowerOpt Patch Enables Task
INFO: [Pwropt 34-162] WRITE_MODE attribute of 0 BRAM(s) out of a total of 3 has been updated to save power. Run report_power_opt to get a complete listing of the BRAMs updated.
INFO: [Pwropt 34-201] Structural ODC has moved 0 WE to EN ports
Number of BRAM Ports augmented: 2 newly gated: 0 Total Ports: 6
Ending PowerOpt Patch Enables Task | Checksum: 1828bfba6

Time (s): cpu = 00:00:00.01 ; elapsed = 00:00:00.01 . Memory (MB): peak = 3797.391 ; gain = 0.000 ; free physical = 6953 ; free virtual = 88765
Ending Power Optimization Task | Checksum: 1828bfba6

Time (s): cpu = 00:00:04 ; elapsed = 00:00:03 . Memory (MB): peak = 3797.391 ; gain = 314.586 ; free physical = 6953 ; free virtual = 88765

Starting Final Cleanup Task
Ending Final Cleanup Task | Checksum: 1828bfba6

Time (s): cpu = 00:00:00 ; elapsed = 00:00:00 . Memory (MB): peak = 3797.391 ; gain = 0.000 ; free physical = 6953 ; free virtual = 88765

Starting Netlist Obfuscation Task
Netlist sorting complete. Time (s): cpu = 00:00:00 ; elapsed = 00:00:00 . Memory (MB): peak = 3797.391 ; gain = 0.000 ; free physical = 6953 ; free virtual = 88765
Ending Netlist Obfuscation Task | Checksum: 1d5bb053a

Time (s): cpu = 00:00:00 ; elapsed = 00:00:00 . Memory (MB): peak = 3797.391 ; gain = 0.000 ; free physical = 6953 ; free virtual = 88765
INFO: [Common 17-83] Releasing license: Implementation
53 Infos, 10 Warnings, 0 Critical Warnings and 0 Errors encountered.
opt_design completed successfully
opt_design: Time (s): cpu = 00:01:15 ; elapsed = 00:00:58 . Memory (MB): peak = 3797.391 ; gain = 654.215 ; free physical = 6953 ; free virtual = 88765
INFO: [Timing 38-35] Done setting XDC timing constraints.
INFO: [Timing 38-480] Writing timing data to binary archive.
Writing XDEF routing.
Writing XDEF routing logical nets.
Writing XDEF routing special nets.
Write XDEF Complete: Time (s): cpu = 00:00:00.16 ; elapsed = 00:00:00.04 . Memory (MB): peak = 3797.391 ; gain = 0.000 ; free physical = 6945 ; free virtual = 88761
INFO: [Common 17-1381] The checkpoint '/home/williams/MYFPGA/FPGA Final/rs_codec_clean/rs_codec_clean/rs_codec_clean.runs/impl_1/top_opt.dcp' has been generated.
INFO: [runtcl-4] Executing : report_drc -file top_drc_opted.rpt -pb top_drc_opted.pb -rpx top_drc_opted.rpx
Command: report_drc -file top_drc_opted.rpt -pb top_drc_opted.pb -rpx top_drc_opted.rpx
INFO: [IP_Flow 19-1839] IP Catalog is up to date.
INFO: [DRC 23-27] Running DRC with 8 threads
INFO: [Vivado_Tcl 2-168] The results of DRC are in file /home/williams/MYFPGA/FPGA Final/rs_codec_clean/rs_codec_clean/rs_codec_clean.runs/impl_1/top_drc_opted.rpt.
report_drc completed successfully
INFO: [Chipscope 16-240] Debug cores have already been implemented
Command: place_design
Attempting to get a license for feature 'Implementation' and/or device 'xcku060'
INFO: [Common 17-349] Got license for feature 'Implementation' and/or device 'xcku060'
INFO: [DRC 23-27] Running DRC with 8 threads
INFO: [Vivado_Tcl 4-198] DRC finished with 0 Errors
INFO: [Vivado_Tcl 4-199] Please refer to the DRC report (report_drc) for more information.
Running DRC as a precondition to command place_design
INFO: [DRC 23-27] Running DRC with 8 threads
INFO: [Vivado_Tcl 4-198] DRC finished with 0 Errors
INFO: [Vivado_Tcl 4-199] Please refer to the DRC report (report_drc) for more information.

Starting Placer Task
INFO: [Place 30-611] Multithreading enabled for place_design using a maximum of 8 CPUs

Phase 1 Placer Initialization

Phase 1.1 Placer Initialization Netlist Sorting
Netlist sorting complete. Time (s): cpu = 00:00:00 ; elapsed = 00:00:00 . Memory (MB): peak = 3813.398 ; gain = 0.000 ; free physical = 6732 ; free virtual = 88548
Phase 1.1 Placer Initialization Netlist Sorting | Checksum: 11ec37f1b

Time (s): cpu = 00:00:00 ; elapsed = 00:00:00 . Memory (MB): peak = 3813.398 ; gain = 0.000 ; free physical = 6732 ; free virtual = 88548
Netlist sorting complete. Time (s): cpu = 00:00:00 ; elapsed = 00:00:00 . Memory (MB): peak = 3813.398 ; gain = 0.000 ; free physical = 6732 ; free virtual = 88548

Phase 1.2 IO Placement/ Clock Placement/ Build Placer Device
Phase 1.2 IO Placement/ Clock Placement/ Build Placer Device | Checksum: 161a982a1

Time (s): cpu = 00:00:10 ; elapsed = 00:00:10 . Memory (MB): peak = 4494.223 ; gain = 680.824 ; free physical = 6272 ; free virtual = 88092

Phase 1.3 Build Placer Netlist Model
Phase 1.3 Build Placer Netlist Model | Checksum: 209527355

Time (s): cpu = 00:00:11 ; elapsed = 00:00:11 . Memory (MB): peak = 4526.238 ; gain = 712.840 ; free physical = 6264 ; free virtual = 88085

Phase 1.4 Constrain Clocks/Macros
Phase 1.4 Constrain Clocks/Macros | Checksum: 209527355

Time (s): cpu = 00:00:11 ; elapsed = 00:00:11 . Memory (MB): peak = 4526.238 ; gain = 712.840 ; free physical = 6264 ; free virtual = 88085
Phase 1 Placer Initialization | Checksum: 209527355

Time (s): cpu = 00:00:11 ; elapsed = 00:00:11 . Memory (MB): peak = 4526.238 ; gain = 712.840 ; free physical = 6264 ; free virtual = 88085

Phase 2 Global Placement

Phase 2.1 Floorplanning
Phase 2.1 Floorplanning | Checksum: 168981566

Time (s): cpu = 00:00:12 ; elapsed = 00:00:11 . Memory (MB): peak = 4542.246 ; gain = 728.848 ; free physical = 6287 ; free virtual = 88109

Phase 2.2 Update Timing before SLR Path Opt
Phase 2.2 Update Timing before SLR Path Opt | Checksum: 25a8e5ba5

Time (s): cpu = 00:00:12 ; elapsed = 00:00:11 . Memory (MB): peak = 4542.246 ; gain = 728.848 ; free physical = 6286 ; free virtual = 88109

Phase 2.3 Post-Processing in Floorplanning
Phase 2.3 Post-Processing in Floorplanning | Checksum: 25a8e5ba5

Time (s): cpu = 00:00:12 ; elapsed = 00:00:11 . Memory (MB): peak = 4542.246 ; gain = 728.848 ; free physical = 6286 ; free virtual = 88108

Phase 2.4 Global Placement Core

Phase 2.4.1 UpdateTiming Before Physical Synthesis
Phase 2.4.1 UpdateTiming Before Physical Synthesis | Checksum: 1517a95e0

Time (s): cpu = 00:00:24 ; elapsed = 00:00:14 . Memory (MB): peak = 4550.250 ; gain = 736.852 ; free physical = 6467 ; free virtual = 88288

Phase 2.4.2 Physical Synthesis In Placer
INFO: [Physopt 32-1035] Found 0 LUTNM shape to break, 244 LUT instances to create LUTNM shape
INFO: [Physopt 32-1044] Break lutnm for timing: one critical 0, two critical 0, total 0, new lutff created 0
INFO: [Physopt 32-1138] End 1 Pass. Optimized 112 nets or LUTs. Breaked 0 LUT, combined 112 existing LUTs and moved 0 existing LUT
INFO: [Physopt 32-65] No nets found for high-fanout optimization.
INFO: [Physopt 32-232] Optimized 0 net. Created 0 new instance.
INFO: [Physopt 32-775] End 1 Pass. Optimized 0 net or cell. Created 0 new cell, deleted 0 existing cell and moved 0 existing cell
INFO: [Physopt 32-670] No setup violation found.  DSP Register Optimization was not performed.
INFO: [Physopt 32-670] No setup violation found.  Shift Register to Pipeline Optimization was not performed.
INFO: [Physopt 32-670] No setup violation found.  Shift Register Optimization was not performed.
INFO: [Physopt 32-670] No setup violation found.  BRAM Register Optimization was not performed.
INFO: [Physopt 32-670] No setup violation found.  URAM Register Optimization was not performed.
INFO: [Physopt 32-949] No candidate nets found for dynamic/static region interface net replication
INFO: [Physopt 32-775] End 1 Pass. Optimized 0 net or cell. Created 0 new cell, deleted 0 existing cell and moved 0 existing cell
Netlist sorting complete. Time (s): cpu = 00:00:00 ; elapsed = 00:00:00 . Memory (MB): peak = 4550.250 ; gain = 0.000 ; free physical = 6477 ; free virtual = 88296

Summary of Physical Synthesis Optimizations
============================================


-----------------------------------------------------------------------------------------------------------------------------------------------------------
|  Optimization                                     |  Added Cells  |  Removed Cells  |  Optimized Cells/Nets  |  Dont Touch  |  Iterations  |  Elapsed   |
-----------------------------------------------------------------------------------------------------------------------------------------------------------
|  LUT Combining                                    |            0  |            112  |                   112  |           0  |           1  |  00:00:00  |
|  Retime                                           |            0  |              0  |                     0  |           0  |           1  |  00:00:00  |
|  Very High Fanout                                 |            0  |              0  |                     0  |           0  |           1  |  00:00:00  |
|  DSP Register                                     |            0  |              0  |                     0  |           0  |           0  |  00:00:00  |
|  Shift Register to Pipeline                       |            0  |              0  |                     0  |           0  |           0  |  00:00:00  |
|  Shift Register                                   |            0  |              0  |                     0  |           0  |           0  |  00:00:00  |
|  BRAM Register                                    |            0  |              0  |                     0  |           0  |           0  |  00:00:00  |
|  URAM Register                                    |            0  |              0  |                     0  |           0  |           0  |  00:00:00  |
|  Dynamic/Static Region Interface Net Replication  |            0  |              0  |                     0  |           0  |           1  |  00:00:00  |
|  Total                                            |            0  |            112  |                   112  |           0  |           4  |  00:00:00  |
-----------------------------------------------------------------------------------------------------------------------------------------------------------


Phase 2.4.2 Physical Synthesis In Placer | Checksum: 15dfb574c

Time (s): cpu = 00:00:25 ; elapsed = 00:00:14 . Memory (MB): peak = 4550.250 ; gain = 736.852 ; free physical = 6477 ; free virtual = 88296
Phase 2.4 Global Placement Core | Checksum: 12baa1e32

Time (s): cpu = 00:00:25 ; elapsed = 00:00:15 . Memory (MB): peak = 4550.250 ; gain = 736.852 ; free physical = 6428 ; free virtual = 88248
Phase 2 Global Placement | Checksum: 12baa1e32

Time (s): cpu = 00:00:25 ; elapsed = 00:00:15 . Memory (MB): peak = 4550.250 ; gain = 736.852 ; free physical = 6428 ; free virtual = 88248

Phase 3 Detail Placement

Phase 3.1 Commit Multi Column Macros
Phase 3.1 Commit Multi Column Macros | Checksum: 1651fbbd9

Time (s): cpu = 00:00:26 ; elapsed = 00:00:15 . Memory (MB): peak = 4550.250 ; gain = 736.852 ; free physical = 6428 ; free virtual = 88248

Phase 3.2 Commit Most Macros & LUTRAMs
Phase 3.2 Commit Most Macros & LUTRAMs | Checksum: f4cf8dcd

Time (s): cpu = 00:00:26 ; elapsed = 00:00:15 . Memory (MB): peak = 4550.250 ; gain = 736.852 ; free physical = 6432 ; free virtual = 88252

Phase 3.3 Small Shape DP

Phase 3.3.1 Small Shape Clustering
Phase 3.3.1 Small Shape Clustering | Checksum: 117f750c5

Time (s): cpu = 00:00:27 ; elapsed = 00:00:15 . Memory (MB): peak = 4550.250 ; gain = 736.852 ; free physical = 6430 ; free virtual = 88251

Phase 3.3.2 DP Optimization
Phase 3.3.2 DP Optimization | Checksum: 675e0f52

Time (s): cpu = 00:00:30 ; elapsed = 00:00:16 . Memory (MB): peak = 4550.250 ; gain = 736.852 ; free physical = 6430 ; free virtual = 88248

Phase 3.3.3 Flow Legalize Slice Clusters
Phase 3.3.3 Flow Legalize Slice Clusters | Checksum: 59d9fc55

Time (s): cpu = 00:00:30 ; elapsed = 00:00:16 . Memory (MB): peak = 4550.250 ; gain = 736.852 ; free physical = 6430 ; free virtual = 88248

Phase 3.3.4 Slice Area Swap

Phase 3.3.4.1 Slice Area Swap Initial
Phase 3.3.4.1 Slice Area Swap Initial | Checksum: e6d1789d

Time (s): cpu = 00:00:31 ; elapsed = 00:00:16 . Memory (MB): peak = 4550.250 ; gain = 736.852 ; free physical = 6415 ; free virtual = 88233
Phase 3.3.4 Slice Area Swap | Checksum: e6d1789d

Time (s): cpu = 00:00:31 ; elapsed = 00:00:16 . Memory (MB): peak = 4550.250 ; gain = 736.852 ; free physical = 6415 ; free virtual = 88233
Phase 3.3 Small Shape DP | Checksum: 12b92f84a

Time (s): cpu = 00:00:32 ; elapsed = 00:00:16 . Memory (MB): peak = 4550.250 ; gain = 736.852 ; free physical = 6411 ; free virtual = 88232

Phase 3.4 Re-assign LUT pins
Phase 3.4 Re-assign LUT pins | Checksum: eba7e793

Time (s): cpu = 00:00:32 ; elapsed = 00:00:17 . Memory (MB): peak = 4550.250 ; gain = 736.852 ; free physical = 6411 ; free virtual = 88232

Phase 3.5 Pipeline Register Optimization
Phase 3.5 Pipeline Register Optimization | Checksum: 1c3b101a8

Time (s): cpu = 00:00:32 ; elapsed = 00:00:17 . Memory (MB): peak = 4550.250 ; gain = 736.852 ; free physical = 6411 ; free virtual = 88232
Phase 3 Detail Placement | Checksum: 1c3b101a8

Time (s): cpu = 00:00:32 ; elapsed = 00:00:17 . Memory (MB): peak = 4550.250 ; gain = 736.852 ; free physical = 6411 ; free virtual = 88232

Phase 4 Post Placement Optimization and Clean-Up

Phase 4.1 Post Commit Optimization
INFO: [Timing 38-35] Done setting XDC timing constraints.

Phase 4.1.1 Post Placement Optimization
Post Placement Optimization Initialization | Checksum: 205494ddd

Phase 4.1.1.1 BUFG Insertion

Starting Physical Synthesis Task

Phase 1 Physical Synthesis Initialization
INFO: [Physopt 32-721] Multithreading enabled for phys_opt_design using a maximum of 8 CPUs
INFO: [Physopt 32-619] Estimated Timing Summary | WNS=4.361 | TNS=0.000 |
Phase 1 Physical Synthesis Initialization | Checksum: 21462e653

Time (s): cpu = 00:00:00.15 ; elapsed = 00:00:00.04 . Memory (MB): peak = 4550.250 ; gain = 0.000 ; free physical = 6404 ; free virtual = 88224
INFO: [Place 46-56] BUFG insertion identified 0 candidate nets. Inserted BUFG: 0, Replicated BUFG Driver: 0, Skipped due to Placement/Routing Conflicts: 0, Skipped due to Timing Degradation: 0, Skipped due to Illegal Netlist: 0.
Ending Physical Synthesis Task | Checksum: 21af4387c

Time (s): cpu = 00:00:00.18 ; elapsed = 00:00:00.06 . Memory (MB): peak = 4550.250 ; gain = 0.000 ; free physical = 6404 ; free virtual = 88224
Phase 4.1.1.1 BUFG Insertion | Checksum: 205494ddd

Time (s): cpu = 00:00:33 ; elapsed = 00:00:17 . Memory (MB): peak = 4550.250 ; gain = 736.852 ; free physical = 6404 ; free virtual = 88224

Phase 4.1.1.2 Post Placement Timing Optimization
INFO: [Place 30-746] Post Placement Timing Summary WNS=4.361. For the most accurate timing information please run report_timing.
Phase 4.1.1.2 Post Placement Timing Optimization | Checksum: 24a8ff0a4

Time (s): cpu = 00:00:33 ; elapsed = 00:00:17 . Memory (MB): peak = 4550.250 ; gain = 736.852 ; free physical = 6404 ; free virtual = 88224

Time (s): cpu = 00:00:33 ; elapsed = 00:00:17 . Memory (MB): peak = 4550.250 ; gain = 736.852 ; free physical = 6404 ; free virtual = 88224
Phase 4.1 Post Commit Optimization | Checksum: 24a8ff0a4

Time (s): cpu = 00:00:33 ; elapsed = 00:00:17 . Memory (MB): peak = 4550.250 ; gain = 736.852 ; free physical = 6404 ; free virtual = 88224
Netlist sorting complete. Time (s): cpu = 00:00:00 ; elapsed = 00:00:00 . Memory (MB): peak = 4550.250 ; gain = 0.000 ; free physical = 6373 ; free virtual = 88193

Phase 4.2 Post Placement Cleanup
Phase 4.2 Post Placement Cleanup | Checksum: 31feefe7a

Time (s): cpu = 00:00:34 ; elapsed = 00:00:18 . Memory (MB): peak = 4550.250 ; gain = 736.852 ; free physical = 6373 ; free virtual = 88193

Phase 4.3 Placer Reporting

Phase 4.3.1 Print Estimated Congestion
INFO: [Place 30-612] Post-Placement Estimated Congestion 
 ____________________________________________________
|           | Global Congestion | Short Congestion  |
| Direction | Region Size       | Region Size       |
|___________|___________________|___________________|
|      North|                1x1|                4x4|
|___________|___________________|___________________|
|      South|                1x1|                2x2|
|___________|___________________|___________________|
|       East|                1x1|                4x4|
|___________|___________________|___________________|
|       West|                1x1|                1x1|
|___________|___________________|___________________|

Phase 4.3.1 Print Estimated Congestion | Checksum: 31feefe7a

Time (s): cpu = 00:00:34 ; elapsed = 00:00:18 . Memory (MB): peak = 4550.250 ; gain = 736.852 ; free physical = 6373 ; free virtual = 88193
Phase 4.3 Placer Reporting | Checksum: 31feefe7a

Time (s): cpu = 00:00:34 ; elapsed = 00:00:18 . Memory (MB): peak = 4550.250 ; gain = 736.852 ; free physical = 6373 ; free virtual = 88193

Phase 4.4 Final Placement Cleanup
Netlist sorting complete. Time (s): cpu = 00:00:00 ; elapsed = 00:00:00 . Memory (MB): peak = 4550.250 ; gain = 0.000 ; free physical = 6373 ; free virtual = 88193

Time (s): cpu = 00:00:34 ; elapsed = 00:00:18 . Memory (MB): peak = 4550.250 ; gain = 736.852 ; free physical = 6373 ; free virtual = 88193
Phase 4 Post Placement Optimization and Clean-Up | Checksum: 29ac811f5

Time (s): cpu = 00:00:34 ; elapsed = 00:00:18 . Memory (MB): peak = 4550.250 ; gain = 736.852 ; free physical = 6373 ; free virtual = 88193
Ending Placer Task | Checksum: 1b434d3ae

Time (s): cpu = 00:00:34 ; elapsed = 00:00:18 . Memory (MB): peak = 4550.250 ; gain = 736.852 ; free physical = 6373 ; free virtual = 88193
INFO: [Common 17-83] Releasing license: Implementation
89 Infos, 10 Warnings, 0 Critical Warnings and 0 Errors encountered.
place_design completed successfully
place_design: Time (s): cpu = 00:00:35 ; elapsed = 00:00:18 . Memory (MB): peak = 4550.250 ; gain = 736.852 ; free physical = 6496 ; free virtual = 88316
INFO: [Timing 38-480] Writing timing data to binary archive.
Writing XDEF routing.
Writing XDEF routing logical nets.
Writing XDEF routing special nets.
Write XDEF Complete: Time (s): cpu = 00:00:00.6 ; elapsed = 00:00:00.22 . Memory (MB): peak = 4550.250 ; gain = 0.000 ; free physical = 6492 ; free virtual = 88324
INFO: [Common 17-1381] The checkpoint '/home/williams/MYFPGA/FPGA Final/rs_codec_clean/rs_codec_clean/rs_codec_clean.runs/impl_1/top_placed.dcp' has been generated.
INFO: [runtcl-4] Executing : report_io -file top_io_placed.rpt
report_io: Time (s): cpu = 00:00:00.11 ; elapsed = 00:00:00.2 . Memory (MB): peak = 4550.250 ; gain = 0.000 ; free physical = 6442 ; free virtual = 88266
INFO: [runtcl-4] Executing : report_utilization -file top_utilization_placed.rpt -pb top_utilization_placed.pb
INFO: [runtcl-4] Executing : report_control_sets -verbose -file top_control_sets_placed.rpt
report_control_sets: Time (s): cpu = 00:00:00.04 ; elapsed = 00:00:00.1 . Memory (MB): peak = 4550.250 ; gain = 0.000 ; free physical = 6464 ; free virtual = 88288
Command: phys_opt_design
Attempting to get a license for feature 'Implementation' and/or device 'xcku060'
INFO: [Common 17-349] Got license for feature 'Implementation' and/or device 'xcku060'

Starting Initial Update Timing Task

Time (s): cpu = 00:00:01 ; elapsed = 00:00:00.24 . Memory (MB): peak = 4550.250 ; gain = 0.000 ; free physical = 6463 ; free virtual = 88285
INFO: [Vivado_Tcl 4-383] Design worst setup slack (WNS) is greater than or equal to 0.000 ns. Skipping all physical synthesis optimizations.
INFO: [Vivado_Tcl 4-232] No setup violation found. The netlist was not modified.
INFO: [Common 17-83] Releasing license: Implementation
98 Infos, 10 Warnings, 0 Critical Warnings and 0 Errors encountered.
phys_opt_design completed successfully
INFO: [Timing 38-480] Writing timing data to binary archive.
Writing XDEF routing.
Writing XDEF routing logical nets.
Writing XDEF routing special nets.
Write XDEF Complete: Time (s): cpu = 00:00:00.59 ; elapsed = 00:00:00.22 . Memory (MB): peak = 4550.250 ; gain = 0.000 ; free physical = 6446 ; free virtual = 88281
INFO: [Common 17-1381] The checkpoint '/home/williams/MYFPGA/FPGA Final/rs_codec_clean/rs_codec_clean/rs_codec_clean.runs/impl_1/top_physopt.dcp' has been generated.
Command: route_design
Attempting to get a license for feature 'Implementation' and/or device 'xcku060'
INFO: [Common 17-349] Got license for feature 'Implementation' and/or device 'xcku060'
Running DRC as a precondition to command route_design
INFO: [DRC 23-27] Running DRC with 8 threads
INFO: [Vivado_Tcl 4-198] DRC finished with 0 Errors
INFO: [Vivado_Tcl 4-199] Please refer to the DRC report (report_drc) for more information.


Starting Routing Task
INFO: [Route 35-254] Multithreading enabled for route_design using a maximum of 8 CPUs

Phase 1 Build RT Design
Checksum: PlaceDB: a7ddeda9 ConstDB: 0 ShapeSum: 36f7d82f RouteDB: d55f0dd6
Post Restoration Checksum: NetGraph: cb6aa376 NumContArr: 7cd615c1 Constraints: dfebcb99 Timing: 0
Phase 1 Build RT Design | Checksum: 2282c84d0

Time (s): cpu = 00:01:02 ; elapsed = 00:00:55 . Memory (MB): peak = 4550.250 ; gain = 0.000 ; free physical = 6310 ; free virtual = 88139

Phase 2 Router Initialization

Phase 2.1 Fix Topology Constraints
Phase 2.1 Fix Topology Constraints | Checksum: 2282c84d0

Time (s): cpu = 00:01:02 ; elapsed = 00:00:55 . Memory (MB): peak = 4550.250 ; gain = 0.000 ; free physical = 6240 ; free virtual = 88069

Phase 2.2 Pre Route Cleanup
Phase 2.2 Pre Route Cleanup | Checksum: 2282c84d0

Time (s): cpu = 00:01:02 ; elapsed = 00:00:55 . Memory (MB): peak = 4550.250 ; gain = 0.000 ; free physical = 6240 ; free virtual = 88069

Phase 2.3 Global Clock Net Routing
 Number of Nodes with overlaps = 0
Phase 2.3 Global Clock Net Routing | Checksum: 2115c1aaa

Time (s): cpu = 00:01:03 ; elapsed = 00:00:55 . Memory (MB): peak = 4677.949 ; gain = 127.699 ; free physical = 6182 ; free virtual = 88011

Phase 2.4 Update Timing
Phase 2.4 Update Timing | Checksum: 217731099

Time (s): cpu = 00:01:05 ; elapsed = 00:00:57 . Memory (MB): peak = 4677.949 ; gain = 127.699 ; free physical = 6009 ; free virtual = 87839
INFO: [Route 35-416] Intermediate Timing Summary | WNS=4.775  | TNS=0.000  | WHS=-0.085 | THS=-0.917 |


Phase 2.5 Update Timing for Bus Skew

Phase 2.5.1 Update Timing
Phase 2.5.1 Update Timing | Checksum: 287be5677

Time (s): cpu = 00:01:07 ; elapsed = 00:00:57 . Memory (MB): peak = 4677.949 ; gain = 127.699 ; free physical = 6009 ; free virtual = 87838
INFO: [Route 35-416] Intermediate Timing Summary | WNS=4.775  | TNS=0.000  | WHS=N/A    | THS=N/A    |

Phase 2.5 Update Timing for Bus Skew | Checksum: 258d14728

Time (s): cpu = 00:01:07 ; elapsed = 00:00:57 . Memory (MB): peak = 4677.949 ; gain = 127.699 ; free physical = 6009 ; free virtual = 87838

Router Utilization Summary
  Global Vertical Routing Utilization    = 0.00125642 %
  Global Horizontal Routing Utilization  = 0.000915378 %
  Routable Net Status*
  *Does not include unroutable nets such as driverless and loadless.
  Run report_route_status for detailed report.
  Number of Failed Nets               = 7155
    (Failed Nets is the sum of unrouted and partially routed nets)
  Number of Unrouted Nets             = 5392
  Number of Partially Routed Nets     = 1763
  Number of Node Overlaps             = 0

Phase 2 Router Initialization | Checksum: 20e7dc0e3

Time (s): cpu = 00:01:07 ; elapsed = 00:00:58 . Memory (MB): peak = 4677.949 ; gain = 127.699 ; free physical = 5999 ; free virtual = 87828

Phase 3 Initial Routing

Phase 3.1 Global Routing
Phase 3.1 Global Routing | Checksum: 20e7dc0e3

Time (s): cpu = 00:01:08 ; elapsed = 00:00:58 . Memory (MB): peak = 4677.949 ; gain = 127.699 ; free physical = 5999 ; free virtual = 87828
Phase 3 Initial Routing | Checksum: 227cb6d12

Time (s): cpu = 00:01:10 ; elapsed = 00:00:58 . Memory (MB): peak = 4677.949 ; gain = 127.699 ; free physical = 5987 ; free virtual = 87816

Phase 4 Rip-up And Reroute

Phase 4.1 Global Iteration 0
 Number of Nodes with overlaps = 1293
 Number of Nodes with overlaps = 10
 Number of Nodes with overlaps = 0
INFO: [Route 35-416] Intermediate Timing Summary | WNS=4.482  | TNS=0.000  | WHS=0.013  | THS=0.000  |

Phase 4.1 Global Iteration 0 | Checksum: 26bf0ca7f

Time (s): cpu = 00:01:13 ; elapsed = 00:01:00 . Memory (MB): peak = 4689.246 ; gain = 138.996 ; free physical = 6012 ; free virtual = 87841

Phase 4.2 Additional Iteration for Hold
Phase 4.2 Additional Iteration for Hold | Checksum: 24d10b952

Time (s): cpu = 00:01:13 ; elapsed = 00:01:00 . Memory (MB): peak = 4689.246 ; gain = 138.996 ; free physical = 6013 ; free virtual = 87842
Phase 4 Rip-up And Reroute | Checksum: 24d10b952

Time (s): cpu = 00:01:13 ; elapsed = 00:01:00 . Memory (MB): peak = 4689.246 ; gain = 138.996 ; free physical = 6013 ; free virtual = 87842

Phase 5 Delay and Skew Optimization

Phase 5.1 Delay CleanUp
Phase 5.1 Delay CleanUp | Checksum: 24d10b952

Time (s): cpu = 00:01:13 ; elapsed = 00:01:00 . Memory (MB): peak = 4689.246 ; gain = 138.996 ; free physical = 6012 ; free virtual = 87842

Phase 5.2 Clock Skew Optimization
Phase 5.2 Clock Skew Optimization | Checksum: 24d10b952

Time (s): cpu = 00:01:13 ; elapsed = 00:01:00 . Memory (MB): peak = 4689.246 ; gain = 138.996 ; free physical = 6012 ; free virtual = 87842
Phase 5 Delay and Skew Optimization | Checksum: 24d10b952

Time (s): cpu = 00:01:13 ; elapsed = 00:01:00 . Memory (MB): peak = 4689.246 ; gain = 138.996 ; free physical = 6012 ; free virtual = 87842

Phase 6 Post Hold Fix

Phase 6.1 Hold Fix Iter

Phase 6.1.1 Update Timing
Phase 6.1.1 Update Timing | Checksum: 292b32b47

Time (s): cpu = 00:01:14 ; elapsed = 00:01:00 . Memory (MB): peak = 4689.246 ; gain = 138.996 ; free physical = 6012 ; free virtual = 87841
INFO: [Route 35-416] Intermediate Timing Summary | WNS=4.482  | TNS=0.000  | WHS=0.013  | THS=0.000  |

Phase 6.1 Hold Fix Iter | Checksum: 232e1f65a

Time (s): cpu = 00:01:14 ; elapsed = 00:01:00 . Memory (MB): peak = 4689.246 ; gain = 138.996 ; free physical = 6012 ; free virtual = 87841
Phase 6 Post Hold Fix | Checksum: 232e1f65a

Time (s): cpu = 00:01:14 ; elapsed = 00:01:00 . Memory (MB): peak = 4689.246 ; gain = 138.996 ; free physical = 6012 ; free virtual = 87841

Phase 7 Route finalize

Router Utilization Summary
  Global Vertical Routing Utilization    = 0.19262 %
  Global Horizontal Routing Utilization  = 0.154852 %
  Routable Net Status*
  *Does not include unroutable nets such as driverless and loadless.
  Run report_route_status for detailed report.
  Number of Failed Nets               = 0
    (Failed Nets is the sum of unrouted and partially routed nets)
  Number of Unrouted Nets             = 0
  Number of Partially Routed Nets     = 0
  Number of Node Overlaps             = 0

Phase 7 Route finalize | Checksum: 2d36cb4a4

Time (s): cpu = 00:01:15 ; elapsed = 00:01:00 . Memory (MB): peak = 4689.246 ; gain = 138.996 ; free physical = 6011 ; free virtual = 87840

Phase 8 Verifying routed nets

 Verification completed successfully
Phase 8 Verifying routed nets | Checksum: 2d36cb4a4

Time (s): cpu = 00:01:15 ; elapsed = 00:01:00 . Memory (MB): peak = 4689.246 ; gain = 138.996 ; free physical = 6011 ; free virtual = 87840

Phase 9 Depositing Routes
Phase 9 Depositing Routes | Checksum: 2d36cb4a4

Time (s): cpu = 00:01:15 ; elapsed = 00:01:01 . Memory (MB): peak = 4689.246 ; gain = 138.996 ; free physical = 6010 ; free virtual = 87839

Phase 10 Post Router Timing
INFO: [Route 35-57] Estimated Timing Summary | WNS=4.482  | TNS=0.000  | WHS=0.013  | THS=0.000  |

INFO: [Route 35-327] The final timing numbers are based on the router estimated timing analysis. For a complete and accurate timing signoff, please run report_timing_summary.
Phase 10 Post Router Timing | Checksum: 2d36cb4a4

Time (s): cpu = 00:01:16 ; elapsed = 00:01:01 . Memory (MB): peak = 4689.246 ; gain = 138.996 ; free physical = 6010 ; free virtual = 87839
INFO: [Route 35-16] Router Completed Successfully

Time (s): cpu = 00:01:16 ; elapsed = 00:01:01 . Memory (MB): peak = 4689.246 ; gain = 138.996 ; free physical = 6102 ; free virtual = 87931

Routing Is Done.
INFO: [Common 17-83] Releasing license: Implementation
113 Infos, 10 Warnings, 0 Critical Warnings and 0 Errors encountered.
route_design completed successfully
route_design: Time (s): cpu = 00:01:17 ; elapsed = 00:01:01 . Memory (MB): peak = 4689.246 ; gain = 138.996 ; free physical = 6102 ; free virtual = 87931
INFO: [Timing 38-480] Writing timing data to binary archive.
Writing XDEF routing.
Writing XDEF routing logical nets.
Writing XDEF routing special nets.
Write XDEF Complete: Time (s): cpu = 00:00:00.64 ; elapsed = 00:00:00.25 . Memory (MB): peak = 4689.246 ; gain = 0.000 ; free physical = 6105 ; free virtual = 87947
INFO: [Common 17-1381] The checkpoint '/home/williams/MYFPGA/FPGA Final/rs_codec_clean/rs_codec_clean/rs_codec_clean.runs/impl_1/top_routed.dcp' has been generated.
INFO: [runtcl-4] Executing : report_drc -file top_drc_routed.rpt -pb top_drc_routed.pb -rpx top_drc_routed.rpx
Command: report_drc -file top_drc_routed.rpt -pb top_drc_routed.pb -rpx top_drc_routed.rpx
INFO: [IP_Flow 19-1839] IP Catalog is up to date.
INFO: [DRC 23-27] Running DRC with 8 threads
INFO: [Vivado_Tcl 2-168] The results of DRC are in file /home/williams/MYFPGA/FPGA Final/rs_codec_clean/rs_codec_clean/rs_codec_clean.runs/impl_1/top_drc_routed.rpt.
report_drc completed successfully
INFO: [runtcl-4] Executing : report_methodology -file top_methodology_drc_routed.rpt -pb top_methodology_drc_routed.pb -rpx top_methodology_drc_routed.rpx
Command: report_methodology -file top_methodology_drc_routed.rpt -pb top_methodology_drc_routed.pb -rpx top_methodology_drc_routed.rpx
INFO: [Timing 38-35] Done setting XDC timing constraints.
INFO: [DRC 23-133] Running Methodology with 8 threads
INFO: [Vivado_Tcl 2-1520] The results of Report Methodology are in file /home/williams/MYFPGA/FPGA Final/rs_codec_clean/rs_codec_clean/rs_codec_clean.runs/impl_1/top_methodology_drc_routed.rpt.
report_methodology completed successfully
INFO: [runtcl-4] Executing : report_power -file top_power_routed.rpt -pb top_power_summary_routed.pb -rpx top_power_routed.rpx
Command: report_power -file top_power_routed.rpt -pb top_power_summary_routed.pb -rpx top_power_routed.rpx
INFO: [Timing 38-35] Done setting XDC timing constraints.
Running Vector-less Activity Propagation...

Finished Running Vector-less Activity Propagation
125 Infos, 10 Warnings, 0 Critical Warnings and 0 Errors encountered.
report_power completed successfully
INFO: [runtcl-4] Executing : report_route_status -file top_route_status.rpt -pb top_route_status.pb
INFO: [runtcl-4] Executing : report_timing_summary -max_paths 10 -report_unconstrained -file top_timing_summary_routed.rpt -pb top_timing_summary_routed.pb -rpx top_timing_summary_routed.rpx -warn_on_violation 
INFO: [Timing 38-91] UpdateTimingParams: Speed grade: -2, Temperature grade: I, Delay Type: min_max.
INFO: [Timing 38-191] Multithreading enabled for timing update using a maximum of 8 CPUs
WARNING: [Timing 38-436] There are set_bus_skew constraint(s) in this design. Please run report_bus_skew to ensure that bus skew requirements are met.
INFO: [runtcl-4] Executing : report_incremental_reuse -file top_incremental_reuse_routed.rpt
INFO: [Vivado_Tcl 4-1062] Incremental flow is disabled. No incremental reuse Info to report.
INFO: [runtcl-4] Executing : report_clock_utilization -file top_clock_utilization_routed.rpt
INFO: [runtcl-4] Executing : report_bus_skew -warn_on_violation -file top_bus_skew_routed.rpt -pb top_bus_skew_routed.pb -rpx top_bus_skew_routed.rpx
INFO: [Timing 38-91] UpdateTimingParams: Speed grade: -2, Temperature grade: I, Delay Type: min_max.
INFO: [Timing 38-191] Multithreading enabled for timing update using a maximum of 8 CPUs
INFO: [Common 17-206] Exiting Vivado at Wed Aug 12 17:20:21 2026...
