
*** Running vivado
    with args -log top.vds -m64 -product Vivado -mode batch -messageDb vivado.pb -notrace -source top.tcl


****** Vivado v2022.2 (64-bit)
  **** SW Build 3671981 on Fri Oct 14 04:59:54 MDT 2022
  **** IP Build 3669848 on Fri Oct 14 08:30:02 MDT 2022
    ** Copyright 1986-2022 Xilinx, Inc. All Rights Reserved.

source top.tcl -notrace
Command: read_checkpoint -auto_incremental -incremental {/home/williams/MYFPGA/FPGA Final/rs_codec_clean/rs_codec_clean/rs_codec_clean.srcs/utils_1/imports/synth_1/top.dcp}
INFO: [Vivado 12-5825] Read reference checkpoint from /home/williams/MYFPGA/FPGA Final/rs_codec_clean/rs_codec_clean/rs_codec_clean.srcs/utils_1/imports/synth_1/top.dcp for incremental synthesis
INFO: [Vivado 12-7989] Please ensure there are no constraint changes
Command: synth_design -top top -part xcku060-ffva1156-2-i
Starting synth_design
Attempting to get a license for feature 'Synthesis' and/or device 'xcku060'
INFO: [Common 17-349] Got license for feature 'Synthesis' and/or device 'xcku060'
INFO: [Device 21-403] Loading part xcku060-ffva1156-2-i
INFO: [Designutils 20-5440] No compile time benefit to using incremental synthesis; A full resynthesis will be run
INFO: [Designutils 20-4379] Flow is switching to default flow due to incremental criteria not met. If you would like to alter this behaviour and have the flow terminate instead, please set the following parameter config_implementation {autoIncr.Synth.RejectBehavior Terminate}
INFO: [Synth 8-7079] Multithreading enabled for synth_design using a maximum of 4 processes.
INFO: [Synth 8-7078] Launching helper process for spawning children vivado processes
INFO: [Synth 8-7075] Helper process launched with PID 3809025
INFO: [Synth 8-11241] undeclared symbol 'REGCCE', assumed default net type 'wire' [/tools/Xilinx/Vivado/2022.2/data/verilog/src/unimacro/BRAM_SINGLE_MACRO.v:2170]
---------------------------------------------------------------------------------
Starting RTL Elaboration : Time (s): cpu = 00:00:02 ; elapsed = 00:00:02 . Memory (MB): peak = 3070.215 ; gain = 365.801 ; free physical = 716 ; free virtual = 89210
Synthesis current peak Physical Memory [PSS] (MB): peak = 2479.872; parent = 2274.882; children = 204.990
Synthesis current peak Virtual Memory [VSS] (MB): peak = 4050.090; parent = 3073.188; children = 976.902
---------------------------------------------------------------------------------
INFO: [Synth 8-6157] synthesizing module 'top' [/home/williams/MYFPGA/FPGA Final/rs_codec_clean/rs_codec_clean/rs_codec_clean.srcs/sources_1/imports/new/top.v:27]
INFO: [Synth 8-6157] synthesizing module 'IBUFGDS' [/tools/Xilinx/Vivado/2022.2/scripts/rt/data/unisim_comp.v:71834]
INFO: [Synth 8-6155] done synthesizing module 'IBUFGDS' (0#1) [/tools/Xilinx/Vivado/2022.2/scripts/rt/data/unisim_comp.v:71834]
INFO: [Synth 8-6157] synthesizing module 'clk_wiz_0' [/home/williams/MYFPGA/FPGA Final/rs_codec_clean/rs_codec_clean/rs_codec_clean.runs/synth_1/.Xil/Vivado-3808886-Williams/realtime/clk_wiz_0_stub.v:5]
INFO: [Synth 8-6155] done synthesizing module 'clk_wiz_0' (0#1) [/home/williams/MYFPGA/FPGA Final/rs_codec_clean/rs_codec_clean/rs_codec_clean.runs/synth_1/.Xil/Vivado-3808886-Williams/realtime/clk_wiz_0_stub.v:5]
INFO: [Synth 8-6157] synthesizing module 'autorun' [/home/williams/MYFPGA/FPGA Final/rs_codec_clean/rs_codec_clean/rs_codec_clean.srcs/sources_1/imports/new/autorun.v:23]
INFO: [Synth 8-6155] done synthesizing module 'autorun' (0#1) [/home/williams/MYFPGA/FPGA Final/rs_codec_clean/rs_codec_clean/rs_codec_clean.srcs/sources_1/imports/new/autorun.v:23]
INFO: [Synth 8-6157] synthesizing module 'stream_input' [/home/williams/MYFPGA/FPGA Final/rs_codec_clean/rs_codec_clean/rs_codec_clean.srcs/sources_1/imports/new/stream_input.v:23]
INFO: [Synth 8-6155] done synthesizing module 'stream_input' (0#1) [/home/williams/MYFPGA/FPGA Final/rs_codec_clean/rs_codec_clean/rs_codec_clean.srcs/sources_1/imports/new/stream_input.v:23]
INFO: [Synth 8-6157] synthesizing module 'rs_encoder' [/home/williams/MYFPGA/FPGA Final/rs_codec_clean/rs_codec_clean/rs_codec_clean.srcs/sources_1/imports/new/rs_encoder.v:23]
INFO: [Synth 8-6157] synthesizing module 'multiplier' [/home/williams/MYFPGA/FPGA Final/rs_codec_clean/rs_codec_clean/rs_codec_clean.srcs/sources_1/imports/new/multiplier.v:23]
INFO: [Synth 8-6155] done synthesizing module 'multiplier' (0#1) [/home/williams/MYFPGA/FPGA Final/rs_codec_clean/rs_codec_clean/rs_codec_clean.srcs/sources_1/imports/new/multiplier.v:23]
INFO: [Synth 8-6155] done synthesizing module 'rs_encoder' (0#1) [/home/williams/MYFPGA/FPGA Final/rs_codec_clean/rs_codec_clean/rs_codec_clean.srcs/sources_1/imports/new/rs_encoder.v:23]
INFO: [Synth 8-6157] synthesizing module 'error_inject' [/home/williams/MYFPGA/FPGA Final/rs_codec_clean/rs_codec_clean/rs_codec_clean.srcs/sources_1/imports/new/error_inject.v:23]
INFO: [Synth 8-3876] $readmem data file 'error.mem' is read successfully [/home/williams/MYFPGA/FPGA Final/rs_codec_clean/rs_codec_clean/rs_codec_clean.srcs/sources_1/imports/new/error_inject.v:40]
INFO: [Synth 8-6155] done synthesizing module 'error_inject' (0#1) [/home/williams/MYFPGA/FPGA Final/rs_codec_clean/rs_codec_clean/rs_codec_clean.srcs/sources_1/imports/new/error_inject.v:23]
INFO: [Synth 8-6157] synthesizing module 'rs_decoder' [/home/williams/MYFPGA/FPGA Final/rs_codec_clean/rs_codec_clean/rs_codec_clean.srcs/sources_1/imports/rs_codec_clean/rs_decoder.v:23]
INFO: [Synth 8-6157] synthesizing module 'bram_rs' [/home/williams/MYFPGA/FPGA Final/rs_codec_clean/rs_codec_clean/rs_codec_clean.runs/synth_1/.Xil/Vivado-3808886-Williams/realtime/bram_rs_stub.v:5]
INFO: [Synth 8-6155] done synthesizing module 'bram_rs' (0#1) [/home/williams/MYFPGA/FPGA Final/rs_codec_clean/rs_codec_clean/rs_codec_clean.runs/synth_1/.Xil/Vivado-3808886-Williams/realtime/bram_rs_stub.v:5]
INFO: [Synth 8-6157] synthesizing module 'syndrome_unit' [/home/williams/MYFPGA/FPGA Final/rs_codec_clean/rs_codec_clean/rs_codec_clean.srcs/sources_1/imports/new/syndrome_unit.v:23]
INFO: [Synth 8-6155] done synthesizing module 'syndrome_unit' (0#1) [/home/williams/MYFPGA/FPGA Final/rs_codec_clean/rs_codec_clean/rs_codec_clean.srcs/sources_1/imports/new/syndrome_unit.v:23]
INFO: [Synth 8-6157] synthesizing module 'euclid_proc' [/home/williams/MYFPGA/FPGA Final/rs_codec_clean/rs_codec_clean/rs_codec_clean.srcs/sources_1/imports/new/euclid_proc.v:23]
INFO: [Synth 8-155] case statement is not full and has no default [/home/williams/MYFPGA/FPGA Final/rs_codec_clean/rs_codec_clean/rs_codec_clean.srcs/sources_1/imports/new/euclid_proc.v:149]
INFO: [Synth 8-6157] synthesizing module 'inverter' [/home/williams/MYFPGA/FPGA Final/rs_codec_clean/rs_codec_clean/rs_codec_clean.srcs/sources_1/imports/new/inverter.v:23]
INFO: [Synth 8-3876] $readmem data file 'alpha_value.mem' is read successfully [/home/williams/MYFPGA/FPGA Final/rs_codec_clean/rs_codec_clean/rs_codec_clean.srcs/sources_1/imports/new/inverter.v:36]
INFO: [Synth 8-3876] $readmem data file 'decimal_value.mem' is read successfully [/home/williams/MYFPGA/FPGA Final/rs_codec_clean/rs_codec_clean/rs_codec_clean.srcs/sources_1/imports/new/inverter.v:37]
INFO: [Synth 8-6155] done synthesizing module 'inverter' (0#1) [/home/williams/MYFPGA/FPGA Final/rs_codec_clean/rs_codec_clean/rs_codec_clean.srcs/sources_1/imports/new/inverter.v:23]
INFO: [Synth 8-6155] done synthesizing module 'euclid_proc' (0#1) [/home/williams/MYFPGA/FPGA Final/rs_codec_clean/rs_codec_clean/rs_codec_clean.srcs/sources_1/imports/new/euclid_proc.v:23]
INFO: [Synth 8-6157] synthesizing module 'chien_search' [/home/williams/MYFPGA/FPGA Final/rs_codec_clean/rs_codec_clean/rs_codec_clean.srcs/sources_1/imports/new/chien_search.v:23]
INFO: [Synth 8-6155] done synthesizing module 'chien_search' (0#1) [/home/williams/MYFPGA/FPGA Final/rs_codec_clean/rs_codec_clean/rs_codec_clean.srcs/sources_1/imports/new/chien_search.v:23]
WARNING: [Synth 8-7071] port 'valid' of module 'chien_search' is unconnected for instance 'chien_search_inst' [/home/williams/MYFPGA/FPGA Final/rs_codec_clean/rs_codec_clean/rs_codec_clean.srcs/sources_1/imports/rs_codec_clean/rs_decoder.v:169]
WARNING: [Synth 8-7023] instance 'chien_search_inst' of module 'chien_search' has 7 connections declared, but only 6 given [/home/williams/MYFPGA/FPGA Final/rs_codec_clean/rs_codec_clean/rs_codec_clean.srcs/sources_1/imports/rs_codec_clean/rs_decoder.v:169]
INFO: [Synth 8-6157] synthesizing module 'forney_math' [/home/williams/MYFPGA/FPGA Final/rs_codec_clean/rs_codec_clean/rs_codec_clean.srcs/sources_1/imports/new/forney_math.v:23]
INFO: [Synth 8-6155] done synthesizing module 'forney_math' (0#1) [/home/williams/MYFPGA/FPGA Final/rs_codec_clean/rs_codec_clean/rs_codec_clean.srcs/sources_1/imports/new/forney_math.v:23]
WARNING: [Synth 8-7071] port 'valid' of module 'forney_math' is unconnected for instance 'forney_math_inst' [/home/williams/MYFPGA/FPGA Final/rs_codec_clean/rs_codec_clean/rs_codec_clean.srcs/sources_1/imports/rs_codec_clean/rs_decoder.v:178]
WARNING: [Synth 8-7023] instance 'forney_math_inst' of module 'forney_math' has 7 connections declared, but only 6 given [/home/williams/MYFPGA/FPGA Final/rs_codec_clean/rs_codec_clean/rs_codec_clean.srcs/sources_1/imports/rs_codec_clean/rs_decoder.v:178]
INFO: [Synth 8-6155] done synthesizing module 'rs_decoder' (0#1) [/home/williams/MYFPGA/FPGA Final/rs_codec_clean/rs_codec_clean/rs_codec_clean.srcs/sources_1/imports/rs_codec_clean/rs_decoder.v:23]
INFO: [Synth 8-6155] done synthesizing module 'top' (0#1) [/home/williams/MYFPGA/FPGA Final/rs_codec_clean/rs_codec_clean/rs_codec_clean.srcs/sources_1/imports/new/top.v:27]
WARNING: [Synth 8-6014] Unused sequential element reg_T_reg[16] was removed.  [/home/williams/MYFPGA/FPGA Final/rs_codec_clean/rs_codec_clean/rs_codec_clean.srcs/sources_1/imports/new/euclid_proc.v:125]
WARNING: [Synth 8-6014] Unused sequential element reg_C_reg[16] was removed.  [/home/williams/MYFPGA/FPGA Final/rs_codec_clean/rs_codec_clean/rs_codec_clean.srcs/sources_1/imports/new/euclid_proc.v:126]
WARNING: [Synth 8-6014] Unused sequential element reg_W_reg[16] was removed.  [/home/williams/MYFPGA/FPGA Final/rs_codec_clean/rs_codec_clean/rs_codec_clean.srcs/sources_1/imports/new/euclid_proc.v:127]
WARNING: [Synth 8-6014] Unused sequential element reg_Y_reg[16] was removed.  [/home/williams/MYFPGA/FPGA Final/rs_codec_clean/rs_codec_clean/rs_codec_clean.srcs/sources_1/imports/new/euclid_proc.v:128]
INFO: [Synth 8-6071] Mark debug on the nets applies keep_hierarchy on instance 'autorun_inst'. This will prevent further optimization [/home/williams/MYFPGA/FPGA Final/rs_codec_clean/rs_codec_clean/rs_codec_clean.srcs/sources_1/imports/new/top.v:110]
INFO: [Synth 8-6071] Mark debug on the nets applies keep_hierarchy on instance 'stream_input_inst'. This will prevent further optimization [/home/williams/MYFPGA/FPGA Final/rs_codec_clean/rs_codec_clean/rs_codec_clean.srcs/sources_1/imports/new/top.v:119]
INFO: [Synth 8-6071] Mark debug on the nets applies keep_hierarchy on instance 'rs_encoder_inst'. This will prevent further optimization [/home/williams/MYFPGA/FPGA Final/rs_codec_clean/rs_codec_clean/rs_codec_clean.srcs/sources_1/imports/new/top.v:130]
INFO: [Synth 8-6071] Mark debug on the nets applies keep_hierarchy on instance 'error_inject_inst'. This will prevent further optimization [/home/williams/MYFPGA/FPGA Final/rs_codec_clean/rs_codec_clean/rs_codec_clean.srcs/sources_1/imports/new/top.v:142]
INFO: [Synth 8-6071] Mark debug on the nets applies keep_hierarchy on instance 'rs_decoder_inst'. This will prevent further optimization [/home/williams/MYFPGA/FPGA Final/rs_codec_clean/rs_codec_clean/rs_codec_clean.srcs/sources_1/imports/new/top.v:154]
WARNING: [Synth 8-3917] design top has port fan driven by constant 0
---------------------------------------------------------------------------------
Finished RTL Elaboration : Time (s): cpu = 00:00:02 ; elapsed = 00:00:03 . Memory (MB): peak = 3168.152 ; gain = 463.738 ; free physical = 545 ; free virtual = 89040
Synthesis current peak Physical Memory [PSS] (MB): peak = 2479.872; parent = 2274.882; children = 204.990
Synthesis current peak Virtual Memory [VSS] (MB): peak = 4145.059; parent = 3168.156; children = 976.902
---------------------------------------------------------------------------------
---------------------------------------------------------------------------------
Start Handling Custom Attributes
---------------------------------------------------------------------------------
---------------------------------------------------------------------------------
Finished Handling Custom Attributes : Time (s): cpu = 00:00:02 ; elapsed = 00:00:03 . Memory (MB): peak = 3185.965 ; gain = 481.551 ; free physical = 545 ; free virtual = 89040
Synthesis current peak Physical Memory [PSS] (MB): peak = 2479.872; parent = 2274.882; children = 204.990
Synthesis current peak Virtual Memory [VSS] (MB): peak = 4162.871; parent = 3185.969; children = 976.902
---------------------------------------------------------------------------------
---------------------------------------------------------------------------------
Finished RTL Optimization Phase 1 : Time (s): cpu = 00:00:02 ; elapsed = 00:00:03 . Memory (MB): peak = 3185.965 ; gain = 481.551 ; free physical = 545 ; free virtual = 89040
Synthesis current peak Physical Memory [PSS] (MB): peak = 2479.872; parent = 2274.882; children = 204.990
Synthesis current peak Virtual Memory [VSS] (MB): peak = 4162.871; parent = 3185.969; children = 976.902
---------------------------------------------------------------------------------
Netlist sorting complete. Time (s): cpu = 00:00:00.06 ; elapsed = 00:00:00.06 . Memory (MB): peak = 3191.902 ; gain = 0.000 ; free physical = 545 ; free virtual = 89040
INFO: [Netlist 29-17] Analyzing 1 Unisim elements for replacement
INFO: [Netlist 29-28] Unisim Transformation completed in 0 CPU seconds
INFO: [Project 1-570] Preparing netlist for logic optimization

Processing XDC Constraints
Initializing timing engine
Parsing XDC File [/home/williams/MYFPGA/FPGA Final/rs_codec_clean/rs_codec_clean/rs_codec_clean.gen/sources_1/ip/clk_wiz_0/clk_wiz_0/clk_wiz_0_in_context.xdc] for cell 'clk_wiz_inst'
Finished Parsing XDC File [/home/williams/MYFPGA/FPGA Final/rs_codec_clean/rs_codec_clean/rs_codec_clean.gen/sources_1/ip/clk_wiz_0/clk_wiz_0/clk_wiz_0_in_context.xdc] for cell 'clk_wiz_inst'
Parsing XDC File [/home/williams/MYFPGA/FPGA Final/rs_codec_clean/rs_codec_clean/rs_codec_clean.gen/sources_1/ip/bram_rs/bram_rs/bram_rs_in_context.xdc] for cell 'rs_decoder_inst/bram_rs_inst'
Finished Parsing XDC File [/home/williams/MYFPGA/FPGA Final/rs_codec_clean/rs_codec_clean/rs_codec_clean.gen/sources_1/ip/bram_rs/bram_rs/bram_rs_in_context.xdc] for cell 'rs_decoder_inst/bram_rs_inst'
Parsing XDC File [/home/williams/MYFPGA/FPGA Final/rs_codec_clean/rs_codec_clean/rs_codec_clean.srcs/constrs_1/new/top.xdc]
Finished Parsing XDC File [/home/williams/MYFPGA/FPGA Final/rs_codec_clean/rs_codec_clean/rs_codec_clean.srcs/constrs_1/new/top.xdc]
INFO: [Project 1-236] Implementation specific constraints were found while reading constraint file [/home/williams/MYFPGA/FPGA Final/rs_codec_clean/rs_codec_clean/rs_codec_clean.srcs/constrs_1/new/top.xdc]. These constraints will be ignored for synthesis but will be used in implementation. Impacted constraints are listed in the file [.Xil/top_propImpl.xdc].
Resolution: To avoid this warning, move constraints listed in [.Xil/top_propImpl.xdc] to another XDC file and exclude this new file from synthesis with the used_in_synthesis property (File Properties dialog in GUI) and re-run elaboration/synthesis.
Completed Processing XDC Constraints

Netlist sorting complete. Time (s): cpu = 00:00:00 ; elapsed = 00:00:00 . Memory (MB): peak = 3348.684 ; gain = 0.000 ; free physical = 553 ; free virtual = 89049
INFO: [Project 1-111] Unisim Transformation Summary:
  A total of 1 instances were transformed.
  IBUFGDS => IBUFDS (DIFFINBUF, IBUFCTRL): 1 instance 

Constraint Validation Runtime : Time (s): cpu = 00:00:00.01 ; elapsed = 00:00:00.01 . Memory (MB): peak = 3348.684 ; gain = 0.000 ; free physical = 553 ; free virtual = 89049
WARNING: [Timing 38-316] Clock period '20.000' specified during out-of-context synthesis of instance 'rs_decoder_inst/bram_rs_inst' at clock pin 'clka' is different from the actual clock period '10.000', this can lead to different synthesis results.
INFO: [Designutils 20-5440] No compile time benefit to using incremental synthesis; A full resynthesis will be run
INFO: [Designutils 20-4379] Flow is switching to default flow due to incremental criteria not met. If you would like to alter this behaviour and have the flow terminate instead, please set the following parameter config_implementation {autoIncr.Synth.RejectBehavior Terminate}
INFO: [Synth 8-11241] undeclared symbol 'REGCCE', assumed default net type 'wire' [/tools/Xilinx/Vivado/2022.2/data/verilog/src/unimacro/BRAM_SINGLE_MACRO.v:2170]
---------------------------------------------------------------------------------
Finished Constraint Validation : Time (s): cpu = 00:00:05 ; elapsed = 00:00:06 . Memory (MB): peak = 3348.684 ; gain = 644.270 ; free physical = 643 ; free virtual = 89139
Synthesis current peak Physical Memory [PSS] (MB): peak = 2479.872; parent = 2274.882; children = 204.990
Synthesis current peak Virtual Memory [VSS] (MB): peak = 4293.574; parent = 3316.672; children = 976.902
---------------------------------------------------------------------------------
---------------------------------------------------------------------------------
Start Loading Part and Timing Information
---------------------------------------------------------------------------------
Loading part: xcku060-ffva1156-2-i
INFO: [Synth 8-6742] Reading net delay rules and data
---------------------------------------------------------------------------------
Finished Loading Part and Timing Information : Time (s): cpu = 00:00:05 ; elapsed = 00:00:06 . Memory (MB): peak = 3348.684 ; gain = 644.270 ; free physical = 643 ; free virtual = 89139
Synthesis current peak Physical Memory [PSS] (MB): peak = 2479.872; parent = 2274.882; children = 204.990
Synthesis current peak Virtual Memory [VSS] (MB): peak = 4293.574; parent = 3316.672; children = 976.902
---------------------------------------------------------------------------------
---------------------------------------------------------------------------------
Start Applying 'set_property' XDC Constraints
---------------------------------------------------------------------------------
Applied set_property KEEP_HIERARCHY = SOFT for clk_wiz_inst. (constraint file  auto generated constraint).
Applied set_property KEEP_HIERARCHY = SOFT for rs_decoder_inst/bram_rs_inst. (constraint file  auto generated constraint).
---------------------------------------------------------------------------------
Finished applying 'set_property' XDC Constraints : Time (s): cpu = 00:00:05 ; elapsed = 00:00:06 . Memory (MB): peak = 3348.684 ; gain = 644.270 ; free physical = 643 ; free virtual = 89139
Synthesis current peak Physical Memory [PSS] (MB): peak = 2479.872; parent = 2274.882; children = 204.990
Synthesis current peak Virtual Memory [VSS] (MB): peak = 4293.574; parent = 3316.672; children = 976.902
---------------------------------------------------------------------------------
INFO: [Synth 8-802] inferred FSM for state register 'state_reg' in module 'stream_input'
INFO: [Synth 8-802] inferred FSM for state register 'state_reg' in module 'rs_encoder'
INFO: [Synth 8-802] inferred FSM for state register 'state_reg' in module 'syndrome_unit'
INFO: [Synth 8-802] inferred FSM for state register 'state_reg' in module 'euclid_proc'
INFO: [Synth 8-802] inferred FSM for state register 'state_reg' in module 'chien_search'
INFO: [Synth 8-802] inferred FSM for state register 'state_reg' in module 'forney_math'
INFO: [Synth 8-802] inferred FSM for state register 'state_reg' in module 'rs_decoder'
---------------------------------------------------------------------------------------------------
                   State |                     New Encoding |                Previous Encoding 
---------------------------------------------------------------------------------------------------
*
                    IDLE |                             0001 |                             0001
                  ACTIVE |                             0010 |                             0010
                     END |                             1000 |                             1000
---------------------------------------------------------------------------------------------------
INFO: [Synth 8-3898] No Re-encoding of one hot register 'state_reg' in module 'stream_input'
---------------------------------------------------------------------------------------------------
                   State |                     New Encoding |                Previous Encoding 
---------------------------------------------------------------------------------------------------
*
                    IDLE |                             0001 |                             0001
                  ACTIVE |                             0010 |                             0010
                   FLUSH |                             0100 |                             0100
                     END |                             1000 |                             1000
---------------------------------------------------------------------------------------------------
INFO: [Synth 8-3898] No Re-encoding of one hot register 'state_reg' in module 'rs_encoder'
---------------------------------------------------------------------------------------------------
                   State |                     New Encoding |                Previous Encoding 
---------------------------------------------------------------------------------------------------
*
                    IDLE |                             0001 |                             0001
                  ACTIVE |                             0010 |                             0010
                     END |                             0100 |                             0100
---------------------------------------------------------------------------------------------------
INFO: [Synth 8-3898] No Re-encoding of one hot register 'state_reg' in module 'syndrome_unit'
---------------------------------------------------------------------------------------------------
                   State |                     New Encoding |                Previous Encoding 
---------------------------------------------------------------------------------------------------
*
                    IDLE |                             0001 |                             0001
                    INIT |                             0010 |                             0010
                  ACTIVE |                             0100 |                             0100
                     END |                             1000 |                             1000
---------------------------------------------------------------------------------------------------
INFO: [Synth 8-3898] No Re-encoding of one hot register 'state_reg' in module 'euclid_proc'
---------------------------------------------------------------------------------------------------
                   State |                     New Encoding |                Previous Encoding 
---------------------------------------------------------------------------------------------------
*
                    IDLE |                             0001 |                             0001
                  ACTIVE |                             0010 |                             0010
                     END |                             1000 |                             1000
---------------------------------------------------------------------------------------------------
INFO: [Synth 8-3898] No Re-encoding of one hot register 'state_reg' in module 'chien_search'
---------------------------------------------------------------------------------------------------
                   State |                     New Encoding |                Previous Encoding 
---------------------------------------------------------------------------------------------------
*
                    IDLE |                             0001 |                             0001
                  ACTIVE |                             0010 |                             0010
                     END |                             1000 |                             1000
---------------------------------------------------------------------------------------------------
INFO: [Synth 8-3898] No Re-encoding of one hot register 'state_reg' in module 'forney_math'
---------------------------------------------------------------------------------------------------
                   State |                     New Encoding |                Previous Encoding 
---------------------------------------------------------------------------------------------------
*
                    IDLE |                         00000001 |                         00000001
                   ADDRA |                         00000010 |                         00000010
                    HOLD |                         00000100 |                         00000100
                   ADDRB |                         00001000 |                         00001000
                     END |                         10000000 |                         10000000
---------------------------------------------------------------------------------------------------
INFO: [Synth 8-3898] No Re-encoding of one hot register 'state_reg' in module 'rs_decoder'
---------------------------------------------------------------------------------
Finished RTL Optimization Phase 2 : Time (s): cpu = 00:00:06 ; elapsed = 00:00:06 . Memory (MB): peak = 3348.684 ; gain = 644.270 ; free physical = 658 ; free virtual = 89156
Synthesis current peak Physical Memory [PSS] (MB): peak = 2479.872; parent = 2274.882; children = 204.990
Synthesis current peak Virtual Memory [VSS] (MB): peak = 4293.574; parent = 3316.672; children = 976.902
---------------------------------------------------------------------------------
---------------------------------------------------------------------------------
Start RTL Component Statistics 
---------------------------------------------------------------------------------
Detailed RTL Component Info : 
+---Adders : 
	   2 Input   16 Bit       Adders := 3     
	   2 Input   10 Bit       Adders := 1     
	   2 Input    8 Bit       Adders := 8     
	   3 Input    8 Bit       Adders := 2     
	   2 Input    3 Bit       Adders := 1     
+---XORs : 
	   2 Input      8 Bit         XORs := 1663  
	   9 Input      8 Bit         XORs := 1     
	   4 Input      8 Bit         XORs := 1     
	   8 Input      8 Bit         XORs := 1     
+---Registers : 
	              128 Bit    Registers := 1     
	               72 Bit    Registers := 1     
	               64 Bit    Registers := 1     
	               16 Bit    Registers := 3     
	               10 Bit    Registers := 1     
	                8 Bit    Registers := 164   
	                4 Bit    Registers := 1     
	                3 Bit    Registers := 1     
+---Muxes : 
	   2 Input  128 Bit        Muxes := 1     
	   2 Input   72 Bit        Muxes := 1     
	   2 Input   64 Bit        Muxes := 1     
	   2 Input    8 Bit        Muxes := 1617  
	   9 Input    8 Bit        Muxes := 1     
	   6 Input    8 Bit        Muxes := 1     
	   4 Input    4 Bit        Muxes := 3     
	   2 Input    4 Bit        Muxes := 7     
	   5 Input    4 Bit        Muxes := 2     
	   2 Input    3 Bit        Muxes := 4     
	   4 Input    3 Bit        Muxes := 1     
	   2 Input    2 Bit        Muxes := 8     
	   2 Input    1 Bit        Muxes := 44    
	   3 Input    1 Bit        Muxes := 5     
	   5 Input    1 Bit        Muxes := 4     
---------------------------------------------------------------------------------
Finished RTL Component Statistics 
---------------------------------------------------------------------------------
---------------------------------------------------------------------------------
Start Part Resource Summary
---------------------------------------------------------------------------------
Part Resources:
DSPs: 2760 (col length:120)
BRAMs: 2160 (col length: RAMB18 120 RAMB36 60)
---------------------------------------------------------------------------------
Finished Part Resource Summary
---------------------------------------------------------------------------------
---------------------------------------------------------------------------------
Start Cross Boundary and Area Optimization
---------------------------------------------------------------------------------
WARNING: [Synth 8-7080] Parallel synthesis criteria is not met
WARNING: [Synth 8-3917] design top has port fan driven by constant 0
---------------------------------------------------------------------------------
Finished Cross Boundary and Area Optimization : Time (s): cpu = 00:00:46 ; elapsed = 00:00:47 . Memory (MB): peak = 3415.777 ; gain = 711.363 ; free physical = 1037 ; free virtual = 89280
Synthesis current peak Physical Memory [PSS] (MB): peak = 2751.140; parent = 2546.181; children = 204.990
Synthesis current peak Virtual Memory [VSS] (MB): peak = 4392.684; parent = 3415.781; children = 976.902
---------------------------------------------------------------------------------
---------------------------------------------------------------------------------
Start ROM, RAM, DSP, Shift Register and Retiming Reporting
---------------------------------------------------------------------------------

ROM: Preliminary Mapping Report
+------------+---------------+---------------+----------------+
|Module Name | RTL Object    | Depth x Width | Implemented As | 
+------------+---------------+---------------+----------------+
|inverter    | alpha_value   | 256x8         | LUT            | 
|inverter    | decimal_value | 256x8         | LUT            | 
|inverter    | p_0_out       | 256x8         | LUT            | 
|inverter    | p_0_out       | 256x8         | LUT            | 
+------------+---------------+---------------+----------------+

---------------------------------------------------------------------------------
Finished ROM, RAM, DSP, Shift Register and Retiming Reporting
---------------------------------------------------------------------------------
---------------------------------------------------------------------------------
Start Applying XDC Timing Constraints
---------------------------------------------------------------------------------
---------------------------------------------------------------------------------
Finished Applying XDC Timing Constraints : Time (s): cpu = 00:00:48 ; elapsed = 00:00:50 . Memory (MB): peak = 3426.379 ; gain = 721.965 ; free physical = 823 ; free virtual = 89067
Synthesis current peak Physical Memory [PSS] (MB): peak = 2798.304; parent = 2593.345; children = 204.990
Synthesis current peak Virtual Memory [VSS] (MB): peak = 4403.285; parent = 3426.383; children = 976.902
---------------------------------------------------------------------------------
---------------------------------------------------------------------------------
Start Timing Optimization
---------------------------------------------------------------------------------
---------------------------------------------------------------------------------
Finished Timing Optimization : Time (s): cpu = 00:00:53 ; elapsed = 00:00:55 . Memory (MB): peak = 3557.051 ; gain = 852.637 ; free physical = 570 ; free virtual = 88839
Synthesis current peak Physical Memory [PSS] (MB): peak = 2923.522; parent = 2718.563; children = 204.990
Synthesis current peak Virtual Memory [VSS] (MB): peak = 4533.957; parent = 3557.055; children = 976.902
---------------------------------------------------------------------------------
---------------------------------------------------------------------------------
Start Technology Mapping
---------------------------------------------------------------------------------
---------------------------------------------------------------------------------
Finished Technology Mapping : Time (s): cpu = 00:00:54 ; elapsed = 00:00:56 . Memory (MB): peak = 3557.051 ; gain = 852.637 ; free physical = 595 ; free virtual = 88864
Synthesis current peak Physical Memory [PSS] (MB): peak = 2923.522; parent = 2718.563; children = 204.990
Synthesis current peak Virtual Memory [VSS] (MB): peak = 4533.957; parent = 3557.055; children = 976.902
---------------------------------------------------------------------------------
---------------------------------------------------------------------------------
Start IO Insertion
---------------------------------------------------------------------------------
---------------------------------------------------------------------------------
Start Flattening Before IO Insertion
---------------------------------------------------------------------------------
---------------------------------------------------------------------------------
Finished Flattening Before IO Insertion
---------------------------------------------------------------------------------
---------------------------------------------------------------------------------
Start Final Netlist Cleanup
---------------------------------------------------------------------------------
---------------------------------------------------------------------------------
Finished Final Netlist Cleanup
---------------------------------------------------------------------------------
---------------------------------------------------------------------------------
Finished IO Insertion : Time (s): cpu = 00:00:56 ; elapsed = 00:00:58 . Memory (MB): peak = 3557.051 ; gain = 852.637 ; free physical = 619 ; free virtual = 88884
Synthesis current peak Physical Memory [PSS] (MB): peak = 2923.522; parent = 2718.563; children = 204.990
Synthesis current peak Virtual Memory [VSS] (MB): peak = 4533.957; parent = 3557.055; children = 976.902
---------------------------------------------------------------------------------
---------------------------------------------------------------------------------
Start Renaming Generated Instances
---------------------------------------------------------------------------------
---------------------------------------------------------------------------------
Finished Renaming Generated Instances : Time (s): cpu = 00:00:56 ; elapsed = 00:00:58 . Memory (MB): peak = 3557.051 ; gain = 852.637 ; free physical = 619 ; free virtual = 88884
Synthesis current peak Physical Memory [PSS] (MB): peak = 2923.522; parent = 2718.563; children = 204.990
Synthesis current peak Virtual Memory [VSS] (MB): peak = 4533.957; parent = 3557.055; children = 976.902
---------------------------------------------------------------------------------
---------------------------------------------------------------------------------
Start Rebuilding User Hierarchy
---------------------------------------------------------------------------------
---------------------------------------------------------------------------------
Finished Rebuilding User Hierarchy : Time (s): cpu = 00:00:56 ; elapsed = 00:00:58 . Memory (MB): peak = 3557.051 ; gain = 852.637 ; free physical = 619 ; free virtual = 88884
Synthesis current peak Physical Memory [PSS] (MB): peak = 2923.522; parent = 2718.563; children = 204.990
Synthesis current peak Virtual Memory [VSS] (MB): peak = 4533.957; parent = 3557.055; children = 976.902
---------------------------------------------------------------------------------
---------------------------------------------------------------------------------
Start Renaming Generated Ports
---------------------------------------------------------------------------------
---------------------------------------------------------------------------------
Finished Renaming Generated Ports : Time (s): cpu = 00:00:56 ; elapsed = 00:00:58 . Memory (MB): peak = 3557.051 ; gain = 852.637 ; free physical = 619 ; free virtual = 88884
Synthesis current peak Physical Memory [PSS] (MB): peak = 2923.522; parent = 2718.563; children = 204.990
Synthesis current peak Virtual Memory [VSS] (MB): peak = 4533.957; parent = 3557.055; children = 976.902
---------------------------------------------------------------------------------
---------------------------------------------------------------------------------
Start Handling Custom Attributes
---------------------------------------------------------------------------------
---------------------------------------------------------------------------------
Finished Handling Custom Attributes : Time (s): cpu = 00:00:56 ; elapsed = 00:00:58 . Memory (MB): peak = 3557.051 ; gain = 852.637 ; free physical = 619 ; free virtual = 88884
Synthesis current peak Physical Memory [PSS] (MB): peak = 2923.522; parent = 2718.563; children = 204.990
Synthesis current peak Virtual Memory [VSS] (MB): peak = 4533.957; parent = 3557.055; children = 976.902
---------------------------------------------------------------------------------
---------------------------------------------------------------------------------
Start Renaming Generated Nets
---------------------------------------------------------------------------------
---------------------------------------------------------------------------------
Finished Renaming Generated Nets : Time (s): cpu = 00:00:56 ; elapsed = 00:00:58 . Memory (MB): peak = 3557.051 ; gain = 852.637 ; free physical = 619 ; free virtual = 88884
Synthesis current peak Physical Memory [PSS] (MB): peak = 2923.522; parent = 2718.563; children = 204.990
Synthesis current peak Virtual Memory [VSS] (MB): peak = 4533.957; parent = 3557.055; children = 976.902
---------------------------------------------------------------------------------
---------------------------------------------------------------------------------
Start Writing Synthesis Report
---------------------------------------------------------------------------------

Report BlackBoxes: 
+------+--------------+----------+
|      |BlackBox name |Instances |
+------+--------------+----------+
|1     |bram_rs       |         1|
|2     |clk_wiz_0     |         1|
+------+--------------+----------+

Report Cell Usage: 
+------+--------+------+
|      |Cell    |Count |
+------+--------+------+
|1     |bram_rs |     1|
|2     |clk_wiz |     1|
|3     |CARRY8  |     6|
|4     |LUT1    |    17|
|5     |LUT2    |   429|
|6     |LUT3    |   226|
|7     |LUT4    |   738|
|8     |LUT5    |   527|
|9     |LUT6    |  1621|
|10    |MUXF7   |    28|
|11    |MUXF8   |    14|
|12    |FDRE    |  1493|
|13    |FDSE    |     8|
|14    |IBUFGDS |     1|
|15    |OBUF    |     1|
+------+--------+------+
---------------------------------------------------------------------------------
Finished Writing Synthesis Report : Time (s): cpu = 00:00:56 ; elapsed = 00:00:58 . Memory (MB): peak = 3557.051 ; gain = 852.637 ; free physical = 619 ; free virtual = 88884
Synthesis current peak Physical Memory [PSS] (MB): peak = 2923.522; parent = 2718.563; children = 204.990
Synthesis current peak Virtual Memory [VSS] (MB): peak = 4533.957; parent = 3557.055; children = 976.902
---------------------------------------------------------------------------------
Synthesis finished with 0 errors, 0 critical warnings and 2 warnings.
Synthesis Optimization Runtime : Time (s): cpu = 00:00:55 ; elapsed = 00:00:57 . Memory (MB): peak = 3557.051 ; gain = 689.918 ; free physical = 641 ; free virtual = 88905
Synthesis Optimization Complete : Time (s): cpu = 00:00:56 ; elapsed = 00:00:58 . Memory (MB): peak = 3557.059 ; gain = 852.637 ; free physical = 641 ; free virtual = 88905
INFO: [Project 1-571] Translating synthesized netlist
Netlist sorting complete. Time (s): cpu = 00:00:00.02 ; elapsed = 00:00:00.01 . Memory (MB): peak = 3557.059 ; gain = 0.000 ; free physical = 751 ; free virtual = 89016
INFO: [Netlist 29-17] Analyzing 49 Unisim elements for replacement
INFO: [Netlist 29-28] Unisim Transformation completed in 0 CPU seconds
INFO: [Project 1-570] Preparing netlist for logic optimization
INFO: [Opt 31-138] Pushed 0 inverter(s) to 0 load pin(s).
Netlist sorting complete. Time (s): cpu = 00:00:00 ; elapsed = 00:00:00 . Memory (MB): peak = 3596.906 ; gain = 0.000 ; free physical = 748 ; free virtual = 89012
INFO: [Project 1-111] Unisim Transformation Summary:
  A total of 1 instances were transformed.
  IBUFGDS => IBUFDS (DIFFINBUF, IBUFCTRL): 1 instance 

Synth Design complete, checksum: a28291e7
INFO: [Common 17-83] Releasing license: Synthesis
79 Infos, 12 Warnings, 0 Critical Warnings and 0 Errors encountered.
synth_design completed successfully
synth_design: Time (s): cpu = 00:01:00 ; elapsed = 00:01:01 . Memory (MB): peak = 3596.906 ; gain = 1525.848 ; free physical = 1014 ; free virtual = 89279
INFO: [Common 17-1381] The checkpoint '/home/williams/MYFPGA/FPGA Final/rs_codec_clean/rs_codec_clean/rs_codec_clean.runs/synth_1/top.dcp' has been generated.
INFO: [runtcl-4] Executing : report_utilization -file top_utilization_synth.rpt -pb top_utilization_synth.pb
INFO: [Common 17-206] Exiting Vivado at Wed Aug 12 17:17:36 2026...
