#-----------------------------------------------------------
# Vivado v2022.2 (64-bit)
# SW Build 3671981 on Fri Oct 14 04:59:54 MDT 2022
# IP Build 3669848 on Fri Oct 14 08:30:02 MDT 2022
# Start of session at: Wed Aug  5 22:43:49 2026
# Process ID: 1246518
# Current directory: /home/williams/MYFPGA/FPGA Final/rs_codec_clean
# Command line: vivado
# Log file: /home/williams/MYFPGA/FPGA Final/rs_codec_clean/vivado.log
# Journal file: /home/williams/MYFPGA/FPGA Final/rs_codec_clean/vivado.jou
# Running On: Williams, OS: Linux, CPU Frequency: 5283.853 MHz, CPU Physical cores: 16, Host memory: 67183 MB
#-----------------------------------------------------------
start_gui
WARNING: [Board 49-26] cannot add Board Part xilinx.com:vek280_es:part0:1.0 available at /tools/Xilinx/Vivado/2022.2/data/xhub/boards/XilinxBoardStore/boards/Xilinx/vek280/es/1.0/board.xml as part xcve2802-vsvh1760-2lp-e-s-es1 specified in board_part file is either invalid or not available
WARNING: [Board 49-26] cannot add Board Part xilinx.com:vhk158_es:part0:1.0 available at /tools/Xilinx/Vivado/2022.2/data/xhub/boards/XilinxBoardStore/boards/Xilinx/vhk158/es/1.0/board.xml as part xcvh1582-vsva3697-2mp-e-s-es1 specified in board_part file is either invalid or not available
WARNING: [Board 49-26] cannot add Board Part xilinx.com:vpk120_es:part0:1.2 available at /tools/Xilinx/Vivado/2022.2/data/xhub/boards/XilinxBoardStore/boards/Xilinx/vpk120/es/1.2/board.xml as part xcvp1202-vsva2785-2mp-e-s-es1 specified in board_part file is either invalid or not available
WARNING: [Board 49-26] cannot add Board Part xilinx.com:vpk120_es_revb:part0:1.0 available at /tools/Xilinx/Vivado/2022.2/data/xhub/boards/XilinxBoardStore/boards/Xilinx/vpk120_revb/es/1.0/board.xml as part xcvp1202-vsva2785-2mp-e-s-es1 specified in board_part file is either invalid or not available
WARNING: [Board 49-26] cannot add Board Part xilinx.com:vpk180_es:part0:1.0 available at /tools/Xilinx/Vivado/2022.2/data/xhub/boards/XilinxBoardStore/boards/Xilinx/vpk180/es/1.0/board.xml as part xcvp1802-lsvc4072-2mp-e-s-es1 specified in board_part file is either invalid or not available
WARNING: [Board 49-26] cannot add Board Part xilinx.com:zcu208ld:part0:2.0 available at /tools/Xilinx/Vivado/2022.2/data/xhub/boards/XilinxBoardStore/boards/Xilinx/zcu208ld/production/2.0/board.xml as part xczu58dr-fsvg1517-2-i specified in board_part file is either invalid or not available
WARNING: [Board 49-26] cannot add Board Part xilinx.com:zcu216ld:part0:2.0 available at /tools/Xilinx/Vivado/2022.2/data/xhub/boards/XilinxBoardStore/boards/Xilinx/zcu216ld/production/2.0/board.xml as part xczu59dr-ffvf1760-2-i specified in board_part file is either invalid or not available
WARNING: [Board 49-26] cannot add Board Part xilinx.com:zcu670:part0:2.0 available at /tools/Xilinx/Vivado/2022.2/data/xhub/boards/XilinxBoardStore/boards/Xilinx/zcu670/2.0/board.xml as part xczu67dr-fsve1156-2-i specified in board_part file is either invalid or not available
WARNING: [Board 49-26] cannot add Board Part xilinx.com:zcu670ld:part0:1.0 available at /tools/Xilinx/Vivado/2022.2/data/xhub/boards/XilinxBoardStore/boards/Xilinx/zcu670ld/1.0/board.xml as part xczu57dr-fsve1156-2-i specified in board_part file is either invalid or not available
open_project {/home/williams/MYFPGA/FPGA Final/rs_codec_clean/rs_codec_clean/rs_codec_clean.xpr}
Scanning sources...
Finished scanning sources
INFO: [IP_Flow 19-234] Refreshing IP repositories
INFO: [IP_Flow 19-1704] No user IP repositories specified
INFO: [IP_Flow 19-2313] Loaded Vivado IP repository '/tools/Xilinx/Vivado/2022.2/data/ip'.
update_compile_order -fileset sources_1
launch_simulation
Command: launch_simulation 
INFO: [Vivado 12-12493] Simulation top is 'top'
WARNING: [Vivado 12-13277] Compiled library path does not exist: ''
INFO: [Vivado 12-5698] Checking validity of IPs in the design for the 'XSim' simulator...
INFO: [Vivado 12-5682] Launching behavioral simulation in '/home/williams/MYFPGA/FPGA Final/rs_codec_clean/rs_codec_clean/rs_codec_clean.sim/sim_1/behav/xsim'
INFO: [Vivado 12-4795] Using compiled simulation libraries for IPs
INFO: [SIM-utils-51] Simulation object is 'sim_1'
INFO: [SIM-utils-72] Using boost library from '/tools/Xilinx/Vivado/2022.2/tps/boost_1_72_0'
INFO: [USF-XSim-7] Finding pre-compiled libraries...
INFO: [USF-XSim-11] File '/tools/Xilinx/Vivado/2022.2/data/xsim/xsim.ini' copied to run dir:'/home/williams/MYFPGA/FPGA Final/rs_codec_clean/rs_codec_clean/rs_codec_clean.sim/sim_1/behav/xsim'
INFO: [SIM-utils-54] Inspecting design source files for 'top' in fileset 'sim_1'...
INFO: [SIM-utils-43] Exported '/home/williams/MYFPGA/FPGA Final/rs_codec_clean/rs_codec_clean/rs_codec_clean.sim/sim_1/behav/xsim/error.mem'
INFO: [SIM-utils-43] Exported '/home/williams/MYFPGA/FPGA Final/rs_codec_clean/rs_codec_clean/rs_codec_clean.sim/sim_1/behav/xsim/sample.mem'
INFO: [SIM-utils-43] Exported '/home/williams/MYFPGA/FPGA Final/rs_codec_clean/rs_codec_clean/rs_codec_clean.sim/sim_1/behav/xsim/alpha_value.mem'
INFO: [SIM-utils-43] Exported '/home/williams/MYFPGA/FPGA Final/rs_codec_clean/rs_codec_clean/rs_codec_clean.sim/sim_1/behav/xsim/sample_head.mem'
INFO: [SIM-utils-43] Exported '/home/williams/MYFPGA/FPGA Final/rs_codec_clean/rs_codec_clean/rs_codec_clean.sim/sim_1/behav/xsim/decimal_value.mem'
INFO: [SIM-utils-43] Exported '/home/williams/MYFPGA/FPGA Final/rs_codec_clean/rs_codec_clean/rs_codec_clean.sim/sim_1/behav/xsim/sim.tcl'
INFO: [USF-XSim-97] Finding global include files...
INFO: [USF-XSim-98] Fetching design files from 'sim_1'...
INFO: [USF-XSim-2] XSim::Compile design
INFO: [USF-XSim-61] Executing 'COMPILE and ANALYZE' step in '/home/williams/MYFPGA/FPGA Final/rs_codec_clean/rs_codec_clean/rs_codec_clean.sim/sim_1/behav/xsim'
xvlog --incr --relax -prj top_vlog.prj
INFO: [VRFC 10-2263] Analyzing Verilog file "/home/williams/MYFPGA/FPGA Final/rs_codec_clean/rs_codec_clean/rs_codec_clean.gen/sources_1/ip/bram_rs/sim/bram_rs.v" into library xil_defaultlib
INFO: [VRFC 10-311] analyzing module bram_rs
INFO: [VRFC 10-2263] Analyzing Verilog file "/home/williams/MYFPGA/FPGA Final/rs_codec_clean/rs_codec_clean/rs_codec_clean.gen/sources_1/ip/clk_wiz_0/clk_wiz_0_sim_netlist.v" into library xil_defaultlib
INFO: [VRFC 10-311] analyzing module clk_wiz_0
INFO: [VRFC 10-311] analyzing module clk_wiz_0_clk_wiz
INFO: [VRFC 10-311] analyzing module glbl
INFO: [VRFC 10-2263] Analyzing Verilog file "/home/williams/MYFPGA/FPGA Final/rs_codec_clean/rs_codec_clean/rs_codec_clean.srcs/sources_1/imports/new/autorun.v" into library xil_defaultlib
INFO: [VRFC 10-311] analyzing module autorun
INFO: [VRFC 10-2263] Analyzing Verilog file "/home/williams/MYFPGA/FPGA Final/rs_codec_clean/rs_codec_clean/rs_codec_clean.srcs/sources_1/imports/new/chien_search.v" into library xil_defaultlib
INFO: [VRFC 10-311] analyzing module chien_search
INFO: [VRFC 10-2263] Analyzing Verilog file "/home/williams/MYFPGA/FPGA Final/rs_codec_clean/rs_codec_clean/rs_codec_clean.srcs/sources_1/imports/new/error_inject.v" into library xil_defaultlib
INFO: [VRFC 10-311] analyzing module error_inject
INFO: [VRFC 10-2263] Analyzing Verilog file "/home/williams/MYFPGA/FPGA Final/rs_codec_clean/rs_codec_clean/rs_codec_clean.srcs/sources_1/imports/new/euclid_proc.v" into library xil_defaultlib
INFO: [VRFC 10-311] analyzing module euclid_proc
INFO: [VRFC 10-2263] Analyzing Verilog file "/home/williams/MYFPGA/FPGA Final/rs_codec_clean/rs_codec_clean/rs_codec_clean.srcs/sources_1/imports/new/forney_math.v" into library xil_defaultlib
INFO: [VRFC 10-311] analyzing module forney_math
INFO: [VRFC 10-2263] Analyzing Verilog file "/home/williams/MYFPGA/FPGA Final/rs_codec_clean/rs_codec_clean/rs_codec_clean.srcs/sources_1/imports/new/inverter.v" into library xil_defaultlib
INFO: [VRFC 10-311] analyzing module inverter
INFO: [VRFC 10-2263] Analyzing Verilog file "/home/williams/MYFPGA/FPGA Final/rs_codec_clean/rs_codec_clean/rs_codec_clean.srcs/sources_1/imports/new/multiplier.v" into library xil_defaultlib
INFO: [VRFC 10-311] analyzing module multiplier
INFO: [VRFC 10-2263] Analyzing Verilog file "/home/williams/MYFPGA/FPGA Final/rs_codec_clean/rs_codec_clean/rs_codec_clean.srcs/sources_1/imports/rs_codec_clean/rs_decoder.v" into library xil_defaultlib
INFO: [VRFC 10-311] analyzing module rs_decoder
INFO: [VRFC 10-2263] Analyzing Verilog file "/home/williams/MYFPGA/FPGA Final/rs_codec_clean/rs_codec_clean/rs_codec_clean.srcs/sources_1/imports/new/rs_encoder.v" into library xil_defaultlib
INFO: [VRFC 10-311] analyzing module rs_encoder
INFO: [VRFC 10-2263] Analyzing Verilog file "/home/williams/MYFPGA/FPGA Final/rs_codec_clean/rs_codec_clean/rs_codec_clean.srcs/sources_1/imports/new/stream_input.v" into library xil_defaultlib
INFO: [VRFC 10-311] analyzing module stream_input
INFO: [VRFC 10-2263] Analyzing Verilog file "/home/williams/MYFPGA/FPGA Final/rs_codec_clean/rs_codec_clean/rs_codec_clean.srcs/sources_1/imports/new/syndrome_unit.v" into library xil_defaultlib
INFO: [VRFC 10-311] analyzing module syndrome_unit
INFO: [VRFC 10-2263] Analyzing Verilog file "/home/williams/MYFPGA/FPGA Final/rs_codec_clean/rs_codec_clean/rs_codec_clean.srcs/sources_1/imports/new/top.v" into library xil_defaultlib
INFO: [VRFC 10-311] analyzing module top
Waiting for jobs to finish...
No pending jobs, compilation finished.
INFO: [USF-XSim-69] 'compile' step finished in '1' seconds
INFO: [USF-XSim-3] XSim::Elaborate design
INFO: [USF-XSim-61] Executing 'ELABORATE' step in '/home/williams/MYFPGA/FPGA Final/rs_codec_clean/rs_codec_clean/rs_codec_clean.sim/sim_1/behav/xsim'
xelab --incr --debug typical --relax --mt 8 -L xil_defaultlib -L blk_mem_gen_v8_4_5 -L unisims_ver -L unimacro_ver -L secureip -L xpm --snapshot top_behav xil_defaultlib.top xil_defaultlib.glbl -log elaborate.log
Vivado Simulator v2022.2
Copyright 1986-1999, 2001-2022 Xilinx, Inc. All Rights Reserved.
Running: /tools/Xilinx/Vivado/2022.2/bin/unwrapped/lnx64.o/xelab --incr --debug typical --relax --mt 8 -L xil_defaultlib -L blk_mem_gen_v8_4_5 -L unisims_ver -L unimacro_ver -L secureip -L xpm --snapshot top_behav xil_defaultlib.top xil_defaultlib.glbl -log elaborate.log 
Using 8 slave threads.
Starting static elaboration
Pass Through NonSizing Optimizer
ERROR: [VRFC 10-3180] cannot find port 'clk' on this module [/home/williams/MYFPGA/FPGA Final/rs_codec_clean/rs_codec_clean/rs_codec_clean.srcs/sources_1/imports/new/top.v:80]
ERROR: [VRFC 10-3180] cannot find port 'flag' on this module [/home/williams/MYFPGA/FPGA Final/rs_codec_clean/rs_codec_clean/rs_codec_clean.srcs/sources_1/imports/new/top.v:90]
ERROR: [VRFC 10-3180] cannot find port 'clk' on this module [/home/williams/MYFPGA/FPGA Final/rs_codec_clean/rs_codec_clean/rs_codec_clean.srcs/sources_1/imports/new/top.v:87]
ERROR: [VRFC 10-3180] cannot find port 'flag' on this module [/home/williams/MYFPGA/FPGA Final/rs_codec_clean/rs_codec_clean/rs_codec_clean.srcs/sources_1/imports/new/top.v:103]
ERROR: [VRFC 10-3180] cannot find port 'en' on this module [/home/williams/MYFPGA/FPGA Final/rs_codec_clean/rs_codec_clean/rs_codec_clean.srcs/sources_1/imports/new/top.v:101]
ERROR: [VRFC 10-3180] cannot find port 'clk' on this module [/home/williams/MYFPGA/FPGA Final/rs_codec_clean/rs_codec_clean/rs_codec_clean.srcs/sources_1/imports/new/top.v:99]
ERROR: [VRFC 10-3180] cannot find port 'flag' on this module [/home/williams/MYFPGA/FPGA Final/rs_codec_clean/rs_codec_clean/rs_codec_clean.srcs/sources_1/imports/new/top.v:113]
ERROR: [VRFC 10-3180] cannot find port 'en' on this module [/home/williams/MYFPGA/FPGA Final/rs_codec_clean/rs_codec_clean/rs_codec_clean.srcs/sources_1/imports/new/top.v:111]
ERROR: [VRFC 10-3180] cannot find port 'clk' on this module [/home/williams/MYFPGA/FPGA Final/rs_codec_clean/rs_codec_clean/rs_codec_clean.srcs/sources_1/imports/new/top.v:109]
ERROR: [VRFC 10-3180] cannot find port 'flag' on this module [/home/williams/MYFPGA/FPGA Final/rs_codec_clean/rs_codec_clean/rs_codec_clean.srcs/sources_1/imports/new/top.v:123]
ERROR: [VRFC 10-3180] cannot find port 'en' on this module [/home/williams/MYFPGA/FPGA Final/rs_codec_clean/rs_codec_clean/rs_codec_clean.srcs/sources_1/imports/new/top.v:121]
ERROR: [VRFC 10-3180] cannot find port 'clk' on this module [/home/williams/MYFPGA/FPGA Final/rs_codec_clean/rs_codec_clean/rs_codec_clean.srcs/sources_1/imports/new/top.v:119]
ERROR: [XSIM 43-3322] Static elaboration of top level Verilog design unit(s) in library work failed.
INFO: [USF-XSim-69] 'elaborate' step finished in '1' seconds
INFO: [USF-XSim-99] Step results log file:'/home/williams/MYFPGA/FPGA Final/rs_codec_clean/rs_codec_clean/rs_codec_clean.sim/sim_1/behav/xsim/elaborate.log'
ERROR: [USF-XSim-62] 'elaborate' step failed with error(s). Please check the Tcl console output or '/home/williams/MYFPGA/FPGA Final/rs_codec_clean/rs_codec_clean/rs_codec_clean.sim/sim_1/behav/xsim/elaborate.log' file for more information.
ERROR: [Vivado 12-4473] Detected error while running simulation. Please correct the issue and retry this operation.
ERROR: [Common 17-39] 'launch_simulation' failed due to earlier errors.
launch_runs impl_1 -jobs 24
[Wed Aug  5 22:44:47 2026] Launched synth_1...
Run output will be captured here: /home/williams/MYFPGA/FPGA Final/rs_codec_clean/rs_codec_clean/rs_codec_clean.runs/synth_1/runme.log
[Wed Aug  5 22:44:47 2026] Launched impl_1...
Run output will be captured here: /home/williams/MYFPGA/FPGA Final/rs_codec_clean/rs_codec_clean/rs_codec_clean.runs/impl_1/runme.log
exit
INFO: [Common 17-206] Exiting Vivado at Wed Aug  5 22:46:44 2026...
