#-----------------------------------------------------------
# Vivado v2022.2 (64-bit)
# SW Build 3671981 on Fri Oct 14 04:59:54 MDT 2022
# IP Build 3669848 on Fri Oct 14 08:30:02 MDT 2022
# Start of session at: Thu Aug  6 16:38:27 2026
# Process ID: 1394863
# Current directory: /home/williams/MYFPGA/FPGA Final/sda_codec_clean/sda_codec_clean/sda_codec_clean.runs/cross_logic_gth_synth_1
# Command line: vivado -log cross_logic_gth.vds -product Vivado -mode batch -messageDb vivado.pb -notrace -source cross_logic_gth.tcl
# Log file: /home/williams/MYFPGA/FPGA Final/sda_codec_clean/sda_codec_clean/sda_codec_clean.runs/cross_logic_gth_synth_1/cross_logic_gth.vds
# Journal file: /home/williams/MYFPGA/FPGA Final/sda_codec_clean/sda_codec_clean/sda_codec_clean.runs/cross_logic_gth_synth_1/vivado.jou
# Running On: Williams, OS: Linux, CPU Frequency: 5299.946 MHz, CPU Physical cores: 16, Host memory: 67183 MB
#-----------------------------------------------------------
source cross_logic_gth.tcl -notrace
