INFO: [VRFC 10-2263] Analyzing Verilog file "/home/rofiq/Documents/legacy/FSO_FPGA-main/sda_codec_clean/sda_codec_clean/sda_codec_clean.sim/sim_1/synth/func/xsim/top_func_synth.v" into library xil_defaultlib
INFO: [VRFC 10-311] analyzing module dbg_hub_CV
INFO: [VRFC 10-311] analyzing module u_ila_0_CV
INFO: [VRFC 10-311] analyzing module assembler
INFO: [VRFC 10-311] analyzing module assembler_top
INFO: [VRFC 10-311] analyzing module autorun
INFO: [VRFC 10-311] analyzing module clk_wiz_0
INFO: [VRFC 10-311] analyzing module clk_wiz_0_clk_wiz
INFO: [VRFC 10-311] analyzing module clk_wiz_1
INFO: [VRFC 10-311] analyzing module clk_wiz_1_clk_wiz
INFO: [VRFC 10-311] analyzing module combiner
INFO: [VRFC 10-311] analyzing module core_rx
INFO: [VRFC 10-311] analyzing module core_tx
INFO: [VRFC 10-311] analyzing module crc_16
INFO: [VRFC 10-311] analyzing module crc_16__parameterized0
INFO: [VRFC 10-311] analyzing module crc_32
INFO: [VRFC 10-311] analyzing module crc_32__parameterized0
INFO: [VRFC 10-311] analyzing module cross_gth_logic
INFO: [VRFC 10-311] analyzing module cross_gth_logic_head
INFO: [VRFC 10-311] analyzing module cross_gth_logic_load
INFO: [VRFC 10-311] analyzing module cross_logic_gth
INFO: [VRFC 10-311] analyzing module cross_logic_gth_head
INFO: [VRFC 10-311] analyzing module cross_logic_gth_load
INFO: [VRFC 10-311] analyzing module decoder_top
INFO: [VRFC 10-311] analyzing module delay_combiner
INFO: [VRFC 10-311] analyzing module delay_rs
INFO: [VRFC 10-311] analyzing module encoder_top
INFO: [VRFC 10-311] analyzing module error_inject
INFO: [VRFC 10-311] analyzing module framer
INFO: [VRFC 10-311] analyzing module framer_top
INFO: [VRFC 10-311] analyzing module lpc
INFO: [VRFC 10-311] analyzing module lpc_7
INFO: [VRFC 10-311] analyzing module lpc_8
INFO: [VRFC 10-311] analyzing module lpc_9
INFO: [VRFC 10-311] analyzing module lpc_dec
INFO: [VRFC 10-311] analyzing module lpc_dec_11
INFO: [VRFC 10-311] analyzing module lpc_dec_12
INFO: [VRFC 10-311] analyzing module lpc_dec_13
INFO: [VRFC 10-311] analyzing module lpc_dec_top
INFO: [VRFC 10-311] analyzing module lpc_top
INFO: [VRFC 10-311] analyzing module rs_decoder
INFO: [VRFC 10-311] analyzing module rs_decoder_64
INFO: [VRFC 10-311] analyzing module rs_decoder__parameterized0
INFO: [VRFC 10-311] analyzing module rs_decoder__parameterized0__xdcDup__1
INFO: [VRFC 10-311] analyzing module rs_decoder__parameterized0__xdcDup__2
INFO: [VRFC 10-311] analyzing module rs_decoder__parameterized0__xdcDup__3
INFO: [VRFC 10-311] analyzing module rs_decoder__parameterized0__xdcDup__4
INFO: [VRFC 10-311] analyzing module rs_decoder__parameterized0__xdcDup__5
INFO: [VRFC 10-311] analyzing module rs_decoder__parameterized0__xdcDup__6
INFO: [VRFC 10-311] analyzing module rs_decoder__parameterized0__xdcDup__7
INFO: [VRFC 10-311] analyzing module rs_encoder
INFO: [VRFC 10-311] analyzing module rs_encoder_64
INFO: [VRFC 10-311] analyzing module rs_encoder__parameterized0
INFO: [VRFC 10-311] analyzing module rs_encoder__parameterized0_0
INFO: [VRFC 10-311] analyzing module rs_encoder__parameterized0_1
INFO: [VRFC 10-311] analyzing module rs_encoder__parameterized0_2
INFO: [VRFC 10-311] analyzing module rs_encoder__parameterized0_3
INFO: [VRFC 10-311] analyzing module rs_encoder__parameterized0_4
INFO: [VRFC 10-311] analyzing module rs_encoder__parameterized0_5
INFO: [VRFC 10-311] analyzing module rs_encoder__parameterized0_6
INFO: [VRFC 10-311] analyzing module rx_gth_logic
INFO: [VRFC 10-311] analyzing module rx_logic_gth
INFO: [VRFC 10-311] analyzing module scrambler
INFO: [VRFC 10-311] analyzing module scrambler_10
INFO: [VRFC 10-311] analyzing module separator
INFO: [VRFC 10-311] analyzing module serdes_assembler
INFO: [VRFC 10-311] analyzing module serdes_framer
INFO: [VRFC 10-311] analyzing module stream_input
INFO: [VRFC 10-311] analyzing module top
INFO: [VRFC 10-311] analyzing module x_gth_logic
INFO: [VRFC 10-311] analyzing module x_logic_gth
INFO: [VRFC 10-311] analyzing module cross_gth_logic_builtin_extdepth
INFO: [VRFC 10-311] analyzing module cross_gth_logic_builtin_extdepth_0
INFO: [VRFC 10-311] analyzing module cross_gth_logic_builtin_prim
INFO: [VRFC 10-311] analyzing module cross_gth_logic_builtin_prim_1
INFO: [VRFC 10-311] analyzing module cross_gth_logic_builtin_top
INFO: [VRFC 10-311] analyzing module cross_gth_logic_fifo_generator_top
INFO: [VRFC 10-311] analyzing module cross_gth_logic_fifo_generator_v13_2_14
INFO: [VRFC 10-311] analyzing module cross_gth_logic_fifo_generator_v13_2_14_builtin
INFO: [VRFC 10-311] analyzing module cross_gth_logic_fifo_generator_v13_2_14_synth
INFO: [VRFC 10-311] analyzing module cross_gth_logic_head_builtin_extdepth
INFO: [VRFC 10-311] analyzing module cross_gth_logic_head_builtin_prim
INFO: [VRFC 10-311] analyzing module cross_gth_logic_head_builtin_top
INFO: [VRFC 10-311] analyzing module cross_gth_logic_head_fifo_generator_top
INFO: [VRFC 10-311] analyzing module cross_gth_logic_head_fifo_generator_v13_2_14
INFO: [VRFC 10-311] analyzing module cross_gth_logic_head_fifo_generator_v13_2_14_builtin
INFO: [VRFC 10-311] analyzing module cross_gth_logic_head_fifo_generator_v13_2_14_synth
INFO: [VRFC 10-311] analyzing module cross_gth_logic_load_builtin_extdepth
INFO: [VRFC 10-311] analyzing module cross_gth_logic_load_builtin_prim
INFO: [VRFC 10-311] analyzing module cross_gth_logic_load_builtin_top
INFO: [VRFC 10-311] analyzing module cross_gth_logic_load_fifo_generator_top
INFO: [VRFC 10-311] analyzing module cross_gth_logic_load_fifo_generator_v13_2_14
INFO: [VRFC 10-311] analyzing module cross_gth_logic_load_fifo_generator_v13_2_14_builtin
INFO: [VRFC 10-311] analyzing module cross_gth_logic_load_fifo_generator_v13_2_14_synth
INFO: [VRFC 10-311] analyzing module cross_logic_gth_builtin_extdepth
INFO: [VRFC 10-311] analyzing module cross_logic_gth_builtin_extdepth_0
INFO: [VRFC 10-311] analyzing module cross_logic_gth_builtin_prim
INFO: [VRFC 10-311] analyzing module cross_logic_gth_builtin_prim_1
INFO: [VRFC 10-311] analyzing module cross_logic_gth_builtin_top
INFO: [VRFC 10-311] analyzing module cross_logic_gth_fifo_generator_top
INFO: [VRFC 10-311] analyzing module cross_logic_gth_fifo_generator_v13_2_14
INFO: [VRFC 10-311] analyzing module cross_logic_gth_fifo_generator_v13_2_14_builtin
INFO: [VRFC 10-311] analyzing module cross_logic_gth_fifo_generator_v13_2_14_synth
INFO: [VRFC 10-311] analyzing module cross_logic_gth_head_builtin_extdepth
INFO: [VRFC 10-311] analyzing module cross_logic_gth_head_builtin_prim
INFO: [VRFC 10-311] analyzing module cross_logic_gth_head_builtin_top
INFO: [VRFC 10-311] analyzing module cross_logic_gth_head_fifo_generator_top
INFO: [VRFC 10-311] analyzing module cross_logic_gth_head_fifo_generator_v13_2_14
INFO: [VRFC 10-311] analyzing module cross_logic_gth_head_fifo_generator_v13_2_14_builtin
INFO: [VRFC 10-311] analyzing module cross_logic_gth_head_fifo_generator_v13_2_14_synth
INFO: [VRFC 10-311] analyzing module cross_logic_gth_load_builtin_extdepth
INFO: [VRFC 10-311] analyzing module cross_logic_gth_load_builtin_prim
INFO: [VRFC 10-311] analyzing module cross_logic_gth_load_builtin_top
INFO: [VRFC 10-311] analyzing module cross_logic_gth_load_fifo_generator_top
INFO: [VRFC 10-311] analyzing module cross_logic_gth_load_fifo_generator_v13_2_14
INFO: [VRFC 10-311] analyzing module cross_logic_gth_load_fifo_generator_v13_2_14_builtin
INFO: [VRFC 10-311] analyzing module cross_logic_gth_load_fifo_generator_v13_2_14_synth
INFO: [VRFC 10-311] analyzing module delay_combiner_builtin_extdepth
INFO: [VRFC 10-311] analyzing module delay_combiner_builtin_prim
INFO: [VRFC 10-311] analyzing module delay_combiner_builtin_top
INFO: [VRFC 10-311] analyzing module delay_combiner_fifo_generator_top
INFO: [VRFC 10-311] analyzing module delay_combiner_fifo_generator_v13_2_14
INFO: [VRFC 10-311] analyzing module delay_combiner_fifo_generator_v13_2_14_builtin
INFO: [VRFC 10-311] analyzing module delay_combiner_fifo_generator_v13_2_14_synth
INFO: [VRFC 10-311] analyzing module delay_rs_builtin_extdepth
INFO: [VRFC 10-311] analyzing module delay_rs_builtin_prim
INFO: [VRFC 10-311] analyzing module delay_rs_builtin_top
INFO: [VRFC 10-311] analyzing module delay_rs_fifo_generator_top
INFO: [VRFC 10-311] analyzing module delay_rs_fifo_generator_v13_2_14
INFO: [VRFC 10-311] analyzing module delay_rs_fifo_generator_v13_2_14_builtin
INFO: [VRFC 10-311] analyzing module delay_rs_fifo_generator_v13_2_14_synth
INFO: [VRFC 10-311] analyzing module serdes_assembler_builtin_extdepth
INFO: [VRFC 10-311] analyzing module serdes_assembler_builtin_prim
INFO: [VRFC 10-311] analyzing module serdes_assembler_builtin_top
INFO: [VRFC 10-311] analyzing module serdes_assembler_fifo_generator_top
INFO: [VRFC 10-311] analyzing module serdes_assembler_fifo_generator_v13_2_14
INFO: [VRFC 10-311] analyzing module serdes_assembler_fifo_generator_v13_2_14_builtin
INFO: [VRFC 10-311] analyzing module serdes_assembler_fifo_generator_v13_2_14_synth
INFO: [VRFC 10-311] analyzing module serdes_framer_builtin_extdepth
INFO: [VRFC 10-311] analyzing module serdes_framer_builtin_prim
INFO: [VRFC 10-311] analyzing module serdes_framer_builtin_top
INFO: [VRFC 10-311] analyzing module serdes_framer_fifo_generator_top
INFO: [VRFC 10-311] analyzing module serdes_framer_fifo_generator_v13_2_14
INFO: [VRFC 10-311] analyzing module serdes_framer_fifo_generator_v13_2_14_builtin
INFO: [VRFC 10-311] analyzing module serdes_framer_fifo_generator_v13_2_14_synth
INFO: [VRFC 10-311] analyzing module glbl
