#-----------------------------------------------------------
# Vivado v2025.2 (64-bit)
# SW Build 6299465 on Fri Nov 14 12:34:56 MST 2025
# IP Build 6300035 on Fri Nov 14 10:48:45 MST 2025
# SharedData Build 6298862 on Thu Nov 13 04:50:51 MST 2025
# Start of session at: Mon Aug 24 15:57:40 2026
# Process ID         : 379063
# Current directory  : /home/williams/MYFPGA/FSO FPGA/sda_codec_clean
# Command line       : vivado
# Log file           : /home/williams/MYFPGA/FSO FPGA/sda_codec_clean/vivado.log
# Journal file       : /home/williams/MYFPGA/FSO FPGA/sda_codec_clean/vivado.jou
# Running On         : Williams
# Platform           : Ubuntu
# Operating System   : Ubuntu 22.04.5 LTS
# Processor Detail   : 13th Gen Intel(R) Core(TM) i7-13700K
# CPU Frequency      : 5300.000 MHz
# CPU Physical cores : 16
# CPU Logical cores  : 24
# Host memory        : 67183 MB
# Swap memory        : 63999 MB
# Total Virtual      : 131182 MB
# Available Virtual  : 118288 MB
#-----------------------------------------------------------
start_gui
WARNING: [Board 49-26] cannot add Board Part xilinx.com:emb-plus-vpr-4616:part0:1.0 available at /2025.2/2025.2/data/xhub/boards/XilinxBoardStore/boards/Xilinx/emb-plus-vpr-4616/1.0/board.xml as part xcve2302-sfva784-2mp-e-s specified in board_part file is either invalid or not available
WARNING: [Board 49-26] cannot add Board Part xilinx.com:emb-plus-vpr-4616:part0:1.1 available at /2025.2/2025.2/data/xhub/boards/XilinxBoardStore/boards/Xilinx/emb-plus-vpr-4616/1.1/board.xml as part xcve2302-sfva784-2mp-e-s specified in board_part file is either invalid or not available
WARNING: [Board 49-26] cannot add Board Part xilinx.com:v80:part0:1.0 available at /2025.2/2025.2/data/xhub/boards/XilinxBoardStore/boards/Xilinx/v80/1.0/board.xml as part xcv80-lsva4737-2mhp-e-s specified in board_part file is either invalid or not available
WARNING: [Board 49-26] cannot add Board Part xilinx.com:vck190:part0:2.2 available at /2025.2/2025.2/data/xhub/boards/XilinxBoardStore/boards/Xilinx/vck190/production/2.2/board.xml as part xcvc1902-vsva2197-2mp-e-s specified in board_part file is either invalid or not available
WARNING: [Board 49-26] cannot add Board Part xilinx.com:vck190:part0:3.0 available at /2025.2/2025.2/data/xhub/boards/XilinxBoardStore/boards/Xilinx/vck190/production/3.0/board.xml as part xcvc1902-vsva2197-2mp-e-s specified in board_part file is either invalid or not available
WARNING: [Board 49-26] cannot add Board Part xilinx.com:vck190:part0:3.1 available at /2025.2/2025.2/data/xhub/boards/XilinxBoardStore/boards/Xilinx/vck190/production/3.1/board.xml as part xcvc1902-vsva2197-2mp-e-s specified in board_part file is either invalid or not available
WARNING: [Board 49-26] cannot add Board Part xilinx.com:vck190:part0:3.2 available at /2025.2/2025.2/data/xhub/boards/XilinxBoardStore/boards/Xilinx/vck190/production/3.2/board.xml as part xcvc1902-vsva2197-2mp-e-s specified in board_part file is either invalid or not available
WARNING: [Board 49-26] cannot add Board Part xilinx.com:vck190:part0:3.3 available at /2025.2/2025.2/data/xhub/boards/XilinxBoardStore/boards/Xilinx/vck190/production/3.3/board.xml as part xcvc1902-vsva2197-2mp-e-s specified in board_part file is either invalid or not available
WARNING: [Board 49-26] cannot add Board Part xilinx.com:vck190:part0:3.4 available at /2025.2/2025.2/data/xhub/boards/XilinxBoardStore/boards/Xilinx/vck190/production/3.4/board.xml as part xcvc1902-vsva2197-2mp-e-s specified in board_part file is either invalid or not available
WARNING: [Board 49-26] cannot add Board Part xilinx.com:vck190_newl:part0:1.0 available at /2025.2/2025.2/data/xhub/boards/XilinxBoardStore/boards/Xilinx/vck190_newl/production/1.0/board.xml as part xcvc1902-vsva2197-2mp-e-s specified in board_part file is either invalid or not available
WARNING: [Board 49-26] cannot add Board Part xilinx.com:vck190_newl:part0:1.1 available at /2025.2/2025.2/data/xhub/boards/XilinxBoardStore/boards/Xilinx/vck190_newl/production/1.1/board.xml as part xcvc1902-vsva2197-2mp-e-s specified in board_part file is either invalid or not available
WARNING: [Board 49-26] cannot add Board Part xilinx.com:vck190_newl:part0:1.2 available at /2025.2/2025.2/data/xhub/boards/XilinxBoardStore/boards/Xilinx/vck190_newl/production/1.2/board.xml as part xcvc1902-vsva2197-2mp-e-s specified in board_part file is either invalid or not available
WARNING: [Board 49-26] cannot add Board Part xilinx.com:vck190_newl:part0:1.3 available at /2025.2/2025.2/data/xhub/boards/XilinxBoardStore/boards/Xilinx/vck190_newl/production/1.3/board.xml as part xcvc1902-vsva2197-2mp-e-s specified in board_part file is either invalid or not available
WARNING: [Board 49-26] cannot add Board Part xilinx.com:vek280:part0:1.0 available at /2025.2/2025.2/data/xhub/boards/XilinxBoardStore/boards/Xilinx/vek280/production/1.0/board.xml as part xcve2802-vsvh1760-2mp-e-s specified in board_part file is either invalid or not available
WARNING: [Board 49-26] cannot add Board Part xilinx.com:vek280:part0:1.1 available at /2025.2/2025.2/data/xhub/boards/XilinxBoardStore/boards/Xilinx/vek280/production/1.1/board.xml as part xcve2802-vsvh1760-2mp-e-s specified in board_part file is either invalid or not available
WARNING: [Board 49-26] cannot add Board Part xilinx.com:vek280:part0:1.2 available at /2025.2/2025.2/data/xhub/boards/XilinxBoardStore/boards/Xilinx/vek280/production/1.2/board.xml as part xcve2802-vsvh1760-2mp-e-s specified in board_part file is either invalid or not available
WARNING: [Board 49-26] cannot add Board Part xilinx.com:vek385:part0:1.0 available at /2025.2/2025.2/data/xhub/boards/XilinxBoardStore/boards/Xilinx/vek385/1.0/board.xml as part xc2ve3858-ssva2112-2mp-e-s specified in board_part file is either invalid or not available
WARNING: [Board 49-26] cannot add Board Part xilinx.com:vek385:part0:1.1 available at /2025.2/2025.2/data/xhub/boards/XilinxBoardStore/boards/Xilinx/vek385/1.1/board.xml as part xc2ve3858-ssva2112-2mp-e-s specified in board_part file is either invalid or not available
WARNING: [Board 49-26] cannot add Board Part xilinx.com:vek385_1:part0:1.0 available at /2025.2/2025.2/data/xhub/boards/XilinxBoardStore/boards/Xilinx/vek385_2/1.0/board.xml as part xc2ve3858-ssva2112-2mp-e-s specified in board_part file is either invalid or not available
WARNING: [Board 49-26] cannot add Board Part xilinx.com:vhk158:part0:1.0 available at /2025.2/2025.2/data/xhub/boards/XilinxBoardStore/boards/Xilinx/vhk158/production/1.0/board.xml as part xcvh1582-vsva3697-2mp-e-s specified in board_part file is either invalid or not available
WARNING: [Board 49-26] cannot add Board Part xilinx.com:vhk158:part0:1.1 available at /2025.2/2025.2/data/xhub/boards/XilinxBoardStore/boards/Xilinx/vhk158/production/1.1/board.xml as part xcvh1582-vsva3697-2mp-e-s specified in board_part file is either invalid or not available
WARNING: [Board 49-26] cannot add Board Part xilinx.com:vhk158:part0:1.2 available at /2025.2/2025.2/data/xhub/boards/XilinxBoardStore/boards/Xilinx/vhk158/production/1.2/board.xml as part xcvh1582-vsva3697-2mp-e-s specified in board_part file is either invalid or not available
WARNING: [Board 49-26] cannot add Board Part xilinx.com:vmk180:part0:2.2 available at /2025.2/2025.2/data/xhub/boards/XilinxBoardStore/boards/Xilinx/vmk180/production/2.2/board.xml as part xcvm1802-vsva2197-2mp-e-s specified in board_part file is either invalid or not available
WARNING: [Board 49-26] cannot add Board Part xilinx.com:vmk180:part0:3.0 available at /2025.2/2025.2/data/xhub/boards/XilinxBoardStore/boards/Xilinx/vmk180/production/3.0/board.xml as part xcvm1802-vsva2197-2mp-e-s specified in board_part file is either invalid or not available
WARNING: [Board 49-26] cannot add Board Part xilinx.com:vmk180:part0:3.1 available at /2025.2/2025.2/data/xhub/boards/XilinxBoardStore/boards/Xilinx/vmk180/production/3.1/board.xml as part xcvm1802-vsva2197-2mp-e-s specified in board_part file is either invalid or not available
WARNING: [Board 49-26] cannot add Board Part xilinx.com:vmk180:part0:3.2 available at /2025.2/2025.2/data/xhub/boards/XilinxBoardStore/boards/Xilinx/vmk180/production/3.2/board.xml as part xcvm1802-vsva2197-2mp-e-s specified in board_part file is either invalid or not available
WARNING: [Board 49-26] cannot add Board Part xilinx.com:vmk180:part0:3.3 available at /2025.2/2025.2/data/xhub/boards/XilinxBoardStore/boards/Xilinx/vmk180/production/3.3/board.xml as part xcvm1802-vsva2197-2mp-e-s specified in board_part file is either invalid or not available
WARNING: [Board 49-26] cannot add Board Part xilinx.com:vmk180_newl:part0:1.0 available at /2025.2/2025.2/data/xhub/boards/XilinxBoardStore/boards/Xilinx/vmk180_newl/production/1.0/board.xml as part xcvm1802-vsva2197-2mp-e-s specified in board_part file is either invalid or not available
WARNING: [Board 49-26] cannot add Board Part xilinx.com:vmk180_newl:part0:1.1 available at /2025.2/2025.2/data/xhub/boards/XilinxBoardStore/boards/Xilinx/vmk180_newl/production/1.1/board.xml as part xcvm1802-vsva2197-2mp-e-s specified in board_part file is either invalid or not available
WARNING: [Board 49-26] cannot add Board Part xilinx.com:vpk120:part0:1.0 available at /2025.2/2025.2/data/xhub/boards/XilinxBoardStore/boards/Xilinx/vpk120/production/1.0/board.xml as part xcvp1202-vsva2785-2mp-e-s specified in board_part file is either invalid or not available
WARNING: [Board 49-26] cannot add Board Part xilinx.com:vpk120:part0:1.1 available at /2025.2/2025.2/data/xhub/boards/XilinxBoardStore/boards/Xilinx/vpk120/production/1.1/board.xml as part xcvp1202-vsva2785-2mp-e-s specified in board_part file is either invalid or not available
WARNING: [Board 49-26] cannot add Board Part xilinx.com:vpk120:part0:1.2 available at /2025.2/2025.2/data/xhub/boards/XilinxBoardStore/boards/Xilinx/vpk120/production/1.2/board.xml as part xcvp1202-vsva2785-2mp-e-s specified in board_part file is either invalid or not available
WARNING: [Board 49-26] cannot add Board Part xilinx.com:vpk180:part0:1.0 available at /2025.2/2025.2/data/xhub/boards/XilinxBoardStore/boards/Xilinx/vpk180/production/1.0/board.xml as part xcvp1802-lsvc4072-2mp-e-s specified in board_part file is either invalid or not available
WARNING: [Board 49-26] cannot add Board Part xilinx.com:vpk180:part0:1.1 available at /2025.2/2025.2/data/xhub/boards/XilinxBoardStore/boards/Xilinx/vpk180/production/1.1/board.xml as part xcvp1802-lsvc4072-2mp-e-s specified in board_part file is either invalid or not available
WARNING: [Board 49-26] cannot add Board Part xilinx.com:vpk180:part0:1.2 available at /2025.2/2025.2/data/xhub/boards/XilinxBoardStore/boards/Xilinx/vpk180/production/1.2/board.xml as part xcvp1802-lsvc4072-2mp-e-s specified in board_part file is either invalid or not available
WARNING: [Board 49-26] cannot add Board Part xilinx.com:vrk160:part0:1.0 available at /2025.2/2025.2/data/xhub/boards/XilinxBoardStore/boards/Xilinx/vrk160/1.0/board.xml as part xcvr1602-vsva2488-2mp-e-s-es1 specified in board_part file is either invalid or not available
WARNING: [Board 49-26] cannot add Board Part xilinx.com:vrk160:part0:1.1 available at /2025.2/2025.2/data/xhub/boards/XilinxBoardStore/boards/Xilinx/vrk160/1.1/board.xml as part xcvr1602-vsva2488-2mp-e-s-es1 specified in board_part file is either invalid or not available
WARNING: [Board 49-26] cannot add Board Part xilinx.com:zcu208ld:part0:2.0 available at /2025.2/2025.2/data/xhub/boards/XilinxBoardStore/boards/Xilinx/zcu208ld/production/2.0/board.xml as part xczu58dr-fsvg1517-2-i specified in board_part file is either invalid or not available
WARNING: [Board 49-26] cannot add Board Part xilinx.com:zcu216ld:part0:2.0 available at /2025.2/2025.2/data/xhub/boards/XilinxBoardStore/boards/Xilinx/zcu216ld/production/2.0/board.xml as part xczu59dr-ffvf1760-2-i specified in board_part file is either invalid or not available
WARNING: [Board 49-26] cannot add Board Part xilinx.com:zcu670ld:part0:1.0 available at /2025.2/2025.2/data/xhub/boards/XilinxBoardStore/boards/Xilinx/zcu670ld/1.0/board.xml as part xczu57dr-fsve1156-2-i specified in board_part file is either invalid or not available
open_project {/home/williams/MYFPGA/FSO FPGA/sda_codec_clean/sda_codec_clean/sda_codec_clean.xpr}
Scanning sources...
Finished scanning sources
WARNING: [Board 49-26] cannot add Board Part xilinx.com:emb-plus-vpr-4616:part0:1.0 available at /2025.2/2025.2/data/xhub/boards/XilinxBoardStore/boards/Xilinx/emb-plus-vpr-4616/1.0/board.xml as part xcve2302-sfva784-2mp-e-s specified in board_part file is either invalid or not available
WARNING: [Board 49-26] cannot add Board Part xilinx.com:emb-plus-vpr-4616:part0:1.1 available at /2025.2/2025.2/data/xhub/boards/XilinxBoardStore/boards/Xilinx/emb-plus-vpr-4616/1.1/board.xml as part xcve2302-sfva784-2mp-e-s specified in board_part file is either invalid or not available
WARNING: [Board 49-26] cannot add Board Part xilinx.com:v80:part0:1.0 available at /2025.2/2025.2/data/xhub/boards/XilinxBoardStore/boards/Xilinx/v80/1.0/board.xml as part xcv80-lsva4737-2mhp-e-s specified in board_part file is either invalid or not available
WARNING: [Board 49-26] cannot add Board Part xilinx.com:vck190:part0:2.2 available at /2025.2/2025.2/data/xhub/boards/XilinxBoardStore/boards/Xilinx/vck190/production/2.2/board.xml as part xcvc1902-vsva2197-2mp-e-s specified in board_part file is either invalid or not available
WARNING: [Board 49-26] cannot add Board Part xilinx.com:vck190:part0:3.0 available at /2025.2/2025.2/data/xhub/boards/XilinxBoardStore/boards/Xilinx/vck190/production/3.0/board.xml as part xcvc1902-vsva2197-2mp-e-s specified in board_part file is either invalid or not available
WARNING: [Board 49-26] cannot add Board Part xilinx.com:vck190:part0:3.1 available at /2025.2/2025.2/data/xhub/boards/XilinxBoardStore/boards/Xilinx/vck190/production/3.1/board.xml as part xcvc1902-vsva2197-2mp-e-s specified in board_part file is either invalid or not available
WARNING: [Board 49-26] cannot add Board Part xilinx.com:vck190:part0:3.2 available at /2025.2/2025.2/data/xhub/boards/XilinxBoardStore/boards/Xilinx/vck190/production/3.2/board.xml as part xcvc1902-vsva2197-2mp-e-s specified in board_part file is either invalid or not available
WARNING: [Board 49-26] cannot add Board Part xilinx.com:vck190:part0:3.3 available at /2025.2/2025.2/data/xhub/boards/XilinxBoardStore/boards/Xilinx/vck190/production/3.3/board.xml as part xcvc1902-vsva2197-2mp-e-s specified in board_part file is either invalid or not available
WARNING: [Board 49-26] cannot add Board Part xilinx.com:vck190:part0:3.4 available at /2025.2/2025.2/data/xhub/boards/XilinxBoardStore/boards/Xilinx/vck190/production/3.4/board.xml as part xcvc1902-vsva2197-2mp-e-s specified in board_part file is either invalid or not available
WARNING: [Board 49-26] cannot add Board Part xilinx.com:vck190_newl:part0:1.0 available at /2025.2/2025.2/data/xhub/boards/XilinxBoardStore/boards/Xilinx/vck190_newl/production/1.0/board.xml as part xcvc1902-vsva2197-2mp-e-s specified in board_part file is either invalid or not available
WARNING: [Board 49-26] cannot add Board Part xilinx.com:vck190_newl:part0:1.1 available at /2025.2/2025.2/data/xhub/boards/XilinxBoardStore/boards/Xilinx/vck190_newl/production/1.1/board.xml as part xcvc1902-vsva2197-2mp-e-s specified in board_part file is either invalid or not available
WARNING: [Board 49-26] cannot add Board Part xilinx.com:vck190_newl:part0:1.2 available at /2025.2/2025.2/data/xhub/boards/XilinxBoardStore/boards/Xilinx/vck190_newl/production/1.2/board.xml as part xcvc1902-vsva2197-2mp-e-s specified in board_part file is either invalid or not available
WARNING: [Board 49-26] cannot add Board Part xilinx.com:vck190_newl:part0:1.3 available at /2025.2/2025.2/data/xhub/boards/XilinxBoardStore/boards/Xilinx/vck190_newl/production/1.3/board.xml as part xcvc1902-vsva2197-2mp-e-s specified in board_part file is either invalid or not available
WARNING: [Board 49-26] cannot add Board Part xilinx.com:vek280:part0:1.0 available at /2025.2/2025.2/data/xhub/boards/XilinxBoardStore/boards/Xilinx/vek280/production/1.0/board.xml as part xcve2802-vsvh1760-2mp-e-s specified in board_part file is either invalid or not available
WARNING: [Board 49-26] cannot add Board Part xilinx.com:vek280:part0:1.1 available at /2025.2/2025.2/data/xhub/boards/XilinxBoardStore/boards/Xilinx/vek280/production/1.1/board.xml as part xcve2802-vsvh1760-2mp-e-s specified in board_part file is either invalid or not available
WARNING: [Board 49-26] cannot add Board Part xilinx.com:vek280:part0:1.2 available at /2025.2/2025.2/data/xhub/boards/XilinxBoardStore/boards/Xilinx/vek280/production/1.2/board.xml as part xcve2802-vsvh1760-2mp-e-s specified in board_part file is either invalid or not available
WARNING: [Board 49-26] cannot add Board Part xilinx.com:vek385:part0:1.0 available at /2025.2/2025.2/data/xhub/boards/XilinxBoardStore/boards/Xilinx/vek385/1.0/board.xml as part xc2ve3858-ssva2112-2mp-e-s specified in board_part file is either invalid or not available
WARNING: [Board 49-26] cannot add Board Part xilinx.com:vek385:part0:1.1 available at /2025.2/2025.2/data/xhub/boards/XilinxBoardStore/boards/Xilinx/vek385/1.1/board.xml as part xc2ve3858-ssva2112-2mp-e-s specified in board_part file is either invalid or not available
WARNING: [Board 49-26] cannot add Board Part xilinx.com:vek385_1:part0:1.0 available at /2025.2/2025.2/data/xhub/boards/XilinxBoardStore/boards/Xilinx/vek385_2/1.0/board.xml as part xc2ve3858-ssva2112-2mp-e-s specified in board_part file is either invalid or not available
WARNING: [Board 49-26] cannot add Board Part xilinx.com:vhk158:part0:1.0 available at /2025.2/2025.2/data/xhub/boards/XilinxBoardStore/boards/Xilinx/vhk158/production/1.0/board.xml as part xcvh1582-vsva3697-2mp-e-s specified in board_part file is either invalid or not available
WARNING: [Board 49-26] cannot add Board Part xilinx.com:vhk158:part0:1.1 available at /2025.2/2025.2/data/xhub/boards/XilinxBoardStore/boards/Xilinx/vhk158/production/1.1/board.xml as part xcvh1582-vsva3697-2mp-e-s specified in board_part file is either invalid or not available
WARNING: [Board 49-26] cannot add Board Part xilinx.com:vhk158:part0:1.2 available at /2025.2/2025.2/data/xhub/boards/XilinxBoardStore/boards/Xilinx/vhk158/production/1.2/board.xml as part xcvh1582-vsva3697-2mp-e-s specified in board_part file is either invalid or not available
WARNING: [Board 49-26] cannot add Board Part xilinx.com:vmk180:part0:2.2 available at /2025.2/2025.2/data/xhub/boards/XilinxBoardStore/boards/Xilinx/vmk180/production/2.2/board.xml as part xcvm1802-vsva2197-2mp-e-s specified in board_part file is either invalid or not available
WARNING: [Board 49-26] cannot add Board Part xilinx.com:vmk180:part0:3.0 available at /2025.2/2025.2/data/xhub/boards/XilinxBoardStore/boards/Xilinx/vmk180/production/3.0/board.xml as part xcvm1802-vsva2197-2mp-e-s specified in board_part file is either invalid or not available
WARNING: [Board 49-26] cannot add Board Part xilinx.com:vmk180:part0:3.1 available at /2025.2/2025.2/data/xhub/boards/XilinxBoardStore/boards/Xilinx/vmk180/production/3.1/board.xml as part xcvm1802-vsva2197-2mp-e-s specified in board_part file is either invalid or not available
WARNING: [Board 49-26] cannot add Board Part xilinx.com:vmk180:part0:3.2 available at /2025.2/2025.2/data/xhub/boards/XilinxBoardStore/boards/Xilinx/vmk180/production/3.2/board.xml as part xcvm1802-vsva2197-2mp-e-s specified in board_part file is either invalid or not available
WARNING: [Board 49-26] cannot add Board Part xilinx.com:vmk180:part0:3.3 available at /2025.2/2025.2/data/xhub/boards/XilinxBoardStore/boards/Xilinx/vmk180/production/3.3/board.xml as part xcvm1802-vsva2197-2mp-e-s specified in board_part file is either invalid or not available
WARNING: [Board 49-26] cannot add Board Part xilinx.com:vmk180_newl:part0:1.0 available at /2025.2/2025.2/data/xhub/boards/XilinxBoardStore/boards/Xilinx/vmk180_newl/production/1.0/board.xml as part xcvm1802-vsva2197-2mp-e-s specified in board_part file is either invalid or not available
WARNING: [Board 49-26] cannot add Board Part xilinx.com:vmk180_newl:part0:1.1 available at /2025.2/2025.2/data/xhub/boards/XilinxBoardStore/boards/Xilinx/vmk180_newl/production/1.1/board.xml as part xcvm1802-vsva2197-2mp-e-s specified in board_part file is either invalid or not available
WARNING: [Board 49-26] cannot add Board Part xilinx.com:vpk120:part0:1.0 available at /2025.2/2025.2/data/xhub/boards/XilinxBoardStore/boards/Xilinx/vpk120/production/1.0/board.xml as part xcvp1202-vsva2785-2mp-e-s specified in board_part file is either invalid or not available
WARNING: [Board 49-26] cannot add Board Part xilinx.com:vpk120:part0:1.1 available at /2025.2/2025.2/data/xhub/boards/XilinxBoardStore/boards/Xilinx/vpk120/production/1.1/board.xml as part xcvp1202-vsva2785-2mp-e-s specified in board_part file is either invalid or not available
WARNING: [Board 49-26] cannot add Board Part xilinx.com:vpk120:part0:1.2 available at /2025.2/2025.2/data/xhub/boards/XilinxBoardStore/boards/Xilinx/vpk120/production/1.2/board.xml as part xcvp1202-vsva2785-2mp-e-s specified in board_part file is either invalid or not available
WARNING: [Board 49-26] cannot add Board Part xilinx.com:vpk180:part0:1.0 available at /2025.2/2025.2/data/xhub/boards/XilinxBoardStore/boards/Xilinx/vpk180/production/1.0/board.xml as part xcvp1802-lsvc4072-2mp-e-s specified in board_part file is either invalid or not available
WARNING: [Board 49-26] cannot add Board Part xilinx.com:vpk180:part0:1.1 available at /2025.2/2025.2/data/xhub/boards/XilinxBoardStore/boards/Xilinx/vpk180/production/1.1/board.xml as part xcvp1802-lsvc4072-2mp-e-s specified in board_part file is either invalid or not available
WARNING: [Board 49-26] cannot add Board Part xilinx.com:vpk180:part0:1.2 available at /2025.2/2025.2/data/xhub/boards/XilinxBoardStore/boards/Xilinx/vpk180/production/1.2/board.xml as part xcvp1802-lsvc4072-2mp-e-s specified in board_part file is either invalid or not available
WARNING: [Board 49-26] cannot add Board Part xilinx.com:vrk160:part0:1.0 available at /2025.2/2025.2/data/xhub/boards/XilinxBoardStore/boards/Xilinx/vrk160/1.0/board.xml as part xcvr1602-vsva2488-2mp-e-s-es1 specified in board_part file is either invalid or not available
WARNING: [Board 49-26] cannot add Board Part xilinx.com:vrk160:part0:1.1 available at /2025.2/2025.2/data/xhub/boards/XilinxBoardStore/boards/Xilinx/vrk160/1.1/board.xml as part xcvr1602-vsva2488-2mp-e-s-es1 specified in board_part file is either invalid or not available
WARNING: [Board 49-26] cannot add Board Part xilinx.com:zcu208ld:part0:2.0 available at /2025.2/2025.2/data/xhub/boards/XilinxBoardStore/boards/Xilinx/zcu208ld/production/2.0/board.xml as part xczu58dr-fsvg1517-2-i specified in board_part file is either invalid or not available
WARNING: [Board 49-26] cannot add Board Part xilinx.com:zcu216ld:part0:2.0 available at /2025.2/2025.2/data/xhub/boards/XilinxBoardStore/boards/Xilinx/zcu216ld/production/2.0/board.xml as part xczu59dr-ffvf1760-2-i specified in board_part file is either invalid or not available
WARNING: [Board 49-26] cannot add Board Part xilinx.com:zcu670ld:part0:1.0 available at /2025.2/2025.2/data/xhub/boards/XilinxBoardStore/boards/Xilinx/zcu670ld/1.0/board.xml as part xczu57dr-fsve1156-2-i specified in board_part file is either invalid or not available
WARNING: [Project 1-5713] Board part '' set for the project  is not found. BoardPart property will be unset. Please select board from latest repo build 
INFO: [IP_Flow 19-234] Refreshing IP repositories
INFO: [IP_Flow 19-1704] No user IP repositories specified
INFO: [IP_Flow 19-2313] Loaded Vivado IP repository '/2025.2/2025.2/data/ip'.
update_compile_order -fileset sources_1
export_ip_user_files -of_objects  [get_files {{/home/williams/MYFPGA/FSO FPGA/sda_codec_clean/sda_codec_clean/sda_codec_clean.srcs/sources_1/ip/delay_rs/delay_rs.xci}}] -no_script -reset -force -quiet
remove_files  -fileset delay_rs {{/home/williams/MYFPGA/FSO FPGA/sda_codec_clean/sda_codec_clean/sda_codec_clean.srcs/sources_1/ip/delay_rs/delay_rs.xci}}
INFO: [Project 1-386] Moving file '/home/williams/MYFPGA/FSO FPGA/sda_codec_clean/sda_codec_clean/sda_codec_clean.srcs/sources_1/ip/delay_rs/delay_rs.xci' from fileset 'delay_rs' to fileset 'sources_1'.
file delete -force {/home/williams/MYFPGA/FSO FPGA/sda_codec_clean/sda_codec_clean/sda_codec_clean.srcs/sources_1/ip/delay_rs}
file delete -force {/home/williams/MYFPGA/FSO FPGA/sda_codec_clean/sda_codec_clean/sda_codec_clean.gen/sources_1/ip/delay_rs}
file delete -force {/home/williams/MYFPGA/FSO FPGA/sda_codec_clean/sda_codec_clean/sda_codec_clean.ip_user_files/ip/delay_rs} {/home/williams/MYFPGA/FSO FPGA/sda_codec_clean/sda_codec_clean/sda_codec_clean.ip_user_files/sim_scripts/delay_rs}
WARNING: [IP_Flow 19-4067] Ignoring invalid widget type specified checkbox.Providing a default widget
WARNING: [IP_Flow 19-4067] Ignoring invalid widget type specified checkbox.Providing a default widget
create_ip -name blk_mem_gen -vendor xilinx.com -library ip -version 8.4 -module_name bram_rs
set_property -dict [list \
  CONFIG.Memory_Type {Simple_Dual_Port_RAM} \
  CONFIG.Write_Depth_A {256} \
  CONFIG.Write_Width_A {8} \
] [get_ips bram_rs]
generate_target {instantiation_template} [get_files {{/home/williams/MYFPGA/FSO FPGA/sda_codec_clean/sda_codec_clean/sda_codec_clean.srcs/sources_1/ip/bram_rs/bram_rs.xci}}]
INFO: [IP_Flow 19-1686] Generating 'Instantiation Template' target for IP 'bram_rs'...
generate_target all [get_files  {{/home/williams/MYFPGA/FSO FPGA/sda_codec_clean/sda_codec_clean/sda_codec_clean.srcs/sources_1/ip/bram_rs/bram_rs.xci}}]
INFO: [IP_Flow 19-1686] Generating 'Synthesis' target for IP 'bram_rs'...
INFO: [IP_Flow 19-1686] Generating 'Simulation' target for IP 'bram_rs'...
INFO: [IP_Flow 19-1686] Generating 'Miscellaneous' target for IP 'bram_rs'...
INFO: [IP_Flow 19-1686] Generating 'Change Log' target for IP 'bram_rs'...
catch { config_ip_cache -export [get_ips -all bram_rs] }
export_ip_user_files -of_objects [get_files {{/home/williams/MYFPGA/FSO FPGA/sda_codec_clean/sda_codec_clean/sda_codec_clean.srcs/sources_1/ip/bram_rs/bram_rs.xci}}] -no_script -sync -force -quiet
create_ip_run [get_files -of_objects [get_fileset sources_1] {{/home/williams/MYFPGA/FSO FPGA/sda_codec_clean/sda_codec_clean/sda_codec_clean.srcs/sources_1/ip/bram_rs/bram_rs.xci}}]
launch_runs bram_rs_synth_1 -jobs 24
[Mon Aug 24 16:08:51 2026] Launched bram_rs_synth_1...
Run output will be captured here: /home/williams/MYFPGA/FSO FPGA/sda_codec_clean/sda_codec_clean/sda_codec_clean.runs/bram_rs_synth_1/runme.log
export_simulation -lib_map_path [list {modelsim=/home/williams/MYFPGA/FSO FPGA/sda_codec_clean/sda_codec_clean/sda_codec_clean.cache/compile_simlib/modelsim} {questa=/home/williams/MYFPGA/FSO FPGA/sda_codec_clean/sda_codec_clean/sda_codec_clean.cache/compile_simlib/questa} {xcelium=/home/williams/MYFPGA/FSO FPGA/sda_codec_clean/sda_codec_clean/sda_codec_clean.cache/compile_simlib/xcelium} {vcs=/home/williams/MYFPGA/FSO FPGA/sda_codec_clean/sda_codec_clean/sda_codec_clean.cache/compile_simlib/vcs} {riviera=/home/williams/MYFPGA/FSO FPGA/sda_codec_clean/sda_codec_clean/sda_codec_clean.cache/compile_simlib/riviera}] -of_objects [get_files {{/home/williams/MYFPGA/FSO FPGA/sda_codec_clean/sda_codec_clean/sda_codec_clean.srcs/sources_1/ip/bram_rs/bram_rs.xci}}] -directory {/home/williams/MYFPGA/FSO FPGA/sda_codec_clean/sda_codec_clean/sda_codec_clean.ip_user_files/sim_scripts} -ip_user_files_dir {/home/williams/MYFPGA/FSO FPGA/sda_codec_clean/sda_codec_clean/sda_codec_clean.ip_user_files} -ipstatic_source_dir {/home/williams/MYFPGA/FSO FPGA/sda_codec_clean/sda_codec_clean/sda_codec_clean.ip_user_files/ipstatic} -use_ip_compiled_libs -force -quiet
reset_target all [get_files  {{/home/williams/MYFPGA/FSO FPGA/sda_codec_clean/sda_codec_clean/sda_codec_clean.srcs/sources_1/ip/cross_logic_gth/cross_logic_gth.xci}}]
export_ip_user_files -of_objects  [get_files  {{/home/williams/MYFPGA/FSO FPGA/sda_codec_clean/sda_codec_clean/sda_codec_clean.srcs/sources_1/ip/cross_logic_gth/cross_logic_gth.xci}}] -sync -no_script -force -quiet
reset_target all [get_files  {{/home/williams/MYFPGA/FSO FPGA/sda_codec_clean/sda_codec_clean/sda_codec_clean.srcs/sources_1/ip/cross_logic_gth_head/cross_logic_gth_head.xci}}]
export_ip_user_files -of_objects  [get_files  {{/home/williams/MYFPGA/FSO FPGA/sda_codec_clean/sda_codec_clean/sda_codec_clean.srcs/sources_1/ip/cross_logic_gth_head/cross_logic_gth_head.xci}}] -sync -no_script -force -quiet
reset_target all [get_files  {{/home/williams/MYFPGA/FSO FPGA/sda_codec_clean/sda_codec_clean/sda_codec_clean.srcs/sources_1/ip/cross_logic_gth_load/cross_logic_gth_load.xci}}]
export_ip_user_files -of_objects  [get_files  {{/home/williams/MYFPGA/FSO FPGA/sda_codec_clean/sda_codec_clean/sda_codec_clean.srcs/sources_1/ip/cross_logic_gth_load/cross_logic_gth_load.xci}}] -sync -no_script -force -quiet
reset_target all [get_files  {{/home/williams/MYFPGA/FSO FPGA/sda_codec_clean/sda_codec_clean/sda_codec_clean.srcs/sources_1/ip/delay_combiner/delay_combiner.xci}}]
export_ip_user_files -of_objects  [get_files  {{/home/williams/MYFPGA/FSO FPGA/sda_codec_clean/sda_codec_clean/sda_codec_clean.srcs/sources_1/ip/delay_combiner/delay_combiner.xci}}] -sync -no_script -force -quiet
reset_target all [get_files  {{/home/williams/MYFPGA/FSO FPGA/sda_codec_clean/sda_codec_clean/sda_codec_clean.srcs/sources_1/ip/serdes_assembler/serdes_assembler.xci}}]
export_ip_user_files -of_objects  [get_files  {{/home/williams/MYFPGA/FSO FPGA/sda_codec_clean/sda_codec_clean/sda_codec_clean.srcs/sources_1/ip/serdes_assembler/serdes_assembler.xci}}] -sync -no_script -force -quiet
reset_target all [get_files  {{/home/williams/MYFPGA/FSO FPGA/sda_codec_clean/sda_codec_clean/sda_codec_clean.srcs/sources_1/ip/serdes_framer/serdes_framer.xci}}]
export_ip_user_files -of_objects  [get_files  {{/home/williams/MYFPGA/FSO FPGA/sda_codec_clean/sda_codec_clean/sda_codec_clean.srcs/sources_1/ip/serdes_framer/serdes_framer.xci}}] -sync -no_script -force -quiet
reset_target all [get_files  {{/home/williams/MYFPGA/FSO FPGA/sda_codec_clean/sda_codec_clean/sda_codec_clean.srcs/sources_1/ip/clk_wiz_0/clk_wiz_0.xci}}]
export_ip_user_files -of_objects  [get_files  {{/home/williams/MYFPGA/FSO FPGA/sda_codec_clean/sda_codec_clean/sda_codec_clean.srcs/sources_1/ip/clk_wiz_0/clk_wiz_0.xci}}] -sync -no_script -force -quiet
reset_target all [get_files  {{/home/williams/MYFPGA/FSO FPGA/sda_codec_clean/sda_codec_clean/sda_codec_clean.srcs/sources_1/ip/clk_wiz_1/clk_wiz_1.xci}}]
export_ip_user_files -of_objects  [get_files  {{/home/williams/MYFPGA/FSO FPGA/sda_codec_clean/sda_codec_clean/sda_codec_clean.srcs/sources_1/ip/clk_wiz_1/clk_wiz_1.xci}}] -sync -no_script -force -quiet
reset_target all [get_files  {{/home/williams/MYFPGA/FSO FPGA/sda_codec_clean/sda_codec_clean/sda_codec_clean.srcs/sources_1/ip/cross_gth_logic/cross_gth_logic.xci}}]
export_ip_user_files -of_objects  [get_files  {{/home/williams/MYFPGA/FSO FPGA/sda_codec_clean/sda_codec_clean/sda_codec_clean.srcs/sources_1/ip/cross_gth_logic/cross_gth_logic.xci}}] -sync -no_script -force -quiet
reset_target all [get_files  {{/home/williams/MYFPGA/FSO FPGA/sda_codec_clean/sda_codec_clean/sda_codec_clean.srcs/sources_1/ip/cross_gth_logic_head/cross_gth_logic_head.xci}}]
export_ip_user_files -of_objects  [get_files  {{/home/williams/MYFPGA/FSO FPGA/sda_codec_clean/sda_codec_clean/sda_codec_clean.srcs/sources_1/ip/cross_gth_logic_head/cross_gth_logic_head.xci}}] -sync -no_script -force -quiet
reset_target all [get_files  {{/home/williams/MYFPGA/FSO FPGA/sda_codec_clean/sda_codec_clean/sda_codec_clean.srcs/sources_1/ip/cross_gth_logic_load/cross_gth_logic_load.xci}}]
export_ip_user_files -of_objects  [get_files  {{/home/williams/MYFPGA/FSO FPGA/sda_codec_clean/sda_codec_clean/sda_codec_clean.srcs/sources_1/ip/cross_gth_logic_load/cross_gth_logic_load.xci}}] -sync -no_script -force -quiet
reset_target all [get_files  {{/home/williams/MYFPGA/FSO FPGA/sda_codec_clean/sda_codec_clean/sda_codec_clean.srcs/sources_1/ip/bram_rs/bram_rs.xci}}]
export_ip_user_files -of_objects  [get_files  {{/home/williams/MYFPGA/FSO FPGA/sda_codec_clean/sda_codec_clean/sda_codec_clean.srcs/sources_1/ip/bram_rs/bram_rs.xci}}] -sync -no_script -force -quiet
delete_ip_run [get_files -of_objects [get_fileset bram_rs] {{/home/williams/MYFPGA/FSO FPGA/sda_codec_clean/sda_codec_clean/sda_codec_clean.srcs/sources_1/ip/bram_rs/bram_rs.xci}}]
INFO: [Project 1-386] Moving file '/home/williams/MYFPGA/FSO FPGA/sda_codec_clean/sda_codec_clean/sda_codec_clean.srcs/sources_1/ip/bram_rs/bram_rs.xci' from fileset 'bram_rs' to fileset 'sources_1'.
delete_ip_run [get_files -of_objects [get_fileset clk_wiz_0] {{/home/williams/MYFPGA/FSO FPGA/sda_codec_clean/sda_codec_clean/sda_codec_clean.srcs/sources_1/ip/clk_wiz_0/clk_wiz_0.xci}}]
INFO: [Project 1-386] Moving file '/home/williams/MYFPGA/FSO FPGA/sda_codec_clean/sda_codec_clean/sda_codec_clean.srcs/sources_1/ip/clk_wiz_0/clk_wiz_0.xci' from fileset 'clk_wiz_0' to fileset 'sources_1'.
delete_ip_run [get_files -of_objects [get_fileset clk_wiz_1] {{/home/williams/MYFPGA/FSO FPGA/sda_codec_clean/sda_codec_clean/sda_codec_clean.srcs/sources_1/ip/clk_wiz_1/clk_wiz_1.xci}}]
INFO: [Project 1-386] Moving file '/home/williams/MYFPGA/FSO FPGA/sda_codec_clean/sda_codec_clean/sda_codec_clean.srcs/sources_1/ip/clk_wiz_1/clk_wiz_1.xci' from fileset 'clk_wiz_1' to fileset 'sources_1'.
delete_ip_run [get_files -of_objects [get_fileset cross_gth_logic] {{/home/williams/MYFPGA/FSO FPGA/sda_codec_clean/sda_codec_clean/sda_codec_clean.srcs/sources_1/ip/cross_gth_logic/cross_gth_logic.xci}}]
INFO: [Project 1-386] Moving file '/home/williams/MYFPGA/FSO FPGA/sda_codec_clean/sda_codec_clean/sda_codec_clean.srcs/sources_1/ip/cross_gth_logic/cross_gth_logic.xci' from fileset 'cross_gth_logic' to fileset 'sources_1'.
delete_ip_run [get_files -of_objects [get_fileset cross_gth_logic_head] {{/home/williams/MYFPGA/FSO FPGA/sda_codec_clean/sda_codec_clean/sda_codec_clean.srcs/sources_1/ip/cross_gth_logic_head/cross_gth_logic_head.xci}}]
INFO: [Project 1-386] Moving file '/home/williams/MYFPGA/FSO FPGA/sda_codec_clean/sda_codec_clean/sda_codec_clean.srcs/sources_1/ip/cross_gth_logic_head/cross_gth_logic_head.xci' from fileset 'cross_gth_logic_head' to fileset 'sources_1'.
delete_ip_run [get_files -of_objects [get_fileset cross_gth_logic_load] {{/home/williams/MYFPGA/FSO FPGA/sda_codec_clean/sda_codec_clean/sda_codec_clean.srcs/sources_1/ip/cross_gth_logic_load/cross_gth_logic_load.xci}}]
INFO: [Project 1-386] Moving file '/home/williams/MYFPGA/FSO FPGA/sda_codec_clean/sda_codec_clean/sda_codec_clean.srcs/sources_1/ip/cross_gth_logic_load/cross_gth_logic_load.xci' from fileset 'cross_gth_logic_load' to fileset 'sources_1'.
delete_ip_run [get_files -of_objects [get_fileset cross_logic_gth] {{/home/williams/MYFPGA/FSO FPGA/sda_codec_clean/sda_codec_clean/sda_codec_clean.srcs/sources_1/ip/cross_logic_gth/cross_logic_gth.xci}}]
INFO: [Project 1-386] Moving file '/home/williams/MYFPGA/FSO FPGA/sda_codec_clean/sda_codec_clean/sda_codec_clean.srcs/sources_1/ip/cross_logic_gth/cross_logic_gth.xci' from fileset 'cross_logic_gth' to fileset 'sources_1'.
delete_ip_run [get_files -of_objects [get_fileset cross_logic_gth_head] {{/home/williams/MYFPGA/FSO FPGA/sda_codec_clean/sda_codec_clean/sda_codec_clean.srcs/sources_1/ip/cross_logic_gth_head/cross_logic_gth_head.xci}}]
INFO: [Project 1-386] Moving file '/home/williams/MYFPGA/FSO FPGA/sda_codec_clean/sda_codec_clean/sda_codec_clean.srcs/sources_1/ip/cross_logic_gth_head/cross_logic_gth_head.xci' from fileset 'cross_logic_gth_head' to fileset 'sources_1'.
delete_ip_run [get_files -of_objects [get_fileset cross_logic_gth_load] {{/home/williams/MYFPGA/FSO FPGA/sda_codec_clean/sda_codec_clean/sda_codec_clean.srcs/sources_1/ip/cross_logic_gth_load/cross_logic_gth_load.xci}}]
INFO: [Project 1-386] Moving file '/home/williams/MYFPGA/FSO FPGA/sda_codec_clean/sda_codec_clean/sda_codec_clean.srcs/sources_1/ip/cross_logic_gth_load/cross_logic_gth_load.xci' from fileset 'cross_logic_gth_load' to fileset 'sources_1'.
delete_ip_run [get_files -of_objects [get_fileset delay_combiner] {{/home/williams/MYFPGA/FSO FPGA/sda_codec_clean/sda_codec_clean/sda_codec_clean.srcs/sources_1/ip/delay_combiner/delay_combiner.xci}}]
INFO: [Project 1-386] Moving file '/home/williams/MYFPGA/FSO FPGA/sda_codec_clean/sda_codec_clean/sda_codec_clean.srcs/sources_1/ip/delay_combiner/delay_combiner.xci' from fileset 'delay_combiner' to fileset 'sources_1'.
delete_ip_run [get_files -of_objects [get_fileset serdes_assembler] {{/home/williams/MYFPGA/FSO FPGA/sda_codec_clean/sda_codec_clean/sda_codec_clean.srcs/sources_1/ip/serdes_assembler/serdes_assembler.xci}}]
INFO: [Project 1-386] Moving file '/home/williams/MYFPGA/FSO FPGA/sda_codec_clean/sda_codec_clean/sda_codec_clean.srcs/sources_1/ip/serdes_assembler/serdes_assembler.xci' from fileset 'serdes_assembler' to fileset 'sources_1'.
delete_ip_run [get_files -of_objects [get_fileset serdes_framer] {{/home/williams/MYFPGA/FSO FPGA/sda_codec_clean/sda_codec_clean/sda_codec_clean.srcs/sources_1/ip/serdes_framer/serdes_framer.xci}}]
INFO: [Project 1-386] Moving file '/home/williams/MYFPGA/FSO FPGA/sda_codec_clean/sda_codec_clean/sda_codec_clean.srcs/sources_1/ip/serdes_framer/serdes_framer.xci' from fileset 'serdes_framer' to fileset 'sources_1'.
update_compile_order -fileset sources_1
generate_target all [get_files  {{/home/williams/MYFPGA/FSO FPGA/sda_codec_clean/sda_codec_clean/sda_codec_clean.srcs/sources_1/ip/bram_rs/bram_rs.xci} {/home/williams/MYFPGA/FSO FPGA/sda_codec_clean/sda_codec_clean/sda_codec_clean.srcs/sources_1/ip/clk_wiz_0/clk_wiz_0.xci} {/home/williams/MYFPGA/FSO FPGA/sda_codec_clean/sda_codec_clean/sda_codec_clean.srcs/sources_1/ip/clk_wiz_1/clk_wiz_1.xci} {/home/williams/MYFPGA/FSO FPGA/sda_codec_clean/sda_codec_clean/sda_codec_clean.srcs/sources_1/ip/cross_gth_logic/cross_gth_logic.xci} {/home/williams/MYFPGA/FSO FPGA/sda_codec_clean/sda_codec_clean/sda_codec_clean.srcs/sources_1/ip/cross_gth_logic_head/cross_gth_logic_head.xci} {/home/williams/MYFPGA/FSO FPGA/sda_codec_clean/sda_codec_clean/sda_codec_clean.srcs/sources_1/ip/cross_gth_logic_load/cross_gth_logic_load.xci} {/home/williams/MYFPGA/FSO FPGA/sda_codec_clean/sda_codec_clean/sda_codec_clean.srcs/sources_1/ip/cross_logic_gth/cross_logic_gth.xci} {/home/williams/MYFPGA/FSO FPGA/sda_codec_clean/sda_codec_clean/sda_codec_clean.srcs/sources_1/ip/cross_logic_gth_head/cross_logic_gth_head.xci} {/home/williams/MYFPGA/FSO FPGA/sda_codec_clean/sda_codec_clean/sda_codec_clean.srcs/sources_1/ip/cross_logic_gth_load/cross_logic_gth_load.xci} {/home/williams/MYFPGA/FSO FPGA/sda_codec_clean/sda_codec_clean/sda_codec_clean.srcs/sources_1/ip/delay_combiner/delay_combiner.xci} {/home/williams/MYFPGA/FSO FPGA/sda_codec_clean/sda_codec_clean/sda_codec_clean.srcs/sources_1/ip/serdes_assembler/serdes_assembler.xci} {/home/williams/MYFPGA/FSO FPGA/sda_codec_clean/sda_codec_clean/sda_codec_clean.srcs/sources_1/ip/serdes_framer/serdes_framer.xci}}]
INFO: [IP_Flow 19-1686] Generating 'Instantiation Template' target for IP 'bram_rs'...
INFO: [IP_Flow 19-1686] Generating 'Synthesis' target for IP 'bram_rs'...
INFO: [IP_Flow 19-1686] Generating 'Simulation' target for IP 'bram_rs'...
INFO: [IP_Flow 19-1686] Generating 'Miscellaneous' target for IP 'bram_rs'...
INFO: [IP_Flow 19-1686] Generating 'Change Log' target for IP 'bram_rs'...
INFO: [IP_Flow 19-1686] Generating 'Instantiation Template' target for IP 'clk_wiz_0'...
INFO: [IP_Flow 19-1686] Generating 'Synthesis' target for IP 'clk_wiz_0'...
INFO: [IP_Flow 19-1686] Generating 'Simulation' target for IP 'clk_wiz_0'...
INFO: [IP_Flow 19-1686] Generating 'Implementation' target for IP 'clk_wiz_0'...
INFO: [IP_Flow 19-1686] Generating 'Change Log' target for IP 'clk_wiz_0'...
INFO: [IP_Flow 19-1686] Generating 'Instantiation Template' target for IP 'clk_wiz_1'...
INFO: [IP_Flow 19-1686] Generating 'Synthesis' target for IP 'clk_wiz_1'...
INFO: [IP_Flow 19-1686] Generating 'Simulation' target for IP 'clk_wiz_1'...
INFO: [IP_Flow 19-1686] Generating 'Implementation' target for IP 'clk_wiz_1'...
INFO: [IP_Flow 19-1686] Generating 'Change Log' target for IP 'clk_wiz_1'...
INFO: [IP_Flow 19-1686] Generating 'Instantiation Template' target for IP 'cross_gth_logic'...
INFO: [IP_Flow 19-1686] Generating 'Synthesis' target for IP 'cross_gth_logic'...
INFO: [IP_Flow 19-1686] Generating 'Simulation' target for IP 'cross_gth_logic'...
INFO: [IP_Flow 19-1686] Generating 'Change Log' target for IP 'cross_gth_logic'...
INFO: [IP_Flow 19-1686] Generating 'Instantiation Template' target for IP 'cross_gth_logic_head'...
INFO: [IP_Flow 19-1686] Generating 'Synthesis' target for IP 'cross_gth_logic_head'...
INFO: [IP_Flow 19-1686] Generating 'Simulation' target for IP 'cross_gth_logic_head'...
INFO: [IP_Flow 19-1686] Generating 'Change Log' target for IP 'cross_gth_logic_head'...
INFO: [IP_Flow 19-1686] Generating 'Instantiation Template' target for IP 'cross_gth_logic_load'...
INFO: [IP_Flow 19-1686] Generating 'Synthesis' target for IP 'cross_gth_logic_load'...
INFO: [IP_Flow 19-1686] Generating 'Simulation' target for IP 'cross_gth_logic_load'...
INFO: [IP_Flow 19-1686] Generating 'Change Log' target for IP 'cross_gth_logic_load'...
INFO: [IP_Flow 19-1686] Generating 'Instantiation Template' target for IP 'cross_logic_gth'...
INFO: [IP_Flow 19-1686] Generating 'Synthesis' target for IP 'cross_logic_gth'...
INFO: [IP_Flow 19-1686] Generating 'Simulation' target for IP 'cross_logic_gth'...
INFO: [IP_Flow 19-1686] Generating 'Change Log' target for IP 'cross_logic_gth'...
INFO: [IP_Flow 19-1686] Generating 'Instantiation Template' target for IP 'cross_logic_gth_head'...
INFO: [IP_Flow 19-1686] Generating 'Synthesis' target for IP 'cross_logic_gth_head'...
INFO: [IP_Flow 19-1686] Generating 'Simulation' target for IP 'cross_logic_gth_head'...
INFO: [IP_Flow 19-1686] Generating 'Change Log' target for IP 'cross_logic_gth_head'...
INFO: [IP_Flow 19-1686] Generating 'Instantiation Template' target for IP 'cross_logic_gth_load'...
INFO: [IP_Flow 19-1686] Generating 'Synthesis' target for IP 'cross_logic_gth_load'...
INFO: [IP_Flow 19-1686] Generating 'Simulation' target for IP 'cross_logic_gth_load'...
INFO: [IP_Flow 19-1686] Generating 'Change Log' target for IP 'cross_logic_gth_load'...
INFO: [IP_Flow 19-1686] Generating 'Instantiation Template' target for IP 'delay_combiner'...
INFO: [IP_Flow 19-1686] Generating 'Synthesis' target for IP 'delay_combiner'...
INFO: [IP_Flow 19-1686] Generating 'Simulation' target for IP 'delay_combiner'...
INFO: [IP_Flow 19-1686] Generating 'Change Log' target for IP 'delay_combiner'...
INFO: [IP_Flow 19-1686] Generating 'Instantiation Template' target for IP 'serdes_assembler'...
INFO: [IP_Flow 19-1686] Generating 'Synthesis' target for IP 'serdes_assembler'...
INFO: [IP_Flow 19-1686] Generating 'Simulation' target for IP 'serdes_assembler'...
INFO: [IP_Flow 19-1686] Generating 'Change Log' target for IP 'serdes_assembler'...
INFO: [IP_Flow 19-1686] Generating 'Instantiation Template' target for IP 'serdes_framer'...
INFO: [IP_Flow 19-1686] Generating 'Synthesis' target for IP 'serdes_framer'...
INFO: [IP_Flow 19-1686] Generating 'Simulation' target for IP 'serdes_framer'...
INFO: [IP_Flow 19-1686] Generating 'Change Log' target for IP 'serdes_framer'...
catch { config_ip_cache -export [get_ips -all bram_rs] }
INFO: [IP_Flow 19-4993] Using cached IP synthesis design for IP bram_rs, cache-ID = 0eff4f9d6290cd9c; cache size = 49.800 MB.
catch { config_ip_cache -export [get_ips -all clk_wiz_0] }
INFO: [IP_Flow 19-4993] Using cached IP synthesis design for IP clk_wiz_0, cache-ID = 6cb6589f0f9baf7a; cache size = 49.800 MB.
catch { config_ip_cache -export [get_ips -all clk_wiz_1] }
INFO: [IP_Flow 19-4993] Using cached IP synthesis design for IP clk_wiz_1, cache-ID = ef94e4b60fb5fab6; cache size = 49.800 MB.
catch { config_ip_cache -export [get_ips -all cross_gth_logic] }
INFO: [IP_Flow 19-4993] Using cached IP synthesis design for IP cross_gth_logic, cache-ID = ae1d7e71f6ea4fad; cache size = 49.800 MB.
catch { config_ip_cache -export [get_ips -all cross_gth_logic_head] }
WARNING: [IP_Flow 19-5242] IP Cache entry (cache-ID 0dd7d99d1417ac38) does not have the required number of cached files and is not valid. Please delete this entry using the TCL command: 'config_ip_cache -remove [get_ips cross_gth_logic_head]'
catch { config_ip_cache -export [get_ips -all cross_gth_logic_load] }
INFO: [IP_Flow 19-4993] Using cached IP synthesis design for IP cross_gth_logic_load, cache-ID = 6dd252ade2fc93d3; cache size = 49.800 MB.
catch { config_ip_cache -export [get_ips -all cross_logic_gth] }
INFO: [IP_Flow 19-4993] Using cached IP synthesis design for IP cross_logic_gth, cache-ID = f52448f66c520832; cache size = 49.800 MB.
catch { config_ip_cache -export [get_ips -all cross_logic_gth_head] }
WARNING: [IP_Flow 19-5242] IP Cache entry (cache-ID 0dd7d99d1417ac38) does not have the required number of cached files and is not valid. Please delete this entry using the TCL command: 'config_ip_cache -remove [get_ips cross_logic_gth_head]'
catch { config_ip_cache -export [get_ips -all cross_logic_gth_load] }
INFO: [IP_Flow 19-4993] Using cached IP synthesis design for IP cross_logic_gth_load, cache-ID = 6497476e19916319; cache size = 49.800 MB.
catch { config_ip_cache -export [get_ips -all delay_combiner] }
INFO: [IP_Flow 19-4993] Using cached IP synthesis design for IP delay_combiner, cache-ID = aef436e6938d4b19; cache size = 49.800 MB.
catch { config_ip_cache -export [get_ips -all serdes_assembler] }
INFO: [IP_Flow 19-4993] Using cached IP synthesis design for IP serdes_assembler, cache-ID = 4ae1b6ba2265d9d0; cache size = 49.800 MB.
catch { config_ip_cache -export [get_ips -all serdes_framer] }
INFO: [IP_Flow 19-4993] Using cached IP synthesis design for IP serdes_framer, cache-ID = c933dad9a6b81285; cache size = 49.800 MB.
export_ip_user_files -of_objects [get_files {{/home/williams/MYFPGA/FSO FPGA/sda_codec_clean/sda_codec_clean/sda_codec_clean.srcs/sources_1/ip/bram_rs/bram_rs.xci}}] -no_script -sync -force -quiet
export_ip_user_files -of_objects [get_files {{/home/williams/MYFPGA/FSO FPGA/sda_codec_clean/sda_codec_clean/sda_codec_clean.srcs/sources_1/ip/clk_wiz_0/clk_wiz_0.xci}}] -no_script -sync -force -quiet
export_ip_user_files -of_objects [get_files {{/home/williams/MYFPGA/FSO FPGA/sda_codec_clean/sda_codec_clean/sda_codec_clean.srcs/sources_1/ip/clk_wiz_1/clk_wiz_1.xci}}] -no_script -sync -force -quiet
export_ip_user_files -of_objects [get_files {{/home/williams/MYFPGA/FSO FPGA/sda_codec_clean/sda_codec_clean/sda_codec_clean.srcs/sources_1/ip/cross_gth_logic/cross_gth_logic.xci}}] -no_script -sync -force -quiet
export_ip_user_files -of_objects [get_files {{/home/williams/MYFPGA/FSO FPGA/sda_codec_clean/sda_codec_clean/sda_codec_clean.srcs/sources_1/ip/cross_gth_logic_head/cross_gth_logic_head.xci}}] -no_script -sync -force -quiet
export_ip_user_files -of_objects [get_files {{/home/williams/MYFPGA/FSO FPGA/sda_codec_clean/sda_codec_clean/sda_codec_clean.srcs/sources_1/ip/cross_gth_logic_load/cross_gth_logic_load.xci}}] -no_script -sync -force -quiet
export_ip_user_files -of_objects [get_files {{/home/williams/MYFPGA/FSO FPGA/sda_codec_clean/sda_codec_clean/sda_codec_clean.srcs/sources_1/ip/cross_logic_gth/cross_logic_gth.xci}}] -no_script -sync -force -quiet
export_ip_user_files -of_objects [get_files {{/home/williams/MYFPGA/FSO FPGA/sda_codec_clean/sda_codec_clean/sda_codec_clean.srcs/sources_1/ip/cross_logic_gth_head/cross_logic_gth_head.xci}}] -no_script -sync -force -quiet
export_ip_user_files -of_objects [get_files {{/home/williams/MYFPGA/FSO FPGA/sda_codec_clean/sda_codec_clean/sda_codec_clean.srcs/sources_1/ip/cross_logic_gth_load/cross_logic_gth_load.xci}}] -no_script -sync -force -quiet
export_ip_user_files -of_objects [get_files {{/home/williams/MYFPGA/FSO FPGA/sda_codec_clean/sda_codec_clean/sda_codec_clean.srcs/sources_1/ip/delay_combiner/delay_combiner.xci}}] -no_script -sync -force -quiet
export_ip_user_files -of_objects [get_files {{/home/williams/MYFPGA/FSO FPGA/sda_codec_clean/sda_codec_clean/sda_codec_clean.srcs/sources_1/ip/serdes_assembler/serdes_assembler.xci}}] -no_script -sync -force -quiet
export_ip_user_files -of_objects [get_files {{/home/williams/MYFPGA/FSO FPGA/sda_codec_clean/sda_codec_clean/sda_codec_clean.srcs/sources_1/ip/serdes_framer/serdes_framer.xci}}] -no_script -sync -force -quiet
create_ip_run [get_files -of_objects [get_fileset sources_1] {{/home/williams/MYFPGA/FSO FPGA/sda_codec_clean/sda_codec_clean/sda_codec_clean.srcs/sources_1/ip/bram_rs/bram_rs.xci}}]
INFO: [Vivado 12-3453] The given sub-design is up-to-date, no action was taken.  If a run is still desired, use the '-force' option for the file:'/home/williams/MYFPGA/FSO FPGA/sda_codec_clean/sda_codec_clean/sda_codec_clean.srcs/sources_1/ip/bram_rs/bram_rs.xci'
create_ip_run [get_files -of_objects [get_fileset sources_1] {{/home/williams/MYFPGA/FSO FPGA/sda_codec_clean/sda_codec_clean/sda_codec_clean.srcs/sources_1/ip/clk_wiz_0/clk_wiz_0.xci}}]
INFO: [Vivado 12-3453] The given sub-design is up-to-date, no action was taken.  If a run is still desired, use the '-force' option for the file:'/home/williams/MYFPGA/FSO FPGA/sda_codec_clean/sda_codec_clean/sda_codec_clean.srcs/sources_1/ip/clk_wiz_0/clk_wiz_0.xci'
create_ip_run [get_files -of_objects [get_fileset sources_1] {{/home/williams/MYFPGA/FSO FPGA/sda_codec_clean/sda_codec_clean/sda_codec_clean.srcs/sources_1/ip/clk_wiz_1/clk_wiz_1.xci}}]
INFO: [Vivado 12-3453] The given sub-design is up-to-date, no action was taken.  If a run is still desired, use the '-force' option for the file:'/home/williams/MYFPGA/FSO FPGA/sda_codec_clean/sda_codec_clean/sda_codec_clean.srcs/sources_1/ip/clk_wiz_1/clk_wiz_1.xci'
create_ip_run [get_files -of_objects [get_fileset sources_1] {{/home/williams/MYFPGA/FSO FPGA/sda_codec_clean/sda_codec_clean/sda_codec_clean.srcs/sources_1/ip/cross_gth_logic/cross_gth_logic.xci}}]
INFO: [Vivado 12-3453] The given sub-design is up-to-date, no action was taken.  If a run is still desired, use the '-force' option for the file:'/home/williams/MYFPGA/FSO FPGA/sda_codec_clean/sda_codec_clean/sda_codec_clean.srcs/sources_1/ip/cross_gth_logic/cross_gth_logic.xci'
create_ip_run [get_files -of_objects [get_fileset sources_1] {{/home/williams/MYFPGA/FSO FPGA/sda_codec_clean/sda_codec_clean/sda_codec_clean.srcs/sources_1/ip/cross_gth_logic_head/cross_gth_logic_head.xci}}]
create_ip_run [get_files -of_objects [get_fileset sources_1] {{/home/williams/MYFPGA/FSO FPGA/sda_codec_clean/sda_codec_clean/sda_codec_clean.srcs/sources_1/ip/cross_gth_logic_load/cross_gth_logic_load.xci}}]
INFO: [Vivado 12-3453] The given sub-design is up-to-date, no action was taken.  If a run is still desired, use the '-force' option for the file:'/home/williams/MYFPGA/FSO FPGA/sda_codec_clean/sda_codec_clean/sda_codec_clean.srcs/sources_1/ip/cross_gth_logic_load/cross_gth_logic_load.xci'
create_ip_run [get_files -of_objects [get_fileset sources_1] {{/home/williams/MYFPGA/FSO FPGA/sda_codec_clean/sda_codec_clean/sda_codec_clean.srcs/sources_1/ip/cross_logic_gth/cross_logic_gth.xci}}]
INFO: [Vivado 12-3453] The given sub-design is up-to-date, no action was taken.  If a run is still desired, use the '-force' option for the file:'/home/williams/MYFPGA/FSO FPGA/sda_codec_clean/sda_codec_clean/sda_codec_clean.srcs/sources_1/ip/cross_logic_gth/cross_logic_gth.xci'
create_ip_run [get_files -of_objects [get_fileset sources_1] {{/home/williams/MYFPGA/FSO FPGA/sda_codec_clean/sda_codec_clean/sda_codec_clean.srcs/sources_1/ip/cross_logic_gth_head/cross_logic_gth_head.xci}}]
create_ip_run [get_files -of_objects [get_fileset sources_1] {{/home/williams/MYFPGA/FSO FPGA/sda_codec_clean/sda_codec_clean/sda_codec_clean.srcs/sources_1/ip/cross_logic_gth_load/cross_logic_gth_load.xci}}]
INFO: [Vivado 12-3453] The given sub-design is up-to-date, no action was taken.  If a run is still desired, use the '-force' option for the file:'/home/williams/MYFPGA/FSO FPGA/sda_codec_clean/sda_codec_clean/sda_codec_clean.srcs/sources_1/ip/cross_logic_gth_load/cross_logic_gth_load.xci'
create_ip_run [get_files -of_objects [get_fileset sources_1] {{/home/williams/MYFPGA/FSO FPGA/sda_codec_clean/sda_codec_clean/sda_codec_clean.srcs/sources_1/ip/delay_combiner/delay_combiner.xci}}]
INFO: [Vivado 12-3453] The given sub-design is up-to-date, no action was taken.  If a run is still desired, use the '-force' option for the file:'/home/williams/MYFPGA/FSO FPGA/sda_codec_clean/sda_codec_clean/sda_codec_clean.srcs/sources_1/ip/delay_combiner/delay_combiner.xci'
create_ip_run [get_files -of_objects [get_fileset sources_1] {{/home/williams/MYFPGA/FSO FPGA/sda_codec_clean/sda_codec_clean/sda_codec_clean.srcs/sources_1/ip/serdes_assembler/serdes_assembler.xci}}]
INFO: [Vivado 12-3453] The given sub-design is up-to-date, no action was taken.  If a run is still desired, use the '-force' option for the file:'/home/williams/MYFPGA/FSO FPGA/sda_codec_clean/sda_codec_clean/sda_codec_clean.srcs/sources_1/ip/serdes_assembler/serdes_assembler.xci'
create_ip_run [get_files -of_objects [get_fileset sources_1] {{/home/williams/MYFPGA/FSO FPGA/sda_codec_clean/sda_codec_clean/sda_codec_clean.srcs/sources_1/ip/serdes_framer/serdes_framer.xci}}]
INFO: [Vivado 12-3453] The given sub-design is up-to-date, no action was taken.  If a run is still desired, use the '-force' option for the file:'/home/williams/MYFPGA/FSO FPGA/sda_codec_clean/sda_codec_clean/sda_codec_clean.srcs/sources_1/ip/serdes_framer/serdes_framer.xci'
launch_runs cross_gth_logic_head_synth_1 cross_logic_gth_head_synth_1 -jobs 24
WARNING: [IP_Flow 19-5242] IP Cache entry (cache-ID 0dd7d99d1417ac38) does not have the required number of cached files and is not valid. Please delete this entry using the TCL command: 'config_ip_cache -remove [get_ips cross_gth_logic_head]'
WARNING: [IP_Flow 19-5242] IP Cache entry (cache-ID 0dd7d99d1417ac38) does not have the required number of cached files and is not valid. Please delete this entry using the TCL command: 'config_ip_cache -remove [get_ips cross_logic_gth_head]'
[Mon Aug 24 16:10:52 2026] Launched cross_gth_logic_head_synth_1, cross_logic_gth_head_synth_1...
Run output will be captured here:
cross_gth_logic_head_synth_1: /home/williams/MYFPGA/FSO FPGA/sda_codec_clean/sda_codec_clean/sda_codec_clean.runs/cross_gth_logic_head_synth_1/runme.log
cross_logic_gth_head_synth_1: /home/williams/MYFPGA/FSO FPGA/sda_codec_clean/sda_codec_clean/sda_codec_clean.runs/cross_logic_gth_head_synth_1/runme.log
export_simulation -lib_map_path [list {modelsim=/home/williams/MYFPGA/FSO FPGA/sda_codec_clean/sda_codec_clean/sda_codec_clean.cache/compile_simlib/modelsim} {questa=/home/williams/MYFPGA/FSO FPGA/sda_codec_clean/sda_codec_clean/sda_codec_clean.cache/compile_simlib/questa} {xcelium=/home/williams/MYFPGA/FSO FPGA/sda_codec_clean/sda_codec_clean/sda_codec_clean.cache/compile_simlib/xcelium} {vcs=/home/williams/MYFPGA/FSO FPGA/sda_codec_clean/sda_codec_clean/sda_codec_clean.cache/compile_simlib/vcs} {riviera=/home/williams/MYFPGA/FSO FPGA/sda_codec_clean/sda_codec_clean/sda_codec_clean.cache/compile_simlib/riviera}] -of_objects [get_files {{/home/williams/MYFPGA/FSO FPGA/sda_codec_clean/sda_codec_clean/sda_codec_clean.srcs/sources_1/ip/bram_rs/bram_rs.xci}}] -directory {/home/williams/MYFPGA/FSO FPGA/sda_codec_clean/sda_codec_clean/sda_codec_clean.ip_user_files/sim_scripts} -ip_user_files_dir {/home/williams/MYFPGA/FSO FPGA/sda_codec_clean/sda_codec_clean/sda_codec_clean.ip_user_files} -ipstatic_source_dir {/home/williams/MYFPGA/FSO FPGA/sda_codec_clean/sda_codec_clean/sda_codec_clean.ip_user_files/ipstatic} -use_ip_compiled_libs -force -quiet
export_simulation -lib_map_path [list {modelsim=/home/williams/MYFPGA/FSO FPGA/sda_codec_clean/sda_codec_clean/sda_codec_clean.cache/compile_simlib/modelsim} {questa=/home/williams/MYFPGA/FSO FPGA/sda_codec_clean/sda_codec_clean/sda_codec_clean.cache/compile_simlib/questa} {xcelium=/home/williams/MYFPGA/FSO FPGA/sda_codec_clean/sda_codec_clean/sda_codec_clean.cache/compile_simlib/xcelium} {vcs=/home/williams/MYFPGA/FSO FPGA/sda_codec_clean/sda_codec_clean/sda_codec_clean.cache/compile_simlib/vcs} {riviera=/home/williams/MYFPGA/FSO FPGA/sda_codec_clean/sda_codec_clean/sda_codec_clean.cache/compile_simlib/riviera}] -of_objects [get_files {{/home/williams/MYFPGA/FSO FPGA/sda_codec_clean/sda_codec_clean/sda_codec_clean.srcs/sources_1/ip/clk_wiz_0/clk_wiz_0.xci}}] -directory {/home/williams/MYFPGA/FSO FPGA/sda_codec_clean/sda_codec_clean/sda_codec_clean.ip_user_files/sim_scripts} -ip_user_files_dir {/home/williams/MYFPGA/FSO FPGA/sda_codec_clean/sda_codec_clean/sda_codec_clean.ip_user_files} -ipstatic_source_dir {/home/williams/MYFPGA/FSO FPGA/sda_codec_clean/sda_codec_clean/sda_codec_clean.ip_user_files/ipstatic} -use_ip_compiled_libs -force -quiet
export_simulation -lib_map_path [list {modelsim=/home/williams/MYFPGA/FSO FPGA/sda_codec_clean/sda_codec_clean/sda_codec_clean.cache/compile_simlib/modelsim} {questa=/home/williams/MYFPGA/FSO FPGA/sda_codec_clean/sda_codec_clean/sda_codec_clean.cache/compile_simlib/questa} {xcelium=/home/williams/MYFPGA/FSO FPGA/sda_codec_clean/sda_codec_clean/sda_codec_clean.cache/compile_simlib/xcelium} {vcs=/home/williams/MYFPGA/FSO FPGA/sda_codec_clean/sda_codec_clean/sda_codec_clean.cache/compile_simlib/vcs} {riviera=/home/williams/MYFPGA/FSO FPGA/sda_codec_clean/sda_codec_clean/sda_codec_clean.cache/compile_simlib/riviera}] -of_objects [get_files {{/home/williams/MYFPGA/FSO FPGA/sda_codec_clean/sda_codec_clean/sda_codec_clean.srcs/sources_1/ip/clk_wiz_1/clk_wiz_1.xci}}] -directory {/home/williams/MYFPGA/FSO FPGA/sda_codec_clean/sda_codec_clean/sda_codec_clean.ip_user_files/sim_scripts} -ip_user_files_dir {/home/williams/MYFPGA/FSO FPGA/sda_codec_clean/sda_codec_clean/sda_codec_clean.ip_user_files} -ipstatic_source_dir {/home/williams/MYFPGA/FSO FPGA/sda_codec_clean/sda_codec_clean/sda_codec_clean.ip_user_files/ipstatic} -use_ip_compiled_libs -force -quiet
export_simulation -lib_map_path [list {modelsim=/home/williams/MYFPGA/FSO FPGA/sda_codec_clean/sda_codec_clean/sda_codec_clean.cache/compile_simlib/modelsim} {questa=/home/williams/MYFPGA/FSO FPGA/sda_codec_clean/sda_codec_clean/sda_codec_clean.cache/compile_simlib/questa} {xcelium=/home/williams/MYFPGA/FSO FPGA/sda_codec_clean/sda_codec_clean/sda_codec_clean.cache/compile_simlib/xcelium} {vcs=/home/williams/MYFPGA/FSO FPGA/sda_codec_clean/sda_codec_clean/sda_codec_clean.cache/compile_simlib/vcs} {riviera=/home/williams/MYFPGA/FSO FPGA/sda_codec_clean/sda_codec_clean/sda_codec_clean.cache/compile_simlib/riviera}] -of_objects [get_files {{/home/williams/MYFPGA/FSO FPGA/sda_codec_clean/sda_codec_clean/sda_codec_clean.srcs/sources_1/ip/cross_gth_logic/cross_gth_logic.xci}}] -directory {/home/williams/MYFPGA/FSO FPGA/sda_codec_clean/sda_codec_clean/sda_codec_clean.ip_user_files/sim_scripts} -ip_user_files_dir {/home/williams/MYFPGA/FSO FPGA/sda_codec_clean/sda_codec_clean/sda_codec_clean.ip_user_files} -ipstatic_source_dir {/home/williams/MYFPGA/FSO FPGA/sda_codec_clean/sda_codec_clean/sda_codec_clean.ip_user_files/ipstatic} -use_ip_compiled_libs -force -quiet
export_simulation -lib_map_path [list {modelsim=/home/williams/MYFPGA/FSO FPGA/sda_codec_clean/sda_codec_clean/sda_codec_clean.cache/compile_simlib/modelsim} {questa=/home/williams/MYFPGA/FSO FPGA/sda_codec_clean/sda_codec_clean/sda_codec_clean.cache/compile_simlib/questa} {xcelium=/home/williams/MYFPGA/FSO FPGA/sda_codec_clean/sda_codec_clean/sda_codec_clean.cache/compile_simlib/xcelium} {vcs=/home/williams/MYFPGA/FSO FPGA/sda_codec_clean/sda_codec_clean/sda_codec_clean.cache/compile_simlib/vcs} {riviera=/home/williams/MYFPGA/FSO FPGA/sda_codec_clean/sda_codec_clean/sda_codec_clean.cache/compile_simlib/riviera}] -of_objects [get_files {{/home/williams/MYFPGA/FSO FPGA/sda_codec_clean/sda_codec_clean/sda_codec_clean.srcs/sources_1/ip/cross_gth_logic_head/cross_gth_logic_head.xci}}] -directory {/home/williams/MYFPGA/FSO FPGA/sda_codec_clean/sda_codec_clean/sda_codec_clean.ip_user_files/sim_scripts} -ip_user_files_dir {/home/williams/MYFPGA/FSO FPGA/sda_codec_clean/sda_codec_clean/sda_codec_clean.ip_user_files} -ipstatic_source_dir {/home/williams/MYFPGA/FSO FPGA/sda_codec_clean/sda_codec_clean/sda_codec_clean.ip_user_files/ipstatic} -use_ip_compiled_libs -force -quiet
export_simulation -lib_map_path [list {modelsim=/home/williams/MYFPGA/FSO FPGA/sda_codec_clean/sda_codec_clean/sda_codec_clean.cache/compile_simlib/modelsim} {questa=/home/williams/MYFPGA/FSO FPGA/sda_codec_clean/sda_codec_clean/sda_codec_clean.cache/compile_simlib/questa} {xcelium=/home/williams/MYFPGA/FSO FPGA/sda_codec_clean/sda_codec_clean/sda_codec_clean.cache/compile_simlib/xcelium} {vcs=/home/williams/MYFPGA/FSO FPGA/sda_codec_clean/sda_codec_clean/sda_codec_clean.cache/compile_simlib/vcs} {riviera=/home/williams/MYFPGA/FSO FPGA/sda_codec_clean/sda_codec_clean/sda_codec_clean.cache/compile_simlib/riviera}] -of_objects [get_files {{/home/williams/MYFPGA/FSO FPGA/sda_codec_clean/sda_codec_clean/sda_codec_clean.srcs/sources_1/ip/cross_gth_logic_load/cross_gth_logic_load.xci}}] -directory {/home/williams/MYFPGA/FSO FPGA/sda_codec_clean/sda_codec_clean/sda_codec_clean.ip_user_files/sim_scripts} -ip_user_files_dir {/home/williams/MYFPGA/FSO FPGA/sda_codec_clean/sda_codec_clean/sda_codec_clean.ip_user_files} -ipstatic_source_dir {/home/williams/MYFPGA/FSO FPGA/sda_codec_clean/sda_codec_clean/sda_codec_clean.ip_user_files/ipstatic} -use_ip_compiled_libs -force -quiet
export_simulation -lib_map_path [list {modelsim=/home/williams/MYFPGA/FSO FPGA/sda_codec_clean/sda_codec_clean/sda_codec_clean.cache/compile_simlib/modelsim} {questa=/home/williams/MYFPGA/FSO FPGA/sda_codec_clean/sda_codec_clean/sda_codec_clean.cache/compile_simlib/questa} {xcelium=/home/williams/MYFPGA/FSO FPGA/sda_codec_clean/sda_codec_clean/sda_codec_clean.cache/compile_simlib/xcelium} {vcs=/home/williams/MYFPGA/FSO FPGA/sda_codec_clean/sda_codec_clean/sda_codec_clean.cache/compile_simlib/vcs} {riviera=/home/williams/MYFPGA/FSO FPGA/sda_codec_clean/sda_codec_clean/sda_codec_clean.cache/compile_simlib/riviera}] -of_objects [get_files {{/home/williams/MYFPGA/FSO FPGA/sda_codec_clean/sda_codec_clean/sda_codec_clean.srcs/sources_1/ip/cross_logic_gth/cross_logic_gth.xci}}] -directory {/home/williams/MYFPGA/FSO FPGA/sda_codec_clean/sda_codec_clean/sda_codec_clean.ip_user_files/sim_scripts} -ip_user_files_dir {/home/williams/MYFPGA/FSO FPGA/sda_codec_clean/sda_codec_clean/sda_codec_clean.ip_user_files} -ipstatic_source_dir {/home/williams/MYFPGA/FSO FPGA/sda_codec_clean/sda_codec_clean/sda_codec_clean.ip_user_files/ipstatic} -use_ip_compiled_libs -force -quiet
export_simulation -lib_map_path [list {modelsim=/home/williams/MYFPGA/FSO FPGA/sda_codec_clean/sda_codec_clean/sda_codec_clean.cache/compile_simlib/modelsim} {questa=/home/williams/MYFPGA/FSO FPGA/sda_codec_clean/sda_codec_clean/sda_codec_clean.cache/compile_simlib/questa} {xcelium=/home/williams/MYFPGA/FSO FPGA/sda_codec_clean/sda_codec_clean/sda_codec_clean.cache/compile_simlib/xcelium} {vcs=/home/williams/MYFPGA/FSO FPGA/sda_codec_clean/sda_codec_clean/sda_codec_clean.cache/compile_simlib/vcs} {riviera=/home/williams/MYFPGA/FSO FPGA/sda_codec_clean/sda_codec_clean/sda_codec_clean.cache/compile_simlib/riviera}] -of_objects [get_files {{/home/williams/MYFPGA/FSO FPGA/sda_codec_clean/sda_codec_clean/sda_codec_clean.srcs/sources_1/ip/cross_logic_gth_head/cross_logic_gth_head.xci}}] -directory {/home/williams/MYFPGA/FSO FPGA/sda_codec_clean/sda_codec_clean/sda_codec_clean.ip_user_files/sim_scripts} -ip_user_files_dir {/home/williams/MYFPGA/FSO FPGA/sda_codec_clean/sda_codec_clean/sda_codec_clean.ip_user_files} -ipstatic_source_dir {/home/williams/MYFPGA/FSO FPGA/sda_codec_clean/sda_codec_clean/sda_codec_clean.ip_user_files/ipstatic} -use_ip_compiled_libs -force -quiet
export_simulation -lib_map_path [list {modelsim=/home/williams/MYFPGA/FSO FPGA/sda_codec_clean/sda_codec_clean/sda_codec_clean.cache/compile_simlib/modelsim} {questa=/home/williams/MYFPGA/FSO FPGA/sda_codec_clean/sda_codec_clean/sda_codec_clean.cache/compile_simlib/questa} {xcelium=/home/williams/MYFPGA/FSO FPGA/sda_codec_clean/sda_codec_clean/sda_codec_clean.cache/compile_simlib/xcelium} {vcs=/home/williams/MYFPGA/FSO FPGA/sda_codec_clean/sda_codec_clean/sda_codec_clean.cache/compile_simlib/vcs} {riviera=/home/williams/MYFPGA/FSO FPGA/sda_codec_clean/sda_codec_clean/sda_codec_clean.cache/compile_simlib/riviera}] -of_objects [get_files {{/home/williams/MYFPGA/FSO FPGA/sda_codec_clean/sda_codec_clean/sda_codec_clean.srcs/sources_1/ip/cross_logic_gth_load/cross_logic_gth_load.xci}}] -directory {/home/williams/MYFPGA/FSO FPGA/sda_codec_clean/sda_codec_clean/sda_codec_clean.ip_user_files/sim_scripts} -ip_user_files_dir {/home/williams/MYFPGA/FSO FPGA/sda_codec_clean/sda_codec_clean/sda_codec_clean.ip_user_files} -ipstatic_source_dir {/home/williams/MYFPGA/FSO FPGA/sda_codec_clean/sda_codec_clean/sda_codec_clean.ip_user_files/ipstatic} -use_ip_compiled_libs -force -quiet
export_simulation -lib_map_path [list {modelsim=/home/williams/MYFPGA/FSO FPGA/sda_codec_clean/sda_codec_clean/sda_codec_clean.cache/compile_simlib/modelsim} {questa=/home/williams/MYFPGA/FSO FPGA/sda_codec_clean/sda_codec_clean/sda_codec_clean.cache/compile_simlib/questa} {xcelium=/home/williams/MYFPGA/FSO FPGA/sda_codec_clean/sda_codec_clean/sda_codec_clean.cache/compile_simlib/xcelium} {vcs=/home/williams/MYFPGA/FSO FPGA/sda_codec_clean/sda_codec_clean/sda_codec_clean.cache/compile_simlib/vcs} {riviera=/home/williams/MYFPGA/FSO FPGA/sda_codec_clean/sda_codec_clean/sda_codec_clean.cache/compile_simlib/riviera}] -of_objects [get_files {{/home/williams/MYFPGA/FSO FPGA/sda_codec_clean/sda_codec_clean/sda_codec_clean.srcs/sources_1/ip/delay_combiner/delay_combiner.xci}}] -directory {/home/williams/MYFPGA/FSO FPGA/sda_codec_clean/sda_codec_clean/sda_codec_clean.ip_user_files/sim_scripts} -ip_user_files_dir {/home/williams/MYFPGA/FSO FPGA/sda_codec_clean/sda_codec_clean/sda_codec_clean.ip_user_files} -ipstatic_source_dir {/home/williams/MYFPGA/FSO FPGA/sda_codec_clean/sda_codec_clean/sda_codec_clean.ip_user_files/ipstatic} -use_ip_compiled_libs -force -quiet
export_simulation -lib_map_path [list {modelsim=/home/williams/MYFPGA/FSO FPGA/sda_codec_clean/sda_codec_clean/sda_codec_clean.cache/compile_simlib/modelsim} {questa=/home/williams/MYFPGA/FSO FPGA/sda_codec_clean/sda_codec_clean/sda_codec_clean.cache/compile_simlib/questa} {xcelium=/home/williams/MYFPGA/FSO FPGA/sda_codec_clean/sda_codec_clean/sda_codec_clean.cache/compile_simlib/xcelium} {vcs=/home/williams/MYFPGA/FSO FPGA/sda_codec_clean/sda_codec_clean/sda_codec_clean.cache/compile_simlib/vcs} {riviera=/home/williams/MYFPGA/FSO FPGA/sda_codec_clean/sda_codec_clean/sda_codec_clean.cache/compile_simlib/riviera}] -of_objects [get_files {{/home/williams/MYFPGA/FSO FPGA/sda_codec_clean/sda_codec_clean/sda_codec_clean.srcs/sources_1/ip/serdes_assembler/serdes_assembler.xci}}] -directory {/home/williams/MYFPGA/FSO FPGA/sda_codec_clean/sda_codec_clean/sda_codec_clean.ip_user_files/sim_scripts} -ip_user_files_dir {/home/williams/MYFPGA/FSO FPGA/sda_codec_clean/sda_codec_clean/sda_codec_clean.ip_user_files} -ipstatic_source_dir {/home/williams/MYFPGA/FSO FPGA/sda_codec_clean/sda_codec_clean/sda_codec_clean.ip_user_files/ipstatic} -use_ip_compiled_libs -force -quiet
export_simulation -lib_map_path [list {modelsim=/home/williams/MYFPGA/FSO FPGA/sda_codec_clean/sda_codec_clean/sda_codec_clean.cache/compile_simlib/modelsim} {questa=/home/williams/MYFPGA/FSO FPGA/sda_codec_clean/sda_codec_clean/sda_codec_clean.cache/compile_simlib/questa} {xcelium=/home/williams/MYFPGA/FSO FPGA/sda_codec_clean/sda_codec_clean/sda_codec_clean.cache/compile_simlib/xcelium} {vcs=/home/williams/MYFPGA/FSO FPGA/sda_codec_clean/sda_codec_clean/sda_codec_clean.cache/compile_simlib/vcs} {riviera=/home/williams/MYFPGA/FSO FPGA/sda_codec_clean/sda_codec_clean/sda_codec_clean.cache/compile_simlib/riviera}] -of_objects [get_files {{/home/williams/MYFPGA/FSO FPGA/sda_codec_clean/sda_codec_clean/sda_codec_clean.srcs/sources_1/ip/serdes_framer/serdes_framer.xci}}] -directory {/home/williams/MYFPGA/FSO FPGA/sda_codec_clean/sda_codec_clean/sda_codec_clean.ip_user_files/sim_scripts} -ip_user_files_dir {/home/williams/MYFPGA/FSO FPGA/sda_codec_clean/sda_codec_clean/sda_codec_clean.ip_user_files} -ipstatic_source_dir {/home/williams/MYFPGA/FSO FPGA/sda_codec_clean/sda_codec_clean/sda_codec_clean.ip_user_files/ipstatic} -use_ip_compiled_libs -force -quiet
reset_run synth_1
INFO: [Project 1-1161] Replacing file /home/williams/MYFPGA/FSO FPGA/sda_codec_clean/sda_codec_clean/sda_codec_clean.srcs/utils_1/imports/synth_1/top.dcp with file /home/williams/MYFPGA/FSO FPGA/sda_codec_clean/sda_codec_clean/sda_codec_clean.runs/synth_1/top.dcp
launch_runs impl_1 -to_step write_bitstream -jobs 24
INFO: [Vivado 12-4149] The synthesis checkpoint for IP '/home/williams/MYFPGA/FSO FPGA/sda_codec_clean/sda_codec_clean/sda_codec_clean.srcs/sources_1/ip/serdes_assembler/serdes_assembler.xci' is already up-to-date
INFO: [Vivado 12-4149] The synthesis checkpoint for IP '/home/williams/MYFPGA/FSO FPGA/sda_codec_clean/sda_codec_clean/sda_codec_clean.srcs/sources_1/ip/cross_logic_gth_load/cross_logic_gth_load.xci' is already up-to-date
INFO: [Vivado 12-4149] The synthesis checkpoint for IP '/home/williams/MYFPGA/FSO FPGA/sda_codec_clean/sda_codec_clean/sda_codec_clean.srcs/sources_1/ip/bram_rs/bram_rs.xci' is already up-to-date
INFO: [Vivado 12-4149] The synthesis checkpoint for IP '/home/williams/MYFPGA/FSO FPGA/sda_codec_clean/sda_codec_clean/sda_codec_clean.srcs/sources_1/ip/cross_gth_logic/cross_gth_logic.xci' is already up-to-date
INFO: [Vivado 12-4149] The synthesis checkpoint for IP '/home/williams/MYFPGA/FSO FPGA/sda_codec_clean/sda_codec_clean/sda_codec_clean.srcs/sources_1/ip/cross_logic_gth/cross_logic_gth.xci' is already up-to-date
INFO: [Vivado 12-4149] The synthesis checkpoint for IP '/home/williams/MYFPGA/FSO FPGA/sda_codec_clean/sda_codec_clean/sda_codec_clean.srcs/sources_1/ip/delay_combiner/delay_combiner.xci' is already up-to-date
INFO: [Vivado 12-4149] The synthesis checkpoint for IP '/home/williams/MYFPGA/FSO FPGA/sda_codec_clean/sda_codec_clean/sda_codec_clean.srcs/sources_1/ip/cross_gth_logic_load/cross_gth_logic_load.xci' is already up-to-date
INFO: [Vivado 12-4149] The synthesis checkpoint for IP '/home/williams/MYFPGA/FSO FPGA/sda_codec_clean/sda_codec_clean/sda_codec_clean.srcs/sources_1/ip/serdes_framer/serdes_framer.xci' is already up-to-date
INFO: [Vivado 12-4149] The synthesis checkpoint for IP '/home/williams/MYFPGA/FSO FPGA/sda_codec_clean/sda_codec_clean/sda_codec_clean.srcs/sources_1/ip/clk_wiz_1/clk_wiz_1.xci' is already up-to-date
INFO: [Vivado 12-4149] The synthesis checkpoint for IP '/home/williams/MYFPGA/FSO FPGA/sda_codec_clean/sda_codec_clean/sda_codec_clean.srcs/sources_1/ip/clk_wiz_0/clk_wiz_0.xci' is already up-to-date
[Mon Aug 24 16:16:11 2026] Launched synth_1...
Run output will be captured here: /home/williams/MYFPGA/FSO FPGA/sda_codec_clean/sda_codec_clean/sda_codec_clean.runs/synth_1/runme.log
[Mon Aug 24 16:16:11 2026] Launched impl_1...
Run output will be captured here: /home/williams/MYFPGA/FSO FPGA/sda_codec_clean/sda_codec_clean/sda_codec_clean.runs/impl_1/runme.log
open_run synth_1 -name synth_1
Design is defaulting to impl run constrset: constrs_1
Design is defaulting to synth run part: xcku060-ffva1156-2-i
INFO: [Device 21-403] Loading part xcku060-ffva1156-2-i
INFO: [Project 1-5699] Read binary netlist with skipMacroContent - 1
INFO: [Project 1-454] Reading design checkpoint '/home/williams/MYFPGA/FSO FPGA/sda_codec_clean/sda_codec_clean/sda_codec_clean.gen/sources_1/ip/clk_wiz_0/clk_wiz_0.dcp' for cell 'clk_wiz_0_inst'
INFO: [Project 1-454] Reading design checkpoint '/home/williams/MYFPGA/FSO FPGA/sda_codec_clean/sda_codec_clean/sda_codec_clean.gen/sources_1/ip/clk_wiz_1/clk_wiz_1.dcp' for cell 'clk_wiz_1_inst'
INFO: [Project 1-454] Reading design checkpoint '/home/williams/MYFPGA/FSO FPGA/sda_codec_clean/sda_codec_clean/sda_codec_clean.gen/sources_1/ip/serdes_assembler/serdes_assembler.dcp' for cell 'decoder_top_inst/assembler_top_inst/assembler_inst/serdes_inst'
INFO: [Project 1-454] Reading design checkpoint '/home/williams/MYFPGA/FSO FPGA/sda_codec_clean/sda_codec_clean/sda_codec_clean.gen/sources_1/ip/bram_rs/bram_rs.dcp' for cell 'decoder_top_inst/core_rx_inst/rs_decoder_64_inst/rs_decoder_0/bram_rs_inst'
INFO: [Project 1-454] Reading design checkpoint '/home/williams/MYFPGA/FSO FPGA/sda_codec_clean/sda_codec_clean/sda_codec_clean.gen/sources_1/ip/cross_gth_logic/cross_gth_logic.dcp' for cell 'decoder_top_inst/rx_gth_logic_inst/cross_inst'
INFO: [Project 1-454] Reading design checkpoint '/home/williams/MYFPGA/FSO FPGA/sda_codec_clean/sda_codec_clean/sda_codec_clean.gen/sources_1/ip/cross_logic_gth_head/cross_logic_gth_head.dcp' for cell 'decoder_top_inst/rx_logic_gth_inst/cross_head_inst'
INFO: [Project 1-454] Reading design checkpoint '/home/williams/MYFPGA/FSO FPGA/sda_codec_clean/sda_codec_clean/sda_codec_clean.gen/sources_1/ip/cross_logic_gth_load/cross_logic_gth_load.dcp' for cell 'decoder_top_inst/rx_logic_gth_inst/cross_payload_inst'
INFO: [Project 1-454] Reading design checkpoint '/home/williams/MYFPGA/FSO FPGA/sda_codec_clean/sda_codec_clean/sda_codec_clean.gen/sources_1/ip/delay_combiner/delay_combiner.dcp' for cell 'encoder_top_inst/core_tx_inst/combiner_inst/delay_inst'
INFO: [Project 1-454] Reading design checkpoint '/home/williams/MYFPGA/FSO FPGA/sda_codec_clean/sda_codec_clean/sda_codec_clean.gen/sources_1/ip/serdes_framer/serdes_framer.dcp' for cell 'encoder_top_inst/framer_top_inst/framer_inst/serdes_inst'
INFO: [Project 1-454] Reading design checkpoint '/home/williams/MYFPGA/FSO FPGA/sda_codec_clean/sda_codec_clean/sda_codec_clean.gen/sources_1/ip/cross_gth_logic_head/cross_gth_logic_head.dcp' for cell 'encoder_top_inst/x_gth_logic_inst/cross_head_inst'
INFO: [Project 1-454] Reading design checkpoint '/home/williams/MYFPGA/FSO FPGA/sda_codec_clean/sda_codec_clean/sda_codec_clean.gen/sources_1/ip/cross_gth_logic_load/cross_gth_logic_load.dcp' for cell 'encoder_top_inst/x_gth_logic_inst/cross_load_inst'
INFO: [Project 1-454] Reading design checkpoint '/home/williams/MYFPGA/FSO FPGA/sda_codec_clean/sda_codec_clean/sda_codec_clean.gen/sources_1/ip/cross_logic_gth/cross_logic_gth.dcp' for cell 'encoder_top_inst/x_logic_gth_inst/cross_inst'
Netlist sorting complete. Time (s): cpu = 00:00:00.36 ; elapsed = 00:00:00.36 . Memory (MB): peak = 13407.797 ; gain = 0.000 ; free physical = 37533 ; free virtual = 106956
INFO: [Netlist 29-17] Analyzing 27501 Unisim elements for replacement
INFO: [Netlist 29-28] Unisim Transformation completed in 0 CPU seconds
INFO: [Project 1-479] Netlist was created with Vivado 2025.2
INFO: [Project 1-570] Preparing netlist for logic optimization
WARNING: [Opt 31-32] Removing redundant IBUF since it is not being driven by a top-level port. clk_wiz_0_inst/inst/clkin1_ibuf 
Resolution: The tool has removed redundant IBUF. To resolve this warning, check for redundant IBUF in the input design.
WARNING: [Opt 31-32] Removing redundant IBUF since it is not being driven by a top-level port. clk_wiz_1_inst/inst/clkin1_ibuf 
Resolution: The tool has removed redundant IBUF. To resolve this warning, check for redundant IBUF in the input design.
WARNING: [Constraints 18-550] Could not create 'IBUF_LOW_PWR' constraint because net 'clk_wiz_0_inst/clk_in1' is not directly connected to top level port. 'IBUF_LOW_PWR' is ignored for synthesis but preserved for implementation.
WARNING: [Constraints 18-550] Could not create 'IBUF_LOW_PWR' constraint because net 'clk_wiz_1_inst/clk_in1' is not directly connected to top level port. 'IBUF_LOW_PWR' is ignored for synthesis but preserved for implementation.
Parsing XDC File [/home/williams/MYFPGA/FSO FPGA/sda_codec_clean/sda_codec_clean/sda_codec_clean.gen/sources_1/ip/serdes_assembler/serdes_assembler.xdc] for cell 'decoder_top_inst/assembler_top_inst/assembler_inst/serdes_inst/U0'
Finished Parsing XDC File [/home/williams/MYFPGA/FSO FPGA/sda_codec_clean/sda_codec_clean/sda_codec_clean.gen/sources_1/ip/serdes_assembler/serdes_assembler.xdc] for cell 'decoder_top_inst/assembler_top_inst/assembler_inst/serdes_inst/U0'
Parsing XDC File [/home/williams/MYFPGA/FSO FPGA/sda_codec_clean/sda_codec_clean/sda_codec_clean.gen/sources_1/ip/cross_logic_gth_load/cross_logic_gth_load.xdc] for cell 'decoder_top_inst/rx_logic_gth_inst/cross_payload_inst/U0'
Finished Parsing XDC File [/home/williams/MYFPGA/FSO FPGA/sda_codec_clean/sda_codec_clean/sda_codec_clean.gen/sources_1/ip/cross_logic_gth_load/cross_logic_gth_load.xdc] for cell 'decoder_top_inst/rx_logic_gth_inst/cross_payload_inst/U0'
Parsing XDC File [/home/williams/MYFPGA/FSO FPGA/sda_codec_clean/sda_codec_clean/sda_codec_clean.gen/sources_1/ip/cross_gth_logic/cross_gth_logic.xdc] for cell 'decoder_top_inst/rx_gth_logic_inst/cross_inst/U0'
Finished Parsing XDC File [/home/williams/MYFPGA/FSO FPGA/sda_codec_clean/sda_codec_clean/sda_codec_clean.gen/sources_1/ip/cross_gth_logic/cross_gth_logic.xdc] for cell 'decoder_top_inst/rx_gth_logic_inst/cross_inst/U0'
Parsing XDC File [/home/williams/MYFPGA/FSO FPGA/sda_codec_clean/sda_codec_clean/sda_codec_clean.gen/sources_1/ip/cross_logic_gth/cross_logic_gth.xdc] for cell 'encoder_top_inst/x_logic_gth_inst/cross_inst/U0'
Finished Parsing XDC File [/home/williams/MYFPGA/FSO FPGA/sda_codec_clean/sda_codec_clean/sda_codec_clean.gen/sources_1/ip/cross_logic_gth/cross_logic_gth.xdc] for cell 'encoder_top_inst/x_logic_gth_inst/cross_inst/U0'
Parsing XDC File [/home/williams/MYFPGA/FSO FPGA/sda_codec_clean/sda_codec_clean/sda_codec_clean.gen/sources_1/ip/delay_combiner/delay_combiner.xdc] for cell 'encoder_top_inst/core_tx_inst/combiner_inst/delay_inst/U0'
Finished Parsing XDC File [/home/williams/MYFPGA/FSO FPGA/sda_codec_clean/sda_codec_clean/sda_codec_clean.gen/sources_1/ip/delay_combiner/delay_combiner.xdc] for cell 'encoder_top_inst/core_tx_inst/combiner_inst/delay_inst/U0'
Parsing XDC File [/home/williams/MYFPGA/FSO FPGA/sda_codec_clean/sda_codec_clean/sda_codec_clean.gen/sources_1/ip/cross_gth_logic_load/cross_gth_logic_load.xdc] for cell 'encoder_top_inst/x_gth_logic_inst/cross_load_inst/U0'
Finished Parsing XDC File [/home/williams/MYFPGA/FSO FPGA/sda_codec_clean/sda_codec_clean/sda_codec_clean.gen/sources_1/ip/cross_gth_logic_load/cross_gth_logic_load.xdc] for cell 'encoder_top_inst/x_gth_logic_inst/cross_load_inst/U0'
Parsing XDC File [/home/williams/MYFPGA/FSO FPGA/sda_codec_clean/sda_codec_clean/sda_codec_clean.gen/sources_1/ip/serdes_framer/serdes_framer.xdc] for cell 'encoder_top_inst/framer_top_inst/framer_inst/serdes_inst/U0'
Finished Parsing XDC File [/home/williams/MYFPGA/FSO FPGA/sda_codec_clean/sda_codec_clean/sda_codec_clean.gen/sources_1/ip/serdes_framer/serdes_framer.xdc] for cell 'encoder_top_inst/framer_top_inst/framer_inst/serdes_inst/U0'
Parsing XDC File [/home/williams/MYFPGA/FSO FPGA/sda_codec_clean/sda_codec_clean/sda_codec_clean.gen/sources_1/ip/clk_wiz_1/clk_wiz_1_board.xdc] for cell 'clk_wiz_1_inst/inst'
Finished Parsing XDC File [/home/williams/MYFPGA/FSO FPGA/sda_codec_clean/sda_codec_clean/sda_codec_clean.gen/sources_1/ip/clk_wiz_1/clk_wiz_1_board.xdc] for cell 'clk_wiz_1_inst/inst'
Parsing XDC File [/home/williams/MYFPGA/FSO FPGA/sda_codec_clean/sda_codec_clean/sda_codec_clean.gen/sources_1/ip/clk_wiz_1/clk_wiz_1.xdc] for cell 'clk_wiz_1_inst/inst'
INFO: [Timing 38-35] Done setting XDC timing constraints. [/home/williams/MYFPGA/FSO FPGA/sda_codec_clean/sda_codec_clean/sda_codec_clean.gen/sources_1/ip/clk_wiz_1/clk_wiz_1.xdc:54]
INFO: [Timing 38-2] Deriving generated clocks [/home/williams/MYFPGA/FSO FPGA/sda_codec_clean/sda_codec_clean/sda_codec_clean.gen/sources_1/ip/clk_wiz_1/clk_wiz_1.xdc:54]
Finished Parsing XDC File [/home/williams/MYFPGA/FSO FPGA/sda_codec_clean/sda_codec_clean/sda_codec_clean.gen/sources_1/ip/clk_wiz_1/clk_wiz_1.xdc] for cell 'clk_wiz_1_inst/inst'
Parsing XDC File [/home/williams/MYFPGA/FSO FPGA/sda_codec_clean/sda_codec_clean/sda_codec_clean.gen/sources_1/ip/clk_wiz_0/clk_wiz_0_board.xdc] for cell 'clk_wiz_0_inst/inst'
Finished Parsing XDC File [/home/williams/MYFPGA/FSO FPGA/sda_codec_clean/sda_codec_clean/sda_codec_clean.gen/sources_1/ip/clk_wiz_0/clk_wiz_0_board.xdc] for cell 'clk_wiz_0_inst/inst'
Parsing XDC File [/home/williams/MYFPGA/FSO FPGA/sda_codec_clean/sda_codec_clean/sda_codec_clean.gen/sources_1/ip/clk_wiz_0/clk_wiz_0.xdc] for cell 'clk_wiz_0_inst/inst'
INFO: [Timing 38-2] Deriving generated clocks [/home/williams/MYFPGA/FSO FPGA/sda_codec_clean/sda_codec_clean/sda_codec_clean.gen/sources_1/ip/clk_wiz_0/clk_wiz_0.xdc:54]
Finished Parsing XDC File [/home/williams/MYFPGA/FSO FPGA/sda_codec_clean/sda_codec_clean/sda_codec_clean.gen/sources_1/ip/clk_wiz_0/clk_wiz_0.xdc] for cell 'clk_wiz_0_inst/inst'
Parsing XDC File [/home/williams/MYFPGA/FSO FPGA/sda_codec_clean/sda_codec_clean/sda_codec_clean.gen/sources_1/ip/cross_gth_logic_head/cross_gth_logic_head.xdc] for cell 'encoder_top_inst/x_gth_logic_inst/cross_head_inst/U0'
Finished Parsing XDC File [/home/williams/MYFPGA/FSO FPGA/sda_codec_clean/sda_codec_clean/sda_codec_clean.gen/sources_1/ip/cross_gth_logic_head/cross_gth_logic_head.xdc] for cell 'encoder_top_inst/x_gth_logic_inst/cross_head_inst/U0'
Parsing XDC File [/home/williams/MYFPGA/FSO FPGA/sda_codec_clean/sda_codec_clean/sda_codec_clean.gen/sources_1/ip/cross_logic_gth_head/cross_logic_gth_head.xdc] for cell 'decoder_top_inst/rx_logic_gth_inst/cross_head_inst/U0'
Finished Parsing XDC File [/home/williams/MYFPGA/FSO FPGA/sda_codec_clean/sda_codec_clean/sda_codec_clean.gen/sources_1/ip/cross_logic_gth_head/cross_logic_gth_head.xdc] for cell 'decoder_top_inst/rx_logic_gth_inst/cross_head_inst/U0'
Parsing XDC File [/home/williams/MYFPGA/FSO FPGA/sda_codec_clean/sda_codec_clean/sda_codec_clean.srcs/constrs_1/imports/File xdc/sda_top.xdc]
Finished Parsing XDC File [/home/williams/MYFPGA/FSO FPGA/sda_codec_clean/sda_codec_clean/sda_codec_clean.srcs/constrs_1/imports/File xdc/sda_top.xdc]
Parsing XDC File [/home/williams/MYFPGA/FSO FPGA/sda_codec_clean/sda_codec_clean/sda_codec_clean.gen/sources_1/ip/cross_logic_gth_load/cross_logic_gth_load_clocks.xdc] for cell 'decoder_top_inst/rx_logic_gth_inst/cross_payload_inst/U0'
Finished Parsing XDC File [/home/williams/MYFPGA/FSO FPGA/sda_codec_clean/sda_codec_clean/sda_codec_clean.gen/sources_1/ip/cross_logic_gth_load/cross_logic_gth_load_clocks.xdc] for cell 'decoder_top_inst/rx_logic_gth_inst/cross_payload_inst/U0'
Parsing XDC File [/home/williams/MYFPGA/FSO FPGA/sda_codec_clean/sda_codec_clean/sda_codec_clean.gen/sources_1/ip/cross_gth_logic/cross_gth_logic_clocks.xdc] for cell 'decoder_top_inst/rx_gth_logic_inst/cross_inst/U0'
Finished Parsing XDC File [/home/williams/MYFPGA/FSO FPGA/sda_codec_clean/sda_codec_clean/sda_codec_clean.gen/sources_1/ip/cross_gth_logic/cross_gth_logic_clocks.xdc] for cell 'decoder_top_inst/rx_gth_logic_inst/cross_inst/U0'
Parsing XDC File [/home/williams/MYFPGA/FSO FPGA/sda_codec_clean/sda_codec_clean/sda_codec_clean.gen/sources_1/ip/cross_logic_gth/cross_logic_gth_clocks.xdc] for cell 'encoder_top_inst/x_logic_gth_inst/cross_inst/U0'
Finished Parsing XDC File [/home/williams/MYFPGA/FSO FPGA/sda_codec_clean/sda_codec_clean/sda_codec_clean.gen/sources_1/ip/cross_logic_gth/cross_logic_gth_clocks.xdc] for cell 'encoder_top_inst/x_logic_gth_inst/cross_inst/U0'
Parsing XDC File [/home/williams/MYFPGA/FSO FPGA/sda_codec_clean/sda_codec_clean/sda_codec_clean.gen/sources_1/ip/cross_gth_logic_load/cross_gth_logic_load_clocks.xdc] for cell 'encoder_top_inst/x_gth_logic_inst/cross_load_inst/U0'
Finished Parsing XDC File [/home/williams/MYFPGA/FSO FPGA/sda_codec_clean/sda_codec_clean/sda_codec_clean.gen/sources_1/ip/cross_gth_logic_load/cross_gth_logic_load_clocks.xdc] for cell 'encoder_top_inst/x_gth_logic_inst/cross_load_inst/U0'
Parsing XDC File [/home/williams/MYFPGA/FSO FPGA/sda_codec_clean/sda_codec_clean/sda_codec_clean.gen/sources_1/ip/cross_gth_logic_head/cross_gth_logic_head_clocks.xdc] for cell 'encoder_top_inst/x_gth_logic_inst/cross_head_inst/U0'
Finished Parsing XDC File [/home/williams/MYFPGA/FSO FPGA/sda_codec_clean/sda_codec_clean/sda_codec_clean.gen/sources_1/ip/cross_gth_logic_head/cross_gth_logic_head_clocks.xdc] for cell 'encoder_top_inst/x_gth_logic_inst/cross_head_inst/U0'
Parsing XDC File [/home/williams/MYFPGA/FSO FPGA/sda_codec_clean/sda_codec_clean/sda_codec_clean.gen/sources_1/ip/cross_logic_gth_head/cross_logic_gth_head_clocks.xdc] for cell 'decoder_top_inst/rx_logic_gth_inst/cross_head_inst/U0'
Finished Parsing XDC File [/home/williams/MYFPGA/FSO FPGA/sda_codec_clean/sda_codec_clean/sda_codec_clean.gen/sources_1/ip/cross_logic_gth_head/cross_logic_gth_head_clocks.xdc] for cell 'decoder_top_inst/rx_logic_gth_inst/cross_head_inst/U0'
INFO: [Opt 31-138] Pushed 0 inverter(s) to 0 load pin(s).
INFO: [Opt 31-422] The CLOCK_DOMAINS attribute on the BRAM cell decoder_top_inst/core_rx_inst/rs_decoder_64_inst/rs_decoder_0/bram_rs_inst/U0/inst_blk_mem_gen/gnbram.gnativebmg.native_blk_mem_gen/valid.cstr/ramloop[0].ram.r/prim_noinit.ram/DEVICE_8SERIES.NO_BMM_INFO.SDP.WIDE_PRIM18.ram has been changed from INDEPENDENT to COMMON to match the clocking topology used for the BRAM.
INFO: [Opt 31-422] The CLOCK_DOMAINS attribute on the BRAM cell decoder_top_inst/core_rx_inst/rs_decoder_64_inst/rs_decoder_1/bram_rs_inst/U0/inst_blk_mem_gen/gnbram.gnativebmg.native_blk_mem_gen/valid.cstr/ramloop[0].ram.r/prim_noinit.ram/DEVICE_8SERIES.NO_BMM_INFO.SDP.WIDE_PRIM18.ram has been changed from INDEPENDENT to COMMON to match the clocking topology used for the BRAM.
INFO: [Opt 31-422] The CLOCK_DOMAINS attribute on the BRAM cell decoder_top_inst/core_rx_inst/rs_decoder_64_inst/rs_decoder_2/bram_rs_inst/U0/inst_blk_mem_gen/gnbram.gnativebmg.native_blk_mem_gen/valid.cstr/ramloop[0].ram.r/prim_noinit.ram/DEVICE_8SERIES.NO_BMM_INFO.SDP.WIDE_PRIM18.ram has been changed from INDEPENDENT to COMMON to match the clocking topology used for the BRAM.
INFO: [Opt 31-422] The CLOCK_DOMAINS attribute on the BRAM cell decoder_top_inst/core_rx_inst/rs_decoder_64_inst/rs_decoder_3/bram_rs_inst/U0/inst_blk_mem_gen/gnbram.gnativebmg.native_blk_mem_gen/valid.cstr/ramloop[0].ram.r/prim_noinit.ram/DEVICE_8SERIES.NO_BMM_INFO.SDP.WIDE_PRIM18.ram has been changed from INDEPENDENT to COMMON to match the clocking topology used for the BRAM.
INFO: [Opt 31-422] The CLOCK_DOMAINS attribute on the BRAM cell decoder_top_inst/core_rx_inst/rs_decoder_64_inst/rs_decoder_4/bram_rs_inst/U0/inst_blk_mem_gen/gnbram.gnativebmg.native_blk_mem_gen/valid.cstr/ramloop[0].ram.r/prim_noinit.ram/DEVICE_8SERIES.NO_BMM_INFO.SDP.WIDE_PRIM18.ram has been changed from INDEPENDENT to COMMON to match the clocking topology used for the BRAM.
INFO: [Opt 31-422] The CLOCK_DOMAINS attribute on the BRAM cell decoder_top_inst/core_rx_inst/rs_decoder_64_inst/rs_decoder_5/bram_rs_inst/U0/inst_blk_mem_gen/gnbram.gnativebmg.native_blk_mem_gen/valid.cstr/ramloop[0].ram.r/prim_noinit.ram/DEVICE_8SERIES.NO_BMM_INFO.SDP.WIDE_PRIM18.ram has been changed from INDEPENDENT to COMMON to match the clocking topology used for the BRAM.
INFO: [Opt 31-422] The CLOCK_DOMAINS attribute on the BRAM cell decoder_top_inst/core_rx_inst/rs_decoder_64_inst/rs_decoder_6/bram_rs_inst/U0/inst_blk_mem_gen/gnbram.gnativebmg.native_blk_mem_gen/valid.cstr/ramloop[0].ram.r/prim_noinit.ram/DEVICE_8SERIES.NO_BMM_INFO.SDP.WIDE_PRIM18.ram has been changed from INDEPENDENT to COMMON to match the clocking topology used for the BRAM.
INFO: [Opt 31-422] The CLOCK_DOMAINS attribute on the BRAM cell decoder_top_inst/core_rx_inst/rs_decoder_64_inst/rs_decoder_7/bram_rs_inst/U0/inst_blk_mem_gen/gnbram.gnativebmg.native_blk_mem_gen/valid.cstr/ramloop[0].ram.r/prim_noinit.ram/DEVICE_8SERIES.NO_BMM_INFO.SDP.WIDE_PRIM18.ram has been changed from INDEPENDENT to COMMON to match the clocking topology used for the BRAM.
INFO: [Opt 31-422] The CLOCK_DOMAINS attribute on the BRAM cell decoder_top_inst/core_rx_inst/rs_decoder_inst/bram_rs_inst/U0/inst_blk_mem_gen/gnbram.gnativebmg.native_blk_mem_gen/valid.cstr/ramloop[0].ram.r/prim_noinit.ram/DEVICE_8SERIES.NO_BMM_INFO.SDP.WIDE_PRIM18.ram has been changed from INDEPENDENT to COMMON to match the clocking topology used for the BRAM.
Netlist sorting complete. Time (s): cpu = 00:00:00.01 ; elapsed = 00:00:00.01 . Memory (MB): peak = 13407.797 ; gain = 0.000 ; free physical = 36912 ; free virtual = 106322
INFO: [Project 1-111] Unisim Transformation Summary:
  A total of 1 instances were transformed.
  IBUFGDS => IBUFDS (DIFFINBUF, IBUFCTRL): 1 instance 

report_power -name {power_1}
Command: report_power -name power_1
INFO: [Timing 38-35] Done setting XDC timing constraints.
Running Vector-less Activity Propagation...

Finished Running Vector-less Activity Propagation
1 Infos, 0 Warnings, 0 Critical Warnings and 0 Errors encountered.
report_power completed successfully
report_utilization -hierarchical_min_primitive_count 50 -name utilization_1
WARNING: [IP_Flow 19-4067] Ignoring invalid widget type specified checkbox.Providing a default widget
WARNING: [IP_Flow 19-4067] Ignoring invalid widget type specified checkbox.Providing a default widget
WARNING: [filemgmt 56-199] Attempt to get parsing info during refresh. "On-the-fly" syntax checking information may be incorrect. [/home/williams/MYFPGA/FSO FPGA/sda_codec_clean/sda_codec_clean/sda_codec_clean.srcs/sources_1/imports/Source core file/top.v:]
WARNING: [filemgmt 56-199] Attempt to get parsing info during refresh. "On-the-fly" syntax checking information may be incorrect. [/home/williams/MYFPGA/FSO FPGA/sda_codec_clean/sda_codec_clean/sda_codec_clean.srcs/sources_1/imports/Source core file/encoder/framer_top.v:]
WARNING: [filemgmt 56-199] Attempt to get parsing info during refresh. "On-the-fly" syntax checking information may be incorrect. [/home/williams/MYFPGA/FSO FPGA/sda_codec_clean/sda_codec_clean/sda_codec_clean.srcs/sources_1/imports/Source core file/encoder/crc_32.v:]
WARNING: [filemgmt 56-199] Attempt to get parsing info during refresh. "On-the-fly" syntax checking information may be incorrect. [/home/williams/MYFPGA/FSO FPGA/sda_codec_clean/sda_codec_clean/sda_codec_clean.srcs/sources_1/imports/Source core file/encoder/framer.v:]
WARNING: [filemgmt 56-199] Attempt to get parsing info during refresh. "On-the-fly" syntax checking information may be incorrect. [/home/williams/MYFPGA/FSO FPGA/sda_codec_clean/sda_codec_clean/sda_codec_clean.srcs/sources_1/imports/Source core file/encoder/crc_16.v:]
WARNING: [filemgmt 56-199] Attempt to get parsing info during refresh. "On-the-fly" syntax checking information may be incorrect. [/home/williams/MYFPGA/FSO FPGA/sda_codec_clean/sda_codec_clean/sda_codec_clean.srcs/sources_1/imports/Source core file/rs_codec/rs_decoder.v:]
WARNING: [filemgmt 56-199] Attempt to get parsing info during refresh. "On-the-fly" syntax checking information may be incorrect. [/home/williams/MYFPGA/FSO FPGA/sda_codec_clean/sda_codec_clean/sda_codec_clean.srcs/sources_1/imports/Source core file/rs_codec/rs_decoder.v:]
WARNING: [filemgmt 56-199] Attempt to get parsing info during refresh. "On-the-fly" syntax checking information may be incorrect. [/home/williams/MYFPGA/FSO FPGA/sda_codec_clean/sda_codec_clean/sda_codec_clean.srcs/sources_1/imports/Source core file/rs_codec/rs_decoder.v:]
WARNING: [filemgmt 56-199] Attempt to get parsing info during refresh. "On-the-fly" syntax checking information may be incorrect. [/home/williams/MYFPGA/FSO FPGA/sda_codec_clean/sda_codec_clean/sda_codec_clean.srcs/sources_1/imports/Source core file/top.v:]
WARNING: [filemgmt 56-199] Attempt to get parsing info during refresh. "On-the-fly" syntax checking information may be incorrect. [/home/williams/MYFPGA/FSO FPGA/sda_codec_clean/sda_codec_clean/sda_codec_clean.srcs/sources_1/imports/Source core file/encoder/framer_top.v:]
WARNING: [filemgmt 56-199] Attempt to get parsing info during refresh. "On-the-fly" syntax checking information may be incorrect. [/home/williams/MYFPGA/FSO FPGA/sda_codec_clean/sda_codec_clean/sda_codec_clean.srcs/sources_1/imports/Source core file/encoder/crc_32.v:]
WARNING: [filemgmt 56-199] Attempt to get parsing info during refresh. "On-the-fly" syntax checking information may be incorrect. [/home/williams/MYFPGA/FSO FPGA/sda_codec_clean/sda_codec_clean/sda_codec_clean.srcs/sources_1/imports/Source core file/encoder/framer.v:]
WARNING: [filemgmt 56-199] Attempt to get parsing info during refresh. "On-the-fly" syntax checking information may be incorrect. [/home/williams/MYFPGA/FSO FPGA/sda_codec_clean/sda_codec_clean/sda_codec_clean.srcs/sources_1/imports/Source core file/encoder/crc_16.v:]
WARNING: [filemgmt 56-199] Attempt to get parsing info during refresh. "On-the-fly" syntax checking information may be incorrect. [/home/williams/MYFPGA/FSO FPGA/sda_codec_clean/sda_codec_clean/sda_codec_clean.srcs/sources_1/imports/Source core file/rs_codec/rs_decoder.v:]
WARNING: [filemgmt 56-199] Attempt to get parsing info during refresh. "On-the-fly" syntax checking information may be incorrect. [/home/williams/MYFPGA/FSO FPGA/sda_codec_clean/sda_codec_clean/sda_codec_clean.srcs/sources_1/imports/Source core file/encoder/framer_top.v:]
WARNING: [filemgmt 56-199] Attempt to get parsing info during refresh. "On-the-fly" syntax checking information may be incorrect. [/home/williams/MYFPGA/FSO FPGA/sda_codec_clean/sda_codec_clean/sda_codec_clean.srcs/sources_1/imports/Source core file/encoder/framer_top.v:]
WARNING: [filemgmt 56-199] Attempt to get parsing info during refresh. "On-the-fly" syntax checking information may be incorrect. [/home/williams/MYFPGA/FSO FPGA/sda_codec_clean/sda_codec_clean/sda_codec_clean.srcs/sources_1/imports/Source core file/top.v:]
WARNING: [filemgmt 56-199] Attempt to get parsing info during refresh. "On-the-fly" syntax checking information may be incorrect. [/home/williams/MYFPGA/FSO FPGA/sda_codec_clean/sda_codec_clean/sda_codec_clean.srcs/sources_1/imports/Source core file/encoder/framer_top.v:]
WARNING: [filemgmt 56-199] Attempt to get parsing info during refresh. "On-the-fly" syntax checking information may be incorrect. [/home/williams/MYFPGA/FSO FPGA/sda_codec_clean/sda_codec_clean/sda_codec_clean.srcs/sources_1/imports/Source core file/encoder/crc_32.v:]
WARNING: [filemgmt 56-199] Attempt to get parsing info during refresh. "On-the-fly" syntax checking information may be incorrect. [/home/williams/MYFPGA/FSO FPGA/sda_codec_clean/sda_codec_clean/sda_codec_clean.srcs/sources_1/imports/Source core file/encoder/framer.v:]
WARNING: [filemgmt 56-199] Attempt to get parsing info during refresh. "On-the-fly" syntax checking information may be incorrect. [/home/williams/MYFPGA/FSO FPGA/sda_codec_clean/sda_codec_clean/sda_codec_clean.srcs/sources_1/imports/Source core file/encoder/crc_16.v:]
WARNING: [filemgmt 56-199] Attempt to get parsing info during refresh. "On-the-fly" syntax checking information may be incorrect. [/home/williams/MYFPGA/FSO FPGA/sda_codec_clean/sda_codec_clean/sda_codec_clean.srcs/sources_1/imports/Source core file/rs_codec/rs_decoder.v:]
WARNING: [filemgmt 56-199] Attempt to get parsing info during refresh. "On-the-fly" syntax checking information may be incorrect. [/home/williams/MYFPGA/FSO FPGA/sda_codec_clean/sda_codec_clean/sda_codec_clean.srcs/sources_1/imports/Source core file/encoder/framer.v:]
WARNING: [filemgmt 56-199] Attempt to get parsing info during refresh. "On-the-fly" syntax checking information may be incorrect. [/home/williams/MYFPGA/FSO FPGA/sda_codec_clean/sda_codec_clean/sda_codec_clean.srcs/sources_1/imports/Source core file/encoder/framer.v:]
WARNING: [filemgmt 56-199] Attempt to get parsing info during refresh. "On-the-fly" syntax checking information may be incorrect. [/home/williams/MYFPGA/FSO FPGA/sda_codec_clean/sda_codec_clean/sda_codec_clean.srcs/sources_1/imports/Source core file/encoder/framer.v:]
WARNING: [filemgmt 56-199] Attempt to get parsing info during refresh. "On-the-fly" syntax checking information may be incorrect. [/home/williams/MYFPGA/FSO FPGA/sda_codec_clean/sda_codec_clean/sda_codec_clean.srcs/sources_1/imports/Source core file/encoder/crc_16.v:]
WARNING: [filemgmt 56-199] Attempt to get parsing info during refresh. "On-the-fly" syntax checking information may be incorrect. [/home/williams/MYFPGA/FSO FPGA/sda_codec_clean/sda_codec_clean/sda_codec_clean.srcs/sources_1/imports/Source core file/rs_codec/rs_decoder.v:]
WARNING: [filemgmt 56-199] Attempt to get parsing info during refresh. "On-the-fly" syntax checking information may be incorrect. [/home/williams/MYFPGA/FSO FPGA/sda_codec_clean/sda_codec_clean/sda_codec_clean.srcs/sources_1/imports/Source core file/top.v:]
WARNING: [filemgmt 56-199] Attempt to get parsing info during refresh. "On-the-fly" syntax checking information may be incorrect. [/home/williams/MYFPGA/FSO FPGA/sda_codec_clean/sda_codec_clean/sda_codec_clean.srcs/sources_1/imports/Source core file/top.v:]
WARNING: [filemgmt 56-199] Attempt to get parsing info during refresh. "On-the-fly" syntax checking information may be incorrect. [/home/williams/MYFPGA/FSO FPGA/sda_codec_clean/sda_codec_clean/sda_codec_clean.srcs/sources_1/imports/Source core file/top.v:]
WARNING: [filemgmt 56-199] Attempt to get parsing info during refresh. "On-the-fly" syntax checking information may be incorrect. [/home/williams/MYFPGA/FSO FPGA/sda_codec_clean/sda_codec_clean/sda_codec_clean.srcs/sources_1/imports/Source core file/encoder/framer_top.v:]
WARNING: [filemgmt 56-199] Attempt to get parsing info during refresh. "On-the-fly" syntax checking information may be incorrect. [/home/williams/MYFPGA/FSO FPGA/sda_codec_clean/sda_codec_clean/sda_codec_clean.srcs/sources_1/imports/Source core file/encoder/crc_32.v:]
WARNING: [filemgmt 56-199] Attempt to get parsing info during refresh. "On-the-fly" syntax checking information may be incorrect. [/home/williams/MYFPGA/FSO FPGA/sda_codec_clean/sda_codec_clean/sda_codec_clean.srcs/sources_1/imports/Source core file/encoder/framer.v:]
WARNING: [filemgmt 56-199] Attempt to get parsing info during refresh. "On-the-fly" syntax checking information may be incorrect. [/home/williams/MYFPGA/FSO FPGA/sda_codec_clean/sda_codec_clean/sda_codec_clean.srcs/sources_1/imports/Source core file/encoder/crc_16.v:]
WARNING: [filemgmt 56-199] Attempt to get parsing info during refresh. "On-the-fly" syntax checking information may be incorrect. [/home/williams/MYFPGA/FSO FPGA/sda_codec_clean/sda_codec_clean/sda_codec_clean.srcs/sources_1/imports/Source core file/rs_codec/rs_decoder.v:]
WARNING: [filemgmt 56-199] Attempt to get parsing info during refresh. "On-the-fly" syntax checking information may be incorrect. [/home/williams/MYFPGA/FSO FPGA/sda_codec_clean/sda_codec_clean/sda_codec_clean.srcs/sources_1/imports/Source core file/encoder/crc_32.v:]
WARNING: [filemgmt 56-199] Attempt to get parsing info during refresh. "On-the-fly" syntax checking information may be incorrect. [/home/williams/MYFPGA/FSO FPGA/sda_codec_clean/sda_codec_clean/sda_codec_clean.srcs/sources_1/imports/Source core file/encoder/crc_32.v:]
