#-----------------------------------------------------------
# Vivado v2022.2 (64-bit)
# SW Build 3671981 on Fri Oct 14 04:59:54 MDT 2022
# IP Build 3669848 on Fri Oct 14 08:30:02 MDT 2022
# Start of session at: Wed Aug 19 11:18:46 2026
# Process ID: 268872
# Current directory: /home/williams/MYFPGA/FPGA Final/sda_codec_clean
# Command line: vivado
# Log file: /home/williams/MYFPGA/FPGA Final/sda_codec_clean/vivado.log
# Journal file: /home/williams/MYFPGA/FPGA Final/sda_codec_clean/vivado.jou
# Running On: Williams, OS: Linux, CPU Frequency: 5300.000 MHz, CPU Physical cores: 16, Host memory: 67183 MB
#-----------------------------------------------------------
start_gui
WARNING: [Board 49-26] cannot add Board Part xilinx.com:vek280_es:part0:1.0 available at /tools/Xilinx/Vivado/2022.2/data/xhub/boards/XilinxBoardStore/boards/Xilinx/vek280/es/1.0/board.xml as part xcve2802-vsvh1760-2lp-e-s-es1 specified in board_part file is either invalid or not available
WARNING: [Board 49-26] cannot add Board Part xilinx.com:vhk158_es:part0:1.0 available at /tools/Xilinx/Vivado/2022.2/data/xhub/boards/XilinxBoardStore/boards/Xilinx/vhk158/es/1.0/board.xml as part xcvh1582-vsva3697-2mp-e-s-es1 specified in board_part file is either invalid or not available
WARNING: [Board 49-26] cannot add Board Part xilinx.com:vpk120_es:part0:1.2 available at /tools/Xilinx/Vivado/2022.2/data/xhub/boards/XilinxBoardStore/boards/Xilinx/vpk120/es/1.2/board.xml as part xcvp1202-vsva2785-2mp-e-s-es1 specified in board_part file is either invalid or not available
WARNING: [Board 49-26] cannot add Board Part xilinx.com:vpk120_es_revb:part0:1.0 available at /tools/Xilinx/Vivado/2022.2/data/xhub/boards/XilinxBoardStore/boards/Xilinx/vpk120_revb/es/1.0/board.xml as part xcvp1202-vsva2785-2mp-e-s-es1 specified in board_part file is either invalid or not available
WARNING: [Board 49-26] cannot add Board Part xilinx.com:vpk180_es:part0:1.0 available at /tools/Xilinx/Vivado/2022.2/data/xhub/boards/XilinxBoardStore/boards/Xilinx/vpk180/es/1.0/board.xml as part xcvp1802-lsvc4072-2mp-e-s-es1 specified in board_part file is either invalid or not available
WARNING: [Board 49-26] cannot add Board Part xilinx.com:zcu208ld:part0:2.0 available at /tools/Xilinx/Vivado/2022.2/data/xhub/boards/XilinxBoardStore/boards/Xilinx/zcu208ld/production/2.0/board.xml as part xczu58dr-fsvg1517-2-i specified in board_part file is either invalid or not available
WARNING: [Board 49-26] cannot add Board Part xilinx.com:zcu216ld:part0:2.0 available at /tools/Xilinx/Vivado/2022.2/data/xhub/boards/XilinxBoardStore/boards/Xilinx/zcu216ld/production/2.0/board.xml as part xczu59dr-ffvf1760-2-i specified in board_part file is either invalid or not available
WARNING: [Board 49-26] cannot add Board Part xilinx.com:zcu670:part0:2.0 available at /tools/Xilinx/Vivado/2022.2/data/xhub/boards/XilinxBoardStore/boards/Xilinx/zcu670/2.0/board.xml as part xczu67dr-fsve1156-2-i specified in board_part file is either invalid or not available
WARNING: [Board 49-26] cannot add Board Part xilinx.com:zcu670ld:part0:1.0 available at /tools/Xilinx/Vivado/2022.2/data/xhub/boards/XilinxBoardStore/boards/Xilinx/zcu670ld/1.0/board.xml as part xczu57dr-fsve1156-2-i specified in board_part file is either invalid or not available
open_project {/home/williams/MYFPGA/FPGA Final/sda_codec_clean/sda_codec_clean/sda_codec_clean.xpr}
CRITICAL WARNING: [Project 1-505] Unrecognized Option Name UseInlineHdlIP
ERROR: [Project 1-208] No val for DA Elab Attr
ERROR: [Project 1-208] No val for DA Elab Attr
ERROR: [Project 1-208] No val for DA Elab Attr
ERROR: [Project 1-208] No val for DA Elab Attr
ERROR: [Project 1-208] No val for DA Elab Attr
ERROR: [Project 1-208] No val for DA Elab Attr
ERROR: [Project 1-208] No val for DA Elab Attr
ERROR: [Project 1-208] No val for DA Elab Attr
ERROR: [Project 1-208] No val for DA Elab Attr
ERROR: [Project 1-208] No val for DA Elab Attr
ERROR: [Project 1-208] No val for DA Elab Attr
ERROR: [Project 1-208] No val for DA Elab Attr
Scanning sources...
Finished scanning sources
INFO: [IP_Flow 19-234] Refreshing IP repositories
INFO: [IP_Flow 19-1704] No user IP repositories specified
INFO: [IP_Flow 19-2313] Loaded Vivado IP repository '/tools/Xilinx/Vivado/2022.2/data/ip'.
WARNING: [IP_Flow 19-2162] IP 'clk_wiz_0' is locked:
* Project containing IP 'clk_wiz_0' is read-only.
WARNING: [IP_Flow 19-2162] IP 'clk_wiz_1' is locked:
* Project containing IP 'clk_wiz_1' is read-only.
WARNING: [IP_Flow 19-2162] IP 'cross_gth_logic' is locked:
* Project containing IP 'cross_gth_logic' is read-only.
WARNING: [IP_Flow 19-2162] IP 'cross_gth_logic_head' is locked:
* Project containing IP 'cross_gth_logic_head' is read-only.
WARNING: [IP_Flow 19-2162] IP 'cross_gth_logic_load' is locked:
* Project containing IP 'cross_gth_logic_load' is read-only.
WARNING: [IP_Flow 19-2162] IP 'cross_logic_gth' is locked:
* Project containing IP 'cross_logic_gth' is read-only.
WARNING: [IP_Flow 19-2162] IP 'cross_logic_gth_head' is locked:
* Project containing IP 'cross_logic_gth_head' is read-only.
WARNING: [IP_Flow 19-2162] IP 'cross_logic_gth_load' is locked:
* Project containing IP 'cross_logic_gth_load' is read-only.
WARNING: [IP_Flow 19-2162] IP 'delay_combiner' is locked:
* Project containing IP 'delay_combiner' is read-only.
WARNING: [IP_Flow 19-2162] IP 'delay_rs' is locked:
* Project containing IP 'delay_rs' is read-only.
WARNING: [IP_Flow 19-2162] IP 'serdes_assembler' is locked:
* Project containing IP 'serdes_assembler' is read-only.
WARNING: [IP_Flow 19-2162] IP 'serdes_framer' is locked:
* Project containing IP 'serdes_framer' is read-only.
WARNING: [Project 1-231] Project 'sda_codec_clean.xpr' was created with a future version and may or may not perform reliably with this version of Vivado. It has been opened in read-only mode for the protection of unrecognized data. Use 'File | Save Project As...' if you wish to alter a copy of the project.
ERROR: [Common 17-39] 'open_project' failed due to earlier errors.
update_compile_order -fileset sources_1
reset_target all [get_files  {{/home/williams/MYFPGA/FPGA Final/sda_codec_clean/sda_codec_clean/sda_codec_clean.srcs/sources_1/ip/delay_combiner/delay_combiner.xci}}]
ERROR: [Project 1-228] Project 'sda_codec_clean' is read-only. To save your work, please use the 'File | Save Project As...' command first.
exit
INFO: [Common 17-206] Exiting Vivado at Wed Aug 19 11:19:51 2026...
