INFO: [VRFC 10-2263] Analyzing Verilog file "/home/williams/MYFPGA/FPGA Final/rs_codec_clean/rs_codec_clean/rs_codec_clean.sim/sim_1/impl/timing/xsim/top_time_impl.v" into library xil_defaultlib
INFO: [VRFC 10-311] analyzing module IBUFDS_UNIQ_BASE_
INFO: [VRFC 10-311] analyzing module RAM32M16_UNIQ_BASE_
INFO: [VRFC 10-311] analyzing module RAM32M16_HD185
INFO: [VRFC 10-311] analyzing module RAM32X1D_UNIQ_BASE_
INFO: [VRFC 10-311] analyzing module RAM32X1D_HD184
INFO: [VRFC 10-311] analyzing module RAM32X1D_HD186
INFO: [VRFC 10-311] analyzing module RAM32X1D_HD187
INFO: [VRFC 10-311] analyzing module dbg_hub
INFO: [VRFC 10-311] analyzing module dbg_hub_clk_x_pntrs
INFO: [VRFC 10-311] analyzing module dbg_hub_clk_x_pntrs_7
INFO: [VRFC 10-311] analyzing module dbg_hub_dmem
INFO: [VRFC 10-311] analyzing module dbg_hub_dmem_13
INFO: [VRFC 10-311] analyzing module dbg_hub_fifo_generator_ramfifo
INFO: [VRFC 10-311] analyzing module dbg_hub_fifo_generator_ramfifo__parameterized0
INFO: [VRFC 10-311] analyzing module dbg_hub_fifo_generator_top
INFO: [VRFC 10-311] analyzing module dbg_hub_fifo_generator_top__parameterized0
INFO: [VRFC 10-311] analyzing module dbg_hub_fifo_generator_v13_1_4
INFO: [VRFC 10-311] analyzing module dbg_hub_fifo_generator_v13_1_4__parameterized0
INFO: [VRFC 10-311] analyzing module dbg_hub_fifo_generator_v13_1_4_synth
INFO: [VRFC 10-311] analyzing module dbg_hub_fifo_generator_v13_1_4_synth__parameterized0
INFO: [VRFC 10-311] analyzing module dbg_hub_ltlib_v1_0_0_bscan
INFO: [VRFC 10-311] analyzing module dbg_hub_ltlib_v1_0_0_generic_mux
INFO: [VRFC 10-311] analyzing module dbg_hub_memory
INFO: [VRFC 10-311] analyzing module dbg_hub_memory__parameterized0
INFO: [VRFC 10-311] analyzing module dbg_hub_rd_bin_cntr
INFO: [VRFC 10-311] analyzing module dbg_hub_rd_bin_cntr_18
INFO: [VRFC 10-311] analyzing module dbg_hub_rd_fwft
INFO: [VRFC 10-311] analyzing module dbg_hub_rd_handshaking_flags
INFO: [VRFC 10-311] analyzing module dbg_hub_rd_handshaking_flags__parameterized0
INFO: [VRFC 10-311] analyzing module dbg_hub_rd_logic
INFO: [VRFC 10-311] analyzing module dbg_hub_rd_logic__parameterized0
INFO: [VRFC 10-311] analyzing module dbg_hub_rd_status_flags_as
INFO: [VRFC 10-311] analyzing module dbg_hub_rd_status_flags_as_17
INFO: [VRFC 10-311] analyzing module dbg_hub_reset_blk_ramfifo
INFO: [VRFC 10-311] analyzing module dbg_hub_reset_blk_ramfifo_8
INFO: [VRFC 10-311] analyzing module dbg_hub_synchronizer_ff
INFO: [VRFC 10-311] analyzing module dbg_hub_synchronizer_ff_1
INFO: [VRFC 10-311] analyzing module dbg_hub_synchronizer_ff_10
INFO: [VRFC 10-311] analyzing module dbg_hub_synchronizer_ff_11
INFO: [VRFC 10-311] analyzing module dbg_hub_synchronizer_ff_12
INFO: [VRFC 10-311] analyzing module dbg_hub_synchronizer_ff_2
INFO: [VRFC 10-311] analyzing module dbg_hub_synchronizer_ff_3
INFO: [VRFC 10-311] analyzing module dbg_hub_synchronizer_ff_9
INFO: [VRFC 10-311] analyzing module dbg_hub_synchronizer_ff__parameterized0
INFO: [VRFC 10-311] analyzing module dbg_hub_synchronizer_ff__parameterized0_19
INFO: [VRFC 10-311] analyzing module dbg_hub_synchronizer_ff__parameterized0_20
INFO: [VRFC 10-311] analyzing module dbg_hub_synchronizer_ff__parameterized0_21
INFO: [VRFC 10-311] analyzing module dbg_hub_synchronizer_ff__parameterized0_22
INFO: [VRFC 10-311] analyzing module dbg_hub_synchronizer_ff__parameterized0_4
INFO: [VRFC 10-311] analyzing module dbg_hub_synchronizer_ff__parameterized0_5
INFO: [VRFC 10-311] analyzing module dbg_hub_synchronizer_ff__parameterized0_6
INFO: [VRFC 10-311] analyzing module dbg_hub_wr_bin_cntr
INFO: [VRFC 10-311] analyzing module dbg_hub_wr_bin_cntr_16
INFO: [VRFC 10-311] analyzing module dbg_hub_wr_handshaking_flags
INFO: [VRFC 10-311] analyzing module dbg_hub_wr_handshaking_flags_15
INFO: [VRFC 10-311] analyzing module dbg_hub_wr_logic
INFO: [VRFC 10-311] analyzing module dbg_hub_wr_logic__parameterized0
INFO: [VRFC 10-311] analyzing module dbg_hub_wr_status_flags_as
INFO: [VRFC 10-311] analyzing module dbg_hub_wr_status_flags_as_14
INFO: [VRFC 10-311] analyzing module dbg_hub_xsdbm_v3_0_0_addr_ctl
INFO: [VRFC 10-311] analyzing module dbg_hub_xsdbm_v3_0_0_bscan_switch
INFO: [VRFC 10-311] analyzing module dbg_hub_xsdbm_v3_0_0_burst_wdlen_ctl
INFO: [VRFC 10-311] analyzing module dbg_hub_xsdbm_v3_0_0_bus_ctl
INFO: [VRFC 10-311] analyzing module dbg_hub_xsdbm_v3_0_0_bus_ctl_cnt
INFO: [VRFC 10-311] analyzing module dbg_hub_xsdbm_v3_0_0_bus_ctl_flg
INFO: [VRFC 10-311] analyzing module dbg_hub_xsdbm_v3_0_0_bus_ctl_flg__parameterized0
INFO: [VRFC 10-311] analyzing module dbg_hub_xsdbm_v3_0_0_bus_mstr2sl_if
INFO: [VRFC 10-311] analyzing module dbg_hub_xsdbm_v3_0_0_cmd_decode
INFO: [VRFC 10-311] analyzing module dbg_hub_xsdbm_v3_0_0_ctl_reg
INFO: [VRFC 10-311] analyzing module dbg_hub_xsdbm_v3_0_0_ctl_reg__parameterized0
INFO: [VRFC 10-311] analyzing module dbg_hub_xsdbm_v3_0_0_ctl_reg__parameterized1
INFO: [VRFC 10-311] analyzing module dbg_hub_xsdbm_v3_0_0_ctl_reg__parameterized2
INFO: [VRFC 10-311] analyzing module dbg_hub_xsdbm_v3_0_0_icon
INFO: [VRFC 10-311] analyzing module dbg_hub_xsdbm_v3_0_0_icon2xsdb
INFO: [VRFC 10-311] analyzing module dbg_hub_xsdbm_v3_0_0_if
INFO: [VRFC 10-311] analyzing module dbg_hub_xsdbm_v3_0_0_if_static_status
INFO: [VRFC 10-311] analyzing module dbg_hub_xsdbm_v3_0_0_rdfifo
INFO: [VRFC 10-311] analyzing module dbg_hub_xsdbm_v3_0_0_rdreg
INFO: [VRFC 10-311] analyzing module dbg_hub_xsdbm_v3_0_0_stat
INFO: [VRFC 10-311] analyzing module dbg_hub_xsdbm_v3_0_0_stat_reg
INFO: [VRFC 10-311] analyzing module dbg_hub_xsdbm_v3_0_0_stat_reg__parameterized0
INFO: [VRFC 10-311] analyzing module dbg_hub_xsdbm_v3_0_0_stat_reg__parameterized0_0
INFO: [VRFC 10-311] analyzing module dbg_hub_xsdbm_v3_0_0_sync
INFO: [VRFC 10-311] analyzing module dbg_hub_xsdbm_v3_0_0_wrfifo
INFO: [VRFC 10-311] analyzing module dbg_hub_xsdbm_v3_0_0_wrreg
INFO: [VRFC 10-311] analyzing module dbg_hub_xsdbm_v3_0_0_xsdbm
INFO: [VRFC 10-311] analyzing module dbg_hub_xsdbm_v3_0_0_xsdbm_id
INFO: [VRFC 10-311] analyzing module u_ila_0
INFO: [VRFC 10-311] analyzing module u_ila_0_ila_v6_2_12_ila
INFO: [VRFC 10-311] analyzing module autorun
INFO: [VRFC 10-311] analyzing module bram_rs
INFO: [VRFC 10-311] analyzing module chien_search
INFO: [VRFC 10-311] analyzing module clk_wiz_0
INFO: [VRFC 10-311] analyzing module clk_wiz_0_clk_wiz
INFO: [VRFC 10-311] analyzing module error_inject
INFO: [VRFC 10-311] analyzing module euclid_proc
INFO: [VRFC 10-311] analyzing module forney_math
INFO: [VRFC 10-311] analyzing module inverter
INFO: [VRFC 10-311] analyzing module inverter_0
INFO: [VRFC 10-311] analyzing module rs_decoder
INFO: [VRFC 10-311] analyzing module rs_encoder
INFO: [VRFC 10-311] analyzing module stream_input
INFO: [VRFC 10-311] analyzing module syndrome_unit
INFO: [VRFC 10-311] analyzing module top
INFO: [VRFC 10-311] analyzing module CFGLUT5_UNIQ_BASE_
INFO: [VRFC 10-311] analyzing module CFGLUT5_HD188
INFO: [VRFC 10-311] analyzing module CFGLUT5_HD189
INFO: [VRFC 10-311] analyzing module CFGLUT5_HD190
INFO: [VRFC 10-311] analyzing module CFGLUT5_HD191
INFO: [VRFC 10-311] analyzing module CFGLUT5_HD192
INFO: [VRFC 10-311] analyzing module CFGLUT5_HD193
INFO: [VRFC 10-311] analyzing module CFGLUT5_HD194
INFO: [VRFC 10-311] analyzing module CFGLUT5_HD195
INFO: [VRFC 10-311] analyzing module CFGLUT5_HD196
INFO: [VRFC 10-311] analyzing module CFGLUT5_HD197
INFO: [VRFC 10-311] analyzing module CFGLUT5_HD198
INFO: [VRFC 10-311] analyzing module CFGLUT5_HD199
INFO: [VRFC 10-311] analyzing module CFGLUT5_HD200
INFO: [VRFC 10-311] analyzing module CFGLUT5_HD201
INFO: [VRFC 10-311] analyzing module CFGLUT5_HD202
INFO: [VRFC 10-311] analyzing module CFGLUT5_HD203
INFO: [VRFC 10-311] analyzing module CFGLUT5_HD204
INFO: [VRFC 10-311] analyzing module CFGLUT5_HD205
INFO: [VRFC 10-311] analyzing module CFGLUT5_HD206
INFO: [VRFC 10-311] analyzing module CFGLUT5_HD207
INFO: [VRFC 10-311] analyzing module CFGLUT5_HD208
INFO: [VRFC 10-311] analyzing module CFGLUT5_HD209
INFO: [VRFC 10-311] analyzing module CFGLUT5_HD210
INFO: [VRFC 10-311] analyzing module CFGLUT5_HD211
INFO: [VRFC 10-311] analyzing module CFGLUT5_HD212
INFO: [VRFC 10-311] analyzing module CFGLUT5_HD213
INFO: [VRFC 10-311] analyzing module CFGLUT5_HD214
INFO: [VRFC 10-311] analyzing module CFGLUT5_HD215
INFO: [VRFC 10-311] analyzing module CFGLUT5_HD216
INFO: [VRFC 10-311] analyzing module CFGLUT5_HD217
INFO: [VRFC 10-311] analyzing module CFGLUT5_HD218
INFO: [VRFC 10-311] analyzing module CFGLUT5_HD219
INFO: [VRFC 10-311] analyzing module CFGLUT5_HD220
INFO: [VRFC 10-311] analyzing module CFGLUT5_HD221
INFO: [VRFC 10-311] analyzing module CFGLUT5_HD222
INFO: [VRFC 10-311] analyzing module CFGLUT5_HD223
INFO: [VRFC 10-311] analyzing module CFGLUT5_HD224
INFO: [VRFC 10-311] analyzing module CFGLUT5_HD225
INFO: [VRFC 10-311] analyzing module CFGLUT5_HD226
INFO: [VRFC 10-311] analyzing module CFGLUT5_HD227
INFO: [VRFC 10-311] analyzing module CFGLUT5_HD228
INFO: [VRFC 10-311] analyzing module CFGLUT5_HD229
INFO: [VRFC 10-311] analyzing module CFGLUT5_HD230
INFO: [VRFC 10-311] analyzing module CFGLUT5_HD231
INFO: [VRFC 10-311] analyzing module CFGLUT5_HD232
INFO: [VRFC 10-311] analyzing module CFGLUT5_HD233
INFO: [VRFC 10-311] analyzing module CFGLUT5_HD234
INFO: [VRFC 10-311] analyzing module CFGLUT5_HD235
INFO: [VRFC 10-311] analyzing module CFGLUT5_HD236
INFO: [VRFC 10-311] analyzing module CFGLUT5_HD237
INFO: [VRFC 10-311] analyzing module CFGLUT5_HD238
INFO: [VRFC 10-311] analyzing module CFGLUT5_HD239
INFO: [VRFC 10-311] analyzing module CFGLUT5_HD240
INFO: [VRFC 10-311] analyzing module CFGLUT5_HD241
INFO: [VRFC 10-311] analyzing module CFGLUT5_HD242
INFO: [VRFC 10-311] analyzing module CFGLUT5_HD243
INFO: [VRFC 10-311] analyzing module CFGLUT5_HD244
INFO: [VRFC 10-311] analyzing module CFGLUT5_HD245
INFO: [VRFC 10-311] analyzing module CFGLUT5_HD246
INFO: [VRFC 10-311] analyzing module CFGLUT5_HD247
INFO: [VRFC 10-311] analyzing module CFGLUT5_HD248
INFO: [VRFC 10-311] analyzing module CFGLUT5_HD249
INFO: [VRFC 10-311] analyzing module CFGLUT5_HD250
INFO: [VRFC 10-311] analyzing module CFGLUT5_HD251
INFO: [VRFC 10-311] analyzing module CFGLUT5_HD252
INFO: [VRFC 10-311] analyzing module CFGLUT5_HD253
INFO: [VRFC 10-311] analyzing module CFGLUT5_HD254
INFO: [VRFC 10-311] analyzing module u_ila_0_blk_mem_gen_v8_4_5
INFO: [VRFC 10-311] analyzing module u_ila_0_blk_mem_gen_v8_4_5_blk_mem_gen_generic_cstr
INFO: [VRFC 10-311] analyzing module u_ila_0_blk_mem_gen_v8_4_5_blk_mem_gen_prim_width
INFO: [VRFC 10-311] analyzing module u_ila_0_blk_mem_gen_v8_4_5_blk_mem_gen_prim_width__parameterized0
INFO: [VRFC 10-311] analyzing module u_ila_0_blk_mem_gen_v8_4_5_blk_mem_gen_prim_wrapper
INFO: [VRFC 10-311] analyzing module u_ila_0_blk_mem_gen_v8_4_5_blk_mem_gen_prim_wrapper__parameterized0
INFO: [VRFC 10-311] analyzing module u_ila_0_blk_mem_gen_v8_4_5_blk_mem_gen_top
INFO: [VRFC 10-311] analyzing module u_ila_0_blk_mem_gen_v8_4_5_synth
INFO: [VRFC 10-311] analyzing module u_ila_0_ila_v6_2_12_ila_cap_addrgen
INFO: [VRFC 10-311] analyzing module u_ila_0_ila_v6_2_12_ila_cap_ctrl_legacy
INFO: [VRFC 10-311] analyzing module u_ila_0_ila_v6_2_12_ila_cap_sample_counter
INFO: [VRFC 10-311] analyzing module u_ila_0_ila_v6_2_12_ila_cap_window_counter
INFO: [VRFC 10-311] analyzing module u_ila_0_ila_v6_2_12_ila_core
INFO: [VRFC 10-311] analyzing module u_ila_0_ila_v6_2_12_ila_register
INFO: [VRFC 10-311] analyzing module u_ila_0_ila_v6_2_12_ila_reset_ctrl
INFO: [VRFC 10-311] analyzing module u_ila_0_ila_v6_2_12_ila_trace_memory
INFO: [VRFC 10-311] analyzing module u_ila_0_ila_v6_2_12_ila_trig_match
INFO: [VRFC 10-311] analyzing module u_ila_0_ila_v6_2_12_ila_trigger
INFO: [VRFC 10-311] analyzing module u_ila_0_ltlib_v1_0_0_all_typeA
INFO: [VRFC 10-311] analyzing module u_ila_0_ltlib_v1_0_0_all_typeA__parameterized0
INFO: [VRFC 10-311] analyzing module u_ila_0_ltlib_v1_0_0_all_typeA__parameterized0_1
INFO: [VRFC 10-311] analyzing module u_ila_0_ltlib_v1_0_0_all_typeA__parameterized0_10
INFO: [VRFC 10-311] analyzing module u_ila_0_ltlib_v1_0_0_all_typeA__parameterized0_12
INFO: [VRFC 10-311] analyzing module u_ila_0_ltlib_v1_0_0_all_typeA__parameterized0_15
INFO: [VRFC 10-311] analyzing module u_ila_0_ltlib_v1_0_0_all_typeA__parameterized0_18
INFO: [VRFC 10-311] analyzing module u_ila_0_ltlib_v1_0_0_all_typeA__parameterized0_21
INFO: [VRFC 10-311] analyzing module u_ila_0_ltlib_v1_0_0_all_typeA__parameterized0_4
INFO: [VRFC 10-311] analyzing module u_ila_0_ltlib_v1_0_0_all_typeA__parameterized0_7
INFO: [VRFC 10-311] analyzing module u_ila_0_ltlib_v1_0_0_all_typeA__parameterized1
INFO: [VRFC 10-311] analyzing module u_ila_0_ltlib_v1_0_0_all_typeA__parameterized1_42
INFO: [VRFC 10-311] analyzing module u_ila_0_ltlib_v1_0_0_all_typeA__parameterized1_46
INFO: [VRFC 10-311] analyzing module u_ila_0_ltlib_v1_0_0_all_typeA_slice
INFO: [VRFC 10-311] analyzing module u_ila_0_ltlib_v1_0_0_all_typeA_slice__parameterized0
INFO: [VRFC 10-311] analyzing module u_ila_0_ltlib_v1_0_0_all_typeA_slice__parameterized0_11
INFO: [VRFC 10-311] analyzing module u_ila_0_ltlib_v1_0_0_all_typeA_slice__parameterized0_13
INFO: [VRFC 10-311] analyzing module u_ila_0_ltlib_v1_0_0_all_typeA_slice__parameterized0_16
INFO: [VRFC 10-311] analyzing module u_ila_0_ltlib_v1_0_0_all_typeA_slice__parameterized0_19
INFO: [VRFC 10-311] analyzing module u_ila_0_ltlib_v1_0_0_all_typeA_slice__parameterized0_2
INFO: [VRFC 10-311] analyzing module u_ila_0_ltlib_v1_0_0_all_typeA_slice__parameterized0_22
INFO: [VRFC 10-311] analyzing module u_ila_0_ltlib_v1_0_0_all_typeA_slice__parameterized0_23
INFO: [VRFC 10-311] analyzing module u_ila_0_ltlib_v1_0_0_all_typeA_slice__parameterized0_5
INFO: [VRFC 10-311] analyzing module u_ila_0_ltlib_v1_0_0_all_typeA_slice__parameterized0_8
INFO: [VRFC 10-311] analyzing module u_ila_0_ltlib_v1_0_0_all_typeA_slice__parameterized1
INFO: [VRFC 10-311] analyzing module u_ila_0_ltlib_v1_0_0_all_typeA_slice__parameterized1_43
INFO: [VRFC 10-311] analyzing module u_ila_0_ltlib_v1_0_0_all_typeA_slice__parameterized1_47
INFO: [VRFC 10-311] analyzing module u_ila_0_ltlib_v1_0_0_all_typeA_slice__parameterized2
INFO: [VRFC 10-311] analyzing module u_ila_0_ltlib_v1_0_0_all_typeA_slice__parameterized2_44
INFO: [VRFC 10-311] analyzing module u_ila_0_ltlib_v1_0_0_all_typeA_slice__parameterized2_48
INFO: [VRFC 10-311] analyzing module u_ila_0_ltlib_v1_0_0_allx_typeA
INFO: [VRFC 10-311] analyzing module u_ila_0_ltlib_v1_0_0_allx_typeA__parameterized0
INFO: [VRFC 10-311] analyzing module u_ila_0_ltlib_v1_0_0_allx_typeA__parameterized0_14
INFO: [VRFC 10-311] analyzing module u_ila_0_ltlib_v1_0_0_allx_typeA__parameterized0_17
INFO: [VRFC 10-311] analyzing module u_ila_0_ltlib_v1_0_0_allx_typeA__parameterized0_20
INFO: [VRFC 10-311] analyzing module u_ila_0_ltlib_v1_0_0_allx_typeA__parameterized1
INFO: [VRFC 10-311] analyzing module u_ila_0_ltlib_v1_0_0_allx_typeA__parameterized1_0
INFO: [VRFC 10-311] analyzing module u_ila_0_ltlib_v1_0_0_allx_typeA__parameterized1_3
INFO: [VRFC 10-311] analyzing module u_ila_0_ltlib_v1_0_0_allx_typeA__parameterized1_6
INFO: [VRFC 10-311] analyzing module u_ila_0_ltlib_v1_0_0_allx_typeA__parameterized1_9
INFO: [VRFC 10-311] analyzing module u_ila_0_ltlib_v1_0_0_allx_typeA_nodelay
INFO: [VRFC 10-311] analyzing module u_ila_0_ltlib_v1_0_0_allx_typeA_nodelay_41
INFO: [VRFC 10-311] analyzing module u_ila_0_ltlib_v1_0_0_allx_typeA_nodelay_45
INFO: [VRFC 10-311] analyzing module u_ila_0_ltlib_v1_0_0_async_edge_xfer
INFO: [VRFC 10-311] analyzing module u_ila_0_ltlib_v1_0_0_async_edge_xfer__1
INFO: [VRFC 10-311] analyzing module u_ila_0_ltlib_v1_0_0_async_edge_xfer__2
INFO: [VRFC 10-311] analyzing module u_ila_0_ltlib_v1_0_0_async_edge_xfer__3
INFO: [VRFC 10-311] analyzing module u_ila_0_ltlib_v1_0_0_cfglut4
INFO: [VRFC 10-311] analyzing module u_ila_0_ltlib_v1_0_0_cfglut4__1
INFO: [VRFC 10-311] analyzing module u_ila_0_ltlib_v1_0_0_cfglut5
INFO: [VRFC 10-311] analyzing module u_ila_0_ltlib_v1_0_0_cfglut5__1
INFO: [VRFC 10-311] analyzing module u_ila_0_ltlib_v1_0_0_cfglut5__2
INFO: [VRFC 10-311] analyzing module u_ila_0_ltlib_v1_0_0_cfglut6
INFO: [VRFC 10-311] analyzing module u_ila_0_ltlib_v1_0_0_cfglut6__1
INFO: [VRFC 10-311] analyzing module u_ila_0_ltlib_v1_0_0_cfglut6__parameterized0
INFO: [VRFC 10-311] analyzing module u_ila_0_ltlib_v1_0_0_cfglut7
INFO: [VRFC 10-311] analyzing module u_ila_0_ltlib_v1_0_0_cfglut7__1
INFO: [VRFC 10-311] analyzing module u_ila_0_ltlib_v1_0_0_generic_memrd
INFO: [VRFC 10-311] analyzing module u_ila_0_ltlib_v1_0_0_match
INFO: [VRFC 10-311] analyzing module u_ila_0_ltlib_v1_0_0_match__parameterized0
INFO: [VRFC 10-311] analyzing module u_ila_0_ltlib_v1_0_0_match__parameterized0__1
INFO: [VRFC 10-311] analyzing module u_ila_0_ltlib_v1_0_0_match__parameterized0__2
INFO: [VRFC 10-311] analyzing module u_ila_0_ltlib_v1_0_0_match__parameterized0__3
INFO: [VRFC 10-311] analyzing module u_ila_0_ltlib_v1_0_0_match__parameterized1
INFO: [VRFC 10-311] analyzing module u_ila_0_ltlib_v1_0_0_match__parameterized1__1
INFO: [VRFC 10-311] analyzing module u_ila_0_ltlib_v1_0_0_match__parameterized1__2
INFO: [VRFC 10-311] analyzing module u_ila_0_ltlib_v1_0_0_match__parameterized1__3
INFO: [VRFC 10-311] analyzing module u_ila_0_ltlib_v1_0_0_match__parameterized1__4
INFO: [VRFC 10-311] analyzing module u_ila_0_ltlib_v1_0_0_match_nodelay
INFO: [VRFC 10-311] analyzing module u_ila_0_ltlib_v1_0_0_match_nodelay__1
INFO: [VRFC 10-311] analyzing module u_ila_0_ltlib_v1_0_0_match_nodelay__2
INFO: [VRFC 10-311] analyzing module u_ila_0_ltlib_v1_0_0_rising_edge_detection
INFO: [VRFC 10-311] analyzing module u_ila_0_ltlib_v1_0_0_rising_edge_detection__1
INFO: [VRFC 10-311] analyzing module u_ila_0_xsdbs_v1_0_2_reg__parameterized27
INFO: [VRFC 10-311] analyzing module u_ila_0_xsdbs_v1_0_2_reg__parameterized28
INFO: [VRFC 10-311] analyzing module u_ila_0_xsdbs_v1_0_2_reg__parameterized29
INFO: [VRFC 10-311] analyzing module u_ila_0_xsdbs_v1_0_2_reg__parameterized30
INFO: [VRFC 10-311] analyzing module u_ila_0_xsdbs_v1_0_2_reg__parameterized42
INFO: [VRFC 10-311] analyzing module u_ila_0_xsdbs_v1_0_2_reg__parameterized43
INFO: [VRFC 10-311] analyzing module u_ila_0_xsdbs_v1_0_2_reg__parameterized44
INFO: [VRFC 10-311] analyzing module u_ila_0_xsdbs_v1_0_2_reg__parameterized45
INFO: [VRFC 10-311] analyzing module u_ila_0_xsdbs_v1_0_2_reg__parameterized46
INFO: [VRFC 10-311] analyzing module u_ila_0_xsdbs_v1_0_2_reg__parameterized47
INFO: [VRFC 10-311] analyzing module u_ila_0_xsdbs_v1_0_2_reg__parameterized48
INFO: [VRFC 10-311] analyzing module u_ila_0_xsdbs_v1_0_2_reg__parameterized49
INFO: [VRFC 10-311] analyzing module u_ila_0_xsdbs_v1_0_2_reg__parameterized50
INFO: [VRFC 10-311] analyzing module u_ila_0_xsdbs_v1_0_2_reg__parameterized51
INFO: [VRFC 10-311] analyzing module u_ila_0_xsdbs_v1_0_2_reg__parameterized52
INFO: [VRFC 10-311] analyzing module u_ila_0_xsdbs_v1_0_2_reg__parameterized53
INFO: [VRFC 10-311] analyzing module u_ila_0_xsdbs_v1_0_2_reg__parameterized55
INFO: [VRFC 10-311] analyzing module u_ila_0_xsdbs_v1_0_2_reg__parameterized57
INFO: [VRFC 10-311] analyzing module u_ila_0_xsdbs_v1_0_2_reg__parameterized60
INFO: [VRFC 10-311] analyzing module u_ila_0_xsdbs_v1_0_2_reg_ctl
INFO: [VRFC 10-311] analyzing module u_ila_0_xsdbs_v1_0_2_reg_ctl_27
INFO: [VRFC 10-311] analyzing module u_ila_0_xsdbs_v1_0_2_reg_ctl_28
INFO: [VRFC 10-311] analyzing module u_ila_0_xsdbs_v1_0_2_reg_ctl_29
INFO: [VRFC 10-311] analyzing module u_ila_0_xsdbs_v1_0_2_reg_ctl_30
INFO: [VRFC 10-311] analyzing module u_ila_0_xsdbs_v1_0_2_reg_ctl_33
INFO: [VRFC 10-311] analyzing module u_ila_0_xsdbs_v1_0_2_reg_ctl_34
INFO: [VRFC 10-311] analyzing module u_ila_0_xsdbs_v1_0_2_reg_ctl_35
INFO: [VRFC 10-311] analyzing module u_ila_0_xsdbs_v1_0_2_reg_ctl_36
INFO: [VRFC 10-311] analyzing module u_ila_0_xsdbs_v1_0_2_reg_ctl_37
INFO: [VRFC 10-311] analyzing module u_ila_0_xsdbs_v1_0_2_reg_ctl_40
INFO: [VRFC 10-311] analyzing module u_ila_0_xsdbs_v1_0_2_reg_ctl__parameterized0
INFO: [VRFC 10-311] analyzing module u_ila_0_xsdbs_v1_0_2_reg_ctl__parameterized1
INFO: [VRFC 10-311] analyzing module u_ila_0_xsdbs_v1_0_2_reg_ctl__parameterized1_31
INFO: [VRFC 10-311] analyzing module u_ila_0_xsdbs_v1_0_2_reg_ctl__parameterized1_32
INFO: [VRFC 10-311] analyzing module u_ila_0_xsdbs_v1_0_2_reg_p2s
INFO: [VRFC 10-311] analyzing module u_ila_0_xsdbs_v1_0_2_reg_p2s__parameterized0
INFO: [VRFC 10-311] analyzing module u_ila_0_xsdbs_v1_0_2_reg_p2s__parameterized1
INFO: [VRFC 10-311] analyzing module u_ila_0_xsdbs_v1_0_2_reg_p2s__parameterized2
INFO: [VRFC 10-311] analyzing module u_ila_0_xsdbs_v1_0_2_reg_p2s__parameterized3
INFO: [VRFC 10-311] analyzing module u_ila_0_xsdbs_v1_0_2_reg_p2s__parameterized4
INFO: [VRFC 10-311] analyzing module u_ila_0_xsdbs_v1_0_2_reg_p2s__parameterized5
INFO: [VRFC 10-311] analyzing module u_ila_0_xsdbs_v1_0_2_reg_p2s__parameterized6
INFO: [VRFC 10-311] analyzing module u_ila_0_xsdbs_v1_0_2_reg_p2s__parameterized7
INFO: [VRFC 10-311] analyzing module u_ila_0_xsdbs_v1_0_2_reg_p2s__parameterized8
INFO: [VRFC 10-311] analyzing module u_ila_0_xsdbs_v1_0_2_reg_p2s__parameterized9
INFO: [VRFC 10-311] analyzing module u_ila_0_xsdbs_v1_0_2_reg_stat
INFO: [VRFC 10-311] analyzing module u_ila_0_xsdbs_v1_0_2_reg_stat_24
INFO: [VRFC 10-311] analyzing module u_ila_0_xsdbs_v1_0_2_reg_stat_25
INFO: [VRFC 10-311] analyzing module u_ila_0_xsdbs_v1_0_2_reg_stat_26
INFO: [VRFC 10-311] analyzing module u_ila_0_xsdbs_v1_0_2_reg_stat_38
INFO: [VRFC 10-311] analyzing module u_ila_0_xsdbs_v1_0_2_reg_stat_39
INFO: [VRFC 10-311] analyzing module u_ila_0_xsdbs_v1_0_2_reg_stream
INFO: [VRFC 10-311] analyzing module u_ila_0_xsdbs_v1_0_2_reg_stream__parameterized0
INFO: [VRFC 10-311] analyzing module u_ila_0_xsdbs_v1_0_2_xsdbs
INFO: [VRFC 10-311] analyzing module bram_rs_blk_mem_gen_generic_cstr
INFO: [VRFC 10-311] analyzing module bram_rs_blk_mem_gen_prim_width
INFO: [VRFC 10-311] analyzing module bram_rs_blk_mem_gen_prim_wrapper
INFO: [VRFC 10-311] analyzing module bram_rs_blk_mem_gen_top
INFO: [VRFC 10-311] analyzing module bram_rs_blk_mem_gen_v8_4_5
INFO: [VRFC 10-311] analyzing module bram_rs_blk_mem_gen_v8_4_5_synth
INFO: [VRFC 10-311] analyzing module glbl
