Copyright 1986-2022 Xilinx, Inc. All Rights Reserved. Copyright 2022-2025 Advanced Micro Devices, Inc. All Rights Reserved.
---------------------------------------------------------------------------------------------------------------------------------------------
| Tool Version : Vivado v.2025.2 (lin64) Build 6299465 Fri Nov 14 12:34:56 MST 2025
| Date         : Mon Aug 24 16:38:04 2026
| Host         : Williams running 64-bit Ubuntu 22.04.5 LTS
| Command      : report_utilization -file top_utilization_synth.rpt -pb top_utilization_synth.pb
| Design       : top
| Device       : xcku060-ffva1156-2-i
| Speed File   : -2
| Design State : Synthesized
---------------------------------------------------------------------------------------------------------------------------------------------

Utilization Design Information

Table of Contents
-----------------
1. CLB Logic
1.1 Summary of Registers by Type
2. BLOCKRAM
3. ARITHMETIC
4. I/O
5. CLOCK
6. ADVANCED
7. CONFIGURATION
8. Primitives
9. Black Boxes
10. Instantiated Netlists

1. CLB Logic
------------

+----------------------------+--------+-------+------------+-----------+-------+
|          Site Type         |  Used  | Fixed | Prohibited | Available | Util% |
+----------------------------+--------+-------+------------+-----------+-------+
| CLB LUTs*                  | 110185 |     0 |          0 |    331680 | 33.22 |
|   LUT as Logic             | 110137 |     0 |          0 |    331680 | 33.21 |
|   LUT as Memory            |     48 |     0 |          0 |    146880 |  0.03 |
|     LUT as Distributed RAM |      0 |     0 |            |           |       |
|     LUT as Shift Register  |     48 |     0 |            |           |       |
| CLB Registers              |  16696 |     0 |          0 |    663360 |  2.52 |
|   Register as Flip Flop    |  16696 |     0 |          0 |    663360 |  2.52 |
|   Register as Latch        |      0 |     0 |          0 |    663360 |  0.00 |
| CARRY8                     |   1761 |     0 |          0 |     41460 |  4.25 |
| F7 Muxes                   |  19564 |     0 |          0 |    165840 | 11.80 |
| F8 Muxes                   |   6204 |     0 |          0 |     82920 |  7.48 |
| F9 Muxes                   |      0 |     0 |          0 |     41460 |  0.00 |
| Unique Control Sets        |    115 |       |          0 |     82920 |  0.14 |
+----------------------------+--------+-------+------------+-----------+-------+
* Warning! The Final LUT count, after physical optimizations and full implementation, is typically lower. Run opt_design after synthesis, if not already completed, for a more realistic count.
Warning! LUT value is adjusted to account for LUT combining.
Warning! For any ECO changes, please run place_design if there are unplaced instances
** Note: Available Control Sets calculated as Slices * 2, Review the Control Sets Report for more information regarding control sets.


1.1 Summary of Registers by Type
--------------------------------

+-------+--------------+-------------+--------------+
| Total | Clock Enable | Synchronous | Asynchronous |
+-------+--------------+-------------+--------------+
| 0     |            _ |           - |            - |
| 0     |            _ |           - |          Set |
| 0     |            _ |           - |        Reset |
| 0     |            _ |         Set |            - |
| 0     |            _ |       Reset |            - |
| 0     |          Yes |           - |            - |
| 42    |          Yes |           - |          Set |
| 323   |          Yes |           - |        Reset |
| 2     |          Yes |         Set |            - |
| 16329 |          Yes |       Reset |            - |
+-------+--------------+-------------+--------------+


2. BLOCKRAM
-----------

+----------------+------+-------+------------+-----------+-------+
|    Site Type   | Used | Fixed | Prohibited | Available | Util% |
+----------------+------+-------+------------+-----------+-------+
| Block RAM Tile |    0 |     0 |          0 |      1080 |  0.00 |
|   RAMB36/FIFO* |    0 |     0 |          0 |      1080 |  0.00 |
|   RAMB18       |    0 |     0 |          0 |      2160 |  0.00 |
+----------------+------+-------+------------+-----------+-------+
* Note: Each Block RAM Tile only has one FIFO logic available and therefore can accommodate only one FIFO36E2 or one FIFO18E2. However, if a FIFO18E2 occupies a Block RAM Tile, that tile can still accommodate a RAMB18E2


3. ARITHMETIC
-------------

+-----------+------+-------+------------+-----------+-------+
| Site Type | Used | Fixed | Prohibited | Available | Util% |
+-----------+------+-------+------------+-----------+-------+
| DSPs      |    0 |     0 |          0 |      2760 |  0.00 |
+-----------+------+-------+------------+-----------+-------+


4. I/O
------

+------------------+------+-------+------------+-----------+-------+
|     Site Type    | Used | Fixed | Prohibited | Available | Util% |
+------------------+------+-------+------------+-----------+-------+
| Bonded IOB       |    7 |     0 |          0 |       520 |  1.35 |
|   HPIOB          |    0 |     0 |          0 |       416 |  0.00 |
|   HRIO           |    0 |     0 |          0 |       104 |  0.00 |
| HPIOBDIFFINBUF   |    0 |     0 |          0 |       240 |  0.00 |
| HPIOBDIFFOUTBUF  |    0 |     0 |          0 |       240 |  0.00 |
| HRIODIFFINBUF    |    0 |     0 |          0 |        48 |  0.00 |
| HRIODIFFOUTBUF   |    0 |     0 |          0 |        48 |  0.00 |
| BITSLICE_CONTROL |    0 |     0 |          0 |        96 |  0.00 |
| BITSLICE_RX_TX   |    0 |     0 |          0 |      3744 |  0.00 |
| BITSLICE_TX      |    0 |     0 |          0 |        96 |  0.00 |
| RIU_OR           |    0 |     0 |          0 |        48 |  0.00 |
+------------------+------+-------+------------+-----------+-------+


5. CLOCK
--------

+------------+------+-------+------------+-----------+-------+
|  Site Type | Used | Fixed | Prohibited | Available | Util% |
+------------+------+-------+------------+-----------+-------+
| BUFGCE     |    1 |     0 |          0 |       288 |  0.35 |
| BUFGCE_DIV |    0 |     0 |          0 |        48 |  0.00 |
| BUFG_GT    |    2 |     0 |          0 |       192 |  1.04 |
| BUFGCTRL*  |    0 |     0 |          0 |        96 |  0.00 |
| PLLE3_ADV  |    0 |     0 |          0 |        24 |  0.00 |
| MMCME3_ADV |    0 |     0 |          0 |        12 |  0.00 |
+------------+------+-------+------------+-----------+-------+
* Note: Each used BUFGCTRL counts as two GLOBAL CLOCK BUFFERs. This table does not include global clocking resources, only buffer cell usage. See the Clock Utilization Report (report_clock_utilization) for detailed accounting of global clocking resource availability.


6. ADVANCED
-----------

+-----------------+------+-------+------------+-----------+-------+
|    Site Type    | Used | Fixed | Prohibited | Available | Util% |
+-----------------+------+-------+------------+-----------+-------+
| GTHE3_CHANNEL   |    0 |     0 |          0 |        28 |  0.00 |
| GTHE3_COMMON    |    0 |     0 |          0 |         7 |  0.00 |
| IBUFDS_GTE3     |    1 |     0 |          0 |        14 |  7.14 |
| OBUFDS_GTE3     |    0 |     0 |          0 |        14 |  0.00 |
| OBUFDS_GTE3_ADV |    0 |     0 |          0 |        14 |  0.00 |
| PCIE_3_1        |    0 |     0 |          0 |         3 |  0.00 |
| SYSMONE1        |    0 |     0 |          0 |         1 |  0.00 |
+-----------------+------+-------+------------+-----------+-------+


7. CONFIGURATION
----------------

+-------------+------+-------+------------+-----------+-------+
|  Site Type  | Used | Fixed | Prohibited | Available | Util% |
+-------------+------+-------+------------+-----------+-------+
| BSCANE2     |    0 |     0 |          0 |         4 |  0.00 |
| DNA_PORTE2  |    0 |     0 |          0 |         1 |  0.00 |
| EFUSE_USR   |    0 |     0 |          0 |         1 |  0.00 |
| FRAME_ECCE3 |    0 |     0 |          0 |         1 |  0.00 |
| ICAPE3      |    0 |     0 |          0 |         2 |  0.00 |
| MASTER_JTAG |    0 |     0 |          0 |         1 |  0.00 |
| STARTUPE3   |    0 |     0 |          0 |         1 |  0.00 |
+-------------+------+-------+------------+-----------+-------+


8. Primitives
-------------

+-------------+-------+---------------------+
|   Ref Name  |  Used | Functional Category |
+-------------+-------+---------------------+
| LUT6        | 81174 |                 CLB |
| MUXF7       | 19564 |                 CLB |
| LUT5        | 18347 |                 CLB |
| FDRE        | 16329 |            Register |
| LUT2        |  7791 |                 CLB |
| LUT3        |  6904 |                 CLB |
| MUXF8       |  6204 |                 CLB |
| LUT4        |  5800 |                 CLB |
| CARRY8      |  1761 |                 CLB |
| FDCE        |   323 |            Register |
| LUT1        |   106 |                 CLB |
| SRL16E      |    48 |                 CLB |
| FDPE        |    42 |            Register |
| OBUF        |     3 |                 I/O |
| FDSE        |     2 |            Register |
| BUFG_GT     |     2 |               Clock |
| IBUFDS_GTE3 |     1 |            Advanced |
| IBUFCTRL    |     1 |              Others |
| DIFFINBUF   |     1 |                 I/O |
| BUFGCE      |     1 |               Clock |
+-------------+-------+---------------------+


9. Black Boxes
--------------

+----------------------+------+
|       Ref Name       | Used |
+----------------------+------+
| bram_rs              |    9 |
| reset_0              |    2 |
| serdes_framer        |    1 |
| serdes_assembler     |    1 |
| gt_vio_0             |    1 |
| gt                   |    1 |
| delay_combiner       |    1 |
| cross_logic_gth_load |    1 |
| cross_logic_gth_head |    1 |
| cross_logic_gth      |    1 |
| cross_gth_logic_load |    1 |
| cross_gth_logic_head |    1 |
| cross_gth_logic      |    1 |
| clk_wiz_0            |    1 |
+----------------------+------+


10. Instantiated Netlists
-------------------------

+----------+------+
| Ref Name | Used |
+----------+------+


