
*** Running vivado
    with args -log top.vdi -applog -m64 -product Vivado -messageDb vivado.pb -mode batch -source top.tcl -notrace


****** Vivado v2022.2 (64-bit)
  **** SW Build 3671981 on Fri Oct 14 04:59:54 MDT 2022
  **** IP Build 3669848 on Fri Oct 14 08:30:02 MDT 2022
    ** Copyright 1986-2022 Xilinx, Inc. All Rights Reserved.

source top.tcl -notrace
Command: link_design -top top -part xcku060-ffva1156-2-i
Design is defaulting to srcset: sources_1
Design is defaulting to constrset: constrs_1
INFO: [Device 21-403] Loading part xcku060-ffva1156-2-i
INFO: [Project 1-454] Reading design checkpoint '/home/williams/MYFPGA/FPGA Final/sda_codec_clean/sda_codec_clean/sda_codec_clean.gen/sources_1/ip/clk_wiz_0/clk_wiz_0.dcp' for cell 'clk_wiz_0_inst'
INFO: [Project 1-454] Reading design checkpoint '/home/williams/MYFPGA/FPGA Final/sda_codec_clean/sda_codec_clean/sda_codec_clean.gen/sources_1/ip/clk_wiz_1/clk_wiz_1.dcp' for cell 'clk_wiz_1_inst'
INFO: [Project 1-454] Reading design checkpoint '/home/williams/MYFPGA/FPGA Final/sda_codec_clean/sda_codec_clean/sda_codec_clean.gen/sources_1/ip/serdes_assembler/serdes_assembler.dcp' for cell 'decoder_top_inst/assembler_top_inst/assembler_inst/serdes_inst'
INFO: [Project 1-454] Reading design checkpoint '/home/williams/MYFPGA/FPGA Final/sda_codec_clean/sda_codec_clean/sda_codec_clean.gen/sources_1/ip/delay_rs/delay_rs.dcp' for cell 'decoder_top_inst/core_rx_inst/rs_decoder_64_inst/rs_decoder_0/delay_inst'
INFO: [Project 1-454] Reading design checkpoint '/home/williams/MYFPGA/FPGA Final/sda_codec_clean/sda_codec_clean/sda_codec_clean.gen/sources_1/ip/cross_gth_logic/cross_gth_logic.dcp' for cell 'decoder_top_inst/rx_gth_logic_inst/cross_inst'
INFO: [Project 1-454] Reading design checkpoint '/home/williams/MYFPGA/FPGA Final/sda_codec_clean/sda_codec_clean/sda_codec_clean.gen/sources_1/ip/cross_logic_gth_head/cross_logic_gth_head.dcp' for cell 'decoder_top_inst/rx_logic_gth_inst/cross_head_inst'
INFO: [Project 1-454] Reading design checkpoint '/home/williams/MYFPGA/FPGA Final/sda_codec_clean/sda_codec_clean/sda_codec_clean.gen/sources_1/ip/cross_logic_gth_load/cross_logic_gth_load.dcp' for cell 'decoder_top_inst/rx_logic_gth_inst/cross_payload_inst'
INFO: [Project 1-454] Reading design checkpoint '/home/williams/MYFPGA/FPGA Final/sda_codec_clean/sda_codec_clean/sda_codec_clean.gen/sources_1/ip/delay_combiner/delay_combiner.dcp' for cell 'encoder_top_inst/core_tx_inst/combiner_inst/delay_inst'
INFO: [Project 1-454] Reading design checkpoint '/home/williams/MYFPGA/FPGA Final/sda_codec_clean/sda_codec_clean/sda_codec_clean.gen/sources_1/ip/serdes_framer/serdes_framer.dcp' for cell 'encoder_top_inst/framer_top_inst/framer_inst/serdes_inst'
INFO: [Project 1-454] Reading design checkpoint '/home/williams/MYFPGA/FPGA Final/sda_codec_clean/sda_codec_clean/sda_codec_clean.gen/sources_1/ip/cross_gth_logic_head/cross_gth_logic_head.dcp' for cell 'encoder_top_inst/x_gth_logic_inst/cross_head_inst'
INFO: [Project 1-454] Reading design checkpoint '/home/williams/MYFPGA/FPGA Final/sda_codec_clean/sda_codec_clean/sda_codec_clean.gen/sources_1/ip/cross_gth_logic_load/cross_gth_logic_load.dcp' for cell 'encoder_top_inst/x_gth_logic_inst/cross_load_inst'
INFO: [Project 1-454] Reading design checkpoint '/home/williams/MYFPGA/FPGA Final/sda_codec_clean/sda_codec_clean/sda_codec_clean.gen/sources_1/ip/cross_logic_gth/cross_logic_gth.dcp' for cell 'encoder_top_inst/x_logic_gth_inst/cross_inst'
Netlist sorting complete. Time (s): cpu = 00:00:00.06 ; elapsed = 00:00:00.05 . Memory (MB): peak = 2752.891 ; gain = 0.000 ; free physical = 26425 ; free virtual = 109679
INFO: [Netlist 29-17] Analyzing 37 Unisim elements for replacement
INFO: [Netlist 29-28] Unisim Transformation completed in 0 CPU seconds
INFO: [Project 1-479] Netlist was created with Vivado 2022.2
INFO: [Project 1-570] Preparing netlist for logic optimization
WARNING: [Opt 31-32] Removing redundant IBUF since it is not being driven by a top-level port. clk_wiz_0_inst/inst/clkin1_ibuf 
Resolution: The tool has removed redundant IBUF. To resolve this warning, check for redundant IBUF in the input design.
WARNING: [Opt 31-32] Removing redundant IBUF since it is not being driven by a top-level port. clk_wiz_1_inst/inst/clkin1_ibuf 
Resolution: The tool has removed redundant IBUF. To resolve this warning, check for redundant IBUF in the input design.
WARNING: [Constraints 18-550] Could not create 'IBUF_LOW_PWR' constraint because net 'clk_wiz_0_inst/clk_in1' is not directly connected to top level port. Synthesis is ignored for IBUF_LOW_PWR but preserved for implementation.
WARNING: [Constraints 18-550] Could not create 'IBUF_LOW_PWR' constraint because net 'clk_wiz_1_inst/clk_in1' is not directly connected to top level port. Synthesis is ignored for IBUF_LOW_PWR but preserved for implementation.
Parsing XDC File [/home/williams/MYFPGA/FPGA Final/sda_codec_clean/sda_codec_clean/sda_codec_clean.gen/sources_1/ip/clk_wiz_0/clk_wiz_0_board.xdc] for cell 'clk_wiz_0_inst/inst'
Finished Parsing XDC File [/home/williams/MYFPGA/FPGA Final/sda_codec_clean/sda_codec_clean/sda_codec_clean.gen/sources_1/ip/clk_wiz_0/clk_wiz_0_board.xdc] for cell 'clk_wiz_0_inst/inst'
Parsing XDC File [/home/williams/MYFPGA/FPGA Final/sda_codec_clean/sda_codec_clean/sda_codec_clean.gen/sources_1/ip/clk_wiz_0/clk_wiz_0.xdc] for cell 'clk_wiz_0_inst/inst'
INFO: [Timing 38-35] Done setting XDC timing constraints. [/home/williams/MYFPGA/FPGA Final/sda_codec_clean/sda_codec_clean/sda_codec_clean.gen/sources_1/ip/clk_wiz_0/clk_wiz_0.xdc:57]
INFO: [Timing 38-2] Deriving generated clocks [/home/williams/MYFPGA/FPGA Final/sda_codec_clean/sda_codec_clean/sda_codec_clean.gen/sources_1/ip/clk_wiz_0/clk_wiz_0.xdc:57]
Finished Parsing XDC File [/home/williams/MYFPGA/FPGA Final/sda_codec_clean/sda_codec_clean/sda_codec_clean.gen/sources_1/ip/clk_wiz_0/clk_wiz_0.xdc] for cell 'clk_wiz_0_inst/inst'
Parsing XDC File [/home/williams/MYFPGA/FPGA Final/sda_codec_clean/sda_codec_clean/sda_codec_clean.gen/sources_1/ip/clk_wiz_1/clk_wiz_1_board.xdc] for cell 'clk_wiz_1_inst/inst'
Finished Parsing XDC File [/home/williams/MYFPGA/FPGA Final/sda_codec_clean/sda_codec_clean/sda_codec_clean.gen/sources_1/ip/clk_wiz_1/clk_wiz_1_board.xdc] for cell 'clk_wiz_1_inst/inst'
Parsing XDC File [/home/williams/MYFPGA/FPGA Final/sda_codec_clean/sda_codec_clean/sda_codec_clean.gen/sources_1/ip/clk_wiz_1/clk_wiz_1.xdc] for cell 'clk_wiz_1_inst/inst'
INFO: [Timing 38-2] Deriving generated clocks [/home/williams/MYFPGA/FPGA Final/sda_codec_clean/sda_codec_clean/sda_codec_clean.gen/sources_1/ip/clk_wiz_1/clk_wiz_1.xdc:57]
Finished Parsing XDC File [/home/williams/MYFPGA/FPGA Final/sda_codec_clean/sda_codec_clean/sda_codec_clean.gen/sources_1/ip/clk_wiz_1/clk_wiz_1.xdc] for cell 'clk_wiz_1_inst/inst'
Parsing XDC File [/home/williams/MYFPGA/FPGA Final/sda_codec_clean/sda_codec_clean/sda_codec_clean.gen/sources_1/ip/cross_gth_logic/cross_gth_logic.xdc] for cell 'decoder_top_inst/rx_gth_logic_inst/cross_inst/U0'
Finished Parsing XDC File [/home/williams/MYFPGA/FPGA Final/sda_codec_clean/sda_codec_clean/sda_codec_clean.gen/sources_1/ip/cross_gth_logic/cross_gth_logic.xdc] for cell 'decoder_top_inst/rx_gth_logic_inst/cross_inst/U0'
Parsing XDC File [/home/williams/MYFPGA/FPGA Final/sda_codec_clean/sda_codec_clean/sda_codec_clean.gen/sources_1/ip/cross_gth_logic_head/cross_gth_logic_head.xdc] for cell 'encoder_top_inst/x_gth_logic_inst/cross_head_inst/U0'
Finished Parsing XDC File [/home/williams/MYFPGA/FPGA Final/sda_codec_clean/sda_codec_clean/sda_codec_clean.gen/sources_1/ip/cross_gth_logic_head/cross_gth_logic_head.xdc] for cell 'encoder_top_inst/x_gth_logic_inst/cross_head_inst/U0'
Parsing XDC File [/home/williams/MYFPGA/FPGA Final/sda_codec_clean/sda_codec_clean/sda_codec_clean.gen/sources_1/ip/cross_gth_logic_load/cross_gth_logic_load.xdc] for cell 'encoder_top_inst/x_gth_logic_inst/cross_load_inst/U0'
Finished Parsing XDC File [/home/williams/MYFPGA/FPGA Final/sda_codec_clean/sda_codec_clean/sda_codec_clean.gen/sources_1/ip/cross_gth_logic_load/cross_gth_logic_load.xdc] for cell 'encoder_top_inst/x_gth_logic_inst/cross_load_inst/U0'
Parsing XDC File [/home/williams/MYFPGA/FPGA Final/sda_codec_clean/sda_codec_clean/sda_codec_clean.gen/sources_1/ip/cross_logic_gth/cross_logic_gth.xdc] for cell 'encoder_top_inst/x_logic_gth_inst/cross_inst/U0'
Finished Parsing XDC File [/home/williams/MYFPGA/FPGA Final/sda_codec_clean/sda_codec_clean/sda_codec_clean.gen/sources_1/ip/cross_logic_gth/cross_logic_gth.xdc] for cell 'encoder_top_inst/x_logic_gth_inst/cross_inst/U0'
Parsing XDC File [/home/williams/MYFPGA/FPGA Final/sda_codec_clean/sda_codec_clean/sda_codec_clean.gen/sources_1/ip/cross_logic_gth_head/cross_logic_gth_head.xdc] for cell 'decoder_top_inst/rx_logic_gth_inst/cross_head_inst/U0'
Finished Parsing XDC File [/home/williams/MYFPGA/FPGA Final/sda_codec_clean/sda_codec_clean/sda_codec_clean.gen/sources_1/ip/cross_logic_gth_head/cross_logic_gth_head.xdc] for cell 'decoder_top_inst/rx_logic_gth_inst/cross_head_inst/U0'
Parsing XDC File [/home/williams/MYFPGA/FPGA Final/sda_codec_clean/sda_codec_clean/sda_codec_clean.gen/sources_1/ip/cross_logic_gth_load/cross_logic_gth_load.xdc] for cell 'decoder_top_inst/rx_logic_gth_inst/cross_payload_inst/U0'
Finished Parsing XDC File [/home/williams/MYFPGA/FPGA Final/sda_codec_clean/sda_codec_clean/sda_codec_clean.gen/sources_1/ip/cross_logic_gth_load/cross_logic_gth_load.xdc] for cell 'decoder_top_inst/rx_logic_gth_inst/cross_payload_inst/U0'
Parsing XDC File [/home/williams/MYFPGA/FPGA Final/sda_codec_clean/sda_codec_clean/sda_codec_clean.gen/sources_1/ip/delay_combiner/delay_combiner.xdc] for cell 'encoder_top_inst/core_tx_inst/combiner_inst/delay_inst/U0'
Finished Parsing XDC File [/home/williams/MYFPGA/FPGA Final/sda_codec_clean/sda_codec_clean/sda_codec_clean.gen/sources_1/ip/delay_combiner/delay_combiner.xdc] for cell 'encoder_top_inst/core_tx_inst/combiner_inst/delay_inst/U0'
Parsing XDC File [/home/williams/MYFPGA/FPGA Final/sda_codec_clean/sda_codec_clean/sda_codec_clean.gen/sources_1/ip/delay_rs/delay_rs.xdc] for cell 'decoder_top_inst/core_rx_inst/rs_decoder_64_inst/rs_decoder_0/delay_inst/U0'
Finished Parsing XDC File [/home/williams/MYFPGA/FPGA Final/sda_codec_clean/sda_codec_clean/sda_codec_clean.gen/sources_1/ip/delay_rs/delay_rs.xdc] for cell 'decoder_top_inst/core_rx_inst/rs_decoder_64_inst/rs_decoder_0/delay_inst/U0'
Parsing XDC File [/home/williams/MYFPGA/FPGA Final/sda_codec_clean/sda_codec_clean/sda_codec_clean.gen/sources_1/ip/delay_rs/delay_rs.xdc] for cell 'decoder_top_inst/core_rx_inst/rs_decoder_64_inst/rs_decoder_1/delay_inst/U0'
Finished Parsing XDC File [/home/williams/MYFPGA/FPGA Final/sda_codec_clean/sda_codec_clean/sda_codec_clean.gen/sources_1/ip/delay_rs/delay_rs.xdc] for cell 'decoder_top_inst/core_rx_inst/rs_decoder_64_inst/rs_decoder_1/delay_inst/U0'
Parsing XDC File [/home/williams/MYFPGA/FPGA Final/sda_codec_clean/sda_codec_clean/sda_codec_clean.gen/sources_1/ip/delay_rs/delay_rs.xdc] for cell 'decoder_top_inst/core_rx_inst/rs_decoder_64_inst/rs_decoder_2/delay_inst/U0'
Finished Parsing XDC File [/home/williams/MYFPGA/FPGA Final/sda_codec_clean/sda_codec_clean/sda_codec_clean.gen/sources_1/ip/delay_rs/delay_rs.xdc] for cell 'decoder_top_inst/core_rx_inst/rs_decoder_64_inst/rs_decoder_2/delay_inst/U0'
Parsing XDC File [/home/williams/MYFPGA/FPGA Final/sda_codec_clean/sda_codec_clean/sda_codec_clean.gen/sources_1/ip/delay_rs/delay_rs.xdc] for cell 'decoder_top_inst/core_rx_inst/rs_decoder_64_inst/rs_decoder_3/delay_inst/U0'
Finished Parsing XDC File [/home/williams/MYFPGA/FPGA Final/sda_codec_clean/sda_codec_clean/sda_codec_clean.gen/sources_1/ip/delay_rs/delay_rs.xdc] for cell 'decoder_top_inst/core_rx_inst/rs_decoder_64_inst/rs_decoder_3/delay_inst/U0'
Parsing XDC File [/home/williams/MYFPGA/FPGA Final/sda_codec_clean/sda_codec_clean/sda_codec_clean.gen/sources_1/ip/delay_rs/delay_rs.xdc] for cell 'decoder_top_inst/core_rx_inst/rs_decoder_64_inst/rs_decoder_4/delay_inst/U0'
Finished Parsing XDC File [/home/williams/MYFPGA/FPGA Final/sda_codec_clean/sda_codec_clean/sda_codec_clean.gen/sources_1/ip/delay_rs/delay_rs.xdc] for cell 'decoder_top_inst/core_rx_inst/rs_decoder_64_inst/rs_decoder_4/delay_inst/U0'
Parsing XDC File [/home/williams/MYFPGA/FPGA Final/sda_codec_clean/sda_codec_clean/sda_codec_clean.gen/sources_1/ip/delay_rs/delay_rs.xdc] for cell 'decoder_top_inst/core_rx_inst/rs_decoder_64_inst/rs_decoder_5/delay_inst/U0'
Finished Parsing XDC File [/home/williams/MYFPGA/FPGA Final/sda_codec_clean/sda_codec_clean/sda_codec_clean.gen/sources_1/ip/delay_rs/delay_rs.xdc] for cell 'decoder_top_inst/core_rx_inst/rs_decoder_64_inst/rs_decoder_5/delay_inst/U0'
Parsing XDC File [/home/williams/MYFPGA/FPGA Final/sda_codec_clean/sda_codec_clean/sda_codec_clean.gen/sources_1/ip/delay_rs/delay_rs.xdc] for cell 'decoder_top_inst/core_rx_inst/rs_decoder_64_inst/rs_decoder_6/delay_inst/U0'
Finished Parsing XDC File [/home/williams/MYFPGA/FPGA Final/sda_codec_clean/sda_codec_clean/sda_codec_clean.gen/sources_1/ip/delay_rs/delay_rs.xdc] for cell 'decoder_top_inst/core_rx_inst/rs_decoder_64_inst/rs_decoder_6/delay_inst/U0'
Parsing XDC File [/home/williams/MYFPGA/FPGA Final/sda_codec_clean/sda_codec_clean/sda_codec_clean.gen/sources_1/ip/delay_rs/delay_rs.xdc] for cell 'decoder_top_inst/core_rx_inst/rs_decoder_64_inst/rs_decoder_7/delay_inst/U0'
Finished Parsing XDC File [/home/williams/MYFPGA/FPGA Final/sda_codec_clean/sda_codec_clean/sda_codec_clean.gen/sources_1/ip/delay_rs/delay_rs.xdc] for cell 'decoder_top_inst/core_rx_inst/rs_decoder_64_inst/rs_decoder_7/delay_inst/U0'
Parsing XDC File [/home/williams/MYFPGA/FPGA Final/sda_codec_clean/sda_codec_clean/sda_codec_clean.gen/sources_1/ip/delay_rs/delay_rs.xdc] for cell 'decoder_top_inst/core_rx_inst/rs_decoder_inst/delay_inst/U0'
Finished Parsing XDC File [/home/williams/MYFPGA/FPGA Final/sda_codec_clean/sda_codec_clean/sda_codec_clean.gen/sources_1/ip/delay_rs/delay_rs.xdc] for cell 'decoder_top_inst/core_rx_inst/rs_decoder_inst/delay_inst/U0'
Parsing XDC File [/home/williams/MYFPGA/FPGA Final/sda_codec_clean/sda_codec_clean/sda_codec_clean.gen/sources_1/ip/serdes_assembler/serdes_assembler.xdc] for cell 'decoder_top_inst/assembler_top_inst/assembler_inst/serdes_inst/U0'
Finished Parsing XDC File [/home/williams/MYFPGA/FPGA Final/sda_codec_clean/sda_codec_clean/sda_codec_clean.gen/sources_1/ip/serdes_assembler/serdes_assembler.xdc] for cell 'decoder_top_inst/assembler_top_inst/assembler_inst/serdes_inst/U0'
Parsing XDC File [/home/williams/MYFPGA/FPGA Final/sda_codec_clean/sda_codec_clean/sda_codec_clean.gen/sources_1/ip/serdes_framer/serdes_framer.xdc] for cell 'encoder_top_inst/framer_top_inst/framer_inst/serdes_inst/U0'
Finished Parsing XDC File [/home/williams/MYFPGA/FPGA Final/sda_codec_clean/sda_codec_clean/sda_codec_clean.gen/sources_1/ip/serdes_framer/serdes_framer.xdc] for cell 'encoder_top_inst/framer_top_inst/framer_inst/serdes_inst/U0'
Parsing XDC File [/home/williams/MYFPGA/FPGA Final/sda_codec_clean/sda_codec_clean/sda_codec_clean.srcs/constrs_1/imports/File xdc/sda_top.xdc]
Finished Parsing XDC File [/home/williams/MYFPGA/FPGA Final/sda_codec_clean/sda_codec_clean/sda_codec_clean.srcs/constrs_1/imports/File xdc/sda_top.xdc]
Parsing XDC File [/home/williams/MYFPGA/FPGA Final/sda_codec_clean/sda_codec_clean/sda_codec_clean.gen/sources_1/ip/cross_gth_logic/cross_gth_logic_clocks.xdc] for cell 'decoder_top_inst/rx_gth_logic_inst/cross_inst/U0'
Finished Parsing XDC File [/home/williams/MYFPGA/FPGA Final/sda_codec_clean/sda_codec_clean/sda_codec_clean.gen/sources_1/ip/cross_gth_logic/cross_gth_logic_clocks.xdc] for cell 'decoder_top_inst/rx_gth_logic_inst/cross_inst/U0'
Parsing XDC File [/home/williams/MYFPGA/FPGA Final/sda_codec_clean/sda_codec_clean/sda_codec_clean.gen/sources_1/ip/cross_gth_logic_head/cross_gth_logic_head_clocks.xdc] for cell 'encoder_top_inst/x_gth_logic_inst/cross_head_inst/U0'
Finished Parsing XDC File [/home/williams/MYFPGA/FPGA Final/sda_codec_clean/sda_codec_clean/sda_codec_clean.gen/sources_1/ip/cross_gth_logic_head/cross_gth_logic_head_clocks.xdc] for cell 'encoder_top_inst/x_gth_logic_inst/cross_head_inst/U0'
Parsing XDC File [/home/williams/MYFPGA/FPGA Final/sda_codec_clean/sda_codec_clean/sda_codec_clean.gen/sources_1/ip/cross_gth_logic_load/cross_gth_logic_load_clocks.xdc] for cell 'encoder_top_inst/x_gth_logic_inst/cross_load_inst/U0'
Finished Parsing XDC File [/home/williams/MYFPGA/FPGA Final/sda_codec_clean/sda_codec_clean/sda_codec_clean.gen/sources_1/ip/cross_gth_logic_load/cross_gth_logic_load_clocks.xdc] for cell 'encoder_top_inst/x_gth_logic_inst/cross_load_inst/U0'
Parsing XDC File [/home/williams/MYFPGA/FPGA Final/sda_codec_clean/sda_codec_clean/sda_codec_clean.gen/sources_1/ip/cross_logic_gth/cross_logic_gth_clocks.xdc] for cell 'encoder_top_inst/x_logic_gth_inst/cross_inst/U0'
Finished Parsing XDC File [/home/williams/MYFPGA/FPGA Final/sda_codec_clean/sda_codec_clean/sda_codec_clean.gen/sources_1/ip/cross_logic_gth/cross_logic_gth_clocks.xdc] for cell 'encoder_top_inst/x_logic_gth_inst/cross_inst/U0'
Parsing XDC File [/home/williams/MYFPGA/FPGA Final/sda_codec_clean/sda_codec_clean/sda_codec_clean.gen/sources_1/ip/cross_logic_gth_head/cross_logic_gth_head_clocks.xdc] for cell 'decoder_top_inst/rx_logic_gth_inst/cross_head_inst/U0'
Finished Parsing XDC File [/home/williams/MYFPGA/FPGA Final/sda_codec_clean/sda_codec_clean/sda_codec_clean.gen/sources_1/ip/cross_logic_gth_head/cross_logic_gth_head_clocks.xdc] for cell 'decoder_top_inst/rx_logic_gth_inst/cross_head_inst/U0'
Parsing XDC File [/home/williams/MYFPGA/FPGA Final/sda_codec_clean/sda_codec_clean/sda_codec_clean.gen/sources_1/ip/cross_logic_gth_load/cross_logic_gth_load_clocks.xdc] for cell 'decoder_top_inst/rx_logic_gth_inst/cross_payload_inst/U0'
Finished Parsing XDC File [/home/williams/MYFPGA/FPGA Final/sda_codec_clean/sda_codec_clean/sda_codec_clean.gen/sources_1/ip/cross_logic_gth_load/cross_logic_gth_load_clocks.xdc] for cell 'decoder_top_inst/rx_logic_gth_inst/cross_payload_inst/U0'
INFO: [Opt 31-138] Pushed 0 inverter(s) to 0 load pin(s).
Netlist sorting complete. Time (s): cpu = 00:00:00 ; elapsed = 00:00:00 . Memory (MB): peak = 3193.066 ; gain = 0.000 ; free physical = 26220 ; free virtual = 109475
INFO: [Project 1-111] Unisim Transformation Summary:
  A total of 1 instances were transformed.
  IBUFGDS => IBUFDS (DIFFINBUF, IBUFCTRL): 1 instance 

22 Infos, 4 Warnings, 0 Critical Warnings and 0 Errors encountered.
link_design completed successfully
INFO: [Common 17-600] The following parameters have non-default value.
tcl.statsThreshold
Command: opt_design
Attempting to get a license for feature 'Implementation' and/or device 'xcku060'
INFO: [Common 17-349] Got license for feature 'Implementation' and/or device 'xcku060'
Running DRC as a precondition to command opt_design

Starting DRC Task
INFO: [DRC 23-27] Running DRC with 8 threads
INFO: [Project 1-461] DRC finished with 0 Errors
INFO: [Project 1-462] Please refer to the DRC report (report_drc) for more information.

Time (s): cpu = 00:00:00.86 ; elapsed = 00:00:00.49 . Memory (MB): peak = 3265.102 ; gain = 64.031 ; free physical = 26222 ; free virtual = 109477

Starting Cache Timing Information Task
INFO: [Timing 38-35] Done setting XDC timing constraints.
Ending Cache Timing Information Task | Checksum: fb59882d

Time (s): cpu = 00:00:00.38 ; elapsed = 00:00:00.13 . Memory (MB): peak = 3265.102 ; gain = 0.000 ; free physical = 26220 ; free virtual = 109475

Starting Logic Optimization Task

Phase 1 Generate And Synthesize Debug Cores
INFO: [Chipscope 16-329] Generating Script for core instance : dbg_hub 
INFO: [IP_Flow 19-3806] Processing IP xilinx.com:ip:xsdbm:3.0 for cell dbg_hub_CV.
INFO: [Chipscope 16-329] Generating Script for core instance : u_ila_0 
INFO: [IP_Flow 19-3806] Processing IP xilinx.com:ip:ila:6.2 for cell u_ila_0_CV.
Netlist sorting complete. Time (s): cpu = 00:00:00.02 ; elapsed = 00:00:00.02 . Memory (MB): peak = 3528.719 ; gain = 0.000 ; free physical = 26008 ; free virtual = 109266
Phase 1 Generate And Synthesize Debug Cores | Checksum: 140df1a6d

Time (s): cpu = 00:01:06 ; elapsed = 00:00:50 . Memory (MB): peak = 3528.719 ; gain = 19.844 ; free physical = 26008 ; free virtual = 109266

Phase 2 Retarget
INFO: [Opt 31-1287] Pulled Inverter encoder_top_inst/framer_top_inst/framer_inst/serdes_in[63]_i_1 into driver instance encoder_top_inst/framer_top_inst/framer_inst/serdes_in[63]_i_2, which resulted in an inversion of 47 pins
INFO: [Opt 31-1287] Pulled Inverter u_ila_0/inst/ila_core_inst/xsdb_memory_read_inst/current_state[0]_i_1 into driver instance u_ila_0/inst/ila_core_inst/xsdb_memory_read_inst/read_addr[9]_i_3, which resulted in an inversion of 12 pins
INFO: [Opt 31-138] Pushed 4 inverter(s) to 26 load pin(s).
INFO: [Opt 31-422] The CLOCK_DOMAINS attribute on the BRAM cell u_ila_0/inst/ila_core_inst/ila_trace_memory_inst/SUBCORE_RAM_BLK_MEM_1.trace_block_memory/inst_blk_mem_gen/gnbram.gnativebmg.native_blk_mem_gen/valid.cstr/ramloop[0].ram.r/prim_noinit.ram/DEVICE_8SERIES.NO_BMM_INFO.SDP.SIMPLE_PRIM18.ram has been changed from INDEPENDENT to COMMON to match the clocking topology used for the BRAM.
INFO: [Opt 31-49] Retargeted 0 cell(s).
Phase 2 Retarget | Checksum: eab2cae6

Time (s): cpu = 00:01:07 ; elapsed = 00:00:50 . Memory (MB): peak = 3528.719 ; gain = 19.844 ; free physical = 26022 ; free virtual = 109280
INFO: [Opt 31-389] Phase Retarget created 3464 cells and removed 3554 cells
INFO: [Opt 31-1021] In phase Retarget, 97 netlist objects are constrained preventing optimization. Please run opt_design with -debug_log to get more detail. 

Phase 3 Constant propagation
INFO: [Opt 31-138] Pushed 0 inverter(s) to 0 load pin(s).
Phase 3 Constant propagation | Checksum: 1914d22a1

Time (s): cpu = 00:01:07 ; elapsed = 00:00:50 . Memory (MB): peak = 3528.719 ; gain = 19.844 ; free physical = 26022 ; free virtual = 109280
INFO: [Opt 31-389] Phase Constant propagation created 72 cells and removed 2536 cells
INFO: [Opt 31-1021] In phase Constant propagation, 86 netlist objects are constrained preventing optimization. Please run opt_design with -debug_log to get more detail. 

Phase 4 Sweep
INFO: [Opt 31-120] Instance stream_input_inst (stream_input) has been optimized to an empty box cell during sweep but it has constraints that prevent its removal. Empty box cells do not impact the implementation flow but they have no functional relevance.
Resolution: If this is not expected, please check for DONT_TOUCH properties or timing constraint set on the empty box cell or on nets connected to the cell. If found, remove the relevant DONT_TOUCH property or timing constraint and re-run opt_design.
INFO: [Opt 31-120] Instance error_inject_inst (error_inject) has been optimized to an empty box cell during sweep but it has constraints that prevent its removal. Empty box cells do not impact the implementation flow but they have no functional relevance.
Resolution: If this is not expected, please check for DONT_TOUCH properties or timing constraint set on the empty box cell or on nets connected to the cell. If found, remove the relevant DONT_TOUCH property or timing constraint and re-run opt_design.
INFO: [Opt 31-120] Instance encoder_top_inst (encoder_top) has been optimized to an empty box cell during sweep but it has constraints that prevent its removal. Empty box cells do not impact the implementation flow but they have no functional relevance.
Resolution: If this is not expected, please check for DONT_TOUCH properties or timing constraint set on the empty box cell or on nets connected to the cell. If found, remove the relevant DONT_TOUCH property or timing constraint and re-run opt_design.
INFO: [Opt 31-120] Instance decoder_top_inst (decoder_top) has been optimized to an empty box cell during sweep but it has constraints that prevent its removal. Empty box cells do not impact the implementation flow but they have no functional relevance.
Resolution: If this is not expected, please check for DONT_TOUCH properties or timing constraint set on the empty box cell or on nets connected to the cell. If found, remove the relevant DONT_TOUCH property or timing constraint and re-run opt_design.
Phase 4 Sweep | Checksum: f3b0a379

Time (s): cpu = 00:01:07 ; elapsed = 00:00:51 . Memory (MB): peak = 3528.719 ; gain = 19.844 ; free physical = 26023 ; free virtual = 109281
INFO: [Opt 31-389] Phase Sweep created 0 cells and removed 16437 cells
INFO: [Opt 31-1021] In phase Sweep, 1024 netlist objects are constrained preventing optimization. Please run opt_design with -debug_log to get more detail. 

Phase 5 BUFG optimization
INFO: [Opt 31-1077] Phase BUFG optimization inserted 0 global clock buffer(s) for CLOCK_LOW_FANOUT.
Phase 5 BUFG optimization | Checksum: f3b0a379

Time (s): cpu = 00:01:07 ; elapsed = 00:00:51 . Memory (MB): peak = 3528.719 ; gain = 19.844 ; free physical = 26023 ; free virtual = 109281
INFO: [Opt 31-662] Phase BUFG optimization created 0 cells of which 0 are BUFGs and removed 0 cells.
INFO: [Opt 31-1021] In phase BUFG optimization, 1 netlist objects are constrained preventing optimization. Please run opt_design with -debug_log to get more detail. 

Phase 6 Shift Register Optimization
INFO: [Opt 31-1064] SRL Remap converted 0 SRLs to 0 registers and converted 0 registers of register chains to 0 SRLs
Phase 6 Shift Register Optimization | Checksum: f3b0a379

Time (s): cpu = 00:01:07 ; elapsed = 00:00:51 . Memory (MB): peak = 3528.719 ; gain = 19.844 ; free physical = 26023 ; free virtual = 109281
INFO: [Opt 31-389] Phase Shift Register Optimization created 0 cells and removed 0 cells

Phase 7 Post Processing Netlist
Phase 7 Post Processing Netlist | Checksum: f3b0a379

Time (s): cpu = 00:01:07 ; elapsed = 00:00:51 . Memory (MB): peak = 3528.719 ; gain = 19.844 ; free physical = 26023 ; free virtual = 109281
INFO: [Opt 31-389] Phase Post Processing Netlist created 0 cells and removed 0 cells
INFO: [Opt 31-1021] In phase Post Processing Netlist, 89 netlist objects are constrained preventing optimization. Please run opt_design with -debug_log to get more detail. 
Opt_design Change Summary
=========================


-------------------------------------------------------------------------------------------------------------------------
|  Phase                        |  #Cells created  |  #Cells Removed  |  #Constrained objects preventing optimizations  |
-------------------------------------------------------------------------------------------------------------------------
|  Retarget                     |            3464  |            3554  |                                             97  |
|  Constant propagation         |              72  |            2536  |                                             86  |
|  Sweep                        |               0  |           16437  |                                           1024  |
|  BUFG optimization            |               0  |               0  |                                              1  |
|  Shift Register Optimization  |               0  |               0  |                                              0  |
|  Post Processing Netlist      |               0  |               0  |                                             89  |
-------------------------------------------------------------------------------------------------------------------------



Starting Connectivity Check Task

Time (s): cpu = 00:00:00 ; elapsed = 00:00:00.01 . Memory (MB): peak = 3528.719 ; gain = 0.000 ; free physical = 26023 ; free virtual = 109281
Ending Logic Optimization Task | Checksum: 6f9a6cce

Time (s): cpu = 00:01:07 ; elapsed = 00:00:51 . Memory (MB): peak = 3528.719 ; gain = 19.844 ; free physical = 26023 ; free virtual = 109281

Starting Power Optimization Task
INFO: [Pwropt 34-132] Skipping clock gating for clocks with a period < 2.00 ns.
INFO: [Pwropt 34-9] Applying IDT optimizations ...
INFO: [Pwropt 34-10] Applying ODC optimizations ...
INFO: [Timing 38-35] Done setting XDC timing constraints.
Running Vector-less Activity Propagation...

Finished Running Vector-less Activity Propagation


Starting PowerOpt Patch Enables Task
INFO: [Pwropt 34-162] WRITE_MODE attribute of 0 BRAM(s) out of a total of 1 has been updated to save power. Run report_power_opt to get a complete listing of the BRAMs updated.
INFO: [Pwropt 34-201] Structural ODC has moved 0 WE to EN ports
Number of BRAM Ports augmented: 1 newly gated: 0 Total Ports: 2
Ending PowerOpt Patch Enables Task | Checksum: d7c42f09

Time (s): cpu = 00:00:00 ; elapsed = 00:00:00.01 . Memory (MB): peak = 3807.535 ; gain = 0.000 ; free physical = 25885 ; free virtual = 109143
Ending Power Optimization Task | Checksum: d7c42f09

Time (s): cpu = 00:00:03 ; elapsed = 00:00:03 . Memory (MB): peak = 3807.535 ; gain = 278.816 ; free physical = 25885 ; free virtual = 109143

Starting Final Cleanup Task
Ending Final Cleanup Task | Checksum: d7c42f09

Time (s): cpu = 00:00:00 ; elapsed = 00:00:00 . Memory (MB): peak = 3807.535 ; gain = 0.000 ; free physical = 25885 ; free virtual = 109143

Starting Netlist Obfuscation Task
Netlist sorting complete. Time (s): cpu = 00:00:00 ; elapsed = 00:00:00.01 . Memory (MB): peak = 3807.535 ; gain = 0.000 ; free physical = 25885 ; free virtual = 109143
Ending Netlist Obfuscation Task | Checksum: 8885dd99

Time (s): cpu = 00:00:00 ; elapsed = 00:00:00.01 . Memory (MB): peak = 3807.535 ; gain = 0.000 ; free physical = 25885 ; free virtual = 109143
INFO: [Common 17-83] Releasing license: Implementation
69 Infos, 6 Warnings, 0 Critical Warnings and 0 Errors encountered.
opt_design completed successfully
INFO: [Common 17-600] The following parameters have non-default value.
tcl.statsThreshold
INFO: [Timing 38-35] Done setting XDC timing constraints.
INFO: [Timing 38-480] Writing timing data to binary archive.
Writing XDEF routing.
Writing XDEF routing logical nets.
Writing XDEF routing special nets.
Write XDEF Complete: Time (s): cpu = 00:00:00.13 ; elapsed = 00:00:00.03 . Memory (MB): peak = 3807.535 ; gain = 0.000 ; free physical = 25876 ; free virtual = 109137
INFO: [Common 17-1381] The checkpoint '/home/williams/MYFPGA/FPGA Final/sda_codec_clean/sda_codec_clean/sda_codec_clean.runs/impl_1/top_opt.dcp' has been generated.
INFO: [runtcl-4] Executing : report_drc -file top_drc_opted.rpt -pb top_drc_opted.pb -rpx top_drc_opted.rpx
Command: report_drc -file top_drc_opted.rpt -pb top_drc_opted.pb -rpx top_drc_opted.rpx
INFO: [IP_Flow 19-1839] IP Catalog is up to date.
INFO: [DRC 23-27] Running DRC with 8 threads
INFO: [Vivado_Tcl 2-168] The results of DRC are in file /home/williams/MYFPGA/FPGA Final/sda_codec_clean/sda_codec_clean/sda_codec_clean.runs/impl_1/top_drc_opted.rpt.
report_drc completed successfully
INFO: [Chipscope 16-240] Debug cores have already been implemented
Command: place_design
Attempting to get a license for feature 'Implementation' and/or device 'xcku060'
INFO: [Common 17-349] Got license for feature 'Implementation' and/or device 'xcku060'
INFO: [DRC 23-27] Running DRC with 8 threads
INFO: [Vivado_Tcl 4-198] DRC finished with 0 Errors
INFO: [Vivado_Tcl 4-199] Please refer to the DRC report (report_drc) for more information.
Running DRC as a precondition to command place_design
INFO: [DRC 23-27] Running DRC with 8 threads
INFO: [Vivado_Tcl 4-198] DRC finished with 0 Errors
INFO: [Vivado_Tcl 4-199] Please refer to the DRC report (report_drc) for more information.

Starting Placer Task
INFO: [Place 30-611] Multithreading enabled for place_design using a maximum of 8 CPUs

Phase 1 Placer Initialization

Phase 1.1 Placer Initialization Netlist Sorting
Netlist sorting complete. Time (s): cpu = 00:00:00 ; elapsed = 00:00:00 . Memory (MB): peak = 3823.523 ; gain = 0.000 ; free physical = 25750 ; free virtual = 109010
Phase 1.1 Placer Initialization Netlist Sorting | Checksum: 5c4528ef

Time (s): cpu = 00:00:00 ; elapsed = 00:00:00 . Memory (MB): peak = 3823.523 ; gain = 0.000 ; free physical = 25750 ; free virtual = 109010
Netlist sorting complete. Time (s): cpu = 00:00:00 ; elapsed = 00:00:00 . Memory (MB): peak = 3823.523 ; gain = 0.000 ; free physical = 25750 ; free virtual = 109010

Phase 1.2 IO Placement/ Clock Placement/ Build Placer Device
Phase 1.2 IO Placement/ Clock Placement/ Build Placer Device | Checksum: 7ad30bd8

Time (s): cpu = 00:00:10 ; elapsed = 00:00:10 . Memory (MB): peak = 4515.285 ; gain = 691.762 ; free physical = 25230 ; free virtual = 108490

Phase 1.3 Build Placer Netlist Model
Phase 1.3 Build Placer Netlist Model | Checksum: 1351a8a59

Time (s): cpu = 00:00:10 ; elapsed = 00:00:10 . Memory (MB): peak = 4547.301 ; gain = 723.777 ; free physical = 25228 ; free virtual = 108488

Phase 1.4 Constrain Clocks/Macros
Phase 1.4 Constrain Clocks/Macros | Checksum: 1351a8a59

Time (s): cpu = 00:00:10 ; elapsed = 00:00:10 . Memory (MB): peak = 4547.301 ; gain = 723.777 ; free physical = 25228 ; free virtual = 108488
Phase 1 Placer Initialization | Checksum: 1351a8a59

Time (s): cpu = 00:00:10 ; elapsed = 00:00:10 . Memory (MB): peak = 4547.301 ; gain = 723.777 ; free physical = 25228 ; free virtual = 108488

Phase 2 Global Placement

Phase 2.1 Floorplanning
Phase 2.1 Floorplanning | Checksum: cbde5214

Time (s): cpu = 00:00:11 ; elapsed = 00:00:11 . Memory (MB): peak = 4555.305 ; gain = 731.781 ; free physical = 25257 ; free virtual = 108517

Phase 2.2 Update Timing before SLR Path Opt
Phase 2.2 Update Timing before SLR Path Opt | Checksum: 158c3afb5

Time (s): cpu = 00:00:11 ; elapsed = 00:00:11 . Memory (MB): peak = 4555.305 ; gain = 731.781 ; free physical = 25257 ; free virtual = 108517

Phase 2.3 Post-Processing in Floorplanning
Phase 2.3 Post-Processing in Floorplanning | Checksum: 158c3afb5

Time (s): cpu = 00:00:11 ; elapsed = 00:00:11 . Memory (MB): peak = 4555.305 ; gain = 731.781 ; free physical = 25257 ; free virtual = 108517

Phase 2.4 Global Placement Core

Phase 2.4.1 UpdateTiming Before Physical Synthesis
Phase 2.4.1 UpdateTiming Before Physical Synthesis | Checksum: 13b1458da

Time (s): cpu = 00:00:18 ; elapsed = 00:00:12 . Memory (MB): peak = 4563.309 ; gain = 739.785 ; free physical = 25168 ; free virtual = 108428

Phase 2.4.2 Physical Synthesis In Placer
INFO: [Physopt 32-1035] Found 0 LUTNM shape to break, 123 LUT instances to create LUTNM shape
INFO: [Physopt 32-1044] Break lutnm for timing: one critical 0, two critical 0, total 0, new lutff created 0
INFO: [Physopt 32-1138] End 1 Pass. Optimized 58 nets or LUTs. Breaked 0 LUT, combined 58 existing LUTs and moved 0 existing LUT
INFO: [Physopt 32-65] No nets found for high-fanout optimization.
INFO: [Physopt 32-232] Optimized 0 net. Created 0 new instance.
INFO: [Physopt 32-775] End 1 Pass. Optimized 0 net or cell. Created 0 new cell, deleted 0 existing cell and moved 0 existing cell
INFO: [Physopt 32-670] No setup violation found.  DSP Register Optimization was not performed.
INFO: [Physopt 32-670] No setup violation found.  Shift Register to Pipeline Optimization was not performed.
INFO: [Physopt 32-670] No setup violation found.  Shift Register Optimization was not performed.
INFO: [Physopt 32-670] No setup violation found.  BRAM Register Optimization was not performed.
INFO: [Physopt 32-670] No setup violation found.  URAM Register Optimization was not performed.
INFO: [Physopt 32-949] No candidate nets found for dynamic/static region interface net replication
INFO: [Physopt 32-775] End 1 Pass. Optimized 0 net or cell. Created 0 new cell, deleted 0 existing cell and moved 0 existing cell
Netlist sorting complete. Time (s): cpu = 00:00:00 ; elapsed = 00:00:00 . Memory (MB): peak = 4563.309 ; gain = 0.000 ; free physical = 25168 ; free virtual = 108428

Summary of Physical Synthesis Optimizations
============================================


-----------------------------------------------------------------------------------------------------------------------------------------------------------
|  Optimization                                     |  Added Cells  |  Removed Cells  |  Optimized Cells/Nets  |  Dont Touch  |  Iterations  |  Elapsed   |
-----------------------------------------------------------------------------------------------------------------------------------------------------------
|  LUT Combining                                    |            0  |             58  |                    58  |           0  |           1  |  00:00:00  |
|  Retime                                           |            0  |              0  |                     0  |           0  |           1  |  00:00:00  |
|  Very High Fanout                                 |            0  |              0  |                     0  |           0  |           1  |  00:00:00  |
|  DSP Register                                     |            0  |              0  |                     0  |           0  |           0  |  00:00:00  |
|  Shift Register to Pipeline                       |            0  |              0  |                     0  |           0  |           0  |  00:00:00  |
|  Shift Register                                   |            0  |              0  |                     0  |           0  |           0  |  00:00:00  |
|  BRAM Register                                    |            0  |              0  |                     0  |           0  |           0  |  00:00:00  |
|  URAM Register                                    |            0  |              0  |                     0  |           0  |           0  |  00:00:00  |
|  Dynamic/Static Region Interface Net Replication  |            0  |              0  |                     0  |           0  |           1  |  00:00:00  |
|  Total                                            |            0  |             58  |                    58  |           0  |           4  |  00:00:00  |
-----------------------------------------------------------------------------------------------------------------------------------------------------------


Phase 2.4.2 Physical Synthesis In Placer | Checksum: 15f2e4919

Time (s): cpu = 00:00:19 ; elapsed = 00:00:13 . Memory (MB): peak = 4563.309 ; gain = 739.785 ; free physical = 25167 ; free virtual = 108427
Phase 2.4 Global Placement Core | Checksum: c9b548fa

Time (s): cpu = 00:00:19 ; elapsed = 00:00:13 . Memory (MB): peak = 4563.309 ; gain = 739.785 ; free physical = 25149 ; free virtual = 108409
Phase 2 Global Placement | Checksum: c9b548fa

Time (s): cpu = 00:00:19 ; elapsed = 00:00:13 . Memory (MB): peak = 4563.309 ; gain = 739.785 ; free physical = 25149 ; free virtual = 108409

Phase 3 Detail Placement

Phase 3.1 Commit Multi Column Macros
Phase 3.1 Commit Multi Column Macros | Checksum: 118c57cdd

Time (s): cpu = 00:00:19 ; elapsed = 00:00:13 . Memory (MB): peak = 4563.309 ; gain = 739.785 ; free physical = 25153 ; free virtual = 108413

Phase 3.2 Commit Most Macros & LUTRAMs
Phase 3.2 Commit Most Macros & LUTRAMs | Checksum: d95e632b

Time (s): cpu = 00:00:19 ; elapsed = 00:00:13 . Memory (MB): peak = 4563.309 ; gain = 739.785 ; free physical = 25149 ; free virtual = 108409

Phase 3.3 Small Shape DP

Phase 3.3.1 Small Shape Clustering
Phase 3.3.1 Small Shape Clustering | Checksum: 1135e5da3

Time (s): cpu = 00:00:20 ; elapsed = 00:00:13 . Memory (MB): peak = 4563.309 ; gain = 739.785 ; free physical = 25136 ; free virtual = 108396

Phase 3.3.2 DP Optimization
Phase 3.3.2 DP Optimization | Checksum: ff25d334

Time (s): cpu = 00:00:21 ; elapsed = 00:00:13 . Memory (MB): peak = 4563.309 ; gain = 739.785 ; free physical = 25148 ; free virtual = 108408

Phase 3.3.3 Flow Legalize Slice Clusters
Phase 3.3.3 Flow Legalize Slice Clusters | Checksum: d2e2529f

Time (s): cpu = 00:00:21 ; elapsed = 00:00:13 . Memory (MB): peak = 4563.309 ; gain = 739.785 ; free physical = 25148 ; free virtual = 108408

Phase 3.3.4 Slice Area Swap

Phase 3.3.4.1 Slice Area Swap Initial
Phase 3.3.4.1 Slice Area Swap Initial | Checksum: d5d8bb7e

Time (s): cpu = 00:00:22 ; elapsed = 00:00:14 . Memory (MB): peak = 4563.309 ; gain = 739.785 ; free physical = 25148 ; free virtual = 108408
Phase 3.3.4 Slice Area Swap | Checksum: d5d8bb7e

Time (s): cpu = 00:00:22 ; elapsed = 00:00:14 . Memory (MB): peak = 4563.309 ; gain = 739.785 ; free physical = 25110 ; free virtual = 108369
Phase 3.3 Small Shape DP | Checksum: f5a1d336

Time (s): cpu = 00:00:22 ; elapsed = 00:00:14 . Memory (MB): peak = 4563.309 ; gain = 739.785 ; free physical = 25109 ; free virtual = 108369

Phase 3.4 Re-assign LUT pins
Phase 3.4 Re-assign LUT pins | Checksum: 1332c3e19

Time (s): cpu = 00:00:22 ; elapsed = 00:00:14 . Memory (MB): peak = 4563.309 ; gain = 739.785 ; free physical = 25109 ; free virtual = 108369

Phase 3.5 Pipeline Register Optimization
Phase 3.5 Pipeline Register Optimization | Checksum: 1a9a0ccd5

Time (s): cpu = 00:00:22 ; elapsed = 00:00:14 . Memory (MB): peak = 4563.309 ; gain = 739.785 ; free physical = 25109 ; free virtual = 108369
Phase 3 Detail Placement | Checksum: 1a9a0ccd5

Time (s): cpu = 00:00:22 ; elapsed = 00:00:14 . Memory (MB): peak = 4563.309 ; gain = 739.785 ; free physical = 25109 ; free virtual = 108369

Phase 4 Post Placement Optimization and Clean-Up

Phase 4.1 Post Commit Optimization
INFO: [Timing 38-35] Done setting XDC timing constraints.

Phase 4.1.1 Post Placement Optimization
Post Placement Optimization Initialization | Checksum: 1d865003e

Phase 4.1.1.1 BUFG Insertion

Starting Physical Synthesis Task

Phase 1 Physical Synthesis Initialization
INFO: [Physopt 32-721] Multithreading enabled for phys_opt_design using a maximum of 8 CPUs
INFO: [Physopt 32-619] Estimated Timing Summary | WNS=0.453 | TNS=0.000 |
Phase 1 Physical Synthesis Initialization | Checksum: 18b89b068

Time (s): cpu = 00:00:00.07 ; elapsed = 00:00:00.03 . Memory (MB): peak = 4563.309 ; gain = 0.000 ; free physical = 25124 ; free virtual = 108384
INFO: [Place 46-56] BUFG insertion identified 0 candidate nets. Inserted BUFG: 0, Replicated BUFG Driver: 0, Skipped due to Placement/Routing Conflicts: 0, Skipped due to Timing Degradation: 0, Skipped due to Illegal Netlist: 0.
Ending Physical Synthesis Task | Checksum: 138e1cc8a

Time (s): cpu = 00:00:00.08 ; elapsed = 00:00:00.04 . Memory (MB): peak = 4563.309 ; gain = 0.000 ; free physical = 25124 ; free virtual = 108384
Phase 4.1.1.1 BUFG Insertion | Checksum: 1d865003e

Time (s): cpu = 00:00:23 ; elapsed = 00:00:14 . Memory (MB): peak = 4563.309 ; gain = 739.785 ; free physical = 25124 ; free virtual = 108384

Phase 4.1.1.2 Post Placement Timing Optimization
INFO: [Place 30-746] Post Placement Timing Summary WNS=0.526. For the most accurate timing information please run report_timing.
Phase 4.1.1.2 Post Placement Timing Optimization | Checksum: 16e700ef4

Time (s): cpu = 00:00:23 ; elapsed = 00:00:15 . Memory (MB): peak = 4563.309 ; gain = 739.785 ; free physical = 25123 ; free virtual = 108383

Time (s): cpu = 00:00:23 ; elapsed = 00:00:15 . Memory (MB): peak = 4563.309 ; gain = 739.785 ; free physical = 25123 ; free virtual = 108383
Phase 4.1 Post Commit Optimization | Checksum: 16e700ef4

Time (s): cpu = 00:00:23 ; elapsed = 00:00:15 . Memory (MB): peak = 4563.309 ; gain = 739.785 ; free physical = 25123 ; free virtual = 108383
Netlist sorting complete. Time (s): cpu = 00:00:00 ; elapsed = 00:00:00 . Memory (MB): peak = 4563.309 ; gain = 0.000 ; free physical = 25151 ; free virtual = 108411

Phase 4.2 Post Placement Cleanup
Phase 4.2 Post Placement Cleanup | Checksum: 190f703a8

Time (s): cpu = 00:00:24 ; elapsed = 00:00:15 . Memory (MB): peak = 4563.309 ; gain = 739.785 ; free physical = 25158 ; free virtual = 108417

Phase 4.3 Placer Reporting

Phase 4.3.1 Print Estimated Congestion
INFO: [Place 30-612] Post-Placement Estimated Congestion 
 ____________________________________________________
|           | Global Congestion | Short Congestion  |
| Direction | Region Size       | Region Size       |
|___________|___________________|___________________|
|      North|                1x1|                2x2|
|___________|___________________|___________________|
|      South|                1x1|                2x2|
|___________|___________________|___________________|
|       East|                1x1|                1x1|
|___________|___________________|___________________|
|       West|                1x1|                2x2|
|___________|___________________|___________________|

Phase 4.3.1 Print Estimated Congestion | Checksum: 190f703a8

Time (s): cpu = 00:00:24 ; elapsed = 00:00:15 . Memory (MB): peak = 4563.309 ; gain = 739.785 ; free physical = 25158 ; free virtual = 108417
Phase 4.3 Placer Reporting | Checksum: 190f703a8

Time (s): cpu = 00:00:24 ; elapsed = 00:00:15 . Memory (MB): peak = 4563.309 ; gain = 739.785 ; free physical = 25158 ; free virtual = 108417

Phase 4.4 Final Placement Cleanup
Netlist sorting complete. Time (s): cpu = 00:00:00 ; elapsed = 00:00:00 . Memory (MB): peak = 4563.309 ; gain = 0.000 ; free physical = 25158 ; free virtual = 108417

Time (s): cpu = 00:00:24 ; elapsed = 00:00:15 . Memory (MB): peak = 4563.309 ; gain = 739.785 ; free physical = 25158 ; free virtual = 108417
Phase 4 Post Placement Optimization and Clean-Up | Checksum: 1cd28f66a

Time (s): cpu = 00:00:24 ; elapsed = 00:00:15 . Memory (MB): peak = 4563.309 ; gain = 739.785 ; free physical = 25158 ; free virtual = 108417
Ending Placer Task | Checksum: 19f4c80de

Time (s): cpu = 00:00:24 ; elapsed = 00:00:15 . Memory (MB): peak = 4563.309 ; gain = 739.785 ; free physical = 25158 ; free virtual = 108417
INFO: [Common 17-83] Releasing license: Implementation
106 Infos, 6 Warnings, 0 Critical Warnings and 0 Errors encountered.
place_design completed successfully
INFO: [Common 17-600] The following parameters have non-default value.
tcl.statsThreshold
INFO: [Timing 38-480] Writing timing data to binary archive.
Writing XDEF routing.
Writing XDEF routing logical nets.
Writing XDEF routing special nets.
Write XDEF Complete: Time (s): cpu = 00:00:00.3 ; elapsed = 00:00:00.1 . Memory (MB): peak = 4563.309 ; gain = 0.000 ; free physical = 25274 ; free virtual = 108540
INFO: [Common 17-1381] The checkpoint '/home/williams/MYFPGA/FPGA Final/sda_codec_clean/sda_codec_clean/sda_codec_clean.runs/impl_1/top_placed.dcp' has been generated.
INFO: [runtcl-4] Executing : report_io -file top_io_placed.rpt
report_io: Time (s): cpu = 00:00:00.12 ; elapsed = 00:00:00.2 . Memory (MB): peak = 4563.309 ; gain = 0.000 ; free physical = 25262 ; free virtual = 108523
INFO: [runtcl-4] Executing : report_utilization -file top_utilization_placed.rpt -pb top_utilization_placed.pb
INFO: [runtcl-4] Executing : report_control_sets -verbose -file top_control_sets_placed.rpt
report_control_sets: Time (s): cpu = 00:00:00.02 ; elapsed = 00:00:00.09 . Memory (MB): peak = 4563.309 ; gain = 0.000 ; free physical = 25271 ; free virtual = 108533
Command: phys_opt_design
Attempting to get a license for feature 'Implementation' and/or device 'xcku060'
INFO: [Common 17-349] Got license for feature 'Implementation' and/or device 'xcku060'

Starting Initial Update Timing Task

Time (s): cpu = 00:00:00.42 ; elapsed = 00:00:00.12 . Memory (MB): peak = 4563.309 ; gain = 0.000 ; free physical = 25240 ; free virtual = 108502
INFO: [Vivado_Tcl 4-383] Design worst setup slack (WNS) is greater than or equal to 0.000 ns. Skipping all physical synthesis optimizations.
INFO: [Vivado_Tcl 4-232] No setup violation found. The netlist was not modified.
INFO: [Common 17-83] Releasing license: Implementation
116 Infos, 6 Warnings, 0 Critical Warnings and 0 Errors encountered.
phys_opt_design completed successfully
INFO: [Common 17-600] The following parameters have non-default value.
tcl.statsThreshold
INFO: [Timing 38-480] Writing timing data to binary archive.
Writing XDEF routing.
Writing XDEF routing logical nets.
Writing XDEF routing special nets.
Write XDEF Complete: Time (s): cpu = 00:00:00.31 ; elapsed = 00:00:00.09 . Memory (MB): peak = 4563.309 ; gain = 0.000 ; free physical = 25227 ; free virtual = 108495
INFO: [Common 17-1381] The checkpoint '/home/williams/MYFPGA/FPGA Final/sda_codec_clean/sda_codec_clean/sda_codec_clean.runs/impl_1/top_physopt.dcp' has been generated.
Command: route_design
Attempting to get a license for feature 'Implementation' and/or device 'xcku060'
INFO: [Common 17-349] Got license for feature 'Implementation' and/or device 'xcku060'
Running DRC as a precondition to command route_design
INFO: [DRC 23-27] Running DRC with 8 threads
INFO: [Vivado_Tcl 4-198] DRC finished with 0 Errors
INFO: [Vivado_Tcl 4-199] Please refer to the DRC report (report_drc) for more information.


Starting Routing Task
INFO: [Route 35-254] Multithreading enabled for route_design using a maximum of 8 CPUs

Phase 1 Build RT Design
Checksum: PlaceDB: ad0e8608 ConstDB: 0 ShapeSum: cfb70622 RouteDB: 2286f4b4
Post Restoration Checksum: NetGraph: 696491ab NumContArr: 248b90c3 Constraints: ce5b6c5a Timing: 0
Phase 1 Build RT Design | Checksum: 15c4b8ec8

Time (s): cpu = 00:01:01 ; elapsed = 00:00:55 . Memory (MB): peak = 4563.309 ; gain = 0.000 ; free physical = 25180 ; free virtual = 108445

Phase 2 Router Initialization

Phase 2.1 Fix Topology Constraints
Phase 2.1 Fix Topology Constraints | Checksum: 15c4b8ec8

Time (s): cpu = 00:01:01 ; elapsed = 00:00:55 . Memory (MB): peak = 4563.309 ; gain = 0.000 ; free physical = 25125 ; free virtual = 108390

Phase 2.2 Pre Route Cleanup
Phase 2.2 Pre Route Cleanup | Checksum: 15c4b8ec8

Time (s): cpu = 00:01:01 ; elapsed = 00:00:55 . Memory (MB): peak = 4563.309 ; gain = 0.000 ; free physical = 25125 ; free virtual = 108390

Phase 2.3 Global Clock Net Routing
 Number of Nodes with overlaps = 0
Phase 2.3 Global Clock Net Routing | Checksum: 1e10607ca

Time (s): cpu = 00:01:02 ; elapsed = 00:00:55 . Memory (MB): peak = 4671.949 ; gain = 108.641 ; free physical = 24967 ; free virtual = 108232

Phase 2.4 Update Timing
Phase 2.4 Update Timing | Checksum: 2b3ae2509

Time (s): cpu = 00:01:03 ; elapsed = 00:00:57 . Memory (MB): peak = 4671.949 ; gain = 108.641 ; free physical = 25069 ; free virtual = 108333
INFO: [Route 35-416] Intermediate Timing Summary | WNS=0.675  | TNS=0.000  | WHS=-0.080 | THS=-1.084 |


Phase 2.5 Update Timing for Bus Skew

Phase 2.5.1 Update Timing
Phase 2.5.1 Update Timing | Checksum: 2d3c2e9e2

Time (s): cpu = 00:01:04 ; elapsed = 00:00:57 . Memory (MB): peak = 4671.949 ; gain = 108.641 ; free physical = 25068 ; free virtual = 108333
INFO: [Route 35-416] Intermediate Timing Summary | WNS=0.675  | TNS=0.000  | WHS=N/A    | THS=N/A    |

Phase 2.5 Update Timing for Bus Skew | Checksum: 2e5ca63dc

Time (s): cpu = 00:01:04 ; elapsed = 00:00:57 . Memory (MB): peak = 4671.949 ; gain = 108.641 ; free physical = 25068 ; free virtual = 108333

Router Utilization Summary
  Global Vertical Routing Utilization    = 0.00125642 %
  Global Horizontal Routing Utilization  = 0.000915378 %
  Routable Net Status*
  *Does not include unroutable nets such as driverless and loadless.
  Run report_route_status for detailed report.
  Number of Failed Nets               = 2542
    (Failed Nets is the sum of unrouted and partially routed nets)
  Number of Unrouted Nets             = 2161
  Number of Partially Routed Nets     = 381
  Number of Node Overlaps             = 0

Phase 2 Router Initialization | Checksum: 2f7b6751d

Time (s): cpu = 00:01:05 ; elapsed = 00:00:57 . Memory (MB): peak = 4671.949 ; gain = 108.641 ; free physical = 24862 ; free virtual = 108127

Phase 3 Initial Routing

Phase 3.1 Global Routing
Phase 3.1 Global Routing | Checksum: 2f7b6751d

Time (s): cpu = 00:01:05 ; elapsed = 00:00:57 . Memory (MB): peak = 4671.949 ; gain = 108.641 ; free physical = 24862 ; free virtual = 108127
Phase 3 Initial Routing | Checksum: 2a94ff0d9

Time (s): cpu = 00:01:07 ; elapsed = 00:00:58 . Memory (MB): peak = 4671.949 ; gain = 108.641 ; free physical = 24879 ; free virtual = 108144

Phase 4 Rip-up And Reroute

Phase 4.1 Global Iteration 0
 Number of Nodes with overlaps = 370
 Number of Nodes with overlaps = 15
 Number of Nodes with overlaps = 1
 Number of Nodes with overlaps = 1
 Number of Nodes with overlaps = 1
 Number of Nodes with overlaps = 1
 Number of Nodes with overlaps = 1
 Number of Nodes with overlaps = 1
 Number of Nodes with overlaps = 1
 Number of Nodes with overlaps = 1
 Number of Nodes with overlaps = 1
 Number of Nodes with overlaps = 0
INFO: [Route 35-416] Intermediate Timing Summary | WNS=0.682  | TNS=0.000  | WHS=0.013  | THS=0.000  |

Phase 4.1 Global Iteration 0 | Checksum: 13421161f

Time (s): cpu = 00:01:17 ; elapsed = 00:01:07 . Memory (MB): peak = 4681.629 ; gain = 118.320 ; free physical = 25064 ; free virtual = 108329

Phase 4.2 Additional Iteration for Hold
Phase 4.2 Additional Iteration for Hold | Checksum: 1f1429ce5

Time (s): cpu = 00:01:17 ; elapsed = 00:01:08 . Memory (MB): peak = 4681.629 ; gain = 118.320 ; free physical = 25064 ; free virtual = 108329
Phase 4 Rip-up And Reroute | Checksum: 1f1429ce5

Time (s): cpu = 00:01:17 ; elapsed = 00:01:08 . Memory (MB): peak = 4681.629 ; gain = 118.320 ; free physical = 25064 ; free virtual = 108329

Phase 5 Delay and Skew Optimization

Phase 5.1 Delay CleanUp
Phase 5.1 Delay CleanUp | Checksum: 1f1429ce5

Time (s): cpu = 00:01:17 ; elapsed = 00:01:08 . Memory (MB): peak = 4681.629 ; gain = 118.320 ; free physical = 25064 ; free virtual = 108329

Phase 5.2 Clock Skew Optimization
Phase 5.2 Clock Skew Optimization | Checksum: 1f1429ce5

Time (s): cpu = 00:01:17 ; elapsed = 00:01:08 . Memory (MB): peak = 4681.629 ; gain = 118.320 ; free physical = 25064 ; free virtual = 108329
Phase 5 Delay and Skew Optimization | Checksum: 1f1429ce5

Time (s): cpu = 00:01:17 ; elapsed = 00:01:08 . Memory (MB): peak = 4681.629 ; gain = 118.320 ; free physical = 25064 ; free virtual = 108329

Phase 6 Post Hold Fix

Phase 6.1 Hold Fix Iter

Phase 6.1.1 Update Timing
Phase 6.1.1 Update Timing | Checksum: 1c6ddb3c1

Time (s): cpu = 00:01:17 ; elapsed = 00:01:08 . Memory (MB): peak = 4681.629 ; gain = 118.320 ; free physical = 25064 ; free virtual = 108329
INFO: [Route 35-416] Intermediate Timing Summary | WNS=0.682  | TNS=0.000  | WHS=0.013  | THS=0.000  |

Phase 6.1 Hold Fix Iter | Checksum: 17de68d82

Time (s): cpu = 00:01:17 ; elapsed = 00:01:08 . Memory (MB): peak = 4681.629 ; gain = 118.320 ; free physical = 25064 ; free virtual = 108329
Phase 6 Post Hold Fix | Checksum: 17de68d82

Time (s): cpu = 00:01:17 ; elapsed = 00:01:08 . Memory (MB): peak = 4681.629 ; gain = 118.320 ; free physical = 25064 ; free virtual = 108329

Phase 7 Route finalize

Router Utilization Summary
  Global Vertical Routing Utilization    = 0.0512458 %
  Global Horizontal Routing Utilization  = 0.0492948 %
  Routable Net Status*
  *Does not include unroutable nets such as driverless and loadless.
  Run report_route_status for detailed report.
  Number of Failed Nets               = 0
    (Failed Nets is the sum of unrouted and partially routed nets)
  Number of Unrouted Nets             = 0
  Number of Partially Routed Nets     = 0
  Number of Node Overlaps             = 0

Phase 7 Route finalize | Checksum: 1a398708e

Time (s): cpu = 00:01:19 ; elapsed = 00:01:08 . Memory (MB): peak = 4681.629 ; gain = 118.320 ; free physical = 25064 ; free virtual = 108329

Phase 8 Verifying routed nets

 Verification completed successfully
Phase 8 Verifying routed nets | Checksum: 1a398708e

Time (s): cpu = 00:01:19 ; elapsed = 00:01:08 . Memory (MB): peak = 4681.629 ; gain = 118.320 ; free physical = 25064 ; free virtual = 108329

Phase 9 Depositing Routes
Phase 9 Depositing Routes | Checksum: 1a398708e

Time (s): cpu = 00:01:19 ; elapsed = 00:01:08 . Memory (MB): peak = 4681.629 ; gain = 118.320 ; free physical = 25064 ; free virtual = 108329

Phase 10 Post Router Timing
INFO: [Route 35-57] Estimated Timing Summary | WNS=0.682  | TNS=0.000  | WHS=0.013  | THS=0.000  |

INFO: [Route 35-327] The final timing numbers are based on the router estimated timing analysis. For a complete and accurate timing signoff, please run report_timing_summary.
Phase 10 Post Router Timing | Checksum: 1a398708e

Time (s): cpu = 00:01:19 ; elapsed = 00:01:08 . Memory (MB): peak = 4681.629 ; gain = 118.320 ; free physical = 25064 ; free virtual = 108329
INFO: [Route 35-16] Router Completed Successfully

Time (s): cpu = 00:01:19 ; elapsed = 00:01:08 . Memory (MB): peak = 4681.629 ; gain = 118.320 ; free physical = 25148 ; free virtual = 108413

Routing Is Done.
INFO: [Common 17-83] Releasing license: Implementation
132 Infos, 6 Warnings, 0 Critical Warnings and 0 Errors encountered.
route_design completed successfully
INFO: [Common 17-600] The following parameters have non-default value.
tcl.statsThreshold
INFO: [Timing 38-480] Writing timing data to binary archive.
Writing XDEF routing.
Writing XDEF routing logical nets.
Writing XDEF routing special nets.
Write XDEF Complete: Time (s): cpu = 00:00:00.34 ; elapsed = 00:00:00.12 . Memory (MB): peak = 4681.629 ; gain = 0.000 ; free physical = 25135 ; free virtual = 108406
INFO: [Common 17-1381] The checkpoint '/home/williams/MYFPGA/FPGA Final/sda_codec_clean/sda_codec_clean/sda_codec_clean.runs/impl_1/top_routed.dcp' has been generated.
INFO: [runtcl-4] Executing : report_drc -file top_drc_routed.rpt -pb top_drc_routed.pb -rpx top_drc_routed.rpx
Command: report_drc -file top_drc_routed.rpt -pb top_drc_routed.pb -rpx top_drc_routed.rpx
INFO: [IP_Flow 19-1839] IP Catalog is up to date.
INFO: [DRC 23-27] Running DRC with 8 threads
INFO: [Vivado_Tcl 2-168] The results of DRC are in file /home/williams/MYFPGA/FPGA Final/sda_codec_clean/sda_codec_clean/sda_codec_clean.runs/impl_1/top_drc_routed.rpt.
report_drc completed successfully
INFO: [runtcl-4] Executing : report_methodology -file top_methodology_drc_routed.rpt -pb top_methodology_drc_routed.pb -rpx top_methodology_drc_routed.rpx
Command: report_methodology -file top_methodology_drc_routed.rpt -pb top_methodology_drc_routed.pb -rpx top_methodology_drc_routed.rpx
INFO: [Timing 38-35] Done setting XDC timing constraints.
INFO: [DRC 23-133] Running Methodology with 8 threads
INFO: [Vivado_Tcl 2-1520] The results of Report Methodology are in file /home/williams/MYFPGA/FPGA Final/sda_codec_clean/sda_codec_clean/sda_codec_clean.runs/impl_1/top_methodology_drc_routed.rpt.
report_methodology completed successfully
INFO: [runtcl-4] Executing : report_power -file top_power_routed.rpt -pb top_power_summary_routed.pb -rpx top_power_routed.rpx
Command: report_power -file top_power_routed.rpt -pb top_power_summary_routed.pb -rpx top_power_routed.rpx
INFO: [Timing 38-35] Done setting XDC timing constraints.
Running Vector-less Activity Propagation...

Finished Running Vector-less Activity Propagation
145 Infos, 6 Warnings, 0 Critical Warnings and 0 Errors encountered.
report_power completed successfully
INFO: [runtcl-4] Executing : report_route_status -file top_route_status.rpt -pb top_route_status.pb
INFO: [runtcl-4] Executing : report_timing_summary -max_paths 10 -report_unconstrained -file top_timing_summary_routed.rpt -pb top_timing_summary_routed.pb -rpx top_timing_summary_routed.rpx -warn_on_violation 
INFO: [Timing 38-91] UpdateTimingParams: Speed grade: -2, Temperature grade: I, Delay Type: min_max.
INFO: [Timing 38-191] Multithreading enabled for timing update using a maximum of 8 CPUs
WARNING: [Timing 38-436] There are set_bus_skew constraint(s) in this design. Please run report_bus_skew to ensure that bus skew requirements are met.
INFO: [runtcl-4] Executing : report_incremental_reuse -file top_incremental_reuse_routed.rpt
INFO: [Vivado_Tcl 4-1062] Incremental flow is disabled. No incremental reuse Info to report.
INFO: [runtcl-4] Executing : report_clock_utilization -file top_clock_utilization_routed.rpt
INFO: [runtcl-4] Executing : report_bus_skew -warn_on_violation -file top_bus_skew_routed.rpt -pb top_bus_skew_routed.pb -rpx top_bus_skew_routed.rpx
INFO: [Timing 38-91] UpdateTimingParams: Speed grade: -2, Temperature grade: I, Delay Type: min_max.
INFO: [Timing 38-191] Multithreading enabled for timing update using a maximum of 8 CPUs
INFO: [Common 17-206] Exiting Vivado at Thu Aug  6 16:43:23 2026...

*** Running vivado
    with args -log top.vdi -applog -m64 -product Vivado -messageDb vivado.pb -mode batch -source top.tcl -notrace


****** Vivado v2022.2 (64-bit)
  **** SW Build 3671981 on Fri Oct 14 04:59:54 MDT 2022
  **** IP Build 3669848 on Fri Oct 14 08:30:02 MDT 2022
    ** Copyright 1986-2022 Xilinx, Inc. All Rights Reserved.

source top.tcl -notrace
Command: open_checkpoint top_routed.dcp
INFO: [Device 21-403] Loading part xcku060-ffva1156-2-i
Netlist sorting complete. Time (s): cpu = 00:00:00.02 ; elapsed = 00:00:00.01 . Memory (MB): peak = 2697.633 ; gain = 0.000 ; free physical = 26592 ; free virtual = 109858
INFO: [Netlist 29-17] Analyzing 63 Unisim elements for replacement
INFO: [Netlist 29-28] Unisim Transformation completed in 0 CPU seconds
INFO: [Project 1-479] Netlist was created with Vivado 2022.2
INFO: [Project 1-570] Preparing netlist for logic optimization
WARNING: [Constraints 18-550] Could not create 'IBUF_LOW_PWR' constraint because net 'clk_wiz_0_inst/clk_in1' is not directly connected to top level port. Synthesis is ignored for IBUF_LOW_PWR but preserved for implementation.
INFO: [Timing 38-478] Restoring timing data from binary archive.
INFO: [Timing 38-479] Binary timing data restore complete.
INFO: [Project 1-856] Restoring constraints from binary archive.
INFO: [Project 1-853] Binary constraint restore complete.
Reading XDEF placement.
Reading placer database...
Reading XDEF routing.
Read XDEF Files: Time (s): cpu = 00:00:00.13 ; elapsed = 00:00:00.14 . Memory (MB): peak = 3103.469 ; gain = 22.781 ; free physical = 26303 ; free virtual = 109570
Restored from archive | CPU: 0.150000 secs | Memory: 5.501831 MB |
Finished XDEF File Restore: Time (s): cpu = 00:00:00.14 ; elapsed = 00:00:00.15 . Memory (MB): peak = 3103.469 ; gain = 22.781 ; free physical = 26303 ; free virtual = 109570
Netlist sorting complete. Time (s): cpu = 00:00:00 ; elapsed = 00:00:00 . Memory (MB): peak = 3220.867 ; gain = 0.000 ; free physical = 26186 ; free virtual = 109453
INFO: [Project 1-111] Unisim Transformation Summary:
  A total of 43 instances were transformed.
  CFGLUT5 => CFGLUT5 (SRL16E, SRLC32E): 36 instances
  IBUFGDS => IBUFDS (DIFFINBUF, IBUFCTRL): 1 instance 
  RAM32M16 => RAM32M16 (RAMD32(x14), RAMS32(x2)): 2 instances
  RAM32X1D => RAM32X1D (RAMD32(x2)): 4 instances

INFO: [Project 1-604] Checkpoint was created with Vivado v2022.2 (64-bit) build 3671981
OpenCheckpoint Checksum | Checksum: 1b847b40a
----- Checksum: PlaceDB: 3fbc6db3 ShapeSum: cfb70622 RouteDB: a8d44035 
Command: write_bitstream -force top.bit
Attempting to get a license for feature 'Implementation' and/or device 'xcku060'
INFO: [Common 17-349] Got license for feature 'Implementation' and/or device 'xcku060'
Running DRC as a precondition to command write_bitstream
INFO: [IP_Flow 19-234] Refreshing IP repositories
INFO: [IP_Flow 19-1704] No user IP repositories specified
INFO: [IP_Flow 19-2313] Loaded Vivado IP repository '/tools/Xilinx/Vivado/2022.2/data/ip'.
INFO: [DRC 23-27] Running DRC with 8 threads
WARNING: [DRC CFGBVS-1] Missing CFGBVS and CONFIG_VOLTAGE Design Properties: Neither the CFGBVS nor CONFIG_VOLTAGE voltage property is set in the current_design.  Configuration bank voltage select (CFGBVS) must be set to VCCO or GND, and CONFIG_VOLTAGE must be set to the correct configuration voltage, in order to determine the I/O voltage support for the pins in bank 0.  It is suggested to specify these either using the 'Edit Device Properties' function in the GUI or directly in the XDC file using the following syntax:

 set_property CFGBVS value1 [current_design]
 #where value1 is either VCCO or GND

 set_property CONFIG_VOLTAGE value2 [current_design]
 #where value2 is the voltage provided to configuration bank 0

Refer to the device configuration user guide for more information.
WARNING: [DRC PDCN-1569] LUT equation term check: Used physical LUT pin 'A1' of cell dbg_hub/inst/BSCANID.u_xsdbm_id/SWITCH_N_EXT_BSCAN.bscan_switch/temp_curid[31]_i_1 (pin dbg_hub/inst/BSCANID.u_xsdbm_id/SWITCH_N_EXT_BSCAN.bscan_switch/temp_curid[31]_i_1/I0) is not included in the LUT equation: 'O5=(A3*A5)+(A3*(~A5)*(~A2))+((~A3))'. If this cell is a user instantiated LUT in the design, please remove connectivity to the pin or change the equation and/or INIT string of the LUT to prevent this issue. If the cell is inferred or IP created LUT, please regenerate the IP and/or resynthesize the design to attempt to correct the issue.
WARNING: [DRC PDCN-1569] LUT equation term check: Used physical LUT pin 'A1' of cell dbg_hub/inst/BSCANID.u_xsdbm_id/SWITCH_N_EXT_BSCAN.id_state[0]_i_1 (pin dbg_hub/inst/BSCANID.u_xsdbm_id/SWITCH_N_EXT_BSCAN.id_state[0]_i_1/I0) is not included in the LUT equation: 'O6=(A6+~A6)*((A3))'. If this cell is a user instantiated LUT in the design, please remove connectivity to the pin or change the equation and/or INIT string of the LUT to prevent this issue. If the cell is inferred or IP created LUT, please regenerate the IP and/or resynthesize the design to attempt to correct the issue.
WARNING: [DRC PDCN-1569] LUT equation term check: Used physical LUT pin 'A4' of cell dbg_hub/inst/BSCANID.u_xsdbm_id/SWITCH_N_EXT_BSCAN.bscan_switch/temp_curid[31]_i_1 (pin dbg_hub/inst/BSCANID.u_xsdbm_id/SWITCH_N_EXT_BSCAN.bscan_switch/temp_curid[31]_i_1/I1) is not included in the LUT equation: 'O5=(A3*A5)+(A3*(~A5)*(~A2))+((~A3))'. If this cell is a user instantiated LUT in the design, please remove connectivity to the pin or change the equation and/or INIT string of the LUT to prevent this issue. If the cell is inferred or IP created LUT, please regenerate the IP and/or resynthesize the design to attempt to correct the issue.
WARNING: [DRC RTSTAT-10] No routable loads: 58 net(s) have no routable loads. The problem bus(es) and/or net(s) are dbg_hub/inst/BSCANID.u_xsdbm_id/SWITCH_N_EXT_BSCAN.bscan_inst/TMS, dbg_hub/inst/BSCANID.u_xsdbm_id/CORE_XSDB.UUT_MASTER/U_ICON_INTERFACE/U_CMD6_RD/U_RD_FIFO/SUBCORE_FIFO.xsdbm_v3_0_0_rdfifo_inst/inst_fifo_gen/gconvfifo.rf/grf.rf/gntv_or_sync_fifo.gl0.rd/gr1.gr1_int.rfwft/aempty_fwft_i, dbg_hub/inst/BSCANID.u_xsdbm_id/CORE_XSDB.UUT_MASTER/U_ICON_INTERFACE/U_CMD7_CTL/ctl_reg[2:0], dbg_hub/inst/BSCANID.u_xsdbm_id/CORE_XSDB.UUT_MASTER/U_ICON_INTERFACE/U_CMD7_CTL/ctl_reg_en_2[1], dbg_hub/inst/BSCANID.u_xsdbm_id/CORE_XSDB.UUT_MASTER/U_ICON_INTERFACE/U_CMD1/ctl_reg_en_2[1], data_out[31:0], flag, dbg_hub/inst/BSCANID.u_xsdbm_id/SWITCH_N_EXT_BSCAN.bscan_switch/m_bscan_capture[0], dbg_hub/inst/BSCANID.u_xsdbm_id/SWITCH_N_EXT_BSCAN.bscan_switch/m_bscan_drck[0], dbg_hub/inst/BSCANID.u_xsdbm_id/SWITCH_N_EXT_BSCAN.bscan_switch/m_bscan_runtest[0], dbg_hub/inst/BSCANID.u_xsdbm_id/CORE_XSDB.UUT_MASTER/U_ICON_INTERFACE/U_CMD6_WR/U_WR_FIFO/SUBCORE_FIFO.xsdbm_v3_0_0_wrfifo_inst/inst_fifo_gen/gconvfifo.rf/grf.rf/rstblk/ngwrdrst.grst.rd_rst_reg[0], dbg_hub/inst/BSCANID.u_xsdbm_id/CORE_XSDB.UUT_MASTER/U_ICON_INTERFACE/U_CMD6_RD/U_RD_FIFO/SUBCORE_FIFO.xsdbm_v3_0_0_rdfifo_inst/inst_fifo_gen/gconvfifo.rf/grf.rf/rstblk/ngwrdrst.grst.wr_rst_reg[2], dbg_hub/inst/BSCANID.u_xsdbm_id/CORE_XSDB.UUT_MASTER/U_ICON_INTERFACE/U_CMD6_WR/U_WR_FIFO/SUBCORE_FIFO.xsdbm_v3_0_0_wrfifo_inst/inst_fifo_gen/gconvfifo.rf/grf.rf/rstblk/ngwrdrst.grst.wr_rst_reg[2], dbg_hub/inst/BSCANID.u_xsdbm_id/CORE_XSDB.UUT_MASTER/U_ICON_INTERFACE/U_CMD6_WR/U_WR_FIFO/SUBCORE_FIFO.xsdbm_v3_0_0_wrfifo_inst/inst_fifo_gen/gconvfifo.rf/grf.rf/gntv_or_sync_fifo.gl0.wr/gwhf.whf/overflow, dbg_hub/inst/BSCANID.u_xsdbm_id/CORE_XSDB.UUT_MASTER/U_ICON_INTERFACE/U_CMD6_RD/U_RD_FIFO/SUBCORE_FIFO.xsdbm_v3_0_0_rdfifo_inst/inst_fifo_gen/gconvfifo.rf/grf.rf/gntv_or_sync_fifo.gl0.wr/gwhf.whf/overflow... and (the first 15 of 25 listed).
INFO: [Vivado 12-3199] DRC finished with 0 Errors, 5 Warnings
INFO: [Vivado 12-3200] Please refer to the DRC report (report_drc) for more information.
INFO: [Designutils 20-2272] Running write_bitstream with 8 threads.
Loading data files...
Loading site data...
Loading route data...
Processing options...
Creating bitmap...
Creating bitstream...
Writing bitstream ./top.bit...
INFO: [Vivado 12-1842] Bitgen Completed Successfully.
INFO: [Common 17-83] Releasing license: Implementation
21 Infos, 6 Warnings, 0 Critical Warnings and 0 Errors encountered.
write_bitstream completed successfully
INFO: [Common 17-206] Exiting Vivado at Thu Aug  6 16:49:32 2026...
