Copyright 1986-2022 Xilinx, Inc. All Rights Reserved.
---------------------------------------------------------------------------------------------------
| Tool Version : Vivado v.2022.2 (lin64) Build 3671981 Fri Oct 14 04:59:54 MDT 2022
| Date         : Thu Aug  6 16:42:08 2026
| Host         : Williams running 64-bit Ubuntu 22.04.5 LTS
| Command      : report_utilization -file top_utilization_placed.rpt -pb top_utilization_placed.pb
| Design       : top
| Device       : xcku060-ffva1156-2-i
| Speed File   : -2
| Design State : Fully Placed
---------------------------------------------------------------------------------------------------

Utilization Design Information

Table of Contents
-----------------
1. CLB Logic
1.1 Summary of Registers by Type
2. CLB Logic Distribution
3. BLOCKRAM
4. ARITHMETIC
5. I/O
6. CLOCK
7. ADVANCED
8. CONFIGURATION
9. Primitives
10. Black Boxes
11. Instantiated Netlists

1. CLB Logic
------------

+----------------------------+------+-------+------------+-----------+-------+
|          Site Type         | Used | Fixed | Prohibited | Available | Util% |
+----------------------------+------+-------+------------+-----------+-------+
| CLB LUTs                   | 1076 |     0 |          0 |    331680 |  0.32 |
|   LUT as Logic             |  984 |     0 |          0 |    331680 |  0.30 |
|   LUT as Memory            |   92 |     0 |          0 |    146880 |  0.06 |
|     LUT as Distributed RAM |   20 |     0 |            |           |       |
|     LUT as Shift Register  |   72 |     0 |            |           |       |
| CLB Registers              | 1848 |     0 |          0 |    663360 |  0.28 |
|   Register as Flip Flop    | 1848 |     0 |          0 |    663360 |  0.28 |
|   Register as Latch        |    0 |     0 |          0 |    663360 |  0.00 |
| CARRY8                     |   16 |     0 |          0 |     41460 |  0.04 |
| F7 Muxes                   |    3 |     0 |          0 |    165840 | <0.01 |
| F8 Muxes                   |    0 |     0 |          0 |     82920 |  0.00 |
| F9 Muxes                   |    0 |     0 |          0 |     41460 |  0.00 |
+----------------------------+------+-------+------------+-----------+-------+
* Warning! LUT value is adjusted to account for LUT combining.


1.1 Summary of Registers by Type
--------------------------------

+-------+--------------+-------------+--------------+
| Total | Clock Enable | Synchronous | Asynchronous |
+-------+--------------+-------------+--------------+
| 0     |            _ |           - |            - |
| 0     |            _ |           - |          Set |
| 0     |            _ |           - |        Reset |
| 0     |            _ |         Set |            - |
| 0     |            _ |       Reset |            - |
| 0     |          Yes |           - |            - |
| 41    |          Yes |           - |          Set |
| 184   |          Yes |           - |        Reset |
| 20    |          Yes |         Set |            - |
| 1603  |          Yes |       Reset |            - |
+-------+--------------+-------------+--------------+


2. CLB Logic Distribution
-------------------------

+--------------------------------------------+------+-------+------------+-----------+-------+
|                  Site Type                 | Used | Fixed | Prohibited | Available | Util% |
+--------------------------------------------+------+-------+------------+-----------+-------+
| CLB                                        |  306 |     0 |          0 |     41460 |  0.74 |
|   CLBL                                     |  157 |     0 |            |           |       |
|   CLBM                                     |  149 |     0 |            |           |       |
| LUT as Logic                               |  984 |     0 |          0 |    331680 |  0.30 |
|   using O5 output only                     |   43 |       |            |           |       |
|   using O6 output only                     |  721 |       |            |           |       |
|   using O5 and O6                          |  220 |       |            |           |       |
| LUT as Memory                              |   92 |     0 |          0 |    146880 |  0.06 |
|   LUT as Distributed RAM                   |   20 |     0 |            |           |       |
|     using O5 output only                   |    0 |       |            |           |       |
|     using O6 output only                   |    0 |       |            |           |       |
|     using O5 and O6                        |   20 |       |            |           |       |
|   LUT as Shift Register                    |   72 |     0 |            |           |       |
|     using O5 output only                   |    0 |       |            |           |       |
|     using O6 output only                   |   28 |       |            |           |       |
|     using O5 and O6                        |   44 |       |            |           |       |
| CLB Registers                              | 1848 |     0 |          0 |    663360 |  0.28 |
|   Register driven from within the CLB      |  727 |       |            |           |       |
|   Register driven from outside the CLB     | 1121 |       |            |           |       |
|     LUT in front of the register is unused |  833 |       |            |           |       |
|     LUT in front of the register is used   |  288 |       |            |           |       |
| Unique Control Sets                        |  112 |       |          0 |     82920 |  0.14 |
+--------------------------------------------+------+-------+------------+-----------+-------+
* * Note: Available Control Sets calculated as Slices * 2, Review the Control Sets Report for more information regarding control sets.


3. BLOCKRAM
-----------

+-------------------+------+-------+------------+-----------+-------+
|     Site Type     | Used | Fixed | Prohibited | Available | Util% |
+-------------------+------+-------+------------+-----------+-------+
| Block RAM Tile    |  0.5 |     0 |          0 |      1080 |  0.05 |
|   RAMB36/FIFO*    |    0 |     0 |          0 |      1080 |  0.00 |
|   RAMB18          |    1 |     0 |          0 |      2160 |  0.05 |
|     RAMB18E2 only |    1 |       |            |           |       |
+-------------------+------+-------+------------+-----------+-------+
* Note: Each Block RAM Tile only has one FIFO logic available and therefore can accommodate only one FIFO36E2 or one FIFO18E2. However, if a FIFO18E2 occupies a Block RAM Tile, that tile can still accommodate a RAMB18E2


4. ARITHMETIC
-------------

+-----------+------+-------+------------+-----------+-------+
| Site Type | Used | Fixed | Prohibited | Available | Util% |
+-----------+------+-------+------------+-----------+-------+
| DSPs      |    0 |     0 |          0 |      2760 |  0.00 |
+-----------+------+-------+------------+-----------+-------+


5. I/O
------

+------------------+------+-------+------------+-----------+-------+
|     Site Type    | Used | Fixed | Prohibited | Available | Util% |
+------------------+------+-------+------------+-----------+-------+
| Bonded IOB       |    3 |     3 |          0 |       520 |  0.58 |
| HPIOB            |    2 |     2 |          0 |       416 |  0.48 |
|   INPUT          |    2 |       |            |           |       |
|   OUTPUT         |    0 |       |            |           |       |
|   BIDIR          |    0 |       |            |           |       |
| HRIO             |    1 |     1 |          0 |       104 |  0.96 |
|   INPUT          |    0 |       |            |           |       |
|   OUTPUT         |    1 |       |            |           |       |
|   BIDIR          |    0 |       |            |           |       |
| HPIOBDIFFINBUF   |    1 |     1 |          0 |       240 |  0.42 |
|   DIFFINBUF      |    1 |     1 |            |           |       |
| HPIOBDIFFOUTBUF  |    0 |     0 |          0 |       240 |  0.00 |
| HRIODIFFINBUF    |    0 |     0 |          0 |        48 |  0.00 |
| HRIODIFFOUTBUF   |    0 |     0 |          0 |        48 |  0.00 |
| BITSLICE_CONTROL |    0 |     0 |          0 |        96 |  0.00 |
| BITSLICE_RX_TX   |    0 |     0 |          0 |      3744 |  0.00 |
| BITSLICE_TX      |    0 |     0 |          0 |        96 |  0.00 |
| RIU_OR           |    0 |     0 |          0 |        48 |  0.00 |
+------------------+------+-------+------------+-----------+-------+


6. CLOCK
--------

+----------------------+------+-------+------------+-----------+-------+
|       Site Type      | Used | Fixed | Prohibited | Available | Util% |
+----------------------+------+-------+------------+-----------+-------+
| GLOBAL CLOCK BUFFERs |    3 |     0 |          0 |       624 |  0.48 |
|   BUFGCE             |    3 |     0 |          0 |       288 |  1.04 |
|   BUFGCE_DIV         |    0 |     0 |          0 |        48 |  0.00 |
|   BUFG_GT            |    0 |     0 |          0 |       192 |  0.00 |
|   BUFGCTRL*          |    0 |     0 |          0 |        96 |  0.00 |
| PLLE3_ADV            |    0 |     0 |          0 |        24 |  0.00 |
| MMCME3_ADV           |    1 |     0 |          0 |        12 |  8.33 |
+----------------------+------+-------+------------+-----------+-------+
* Note: Each used BUFGCTRL counts as two GLOBAL CLOCK BUFFERs. This table does not include global clocking resources, only buffer cell usage. See the Clock Utilization Report (report_clock_utilization) for detailed accounting of global clocking resource availability.


7. ADVANCED
-----------

+-----------------+------+-------+------------+-----------+-------+
|    Site Type    | Used | Fixed | Prohibited | Available | Util% |
+-----------------+------+-------+------------+-----------+-------+
| GTHE3_CHANNEL   |    0 |     0 |          0 |        28 |  0.00 |
| GTHE3_COMMON    |    0 |     0 |          0 |         7 |  0.00 |
| IBUFDS_GTE3     |    0 |     0 |          0 |        14 |  0.00 |
| OBUFDS_GTE3     |    0 |     0 |          0 |        14 |  0.00 |
| OBUFDS_GTE3_ADV |    0 |     0 |          0 |        14 |  0.00 |
| PCIE_3_1        |    0 |     0 |          0 |         3 |  0.00 |
| SYSMONE1        |    0 |     0 |          0 |         1 |  0.00 |
+-----------------+------+-------+------------+-----------+-------+


8. CONFIGURATION
----------------

+-------------+------+-------+------------+-----------+-------+
|  Site Type  | Used | Fixed | Prohibited | Available | Util% |
+-------------+------+-------+------------+-----------+-------+
| BSCANE2     |    1 |     0 |          0 |         4 | 25.00 |
| DNA_PORTE2  |    0 |     0 |          0 |         1 |  0.00 |
| EFUSE_USR   |    0 |     0 |          0 |         1 |  0.00 |
| FRAME_ECCE3 |    0 |     0 |          0 |         1 |  0.00 |
| ICAPE3      |    0 |     0 |          0 |         2 |  0.00 |
| MASTER_JTAG |    0 |     0 |          0 |         1 |  0.00 |
| STARTUPE3   |    0 |     0 |          0 |         1 |  0.00 |
+-------------+------+-------+------------+-----------+-------+


9. Primitives
-------------

+------------+------+---------------------+
|  Ref Name  | Used | Functional Category |
+------------+------+---------------------+
| FDRE       | 1603 |            Register |
| LUT6       |  426 |                 CLB |
| LUT3       |  198 |                 CLB |
| LUT4       |  195 |                 CLB |
| FDCE       |  184 |            Register |
| LUT5       |  170 |                 CLB |
| LUT2       |  154 |                 CLB |
| LUT1       |   61 |                 CLB |
| SRLC32E    |   58 |                 CLB |
| SRL16E     |   56 |                 CLB |
| FDPE       |   41 |            Register |
| RAMD32     |   36 |                 CLB |
| FDSE       |   20 |            Register |
| CARRY8     |   16 |                 CLB |
| RAMS32     |    4 |                 CLB |
| MUXF7      |    3 |                 CLB |
| BUFGCE     |    3 |               Clock |
| SRLC16E    |    2 |                 CLB |
| RAMB18E2   |    1 |            BLOCKRAM |
| OBUF       |    1 |                 I/O |
| MMCME3_ADV |    1 |               Clock |
| IBUFCTRL   |    1 |              Others |
| DIFFINBUF  |    1 |                 I/O |
| BSCANE2    |    1 |       Configuration |
+------------+------+---------------------+


10. Black Boxes
---------------

+--------------+------+
|   Ref Name   | Used |
+--------------+------+
| stream_input |    1 |
| error_inject |    1 |
| encoder_top  |    1 |
| decoder_top  |    1 |
+--------------+------+


11. Instantiated Netlists
-------------------------

+-----------+------+
|  Ref Name | Used |
+-----------+------+
| u_ila_0   |    1 |
| dbg_hub   |    1 |
| clk_wiz_0 |    1 |
+-----------+------+


