Copyright 1986-2022 Xilinx, Inc. All Rights Reserved. Copyright 2022-2025 Advanced Micro Devices, Inc. All Rights Reserved.
-------------------------------------------------------------------------------------------------------------------------------------------------
| Tool Version     : Vivado v.2025.2 (lin64) Build 6299465 Fri Nov 14 12:34:56 MST 2025
| Date             : Mon Aug 24 16:27:57 2026
| Host             : Williams running 64-bit Ubuntu 22.04.5 LTS
| Command          : report_power -file top_power_routed.rpt -pb top_power_summary_routed.pb -rpx top_power_routed.rpx
| Design           : top
| Device           : xcku060-ffva1156-2-i
| Design State     : routed
| Grade            : industrial
| Process          : typical
| Characterization : Production
-------------------------------------------------------------------------------------------------------------------------------------------------

Power Report

Table of Contents
-----------------
1. Summary
1.1 On-Chip Components
1.2 Power Supply Summary
1.3 Confidence Level
2. Settings
2.1 Environment
2.2 Clock Constraints
3. Detailed Reports
3.1 By Hierarchy

1. Summary
----------

+--------------------------+--------------+
| Total On-Chip Power (W)  | 3.408        |
| Design Power Budget (W)  | Unspecified* |
| Power Budget Margin (W)  | NA           |
| Dynamic (W)              | 2.748        |
| Device Static (W)        | 0.659        |
| Effective TJA (C/W)      | 1.4          |
| Max Ambient (C)          | 95.2         |
| Junction Temperature (C) | 29.8         |
| Confidence Level         | Medium       |
| Setting File             | ---          |
| Simulation Activity File | ---          |
| Design Nets Matched      | NA           |
+--------------------------+--------------+
* Specify Design Power Budget using, set_operating_conditions -design_power_budget <value in Watts>


1.1 On-Chip Components
----------------------

+--------------------------+-----------+----------+-----------+-----------------+
| On-Chip                  | Power (W) | Used     | Available | Utilization (%) |
+--------------------------+-----------+----------+-----------+-----------------+
| Clocks                   |     0.250 |        8 |       --- |             --- |
| CLB Logic                |     1.167 |   169861 |       --- |             --- |
|   LUT as Logic           |     1.142 |   111971 |    331680 |           33.76 |
|   LUT as Shift Register  |     0.011 |      261 |    146880 |            0.18 |
|   Register               |     0.007 |    18994 |    663360 |            2.86 |
|   CARRY8                 |     0.005 |     1765 |     41460 |            4.26 |
|   F7/F8 Muxes            |     0.002 |    25771 |    331680 |            7.77 |
|   LUT as Distributed RAM |    <0.001 |       20 |    146880 |            0.01 |
|   Others                 |     0.000 |     1375 |       --- |             --- |
| Signals                  |     0.953 |   118793 |       --- |             --- |
| Block RAM                |     0.074 |     19.5 |      1080 |            1.81 |
| MMCM                     |     0.300 |        2 |        12 |           16.67 |
| I/O                      |     0.004 |        3 |       520 |            0.58 |
| Static Power             |     0.659 |          |           |                 |
| Total                    |     3.408 |          |           |                 |
+--------------------------+-----------+----------+-----------+-----------------+


1.2 Power Supply Summary
------------------------

+------------+-------------+-----------+-------------+------------+-------------+-------------+------------+
| Source     | Voltage (V) | Total (A) | Dynamic (A) | Static (A) | Powerup (A) | Budget (A)  | Margin (A) |
+------------+-------------+-----------+-------------+------------+-------------+-------------+------------+
| Vccint     |       0.950 |     2.818 |       2.573 |      0.245 |       NA    | Unspecified | NA         |
| Vccaux     |       1.800 |     0.286 |       0.166 |      0.120 |       NA    | Unspecified | NA         |
| Vccaux_io  |       1.800 |     0.083 |       0.002 |      0.081 |       NA    | Unspecified | NA         |
| Vccint_io  |       0.950 |     0.022 |       0.001 |      0.021 |       NA    | Unspecified | NA         |
| Vcco33     |       3.300 |     0.000 |       0.000 |      0.000 |       NA    | Unspecified | NA         |
| Vcco25     |       2.500 |     0.000 |       0.000 |      0.000 |       NA    | Unspecified | NA         |
| Vcco18     |       1.800 |     0.000 |       0.000 |      0.000 |       NA    | Unspecified | NA         |
| Vcco15     |       1.500 |     0.000 |       0.000 |      0.000 |       NA    | Unspecified | NA         |
| Vcco135    |       1.350 |     0.000 |       0.000 |      0.000 |       NA    | Unspecified | NA         |
| Vcco12     |       1.200 |     0.000 |       0.000 |      0.000 |       NA    | Unspecified | NA         |
| Vcco10     |       1.000 |     0.000 |       0.000 |      0.000 |       NA    | Unspecified | NA         |
| Vccbram    |       0.950 |     0.023 |       0.002 |      0.021 |       NA    | Unspecified | NA         |
| MGTAVcc    |       1.000 |     0.000 |       0.000 |      0.000 |       NA    | Unspecified | NA         |
| MGTAVtt    |       1.200 |     0.000 |       0.000 |      0.000 |       NA    | Unspecified | NA         |
| MGTVccaux  |       1.800 |     0.000 |       0.000 |      0.000 |       NA    | Unspecified | NA         |
| Vccadc     |       1.800 |     0.014 |       0.000 |      0.014 |       NA    | Unspecified | NA         |
| MGTYVccaux |       1.800 |     0.000 |       0.000 |      0.000 |       NA    | Unspecified | NA         |
| MGTYAVcc   |       1.000 |     0.000 |       0.000 |      0.000 |       NA    | Unspecified | NA         |
| MGTYAVtt   |       1.200 |     0.000 |       0.000 |      0.000 |       NA    | Unspecified | NA         |
+------------+-------------+-----------+-------------+------------+-------------+-------------+------------+


1.3 Confidence Level
--------------------

+-----------------------------+------------+------------------------------------------------+------------------------------------------------------------------------------------------------------------+
| User Input Data             | Confidence | Details                                        | Action                                                                                                     |
+-----------------------------+------------+------------------------------------------------+------------------------------------------------------------------------------------------------------------+
| Design implementation state | High       | Design is routed                               |                                                                                                            |
| Clock nodes activity        | High       | User specified more than 95% of clocks         |                                                                                                            |
| I/O nodes activity          | High       | User specified more than 95% of inputs         |                                                                                                            |
| Internal nodes activity     | Medium     | User specified less than 25% of internal nodes | Provide missing internal nodes activity with simulation results or by editing the "By Resource Type" views |
| Device models               | High       | Device models are Production                   |                                                                                                            |
|                             |            |                                                |                                                                                                            |
| Overall confidence level    | Medium     |                                                |                                                                                                            |
+-----------------------------+------------+------------------------------------------------+------------------------------------------------------------------------------------------------------------+


2. Settings
-----------

2.1 Environment
---------------

+-----------------------+--------------------------+
| Ambient Temp (C)      | 25.0                     |
| ThetaJA (C/W)         | 1.4                      |
| Airflow (LFM)         | 250                      |
| Heat Sink             | medium (Medium Profile)  |
| ThetaSA (C/W)         | 2.4                      |
| Board Selection       | medium (10"x10")         |
| # of Board Layers     | 12to15 (12 to 15 Layers) |
| Board Temperature (C) | 25.0                     |
+-----------------------+--------------------------+


2.2 Clock Constraints
---------------------

+--------------------------------------------------------------------------------------------+-------------------------------------------------------------------+-----------------+
| Clock                                                                                      | Domain                                                            | Constraint (ns) |
+--------------------------------------------------------------------------------------------+-------------------------------------------------------------------+-----------------+
| clk_out1_clk_wiz_0                                                                         | clk_wiz_0_inst/inst/clk_out1_clk_wiz_0                            |             3.2 |
| clk_out1_clk_wiz_1                                                                         | clk_wiz_1_inst/inst/clk_out1_clk_wiz_1                            |             5.0 |
| dbg_hub/inst/BSCANID.u_xsdbm_id/SWITCH_N_EXT_BSCAN.bscan_inst/SERIES7_BSCAN.bscan_inst/TCK | dbg_hub/inst/BSCANID.u_xsdbm_id/SWITCH_N_EXT_BSCAN.bscan_inst/TCK |            33.0 |
| sys_clk                                                                                    | sys_clk_BUFGCE                                                    |             3.3 |
| sys_clk                                                                                    | sys_clk_p                                                         |             3.3 |
+--------------------------------------------------------------------------------------------+-------------------------------------------------------------------+-----------------+


3. Detailed Reports
-------------------

3.1 By Hierarchy
----------------

+--------------------------+-----------+
| Name                     | Power (W) |
+--------------------------+-----------+
| top                      |     2.748 |
|   clk_wiz_0_inst         |     0.160 |
|     inst                 |     0.160 |
|   clk_wiz_1_inst         |     0.143 |
|     inst                 |     0.143 |
|   dbg_hub                |     0.007 |
|     inst                 |     0.007 |
|       BSCANID.u_xsdbm_id |     0.007 |
|   decoder_top_inst       |     1.867 |
|     assembler_top_inst   |     0.027 |
|       assembler_inst     |     0.013 |
|       crc_16_inst        |     0.002 |
|       crc_32_inst        |     0.013 |
|     core_rx_inst         |     1.831 |
|       lpc_dec_top_inst   |     0.002 |
|       rs_decoder_64_inst |     1.617 |
|       rs_decoder_inst    |     0.200 |
|       scrambler_inst     |     0.003 |
|       separator_inst     |     0.009 |
|     rx_gth_logic_inst    |     0.005 |
|       cross_inst         |     0.004 |
|     rx_logic_gth_inst    |     0.005 |
|       cross_head_inst    |     0.001 |
|       cross_payload_inst |     0.003 |
|   encoder_top_inst       |     0.501 |
|     core_tx_inst         |     0.480 |
|       combiner_inst      |     0.008 |
|       lpc_top_inst       |     0.004 |
|       rs_enc_header_inst |     0.046 |
|       rs_encoder_64_inst |     0.409 |
|       scrambler_inst     |     0.013 |
|     framer_top_inst      |     0.012 |
|       crc_16_inst        |     0.002 |
|       crc_32_inst        |     0.001 |
|       framer_inst        |     0.008 |
|     x_gth_logic_inst     |     0.005 |
|       cross_head_inst    |     0.004 |
|       cross_load_inst    |     0.001 |
|     x_logic_gth_inst     |     0.005 |
|       cross_inst         |     0.004 |
|   error_inject_inst      |     0.001 |
|   stream_input_inst      |     0.002 |
|   sys_clk_inst           |     0.004 |
|   u_ila_0                |     0.063 |
|     inst                 |     0.063 |
|       ila_core_inst      |     0.063 |
+--------------------------+-----------+


