Copyright 1986-2022 Xilinx, Inc. All Rights Reserved. Copyright 2022-2025 Advanced Micro Devices, Inc. All Rights Reserved.
--------------------------------------------------------------------------------------------------------------------------------------------------
| Tool Version      : Vivado v.2025.2 (lin64) Build 6299465 Fri Nov 14 12:34:56 MST 2025
| Date              : Mon Aug 24 16:28:00 2026
| Host              : Williams running 64-bit Ubuntu 22.04.5 LTS
| Command           : report_clock_utilization -file top_clock_utilization_routed.rpt
| Design            : top
| Device            : xcku060-ffva1156
| Speed File        : -2  PRODUCTION 1.25 12-04-2018
| Temperature Grade : I
| Design State      : Routed
--------------------------------------------------------------------------------------------------------------------------------------------------

Clock Utilization Report

Table of Contents
-----------------
1. Clock Primitive Utilization
2. Global Clock Resources
3. Global Clock Source Details
4. Clock Regions : Clock Primitives
5. Clock Regions : Load Primitives
6. Clock Regions : Global Clock Summary
7. Clock Regions : Routing Resource Utilization
8. Device Cell Placement Summary for Global Clock g0
9. Device Cell Placement Summary for Global Clock g1
10. Device Cell Placement Summary for Global Clock g2
11. Device Cell Placement Summary for Global Clock g3
12. Clock Region Cell Placement per Global Clock: Region X0Y0
13. Clock Region Cell Placement per Global Clock: Region X1Y0
14. Clock Region Cell Placement per Global Clock: Region X2Y0
15. Clock Region Cell Placement per Global Clock: Region X3Y0
16. Clock Region Cell Placement per Global Clock: Region X4Y0
17. Clock Region Cell Placement per Global Clock: Region X5Y0
18. Clock Region Cell Placement per Global Clock: Region X0Y1
19. Clock Region Cell Placement per Global Clock: Region X1Y1
20. Clock Region Cell Placement per Global Clock: Region X2Y1
21. Clock Region Cell Placement per Global Clock: Region X3Y1
22. Clock Region Cell Placement per Global Clock: Region X4Y1
23. Clock Region Cell Placement per Global Clock: Region X5Y1
24. Clock Region Cell Placement per Global Clock: Region X0Y2
25. Clock Region Cell Placement per Global Clock: Region X1Y2
26. Clock Region Cell Placement per Global Clock: Region X2Y2
27. Clock Region Cell Placement per Global Clock: Region X3Y2
28. Clock Region Cell Placement per Global Clock: Region X4Y2
29. Clock Region Cell Placement per Global Clock: Region X5Y2
30. Clock Region Cell Placement per Global Clock: Region X2Y3
31. Clock Region Cell Placement per Global Clock: Region X3Y3
32. Clock Region Cell Placement per Global Clock: Region X4Y3
33. Clock Region Cell Placement per Global Clock: Region X5Y3

1. Clock Primitive Utilization
------------------------------

+------------+------+-----------+-----+--------------+--------+
| Type       | Used | Available | LOC | Clock Region | Pblock |
+------------+------+-----------+-----+--------------+--------+
| BUFGCE     |    4 |       288 |   0 |            0 |      0 |
| BUFGCE_DIV |    0 |        48 |   0 |            0 |      0 |
| BUFGCTRL   |    0 |        96 |   0 |            0 |      0 |
| BUFG_GT    |    0 |       192 |   0 |            0 |      0 |
| MMCM       |    2 |        12 |   0 |            0 |      0 |
| PLL        |    0 |        24 |   0 |            0 |      0 |
+------------+------+-----------+-----+--------------+--------+


2. Global Clock Resources
-------------------------

+-----------+-----------+-----------------+------------+--------------+--------------+------+-------------------+------------------+-------------------+-------------+-----------------+--------------+--------------------------------------------------------------------------------------------+----------------------------------------------------------------------+----------------------------------------+
| Global Id | Source Id | Driver Type/Pin | Constraint | Site         | Clock Region | Root | Clock Delay Group | Clock Low Fanout | Load Clock Region | Clock Loads | Non-Clock Loads | Clock Period | Clock                                                                                      | Driver Pin                                                           | Net                                    |
+-----------+-----------+-----------------+------------+--------------+--------------+------+-------------------+------------------+-------------------+-------------+-----------------+--------------+--------------------------------------------------------------------------------------------+----------------------------------------------------------------------+----------------------------------------+
| g0        | src0      | BUFGCE/O        | None       | BUFGCE_X1Y23 | X2Y0         | X2Y1 |                   |                  |                22 |       14719 |               0 |        5.000 | clk_out1_clk_wiz_1                                                                         | clk_wiz_1_inst/inst/clkout1_buf/O                                    | clk_wiz_1_inst/inst/clk_out1           |
| g1        | src1      | BUFGCE/O        | None       | BUFGCE_X1Y44 | X2Y1         | X3Y1 |                   |                  |                 6 |        4194 |               0 |        3.200 | clk_out1_clk_wiz_0                                                                         | clk_wiz_0_inst/inst/clkout1_buf/O                                    | clk_wiz_0_inst/inst/clk_out1           |
| g2        | src2      | BUFGCE/O        | None       | BUFGCE_X1Y96 | X2Y4         | X3Y0 |                   |                  |                 1 |         461 |               0 |       33.000 | dbg_hub/inst/BSCANID.u_xsdbm_id/SWITCH_N_EXT_BSCAN.bscan_inst/SERIES7_BSCAN.bscan_inst/TCK | dbg_hub/inst/BSCANID.u_xsdbm_id/SWITCH_N_EXT_BSCAN.u_bufg_icon_tck/O | dbg_hub/inst/BSCANID.u_xsdbm_id/itck_i |
| g3        | src3      | BUFGCE/O        | None       | BUFGCE_X1Y25 | X2Y1         | X2Y1 | n/a               |                  |                 2 |           0 |               2 |        3.333 | sys_clk                                                                                    | sys_clk_BUFGCE_inst/O                                                | sys_clk_BUFGCE                         |
+-----------+-----------+-----------------+------------+--------------+--------------+------+-------------------+------------------+-------------------+-------------+-----------------+--------------+--------------------------------------------------------------------------------------------+----------------------------------------------------------------------+----------------------------------------+
* Clock Loads column represents cell count of net connects that connect to a clock pin. Internal cell leaf pins are not considered
** Non-Clock Loads column represents cell count of non-clock pin loads


3. Global Clock Source Details
------------------------------

+-----------+-----------+--------------------+------------+------------------+--------------+-------------+-----------------+---------------------+--------------------------------------------------------------------------------------------+--------------------------------------------------------------------------------------------+-------------------------------------------------------------------+
| Source Id | Global Id | Driver Type/Pin    | Constraint | Site             | Clock Region | Clock Loads | Non-Clock Loads | Source Clock Period | Source Clock                                                                               | Driver Pin                                                                                 | Net                                                               |
+-----------+-----------+--------------------+------------+------------------+--------------+-------------+-----------------+---------------------+--------------------------------------------------------------------------------------------+--------------------------------------------------------------------------------------------+-------------------------------------------------------------------+
| src0      | g0        | MMCME3_ADV/CLKOUT0 | None       | MMCME3_ADV_X1Y0  | X2Y0         |           1 |               0 |               5.000 | clk_out1_clk_wiz_1                                                                         | clk_wiz_1_inst/inst/mmcme3_adv_inst/CLKOUT0                                                | clk_wiz_1_inst/inst/clk_out1_clk_wiz_1                            |
| src1      | g1        | MMCME3_ADV/CLKOUT0 | None       | MMCME3_ADV_X1Y1  | X2Y1         |           1 |               0 |               3.200 | clk_out1_clk_wiz_0                                                                         | clk_wiz_0_inst/inst/mmcme3_adv_inst/CLKOUT0                                                | clk_wiz_0_inst/inst/clk_out1_clk_wiz_0                            |
| src2      | g2        | BSCANE2/TCK        | None       | CONFIG_SITE_X0Y0 | X5Y1         |           1 |               0 |              33.000 | dbg_hub/inst/BSCANID.u_xsdbm_id/SWITCH_N_EXT_BSCAN.bscan_inst/SERIES7_BSCAN.bscan_inst/TCK | dbg_hub/inst/BSCANID.u_xsdbm_id/SWITCH_N_EXT_BSCAN.bscan_inst/SERIES7_BSCAN.bscan_inst/TCK | dbg_hub/inst/BSCANID.u_xsdbm_id/SWITCH_N_EXT_BSCAN.bscan_inst/TCK |
| src3      | g3        | IBUFCTRL/O         | IOB_X1Y75  | IOB_X1Y75        | X2Y1         |           1 |               0 |               3.333 | sys_clk                                                                                    | sys_clk_inst/IBUFCTRL_INST/O                                                               | sys_clk_inst/O                                                    |
+-----------+-----------+--------------------+------------+------------------+--------------+-------------+-----------------+---------------------+--------------------------------------------------------------------------------------------+--------------------------------------------------------------------------------------------+-------------------------------------------------------------------+
* Clock Loads column represents cell count of net connects that connect to a clock pin. Internal cell leaf pins are not considered
** Non-Clock Loads column represents cell count of non-clock pin loads


4. Clock Regions : Clock Primitives
-----------------------------------

+-------------------+---------------+---------------+---------------+---------------+---------------+---------------+---------------+
|                   |  Global Clock |     BUFGCE    |   BUFGCE_DIV  |    BUFGCTRL   |    BUFG_GT    |      MMCM     |      PLL      |
+-------------------+-------+-------+-------+-------+-------+-------+-------+-------+-------+-------+-------+-------+-------+-------+
| Clock Region Name | Used  | Avail | Used  | Avail | Used  | Avail | Used  | Avail | Used  | Avail | Used  | Avail | Used  | Avail |
+-------------------+-------+-------+-------+-------+-------+-------+-------+-------+-------+-------+-------+-------+-------+-------+
| X0Y0              |     1 |    24 |     0 |    24 |     0 |     4 |     0 |     8 |     0 |     0 |     0 |     1 |     0 |     2 |
| X1Y0              |     1 |    24 |     0 |     0 |     0 |     0 |     0 |     0 |     0 |     0 |     0 |     0 |     0 |     0 |
| X2Y0              |     4 |    24 |     1 |    24 |     0 |     4 |     0 |     8 |     0 |     0 |     1 |     1 |     0 |     2 |
| X3Y0              |     3 |    24 |     0 |     0 |     0 |     0 |     0 |     0 |     0 |     0 |     0 |     0 |     0 |     0 |
| X4Y0              |     2 |    24 |     0 |    24 |     0 |     4 |     0 |     8 |     0 |     0 |     0 |     1 |     0 |     2 |
| X5Y0              |     1 |    24 |     0 |     0 |     0 |     0 |     0 |     0 |     0 |    24 |     0 |     0 |     0 |     0 |
| X0Y1              |     1 |    24 |     0 |    24 |     0 |     4 |     0 |     8 |     0 |     0 |     0 |     1 |     0 |     2 |
| X1Y1              |     2 |    24 |     0 |     0 |     0 |     0 |     0 |     0 |     0 |     0 |     0 |     0 |     0 |     0 |
| X2Y1              |     5 |    24 |     2 |    24 |     0 |     4 |     0 |     8 |     0 |     0 |     1 |     1 |     0 |     2 |
| X3Y1              |     2 |    24 |     0 |     0 |     0 |     0 |     0 |     0 |     0 |     0 |     0 |     0 |     0 |     0 |
| X4Y1              |     4 |    24 |     0 |    24 |     0 |     4 |     0 |     8 |     0 |     0 |     0 |     1 |     0 |     2 |
| X5Y1              |     1 |    24 |     0 |     0 |     0 |     0 |     0 |     0 |     0 |    24 |     0 |     0 |     0 |     0 |
| X0Y2              |     1 |    24 |     0 |     0 |     0 |     0 |     0 |     0 |     0 |    24 |     0 |     0 |     0 |     0 |
| X1Y2              |     1 |    24 |     0 |     0 |     0 |     0 |     0 |     0 |     0 |     0 |     0 |     0 |     0 |     0 |
| X2Y2              |     2 |    24 |     0 |    24 |     0 |     4 |     0 |     8 |     0 |     0 |     0 |     1 |     0 |     2 |
| X3Y2              |     2 |    24 |     0 |     0 |     0 |     0 |     0 |     0 |     0 |     0 |     0 |     0 |     0 |     0 |
| X4Y2              |     4 |    24 |     0 |    24 |     0 |     4 |     0 |     8 |     0 |     0 |     0 |     1 |     0 |     2 |
| X5Y2              |     2 |    24 |     0 |     0 |     0 |     0 |     0 |     0 |     0 |    24 |     0 |     0 |     0 |     0 |
| X0Y3              |     0 |    24 |     0 |     0 |     0 |     0 |     0 |     0 |     0 |    24 |     0 |     0 |     0 |     0 |
| X1Y3              |     0 |    24 |     0 |     0 |     0 |     0 |     0 |     0 |     0 |     0 |     0 |     0 |     0 |     0 |
| X2Y3              |     1 |    24 |     0 |    24 |     0 |     4 |     0 |     8 |     0 |     0 |     0 |     1 |     0 |     2 |
| X3Y3              |     1 |    24 |     0 |     0 |     0 |     0 |     0 |     0 |     0 |     0 |     0 |     0 |     0 |     0 |
| X4Y3              |     2 |    24 |     0 |    24 |     0 |     4 |     0 |     8 |     0 |     0 |     0 |     1 |     0 |     2 |
| X5Y3              |     1 |    24 |     0 |     0 |     0 |     0 |     0 |     0 |     0 |    24 |     0 |     0 |     0 |     0 |
| X0Y4              |     0 |    24 |     0 |     0 |     0 |     0 |     0 |     0 |     0 |    24 |     0 |     0 |     0 |     0 |
| X1Y4              |     0 |    24 |     0 |     0 |     0 |     0 |     0 |     0 |     0 |     0 |     0 |     0 |     0 |     0 |
| X2Y4              |     0 |    24 |     1 |    24 |     0 |     4 |     0 |     8 |     0 |     0 |     0 |     1 |     0 |     2 |
| X3Y4              |     0 |    24 |     0 |     0 |     0 |     0 |     0 |     0 |     0 |     0 |     0 |     0 |     0 |     0 |
| X4Y4              |     0 |    24 |     0 |    24 |     0 |     4 |     0 |     8 |     0 |     0 |     0 |     1 |     0 |     2 |
| X5Y4              |     0 |    24 |     0 |     0 |     0 |     0 |     0 |     0 |     0 |    24 |     0 |     0 |     0 |     0 |
+-------------------+-------+-------+-------+-------+-------+-------+-------+-------+-------+-------+-------+-------+-------+-------+
* Global Clock column represents track count; while other columns represents cell counts


5. Clock Regions : Load Primitives
----------------------------------

+-------------------+------------------+------------------+------------------+------------------+------------------+------------------+------------------+
|                   |   Global Clock   |        FF        |      LUTRAM      |  Block RAM (18K) |        DSP       |        GT        |      HARD IP     |
+-------------------+--------+---------+--------+---------+--------+---------+--------+---------+--------+---------+--------+---------+--------+---------+
| Clock Region Name | Used   | Avail   | Used   | Avail   | Used   | Avail   | Used   | Avail   | Used   | Avail   | Used   | Avail   | Used   | Avail   |
+-------------------+--------+---------+--------+---------+--------+---------+--------+---------+--------+---------+--------+---------+--------+---------+
| X0Y0              |      1 |      24 |    217 |   20160 |      0 |    4800 |      0 |      72 |      0 |     120 |      0 |       0 |      0 |       0 |
| X1Y0              |      1 |      24 |    875 |   22080 |      0 |    5280 |      1 |      72 |      0 |      96 |      0 |       0 |      0 |       0 |
| X2Y0              |      4 |      24 |   1475 |   20160 |      0 |    4800 |      8 |      72 |      0 |     120 |      0 |       0 |      0 |       0 |
| X3Y0              |      3 |      24 |   5502 |   22080 |    211 |    5280 |     22 |      72 |      0 |      96 |      0 |       0 |      0 |       0 |
| X4Y0              |      2 |      24 |    932 |   20160 |      0 |    4800 |      1 |      72 |      0 |     120 |      0 |       0 |      0 |       0 |
| X5Y0              |      1 |      24 |    845 |   21120 |      0 |     960 |      0 |      72 |      0 |       0 |      0 |       4 |      0 |       1 |
| X0Y1              |      1 |      24 |    134 |   22080 |      0 |    5760 |      0 |      72 |      0 |     120 |      0 |       0 |      0 |       0 |
| X1Y1              |      2 |      24 |    943 |   24000 |      0 |    6240 |      1 |      72 |      0 |      96 |      0 |       0 |      0 |       0 |
| X2Y1              |      5 |      24 |    815 |   22080 |      0 |    5760 |      0 |      72 |      0 |     120 |      0 |       0 |      0 |       0 |
| X3Y1              |      2 |      24 |   1149 |   24000 |      0 |    6240 |      2 |      72 |      0 |      96 |      0 |       0 |      0 |       0 |
| X4Y1              |      4 |      24 |    914 |   22080 |      0 |    5760 |      1 |      72 |      0 |     120 |      0 |       0 |      0 |       0 |
| X5Y1              |      1 |      24 |    945 |   23040 |      0 |    1920 |      1 |      72 |      0 |       0 |      0 |       4 |      0 |       0 |
| X0Y2              |      1 |      24 |     51 |   22080 |      0 |    5760 |      0 |      72 |      0 |     120 |      0 |       4 |      0 |       0 |
| X1Y2              |      1 |      24 |    508 |   24000 |      0 |    6240 |      0 |      72 |      0 |      96 |      0 |       0 |      0 |       0 |
| X2Y2              |      2 |      24 |    302 |   22080 |      0 |    5760 |      0 |      72 |      0 |     120 |      0 |       0 |      0 |       0 |
| X3Y2              |      2 |      24 |    912 |   24000 |      0 |    6240 |      1 |      72 |      0 |      96 |      0 |       0 |      0 |       0 |
| X4Y2              |      4 |      24 |    439 |   22080 |      0 |    5760 |      0 |      72 |      0 |     120 |      0 |       0 |      0 |       0 |
| X5Y2              |      2 |      24 |    946 |   23040 |      0 |    1920 |      1 |      72 |      0 |       0 |      0 |       4 |      0 |       0 |
| X0Y3              |      0 |      24 |      0 |   22080 |      0 |    5760 |      0 |      72 |      0 |     120 |      0 |       4 |      0 |       0 |
| X1Y3              |      0 |      24 |      0 |   24000 |      0 |    6240 |      0 |      72 |      0 |      96 |      0 |       0 |      0 |       0 |
| X2Y3              |      1 |      24 |    182 |   22080 |      0 |    5760 |      0 |      72 |      0 |     120 |      0 |       0 |      0 |       0 |
| X3Y3              |      1 |      24 |    649 |   24000 |      0 |    6240 |      0 |      72 |      0 |      96 |      0 |       0 |      0 |       0 |
| X4Y3              |      2 |      24 |    107 |   22080 |      0 |    5760 |      0 |      72 |      0 |     120 |      0 |       0 |      0 |       0 |
| X5Y3              |      1 |      24 |    152 |   23040 |      0 |    1920 |      0 |      72 |      0 |       0 |      0 |       4 |      0 |       1 |
| X0Y4              |      0 |      24 |      0 |   20160 |      0 |    4800 |      0 |      72 |      0 |     120 |      0 |       4 |      0 |       0 |
| X1Y4              |      0 |      24 |      0 |   22080 |      0 |    5280 |      0 |      72 |      0 |      96 |      0 |       0 |      0 |       0 |
| X2Y4              |      0 |      24 |      0 |   20160 |      0 |    4800 |      0 |      72 |      0 |     120 |      0 |       0 |      0 |       0 |
| X3Y4              |      0 |      24 |      0 |   22080 |      0 |    5280 |      0 |      72 |      0 |      96 |      0 |       0 |      0 |       0 |
| X4Y4              |      0 |      24 |      0 |   20160 |      0 |    4800 |      0 |      72 |      0 |     120 |      0 |       0 |      0 |       0 |
| X5Y4              |      0 |      24 |      0 |   21120 |      0 |     960 |      0 |      72 |      0 |       0 |      0 |       4 |      0 |       1 |
+-------------------+--------+---------+--------+---------+--------+---------+--------+---------+--------+---------+--------+---------+--------+---------+
* Global Clock column represents track count; while other columns represents cell counts


6. Clock Regions : Global Clock Summary
---------------------------------------

All Modules
+----+----+----+----+----+----+----+
|    | X0 | X1 | X2 | X3 | X4 | X5 |
+----+----+----+----+----+----+----+
| Y4 |  0 |  0 |  0 |  0 |  0 |  0 |
| Y3 |  0 |  0 |  1 |  2 |  1 |  1 |
| Y2 |  1 |  1 |  1 |  3 |  2 |  2 |
| Y1 |  1 |  2 |  3 |  3 |  2 |  1 |
| Y0 |  1 |  1 |  3 |  3 |  1 |  1 |
+----+----+----+----+----+----+----+


7. Clock Regions : Routing Resource Utilization
-----------------------------------------------

All Modules
+-------------------+----------------------+----------------------+----------------------+----------------------+
|                   |        HROUTES       |        HDISTRS       |        VROUTES       |        VDISTRS       |
+-------------------+------+-------+-------+------+-------+-------+------+-------+-------+------+-------+-------+
| Clock Region Name | Used | Avail | Util% | Used | Avail | Util% | Used | Avail | Util% | Used | Avail | Util% |
+-------------------+------+-------+-------+------+-------+-------+------+-------+-------+------+-------+-------+
| X0Y0              |    0 |    24 |  0.00 |    1 |    24 |  4.17 |    0 |    24 |  0.00 |    0 |    24 |  0.00 |
| X1Y0              |    0 |    24 |  0.00 |    1 |    24 |  4.17 |    0 |    24 |  0.00 |    0 |    24 |  0.00 |
| X2Y0              |    2 |    24 |  8.33 |    4 |    24 | 16.67 |    0 |    24 |  0.00 |    2 |    24 |  8.33 |
| X3Y0              |    0 |    24 |  0.00 |    3 |    24 | 12.50 |    1 |    24 |  4.17 |    2 |    24 |  8.33 |
| X4Y0              |    0 |    24 |  0.00 |    2 |    24 |  8.33 |    0 |    24 |  0.00 |    0 |    24 |  0.00 |
| X5Y0              |    0 |    24 |  0.00 |    1 |    24 |  4.17 |    0 |    24 |  0.00 |    0 |    24 |  0.00 |
| X0Y1              |    0 |    24 |  0.00 |    1 |    24 |  4.17 |    0 |    24 |  0.00 |    0 |    24 |  0.00 |
| X1Y1              |    0 |    24 |  0.00 |    2 |    24 |  8.33 |    0 |    24 |  0.00 |    0 |    24 |  0.00 |
| X2Y1              |    2 |    24 |  8.33 |    5 |    24 | 20.83 |    1 |    24 |  4.17 |    2 |    24 |  8.33 |
| X3Y1              |    2 |    24 |  8.33 |    2 |    24 |  8.33 |    1 |    24 |  4.17 |    1 |    24 |  4.17 |
| X4Y1              |    0 |    24 |  0.00 |    4 |    24 | 16.67 |    0 |    24 |  0.00 |    0 |    24 |  0.00 |
| X5Y1              |    0 |    24 |  0.00 |    1 |    24 |  4.17 |    0 |    24 |  0.00 |    0 |    24 |  0.00 |
| X0Y2              |    0 |    24 |  0.00 |    1 |    24 |  4.17 |    0 |    24 |  0.00 |    0 |    24 |  0.00 |
| X1Y2              |    0 |    24 |  0.00 |    1 |    24 |  4.17 |    0 |    24 |  0.00 |    0 |    24 |  0.00 |
| X2Y2              |    0 |    24 |  0.00 |    2 |    24 |  8.33 |    0 |    24 |  0.00 |    1 |    24 |  4.17 |
| X3Y2              |    0 |    24 |  0.00 |    2 |    24 |  8.33 |    1 |    24 |  4.17 |    0 |    24 |  0.00 |
| X4Y2              |    0 |    24 |  0.00 |    4 |    24 | 16.67 |    0 |    24 |  0.00 |    0 |    24 |  0.00 |
| X5Y2              |    0 |    24 |  0.00 |    2 |    24 |  8.33 |    0 |    24 |  0.00 |    0 |    24 |  0.00 |
| X0Y3              |    0 |    24 |  0.00 |    0 |    24 |  0.00 |    0 |    24 |  0.00 |    0 |    24 |  0.00 |
| X1Y3              |    0 |    24 |  0.00 |    0 |    24 |  0.00 |    0 |    24 |  0.00 |    0 |    24 |  0.00 |
| X2Y3              |    0 |    24 |  0.00 |    1 |    24 |  4.17 |    0 |    24 |  0.00 |    0 |    24 |  0.00 |
| X3Y3              |    0 |    24 |  0.00 |    1 |    24 |  4.17 |    1 |    24 |  4.17 |    0 |    24 |  0.00 |
| X4Y3              |    0 |    24 |  0.00 |    2 |    24 |  8.33 |    0 |    24 |  0.00 |    0 |    24 |  0.00 |
| X5Y3              |    0 |    24 |  0.00 |    1 |    24 |  4.17 |    0 |    24 |  0.00 |    0 |    24 |  0.00 |
| X0Y4              |    0 |    24 |  0.00 |    0 |    24 |  0.00 |    0 |    24 |  0.00 |    0 |    24 |  0.00 |
| X1Y4              |    0 |    24 |  0.00 |    0 |    24 |  0.00 |    0 |    24 |  0.00 |    0 |    24 |  0.00 |
| X2Y4              |    2 |    24 |  8.33 |    0 |    24 |  0.00 |    0 |    24 |  0.00 |    0 |    24 |  0.00 |
| X3Y4              |    1 |    24 |  4.17 |    0 |    24 |  0.00 |    1 |    24 |  4.17 |    0 |    24 |  0.00 |
| X4Y4              |    0 |    24 |  0.00 |    0 |    24 |  0.00 |    0 |    24 |  0.00 |    0 |    24 |  0.00 |
| X5Y4              |    0 |    24 |  0.00 |    0 |    24 |  0.00 |    0 |    24 |  0.00 |    0 |    24 |  0.00 |
+-------------------+------+-------+-------+------+-------+-------+------+-------+-------+------+-------+-------+


8. Device Cell Placement Summary for Global Clock g0
----------------------------------------------------

+-----------+-----------------+-------------------+--------------------+-------------+---------------+----------+-------------+----------+----------------+----------+------------------------------+
| Global Id | Driver Type/Pin | Driver Region (D) | Clock              | Period (ns) | Waveform (ns) | Root (R) | Slice Loads | IO Loads | Clocking Loads | GT Loads | Net                          |
+-----------+-----------------+-------------------+--------------------+-------------+---------------+----------+-------------+----------+----------------+----------+------------------------------+
| g0        | BUFGCE/O        | X2Y0              | clk_out1_clk_wiz_1 |       5.000 | {0.000 2.500} | X2Y1     |       14719 |        0 |              0 |        0 | clk_wiz_1_inst/inst/clk_out1 |
+-----------+-----------------+-------------------+--------------------+-------------+---------------+----------+-------------+----------+----------------+----------+------------------------------+
* Slice Loads column represents load cell count of all cell types other than IO, GT and clock resources
** IO Loads column represents load cell count of IO types
*** Clocking Loads column represents load cell count that are clock resources (global clock buffer, MMCM, PLL, etc)
**** GT Loads column represents load cell count of GT types


+----+------+------+-----------+-------+------+------+-----------------------+
|    | X0   | X1   | X2        | X3    | X4   | X5   | HORIZONTAL PROG DELAY |
+----+------+------+-----------+-------+------+------+-----------------------+
| Y4 |    0 |    0 |         0 |     0 |    0 |    0 |                     - |
| Y3 |    0 |    0 |       182 |   649 |  107 |  152 |                     0 |
| Y2 |   51 |  508 |       302 |   913 |  439 |  946 |                     1 |
| Y1 |  134 |  938 |   (R) 815 |  1125 |  914 |  946 |                     1 |
| Y0 |  217 |  876 |  (D) 1300 |  1427 |  933 |  845 |                     0 |
+----+------+------+-----------+-------+------+------+-----------------------+


9. Device Cell Placement Summary for Global Clock g1
----------------------------------------------------

+-----------+-----------------+-------------------+--------------------+-------------+---------------+----------+-------------+----------+----------------+----------+------------------------------+
| Global Id | Driver Type/Pin | Driver Region (D) | Clock              | Period (ns) | Waveform (ns) | Root (R) | Slice Loads | IO Loads | Clocking Loads | GT Loads | Net                          |
+-----------+-----------------+-------------------+--------------------+-------------+---------------+----------+-------------+----------+----------------+----------+------------------------------+
| g1        | BUFGCE/O        | X2Y1              | clk_out1_clk_wiz_0 |       3.200 | {0.000 1.600} | X3Y1     |        4058 |        0 |              0 |        0 | clk_wiz_0_inst/inst/clk_out1 |
+-----------+-----------------+-------------------+--------------------+-------------+---------------+----------+-------------+----------+----------------+----------+------------------------------+
* Slice Loads column represents load cell count of all cell types other than IO, GT and clock resources
** IO Loads column represents load cell count of IO types
*** Clocking Loads column represents load cell count that are clock resources (global clock buffer, MMCM, PLL, etc)
**** GT Loads column represents load cell count of GT types


+----+----+----+--------+--------+----+----+-----------------------+
|    | X0 | X1 | X2     | X3     | X4 | X5 | HORIZONTAL PROG DELAY |
+----+----+----+--------+--------+----+----+-----------------------+
| Y4 |  0 |  0 |      0 |      0 |  0 |  0 |                     - |
| Y3 |  0 |  0 |      0 |      0 |  0 |  0 |                     - |
| Y2 |  0 |  0 |      0 |      0 |  0 |  1 |                     1 |
| Y1 |  0 |  6 |  (D) 0 | (R) 27 |  1 |  0 |                     1 |
| Y0 |  0 |  0 |    182 |   3841 |  0 |  0 |                     0 |
+----+----+----+--------+--------+----+----+-----------------------+


10. Device Cell Placement Summary for Global Clock g2
-----------------------------------------------------

+-----------+-----------------+-------------------+--------------------------------------------------------------------------------------------+-------------+----------------+----------+-------------+----------+----------------+----------+----------------------------------------+
| Global Id | Driver Type/Pin | Driver Region (D) | Clock                                                                                      | Period (ns) | Waveform (ns)  | Root (R) | Slice Loads | IO Loads | Clocking Loads | GT Loads | Net                                    |
+-----------+-----------------+-------------------+--------------------------------------------------------------------------------------------+-------------+----------------+----------+-------------+----------+----------------+----------+----------------------------------------+
| g2        | BUFGCE/O        | X2Y4              | dbg_hub/inst/BSCANID.u_xsdbm_id/SWITCH_N_EXT_BSCAN.bscan_inst/SERIES7_BSCAN.bscan_inst/TCK |      33.000 | {0.000 16.500} | X3Y0     |         461 |        0 |              0 |        0 | dbg_hub/inst/BSCANID.u_xsdbm_id/itck_i |
+-----------+-----------------+-------------------+--------------------------------------------------------------------------------------------+-------------+----------------+----------+-------------+----------+----------------+----------+----------------------------------------+
* Slice Loads column represents load cell count of all cell types other than IO, GT and clock resources
** IO Loads column represents load cell count of IO types
*** Clocking Loads column represents load cell count that are clock resources (global clock buffer, MMCM, PLL, etc)
**** GT Loads column represents load cell count of GT types


+----+----+----+--------+---------+----+----+-----------------------+
|    | X0 | X1 | X2     | X3      | X4 | X5 | HORIZONTAL PROG DELAY |
+----+----+----+--------+---------+----+----+-----------------------+
| Y4 |  0 |  0 |  (D) 0 |       0 |  0 |  0 |                     - |
| Y3 |  0 |  0 |      0 |       0 |  0 |  0 |                     - |
| Y2 |  0 |  0 |      0 |       0 |  0 |  0 |                     - |
| Y1 |  0 |  0 |      0 |       0 |  0 |  0 |                     - |
| Y0 |  0 |  0 |      0 | (R) 461 |  0 |  0 |                     0 |
+----+----+----+--------+---------+----+----+-----------------------+


11. Device Cell Placement Summary for Global Clock g3
-----------------------------------------------------

+-----------+-----------------+-------------------+---------+-------------+---------------+----------+-------------+----------+----------------+----------+----------------+
| Global Id | Driver Type/Pin | Driver Region (D) | Clock   | Period (ns) | Waveform (ns) | Root (R) | Slice Loads | IO Loads | Clocking Loads | GT Loads | Net            |
+-----------+-----------------+-------------------+---------+-------------+---------------+----------+-------------+----------+----------------+----------+----------------+
| g3        | BUFGCE/O        | X2Y1              | sys_clk |       3.333 | {0.000 1.666} | X2Y1     |           0 |        0 |              2 |        0 | sys_clk_BUFGCE |
+-----------+-----------------+-------------------+---------+-------------+---------------+----------+-------------+----------+----------------+----------+----------------+
* Slice Loads column represents load cell count of all cell types other than IO, GT and clock resources
** IO Loads column represents load cell count of IO types
*** Clocking Loads column represents load cell count that are clock resources (global clock buffer, MMCM, PLL, etc)
**** GT Loads column represents load cell count of GT types


+----+----+----+-----------+----+----+----+-----------------------+
|    | X0 | X1 | X2        | X3 | X4 | X5 | HORIZONTAL PROG DELAY |
+----+----+----+-----------+----+----+----+-----------------------+
| Y4 |  0 |  0 |         0 |  0 |  0 |  0 |                     - |
| Y3 |  0 |  0 |         0 |  0 |  0 |  0 |                     - |
| Y2 |  0 |  0 |         0 |  0 |  0 |  0 |                     - |
| Y1 |  0 |  0 | (R) (D) 1 |  0 |  0 |  0 |                     1 |
| Y0 |  0 |  0 |         1 |  0 |  0 |  0 |                     0 |
+----+----+----+-----------+----+----+----+-----------------------+


12. Clock Region Cell Placement per Global Clock: Region X0Y0
-------------------------------------------------------------

+-----------+-------+-----------------+------------+-------------+-----------------+-----+-------------+------+-----+----+------+-----+---------+------------------------------+
| Global Id | Track | Driver Type/Pin | Constraint | Clock Loads | Non-Clock Loads | FF  | Memory LUTs | RAMB | DSP | GT | MMCM | PLL | Hard IP | Net                          |
+-----------+-------+-----------------+------------+-------------+-----------------+-----+-------------+------+-----+----+------+-----+---------+------------------------------+
| g0        | 23    | BUFGCE/O        | None       |         217 |               0 | 217 |           0 |    0 |   0 |  0 |    0 |   0 |       0 | clk_wiz_1_inst/inst/clk_out1 |
+-----------+-------+-----------------+------------+-------------+-----------------+-----+-------------+------+-----+----+------+-----+---------+------------------------------+
* Clock Loads column represents cell count of net connects that connect to a clock pin. Internal cell leaf pins are not considered
** Non-Clock Loads column represents cell count of non-clock pin loads
*** Columns FF, LUTRAM, RAMB through 'Hard IP' represents load cell counts


13. Clock Region Cell Placement per Global Clock: Region X1Y0
-------------------------------------------------------------

+-----------+-------+-----------------+------------+-------------+-----------------+-----+-------------+------+-----+----+------+-----+---------+------------------------------+
| Global Id | Track | Driver Type/Pin | Constraint | Clock Loads | Non-Clock Loads | FF  | Memory LUTs | RAMB | DSP | GT | MMCM | PLL | Hard IP | Net                          |
+-----------+-------+-----------------+------------+-------------+-----------------+-----+-------------+------+-----+----+------+-----+---------+------------------------------+
| g0        | 23    | BUFGCE/O        | None       |         876 |               0 | 875 |           0 |    1 |   0 |  0 |    0 |   0 |       0 | clk_wiz_1_inst/inst/clk_out1 |
+-----------+-------+-----------------+------------+-------------+-----------------+-----+-------------+------+-----+----+------+-----+---------+------------------------------+
* Clock Loads column represents cell count of net connects that connect to a clock pin. Internal cell leaf pins are not considered
** Non-Clock Loads column represents cell count of non-clock pin loads
*** Columns FF, LUTRAM, RAMB through 'Hard IP' represents load cell counts


14. Clock Region Cell Placement per Global Clock: Region X2Y0
-------------------------------------------------------------

+-----------+-------+-----------------+------------+-------------+-----------------+------+-------------+------+-----+----+------+-----+---------+------------------------------+
| Global Id | Track | Driver Type/Pin | Constraint | Clock Loads | Non-Clock Loads | FF   | Memory LUTs | RAMB | DSP | GT | MMCM | PLL | Hard IP | Net                          |
+-----------+-------+-----------------+------------+-------------+-----------------+------+-------------+------+-----+----+------+-----+---------+------------------------------+
| g0        | 23    | BUFGCE/O        | None       |        1300 |               0 | 1296 |           0 |    4 |   0 |  0 |    0 |   0 |       0 | clk_wiz_1_inst/inst/clk_out1 |
| g1        | 20    | BUFGCE/O        | None       |         182 |               0 |  179 |           0 |    3 |   0 |  0 |    0 |   0 |       0 | clk_wiz_0_inst/inst/clk_out1 |
| g3        | 1     | BUFGCE/O        | None       |           0 |               1 |    0 |           0 |    0 |   0 |  0 |    1 |   0 |       0 | sys_clk_BUFGCE               |
+-----------+-------+-----------------+------------+-------------+-----------------+------+-------------+------+-----+----+------+-----+---------+------------------------------+
* Clock Loads column represents cell count of net connects that connect to a clock pin. Internal cell leaf pins are not considered
** Non-Clock Loads column represents cell count of non-clock pin loads
*** Columns FF, LUTRAM, RAMB through 'Hard IP' represents load cell counts


15. Clock Region Cell Placement per Global Clock: Region X3Y0
-------------------------------------------------------------

+-----------+-------+-----------------+------------+-------------+-----------------+------+-------------+------+-----+----+------+-----+---------+----------------------------------------+
| Global Id | Track | Driver Type/Pin | Constraint | Clock Loads | Non-Clock Loads | FF   | Memory LUTs | RAMB | DSP | GT | MMCM | PLL | Hard IP | Net                                    |
+-----------+-------+-----------------+------------+-------------+-----------------+------+-------------+------+-----+----+------+-----+---------+----------------------------------------+
| g0        | 23    | BUFGCE/O        | None       |        1427 |               0 | 1422 |           0 |    5 |   0 |  0 |    0 |   0 |       0 | clk_wiz_1_inst/inst/clk_out1           |
| g1        | 20    | BUFGCE/O        | None       |        3841 |               0 | 3622 |         208 |   11 |   0 |  0 |    0 |   0 |       0 | clk_wiz_0_inst/inst/clk_out1           |
| g2        | 0     | BUFGCE/O        | None       |         461 |               0 |  458 |           3 |    0 |   0 |  0 |    0 |   0 |       0 | dbg_hub/inst/BSCANID.u_xsdbm_id/itck_i |
+-----------+-------+-----------------+------------+-------------+-----------------+------+-------------+------+-----+----+------+-----+---------+----------------------------------------+
* Clock Loads column represents cell count of net connects that connect to a clock pin. Internal cell leaf pins are not considered
** Non-Clock Loads column represents cell count of non-clock pin loads
*** Columns FF, LUTRAM, RAMB through 'Hard IP' represents load cell counts


16. Clock Region Cell Placement per Global Clock: Region X4Y0
-------------------------------------------------------------

+-----------+-------+-----------------+------------+-------------+-----------------+-----+-------------+------+-----+----+------+-----+---------+------------------------------+
| Global Id | Track | Driver Type/Pin | Constraint | Clock Loads | Non-Clock Loads | FF  | Memory LUTs | RAMB | DSP | GT | MMCM | PLL | Hard IP | Net                          |
+-----------+-------+-----------------+------------+-------------+-----------------+-----+-------------+------+-----+----+------+-----+---------+------------------------------+
| g0        | 23    | BUFGCE/O        | None       |         933 |               0 | 932 |           0 |    1 |   0 |  0 |    0 |   0 |       0 | clk_wiz_1_inst/inst/clk_out1 |
+-----------+-------+-----------------+------------+-------------+-----------------+-----+-------------+------+-----+----+------+-----+---------+------------------------------+
* Clock Loads column represents cell count of net connects that connect to a clock pin. Internal cell leaf pins are not considered
** Non-Clock Loads column represents cell count of non-clock pin loads
*** Columns FF, LUTRAM, RAMB through 'Hard IP' represents load cell counts


17. Clock Region Cell Placement per Global Clock: Region X5Y0
-------------------------------------------------------------

+-----------+-------+-----------------+------------+-------------+-----------------+-----+-------------+------+-----+----+------+-----+---------+------------------------------+
| Global Id | Track | Driver Type/Pin | Constraint | Clock Loads | Non-Clock Loads | FF  | Memory LUTs | RAMB | DSP | GT | MMCM | PLL | Hard IP | Net                          |
+-----------+-------+-----------------+------------+-------------+-----------------+-----+-------------+------+-----+----+------+-----+---------+------------------------------+
| g0        | 23    | BUFGCE/O        | None       |         845 |               0 | 845 |           0 |    0 |   0 |  0 |    0 |   0 |       0 | clk_wiz_1_inst/inst/clk_out1 |
+-----------+-------+-----------------+------------+-------------+-----------------+-----+-------------+------+-----+----+------+-----+---------+------------------------------+
* Clock Loads column represents cell count of net connects that connect to a clock pin. Internal cell leaf pins are not considered
** Non-Clock Loads column represents cell count of non-clock pin loads
*** Columns FF, LUTRAM, RAMB through 'Hard IP' represents load cell counts


18. Clock Region Cell Placement per Global Clock: Region X0Y1
-------------------------------------------------------------

+-----------+-------+-----------------+------------+-------------+-----------------+-----+-------------+------+-----+----+------+-----+---------+------------------------------+
| Global Id | Track | Driver Type/Pin | Constraint | Clock Loads | Non-Clock Loads | FF  | Memory LUTs | RAMB | DSP | GT | MMCM | PLL | Hard IP | Net                          |
+-----------+-------+-----------------+------------+-------------+-----------------+-----+-------------+------+-----+----+------+-----+---------+------------------------------+
| g0        | 23    | BUFGCE/O        | None       |         134 |               0 | 134 |           0 |    0 |   0 |  0 |    0 |   0 |       0 | clk_wiz_1_inst/inst/clk_out1 |
+-----------+-------+-----------------+------------+-------------+-----------------+-----+-------------+------+-----+----+------+-----+---------+------------------------------+
* Clock Loads column represents cell count of net connects that connect to a clock pin. Internal cell leaf pins are not considered
** Non-Clock Loads column represents cell count of non-clock pin loads
*** Columns FF, LUTRAM, RAMB through 'Hard IP' represents load cell counts


19. Clock Region Cell Placement per Global Clock: Region X1Y1
-------------------------------------------------------------

+-----------+-------+-----------------+------------+-------------+-----------------+-----+-------------+------+-----+----+------+-----+---------+------------------------------+
| Global Id | Track | Driver Type/Pin | Constraint | Clock Loads | Non-Clock Loads | FF  | Memory LUTs | RAMB | DSP | GT | MMCM | PLL | Hard IP | Net                          |
+-----------+-------+-----------------+------------+-------------+-----------------+-----+-------------+------+-----+----+------+-----+---------+------------------------------+
| g0        | 23    | BUFGCE/O        | None       |         938 |               0 | 937 |           0 |    1 |   0 |  0 |    0 |   0 |       0 | clk_wiz_1_inst/inst/clk_out1 |
| g1        | 20    | BUFGCE/O        | None       |           6 |               0 |   6 |           0 |    0 |   0 |  0 |    0 |   0 |       0 | clk_wiz_0_inst/inst/clk_out1 |
+-----------+-------+-----------------+------------+-------------+-----------------+-----+-------------+------+-----+----+------+-----+---------+------------------------------+
* Clock Loads column represents cell count of net connects that connect to a clock pin. Internal cell leaf pins are not considered
** Non-Clock Loads column represents cell count of non-clock pin loads
*** Columns FF, LUTRAM, RAMB through 'Hard IP' represents load cell counts


20. Clock Region Cell Placement per Global Clock: Region X2Y1
-------------------------------------------------------------

+-----------+-------+-----------------+------------+-------------+-----------------+-----+-------------+------+-----+----+------+-----+---------+------------------------------+
| Global Id | Track | Driver Type/Pin | Constraint | Clock Loads | Non-Clock Loads | FF  | Memory LUTs | RAMB | DSP | GT | MMCM | PLL | Hard IP | Net                          |
+-----------+-------+-----------------+------------+-------------+-----------------+-----+-------------+------+-----+----+------+-----+---------+------------------------------+
| g0        | 23    | BUFGCE/O        | None       |         815 |               0 | 815 |           0 |    0 |   0 |  0 |    0 |   0 |       0 | clk_wiz_1_inst/inst/clk_out1 |
| g1+       | 20    | BUFGCE/O        | None       |           0 |               0 |   0 |           0 |    0 |   0 |  0 |    0 |   0 |       0 | clk_wiz_0_inst/inst/clk_out1 |
| g3        | 1     | BUFGCE/O        | None       |           0 |               1 |   0 |           0 |    0 |   0 |  0 |    1 |   0 |       0 | sys_clk_BUFGCE               |
+-----------+-------+-----------------+------------+-------------+-----------------+-----+-------------+------+-----+----+------+-----+---------+------------------------------+
* Clock Loads column represents cell count of net connects that connect to a clock pin. Internal cell leaf pins are not considered
** Non-Clock Loads column represents cell count of non-clock pin loads
*** Columns FF, LUTRAM, RAMB through 'Hard IP' represents load cell counts
**** In Global Id column, sympbol '+' indicates that global clock was used only to route through the clock region.


21. Clock Region Cell Placement per Global Clock: Region X3Y1
-------------------------------------------------------------

+-----------+-------+-----------------+------------+-------------+-----------------+------+-------------+------+-----+----+------+-----+---------+----------------------------------------+
| Global Id | Track | Driver Type/Pin | Constraint | Clock Loads | Non-Clock Loads | FF   | Memory LUTs | RAMB | DSP | GT | MMCM | PLL | Hard IP | Net                                    |
+-----------+-------+-----------------+------------+-------------+-----------------+------+-------------+------+-----+----+------+-----+---------+----------------------------------------+
| g0        | 23    | BUFGCE/O        | None       |        1125 |               0 | 1123 |           0 |    2 |   0 |  0 |    0 |   0 |       0 | clk_wiz_1_inst/inst/clk_out1           |
| g1        | 20    | BUFGCE/O        | None       |          27 |               0 |   26 |           0 |    1 |   0 |  0 |    0 |   0 |       0 | clk_wiz_0_inst/inst/clk_out1           |
| g2+       | 0     | BUFGCE/O        | None       |           0 |               0 |    0 |           0 |    0 |   0 |  0 |    0 |   0 |       0 | dbg_hub/inst/BSCANID.u_xsdbm_id/itck_i |
+-----------+-------+-----------------+------------+-------------+-----------------+------+-------------+------+-----+----+------+-----+---------+----------------------------------------+
* Clock Loads column represents cell count of net connects that connect to a clock pin. Internal cell leaf pins are not considered
** Non-Clock Loads column represents cell count of non-clock pin loads
*** Columns FF, LUTRAM, RAMB through 'Hard IP' represents load cell counts
**** In Global Id column, sympbol '+' indicates that global clock was used only to route through the clock region.


22. Clock Region Cell Placement per Global Clock: Region X4Y1
-------------------------------------------------------------

+-----------+-------+-----------------+------------+-------------+-----------------+-----+-------------+------+-----+----+------+-----+---------+------------------------------+
| Global Id | Track | Driver Type/Pin | Constraint | Clock Loads | Non-Clock Loads | FF  | Memory LUTs | RAMB | DSP | GT | MMCM | PLL | Hard IP | Net                          |
+-----------+-------+-----------------+------------+-------------+-----------------+-----+-------------+------+-----+----+------+-----+---------+------------------------------+
| g0        | 23    | BUFGCE/O        | None       |         914 |               0 | 913 |           0 |    1 |   0 |  0 |    0 |   0 |       0 | clk_wiz_1_inst/inst/clk_out1 |
| g1        | 20    | BUFGCE/O        | None       |           1 |               0 |   1 |           0 |    0 |   0 |  0 |    0 |   0 |       0 | clk_wiz_0_inst/inst/clk_out1 |
+-----------+-------+-----------------+------------+-------------+-----------------+-----+-------------+------+-----+----+------+-----+---------+------------------------------+
* Clock Loads column represents cell count of net connects that connect to a clock pin. Internal cell leaf pins are not considered
** Non-Clock Loads column represents cell count of non-clock pin loads
*** Columns FF, LUTRAM, RAMB through 'Hard IP' represents load cell counts


23. Clock Region Cell Placement per Global Clock: Region X5Y1
-------------------------------------------------------------

+-----------+-------+-----------------+------------+-------------+-----------------+-----+-------------+------+-----+----+------+-----+---------+------------------------------+
| Global Id | Track | Driver Type/Pin | Constraint | Clock Loads | Non-Clock Loads | FF  | Memory LUTs | RAMB | DSP | GT | MMCM | PLL | Hard IP | Net                          |
+-----------+-------+-----------------+------------+-------------+-----------------+-----+-------------+------+-----+----+------+-----+---------+------------------------------+
| g0        | 23    | BUFGCE/O        | None       |         946 |               0 | 945 |           0 |    1 |   0 |  0 |    0 |   0 |       0 | clk_wiz_1_inst/inst/clk_out1 |
+-----------+-------+-----------------+------------+-------------+-----------------+-----+-------------+------+-----+----+------+-----+---------+------------------------------+
* Clock Loads column represents cell count of net connects that connect to a clock pin. Internal cell leaf pins are not considered
** Non-Clock Loads column represents cell count of non-clock pin loads
*** Columns FF, LUTRAM, RAMB through 'Hard IP' represents load cell counts


24. Clock Region Cell Placement per Global Clock: Region X0Y2
-------------------------------------------------------------

+-----------+-------+-----------------+------------+-------------+-----------------+----+-------------+------+-----+----+------+-----+---------+------------------------------+
| Global Id | Track | Driver Type/Pin | Constraint | Clock Loads | Non-Clock Loads | FF | Memory LUTs | RAMB | DSP | GT | MMCM | PLL | Hard IP | Net                          |
+-----------+-------+-----------------+------------+-------------+-----------------+----+-------------+------+-----+----+------+-----+---------+------------------------------+
| g0        | 23    | BUFGCE/O        | None       |          51 |               0 | 51 |           0 |    0 |   0 |  0 |    0 |   0 |       0 | clk_wiz_1_inst/inst/clk_out1 |
+-----------+-------+-----------------+------------+-------------+-----------------+----+-------------+------+-----+----+------+-----+---------+------------------------------+
* Clock Loads column represents cell count of net connects that connect to a clock pin. Internal cell leaf pins are not considered
** Non-Clock Loads column represents cell count of non-clock pin loads
*** Columns FF, LUTRAM, RAMB through 'Hard IP' represents load cell counts


25. Clock Region Cell Placement per Global Clock: Region X1Y2
-------------------------------------------------------------

+-----------+-------+-----------------+------------+-------------+-----------------+-----+-------------+------+-----+----+------+-----+---------+------------------------------+
| Global Id | Track | Driver Type/Pin | Constraint | Clock Loads | Non-Clock Loads | FF  | Memory LUTs | RAMB | DSP | GT | MMCM | PLL | Hard IP | Net                          |
+-----------+-------+-----------------+------------+-------------+-----------------+-----+-------------+------+-----+----+------+-----+---------+------------------------------+
| g0        | 23    | BUFGCE/O        | None       |         508 |               0 | 508 |           0 |    0 |   0 |  0 |    0 |   0 |       0 | clk_wiz_1_inst/inst/clk_out1 |
+-----------+-------+-----------------+------------+-------------+-----------------+-----+-------------+------+-----+----+------+-----+---------+------------------------------+
* Clock Loads column represents cell count of net connects that connect to a clock pin. Internal cell leaf pins are not considered
** Non-Clock Loads column represents cell count of non-clock pin loads
*** Columns FF, LUTRAM, RAMB through 'Hard IP' represents load cell counts


26. Clock Region Cell Placement per Global Clock: Region X2Y2
-------------------------------------------------------------

+-----------+-------+-----------------+------------+-------------+-----------------+-----+-------------+------+-----+----+------+-----+---------+------------------------------+
| Global Id | Track | Driver Type/Pin | Constraint | Clock Loads | Non-Clock Loads | FF  | Memory LUTs | RAMB | DSP | GT | MMCM | PLL | Hard IP | Net                          |
+-----------+-------+-----------------+------------+-------------+-----------------+-----+-------------+------+-----+----+------+-----+---------+------------------------------+
| g0        | 23    | BUFGCE/O        | None       |         302 |               0 | 302 |           0 |    0 |   0 |  0 |    0 |   0 |       0 | clk_wiz_1_inst/inst/clk_out1 |
+-----------+-------+-----------------+------------+-------------+-----------------+-----+-------------+------+-----+----+------+-----+---------+------------------------------+
* Clock Loads column represents cell count of net connects that connect to a clock pin. Internal cell leaf pins are not considered
** Non-Clock Loads column represents cell count of non-clock pin loads
*** Columns FF, LUTRAM, RAMB through 'Hard IP' represents load cell counts


27. Clock Region Cell Placement per Global Clock: Region X3Y2
-------------------------------------------------------------

+-----------+-------+-----------------+------------+-------------+-----------------+-----+-------------+------+-----+----+------+-----+---------+----------------------------------------+
| Global Id | Track | Driver Type/Pin | Constraint | Clock Loads | Non-Clock Loads | FF  | Memory LUTs | RAMB | DSP | GT | MMCM | PLL | Hard IP | Net                                    |
+-----------+-------+-----------------+------------+-------------+-----------------+-----+-------------+------+-----+----+------+-----+---------+----------------------------------------+
| g0        | 23    | BUFGCE/O        | None       |         913 |               0 | 912 |           0 |    1 |   0 |  0 |    0 |   0 |       0 | clk_wiz_1_inst/inst/clk_out1           |
| g1+       | 20    | BUFGCE/O        | None       |           0 |               0 |   0 |           0 |    0 |   0 |  0 |    0 |   0 |       0 | clk_wiz_0_inst/inst/clk_out1           |
| g2+       | 0     | BUFGCE/O        | None       |           0 |               0 |   0 |           0 |    0 |   0 |  0 |    0 |   0 |       0 | dbg_hub/inst/BSCANID.u_xsdbm_id/itck_i |
+-----------+-------+-----------------+------------+-------------+-----------------+-----+-------------+------+-----+----+------+-----+---------+----------------------------------------+
* Clock Loads column represents cell count of net connects that connect to a clock pin. Internal cell leaf pins are not considered
** Non-Clock Loads column represents cell count of non-clock pin loads
*** Columns FF, LUTRAM, RAMB through 'Hard IP' represents load cell counts
**** In Global Id column, sympbol '+' indicates that global clock was used only to route through the clock region.


28. Clock Region Cell Placement per Global Clock: Region X4Y2
-------------------------------------------------------------

+-----------+-------+-----------------+------------+-------------+-----------------+-----+-------------+------+-----+----+------+-----+---------+------------------------------+
| Global Id | Track | Driver Type/Pin | Constraint | Clock Loads | Non-Clock Loads | FF  | Memory LUTs | RAMB | DSP | GT | MMCM | PLL | Hard IP | Net                          |
+-----------+-------+-----------------+------------+-------------+-----------------+-----+-------------+------+-----+----+------+-----+---------+------------------------------+
| g0        | 23    | BUFGCE/O        | None       |         439 |               0 | 439 |           0 |    0 |   0 |  0 |    0 |   0 |       0 | clk_wiz_1_inst/inst/clk_out1 |
| g1+       | 20    | BUFGCE/O        | None       |           0 |               0 |   0 |           0 |    0 |   0 |  0 |    0 |   0 |       0 | clk_wiz_0_inst/inst/clk_out1 |
+-----------+-------+-----------------+------------+-------------+-----------------+-----+-------------+------+-----+----+------+-----+---------+------------------------------+
* Clock Loads column represents cell count of net connects that connect to a clock pin. Internal cell leaf pins are not considered
** Non-Clock Loads column represents cell count of non-clock pin loads
*** Columns FF, LUTRAM, RAMB through 'Hard IP' represents load cell counts
**** In Global Id column, sympbol '+' indicates that global clock was used only to route through the clock region.


29. Clock Region Cell Placement per Global Clock: Region X5Y2
-------------------------------------------------------------

+-----------+-------+-----------------+------------+-------------+-----------------+-----+-------------+------+-----+----+------+-----+---------+------------------------------+
| Global Id | Track | Driver Type/Pin | Constraint | Clock Loads | Non-Clock Loads | FF  | Memory LUTs | RAMB | DSP | GT | MMCM | PLL | Hard IP | Net                          |
+-----------+-------+-----------------+------------+-------------+-----------------+-----+-------------+------+-----+----+------+-----+---------+------------------------------+
| g0        | 23    | BUFGCE/O        | None       |         946 |               0 | 945 |           0 |    1 |   0 |  0 |    0 |   0 |       0 | clk_wiz_1_inst/inst/clk_out1 |
| g1        | 20    | BUFGCE/O        | None       |           1 |               0 |   1 |           0 |    0 |   0 |  0 |    0 |   0 |       0 | clk_wiz_0_inst/inst/clk_out1 |
+-----------+-------+-----------------+------------+-------------+-----------------+-----+-------------+------+-----+----+------+-----+---------+------------------------------+
* Clock Loads column represents cell count of net connects that connect to a clock pin. Internal cell leaf pins are not considered
** Non-Clock Loads column represents cell count of non-clock pin loads
*** Columns FF, LUTRAM, RAMB through 'Hard IP' represents load cell counts


30. Clock Region Cell Placement per Global Clock: Region X2Y3
-------------------------------------------------------------

+-----------+-------+-----------------+------------+-------------+-----------------+-----+-------------+------+-----+----+------+-----+---------+------------------------------+
| Global Id | Track | Driver Type/Pin | Constraint | Clock Loads | Non-Clock Loads | FF  | Memory LUTs | RAMB | DSP | GT | MMCM | PLL | Hard IP | Net                          |
+-----------+-------+-----------------+------------+-------------+-----------------+-----+-------------+------+-----+----+------+-----+---------+------------------------------+
| g0        | 23    | BUFGCE/O        | None       |         182 |               0 | 182 |           0 |    0 |   0 |  0 |    0 |   0 |       0 | clk_wiz_1_inst/inst/clk_out1 |
+-----------+-------+-----------------+------------+-------------+-----------------+-----+-------------+------+-----+----+------+-----+---------+------------------------------+
* Clock Loads column represents cell count of net connects that connect to a clock pin. Internal cell leaf pins are not considered
** Non-Clock Loads column represents cell count of non-clock pin loads
*** Columns FF, LUTRAM, RAMB through 'Hard IP' represents load cell counts


31. Clock Region Cell Placement per Global Clock: Region X3Y3
-------------------------------------------------------------

+-----------+-------+-----------------+------------+-------------+-----------------+-----+-------------+------+-----+----+------+-----+---------+----------------------------------------+
| Global Id | Track | Driver Type/Pin | Constraint | Clock Loads | Non-Clock Loads | FF  | Memory LUTs | RAMB | DSP | GT | MMCM | PLL | Hard IP | Net                                    |
+-----------+-------+-----------------+------------+-------------+-----------------+-----+-------------+------+-----+----+------+-----+---------+----------------------------------------+
| g0        | 23    | BUFGCE/O        | None       |         649 |               0 | 649 |           0 |    0 |   0 |  0 |    0 |   0 |       0 | clk_wiz_1_inst/inst/clk_out1           |
| g2+       | 0     | BUFGCE/O        | None       |           0 |               0 |   0 |           0 |    0 |   0 |  0 |    0 |   0 |       0 | dbg_hub/inst/BSCANID.u_xsdbm_id/itck_i |
+-----------+-------+-----------------+------------+-------------+-----------------+-----+-------------+------+-----+----+------+-----+---------+----------------------------------------+
* Clock Loads column represents cell count of net connects that connect to a clock pin. Internal cell leaf pins are not considered
** Non-Clock Loads column represents cell count of non-clock pin loads
*** Columns FF, LUTRAM, RAMB through 'Hard IP' represents load cell counts
**** In Global Id column, sympbol '+' indicates that global clock was used only to route through the clock region.


32. Clock Region Cell Placement per Global Clock: Region X4Y3
-------------------------------------------------------------

+-----------+-------+-----------------+------------+-------------+-----------------+-----+-------------+------+-----+----+------+-----+---------+------------------------------+
| Global Id | Track | Driver Type/Pin | Constraint | Clock Loads | Non-Clock Loads | FF  | Memory LUTs | RAMB | DSP | GT | MMCM | PLL | Hard IP | Net                          |
+-----------+-------+-----------------+------------+-------------+-----------------+-----+-------------+------+-----+----+------+-----+---------+------------------------------+
| g0        | 23    | BUFGCE/O        | None       |         107 |               0 | 107 |           0 |    0 |   0 |  0 |    0 |   0 |       0 | clk_wiz_1_inst/inst/clk_out1 |
+-----------+-------+-----------------+------------+-------------+-----------------+-----+-------------+------+-----+----+------+-----+---------+------------------------------+
* Clock Loads column represents cell count of net connects that connect to a clock pin. Internal cell leaf pins are not considered
** Non-Clock Loads column represents cell count of non-clock pin loads
*** Columns FF, LUTRAM, RAMB through 'Hard IP' represents load cell counts


33. Clock Region Cell Placement per Global Clock: Region X5Y3
-------------------------------------------------------------

+-----------+-------+-----------------+------------+-------------+-----------------+-----+-------------+------+-----+----+------+-----+---------+------------------------------+
| Global Id | Track | Driver Type/Pin | Constraint | Clock Loads | Non-Clock Loads | FF  | Memory LUTs | RAMB | DSP | GT | MMCM | PLL | Hard IP | Net                          |
+-----------+-------+-----------------+------------+-------------+-----------------+-----+-------------+------+-----+----+------+-----+---------+------------------------------+
| g0        | 23    | BUFGCE/O        | None       |         152 |               0 | 152 |           0 |    0 |   0 |  0 |    0 |   0 |       0 | clk_wiz_1_inst/inst/clk_out1 |
+-----------+-------+-----------------+------------+-------------+-----------------+-----+-------------+------+-----+----+------+-----+---------+------------------------------+
* Clock Loads column represents cell count of net connects that connect to a clock pin. Internal cell leaf pins are not considered
** Non-Clock Loads column represents cell count of non-clock pin loads
*** Columns FF, LUTRAM, RAMB through 'Hard IP' represents load cell counts


