#-----------------------------------------------------------
# Vivado v2022.2 (64-bit)
# SW Build 3671981 on Fri Oct 14 04:59:54 MDT 2022
# IP Build 3669848 on Fri Oct 14 08:30:02 MDT 2022
# Start of session at: Mon Aug  3 16:23:20 2026
# Process ID: 108199
# Current directory: /home/williams/MYFPGA/FPGA Training Data Etri_fso/sfp_int/sfp_int_0/gt_ex
# Command line: vivado
# Log file: /home/williams/MYFPGA/FPGA Training Data Etri_fso/sfp_int/sfp_int_0/gt_ex/vivado.log
# Journal file: /home/williams/MYFPGA/FPGA Training Data Etri_fso/sfp_int/sfp_int_0/gt_ex/vivado.jou
# Running On: Williams, OS: Linux, CPU Frequency: 5300.000 MHz, CPU Physical cores: 16, Host memory: 67183 MB
#-----------------------------------------------------------
start_gui
WARNING: [Board 49-26] cannot add Board Part xilinx.com:vek280_es:part0:1.0 available at /tools/Xilinx/Vivado/2022.2/data/xhub/boards/XilinxBoardStore/boards/Xilinx/vek280/es/1.0/board.xml as part xcve2802-vsvh1760-2lp-e-s-es1 specified in board_part file is either invalid or not available
WARNING: [Board 49-26] cannot add Board Part xilinx.com:vhk158_es:part0:1.0 available at /tools/Xilinx/Vivado/2022.2/data/xhub/boards/XilinxBoardStore/boards/Xilinx/vhk158/es/1.0/board.xml as part xcvh1582-vsva3697-2mp-e-s-es1 specified in board_part file is either invalid or not available
WARNING: [Board 49-26] cannot add Board Part xilinx.com:vpk120_es:part0:1.2 available at /tools/Xilinx/Vivado/2022.2/data/xhub/boards/XilinxBoardStore/boards/Xilinx/vpk120/es/1.2/board.xml as part xcvp1202-vsva2785-2mp-e-s-es1 specified in board_part file is either invalid or not available
WARNING: [Board 49-26] cannot add Board Part xilinx.com:vpk120_es_revb:part0:1.0 available at /tools/Xilinx/Vivado/2022.2/data/xhub/boards/XilinxBoardStore/boards/Xilinx/vpk120_revb/es/1.0/board.xml as part xcvp1202-vsva2785-2mp-e-s-es1 specified in board_part file is either invalid or not available
WARNING: [Board 49-26] cannot add Board Part xilinx.com:vpk180_es:part0:1.0 available at /tools/Xilinx/Vivado/2022.2/data/xhub/boards/XilinxBoardStore/boards/Xilinx/vpk180/es/1.0/board.xml as part xcvp1802-lsvc4072-2mp-e-s-es1 specified in board_part file is either invalid or not available
WARNING: [Board 49-26] cannot add Board Part xilinx.com:zcu208ld:part0:2.0 available at /tools/Xilinx/Vivado/2022.2/data/xhub/boards/XilinxBoardStore/boards/Xilinx/zcu208ld/production/2.0/board.xml as part xczu58dr-fsvg1517-2-i specified in board_part file is either invalid or not available
WARNING: [Board 49-26] cannot add Board Part xilinx.com:zcu216ld:part0:2.0 available at /tools/Xilinx/Vivado/2022.2/data/xhub/boards/XilinxBoardStore/boards/Xilinx/zcu216ld/production/2.0/board.xml as part xczu59dr-ffvf1760-2-i specified in board_part file is either invalid or not available
WARNING: [Board 49-26] cannot add Board Part xilinx.com:zcu670:part0:2.0 available at /tools/Xilinx/Vivado/2022.2/data/xhub/boards/XilinxBoardStore/boards/Xilinx/zcu670/2.0/board.xml as part xczu67dr-fsve1156-2-i specified in board_part file is either invalid or not available
WARNING: [Board 49-26] cannot add Board Part xilinx.com:zcu670ld:part0:1.0 available at /tools/Xilinx/Vivado/2022.2/data/xhub/boards/XilinxBoardStore/boards/Xilinx/zcu670ld/1.0/board.xml as part xczu57dr-fsve1156-2-i specified in board_part file is either invalid or not available
open_project {/home/williams/MYFPGA/FPGA Training Data Etri_fso/sfp_int/sfp_int_0/gt_ex/gt_ex.xpr}
INFO: [Project 1-313] Project file moved from '/home/yrzal0/_FPGA/sfp_int/sfp_int_0/gt_ex' since last save.
WARNING: [filemgmt 56-3] IPUserFilesDir: Could not find the directory '/home/williams/MYFPGA/FPGA Training Data Etri_fso/sfp_int/sfp_int_0/gt_ex/gt_ex.ip_user_files'.
CRITICAL WARNING: [Project 1-505] Unrecognized Option Name UseInlineHdlIP
ERROR: [Project 1-208] No val for DA Elab Attr
ERROR: [Project 1-208] No val for DA Elab Attr
ERROR: [Project 1-208] No val for DA Elab Attr
ERROR: [Project 1-208] No val for DA Elab Attr
ERROR: [Project 1-208] No val for DA Elab Attr
ERROR: [Project 1-208] No val for DA Elab Attr
ERROR: [Project 1-208] No val for DA Elab Attr
ERROR: [Project 1-208] No val for DA Elab Attr
ERROR: [Project 1-208] No val for DA Elab Attr
ERROR: [Project 1-208] No val for DA Elab Attr
ERROR: [Project 1-208] No val for DA Elab Attr
ERROR: [Project 1-208] No val for DA Elab Attr
Scanning sources...
Finished scanning sources
CRITICAL WARNING: [Project 1-192] Failed to load run synth_1. Strategy Vivado Synthesis Defaults (Vivado Synthesis 2025) not recognized by Vivado. 

CRITICAL WARNING: [Project 1-192] Failed to load run clk_wiz_0_synth_1. Strategy Vivado Synthesis Defaults (Vivado Synthesis 2025) not recognized by Vivado. 

CRITICAL WARNING: [Project 1-192] Failed to load run reset_0_synth_1. Strategy Vivado Synthesis Defaults (Vivado Synthesis 2025) not recognized by Vivado. 

CRITICAL WARNING: [Project 1-192] Failed to load run gt_vio_0_synth_1. Strategy Vivado Synthesis Defaults (Vivado Synthesis 2025) not recognized by Vivado. 

CRITICAL WARNING: [Project 1-192] Failed to load run cross_gth_logic_synth_1. Strategy Vivado Synthesis Defaults (Vivado Synthesis 2025) not recognized by Vivado. 

CRITICAL WARNING: [Project 1-192] Failed to load run delay_rs_synth_1. Strategy Vivado Synthesis Defaults (Vivado Synthesis 2025) not recognized by Vivado. 

CRITICAL WARNING: [Project 1-192] Failed to load run cross_logic_gth_synth_1. Strategy Vivado Synthesis Defaults (Vivado Synthesis 2025) not recognized by Vivado. 

CRITICAL WARNING: [Project 1-192] Failed to load run cross_logic_gth_head_synth_1. Strategy Vivado Synthesis Defaults (Vivado Synthesis 2025) not recognized by Vivado. 

CRITICAL WARNING: [Project 1-192] Failed to load run cross_gth_logic_head_synth_1. Strategy Vivado Synthesis Defaults (Vivado Synthesis 2025) not recognized by Vivado. 

CRITICAL WARNING: [Project 1-192] Failed to load run serdes_assembler_synth_1. Strategy Vivado Synthesis Defaults (Vivado Synthesis 2025) not recognized by Vivado. 

CRITICAL WARNING: [Project 1-192] Failed to load run delay_combiner_synth_1. Strategy Vivado Synthesis Defaults (Vivado Synthesis 2025) not recognized by Vivado. 

CRITICAL WARNING: [Project 1-192] Failed to load run serdes_framer_synth_1. Strategy Vivado Synthesis Defaults (Vivado Synthesis 2025) not recognized by Vivado. 

CRITICAL WARNING: [Project 1-192] Failed to load run cross_logic_gth_load_synth_1. Strategy Vivado Synthesis Defaults (Vivado Synthesis 2025) not recognized by Vivado. 

CRITICAL WARNING: [Project 1-192] Failed to load run cross_gth_logic_load_synth_1. Strategy Vivado Synthesis Defaults (Vivado Synthesis 2025) not recognized by Vivado. 

CRITICAL WARNING: [Project 1-192] Failed to load run gt_synth_1. Strategy Vivado Synthesis Defaults (Vivado Synthesis 2025) not recognized by Vivado. 

CRITICAL WARNING: [Project 1-192] Failed to load run impl_1. Strategy Vivado Implementation Defaults (Vivado Implementation 2025) not recognized by Vivado. 

CRITICAL WARNING: [Project 1-192] Failed to load run clk_wiz_0_impl_1. Strategy Vivado Implementation Defaults (Vivado Implementation 2025) not recognized by Vivado. 

CRITICAL WARNING: [Project 1-192] Failed to load run reset_0_impl_1. Strategy Vivado Implementation Defaults (Vivado Implementation 2025) not recognized by Vivado. 

CRITICAL WARNING: [Project 1-192] Failed to load run gt_vio_0_impl_1. Strategy Vivado Implementation Defaults (Vivado Implementation 2025) not recognized by Vivado. 

CRITICAL WARNING: [Project 1-192] Failed to load run cross_gth_logic_impl_1. Strategy Vivado Implementation Defaults (Vivado Implementation 2025) not recognized by Vivado. 

CRITICAL WARNING: [Project 1-192] Failed to load run delay_rs_impl_1. Strategy Vivado Implementation Defaults (Vivado Implementation 2025) not recognized by Vivado. 

CRITICAL WARNING: [Project 1-192] Failed to load run cross_logic_gth_impl_1. Strategy Vivado Implementation Defaults (Vivado Implementation 2025) not recognized by Vivado. 

CRITICAL WARNING: [Project 1-192] Failed to load run cross_logic_gth_head_impl_1. Strategy Vivado Implementation Defaults (Vivado Implementation 2025) not recognized by Vivado. 

CRITICAL WARNING: [Project 1-192] Failed to load run cross_gth_logic_head_impl_1. Strategy Vivado Implementation Defaults (Vivado Implementation 2025) not recognized by Vivado. 

CRITICAL WARNING: [Project 1-192] Failed to load run serdes_assembler_impl_1. Strategy Vivado Implementation Defaults (Vivado Implementation 2025) not recognized by Vivado. 

CRITICAL WARNING: [Project 1-192] Failed to load run delay_combiner_impl_1. Strategy Vivado Implementation Defaults (Vivado Implementation 2025) not recognized by Vivado. 

CRITICAL WARNING: [Project 1-192] Failed to load run serdes_framer_impl_1. Strategy Vivado Implementation Defaults (Vivado Implementation 2025) not recognized by Vivado. 

CRITICAL WARNING: [Project 1-192] Failed to load run cross_logic_gth_load_impl_1. Strategy Vivado Implementation Defaults (Vivado Implementation 2025) not recognized by Vivado. 

CRITICAL WARNING: [Project 1-192] Failed to load run cross_gth_logic_load_impl_1. Strategy Vivado Implementation Defaults (Vivado Implementation 2025) not recognized by Vivado. 

CRITICAL WARNING: [Project 1-192] Failed to load run gt_impl_1. Strategy Vivado Implementation Defaults (Vivado Implementation 2025) not recognized by Vivado. 

INFO: [IP_Flow 19-234] Refreshing IP repositories
INFO: [IP_Flow 19-1704] No user IP repositories specified
INFO: [IP_Flow 19-2313] Loaded Vivado IP repository '/tools/Xilinx/Vivado/2022.2/data/ip'.
ERROR: [IP_Flow 19-8166] Failed to verify json document against the schema 'xilinx.com:schema:json_instance:1.0'.
{
  "additionalProperties": {
    "disallowed": "resolve_type",
    "instanceRef": "#/ip_inst/parameters/project_parameters/ARCHITECTURE/0",
    "schemaRef": "file:///simple_param_value_v1_0.json#/definitions/simple_param_value"
  }
}
CRITICAL WARNING: [IP_Flow 19-183] Failed to load IP instance 'clk_wiz_0'.
CRITICAL WARNING: [IP_Flow 19-1835] Failed to recreate IP instance 'clk_wiz_0'. Error reading project file(s).
ERROR: [IP_Flow 19-8166] Failed to verify json document against the schema 'xilinx.com:schema:json_instance:1.0'.
{
  "additionalProperties": {
    "disallowed": "resolve_type",
    "instanceRef": "#/ip_inst/parameters/project_parameters/ARCHITECTURE/0",
    "schemaRef": "file:///simple_param_value_v1_0.json#/definitions/simple_param_value"
  }
}
CRITICAL WARNING: [IP_Flow 19-183] Failed to load IP instance 'reset_0'.
CRITICAL WARNING: [IP_Flow 19-1835] Failed to recreate IP instance 'reset_0'. Error reading project file(s).
ERROR: [IP_Flow 19-8166] Failed to verify json document against the schema 'xilinx.com:schema:json_instance:1.0'.
{
  "additionalProperties": {
    "disallowed": "resolve_type",
    "instanceRef": "#/ip_inst/parameters/project_parameters/ARCHITECTURE/0",
    "schemaRef": "file:///simple_param_value_v1_0.json#/definitions/simple_param_value"
  }
}
CRITICAL WARNING: [IP_Flow 19-183] Failed to load IP instance 'gt_vio_0'.
CRITICAL WARNING: [IP_Flow 19-1835] Failed to recreate IP instance 'gt_vio_0'. Error reading project file(s).
ERROR: [IP_Flow 19-8166] Failed to verify json document against the schema 'xilinx.com:schema:json_instance:1.0'.
{
  "additionalProperties": {
    "disallowed": "resolve_type",
    "instanceRef": "#/ip_inst/parameters/project_parameters/ARCHITECTURE/0",
    "schemaRef": "file:///simple_param_value_v1_0.json#/definitions/simple_param_value"
  }
}
CRITICAL WARNING: [IP_Flow 19-183] Failed to load IP instance 'cross_gth_logic'.
CRITICAL WARNING: [IP_Flow 19-1835] Failed to recreate IP instance 'cross_gth_logic'. Error reading project file(s).
ERROR: [IP_Flow 19-8166] Failed to verify json document against the schema 'xilinx.com:schema:json_instance:1.0'.
{
  "additionalProperties": {
    "disallowed": "resolve_type",
    "instanceRef": "#/ip_inst/parameters/project_parameters/ARCHITECTURE/0",
    "schemaRef": "file:///simple_param_value_v1_0.json#/definitions/simple_param_value"
  }
}
CRITICAL WARNING: [IP_Flow 19-183] Failed to load IP instance 'delay_rs'.
CRITICAL WARNING: [IP_Flow 19-1835] Failed to recreate IP instance 'delay_rs'. Error reading project file(s).
ERROR: [IP_Flow 19-8166] Failed to verify json document against the schema 'xilinx.com:schema:json_instance:1.0'.
{
  "additionalProperties": {
    "disallowed": "resolve_type",
    "instanceRef": "#/ip_inst/parameters/project_parameters/ARCHITECTURE/0",
    "schemaRef": "file:///simple_param_value_v1_0.json#/definitions/simple_param_value"
  }
}
CRITICAL WARNING: [IP_Flow 19-183] Failed to load IP instance 'cross_logic_gth'.
CRITICAL WARNING: [IP_Flow 19-1835] Failed to recreate IP instance 'cross_logic_gth'. Error reading project file(s).
ERROR: [IP_Flow 19-8166] Failed to verify json document against the schema 'xilinx.com:schema:json_instance:1.0'.
{
  "additionalProperties": {
    "disallowed": "resolve_type",
    "instanceRef": "#/ip_inst/parameters/project_parameters/ARCHITECTURE/0",
    "schemaRef": "file:///simple_param_value_v1_0.json#/definitions/simple_param_value"
  }
}
CRITICAL WARNING: [IP_Flow 19-183] Failed to load IP instance 'cross_logic_gth_head'.
CRITICAL WARNING: [IP_Flow 19-1835] Failed to recreate IP instance 'cross_logic_gth_head'. Error reading project file(s).
ERROR: [IP_Flow 19-8166] Failed to verify json document against the schema 'xilinx.com:schema:json_instance:1.0'.
{
  "additionalProperties": {
    "disallowed": "resolve_type",
    "instanceRef": "#/ip_inst/parameters/project_parameters/ARCHITECTURE/0",
    "schemaRef": "file:///simple_param_value_v1_0.json#/definitions/simple_param_value"
  }
}
CRITICAL WARNING: [IP_Flow 19-183] Failed to load IP instance 'cross_gth_logic_head'.
CRITICAL WARNING: [IP_Flow 19-1835] Failed to recreate IP instance 'cross_gth_logic_head'. Error reading project file(s).
ERROR: [IP_Flow 19-8166] Failed to verify json document against the schema 'xilinx.com:schema:json_instance:1.0'.
{
  "additionalProperties": {
    "disallowed": "resolve_type",
    "instanceRef": "#/ip_inst/parameters/project_parameters/ARCHITECTURE/0",
    "schemaRef": "file:///simple_param_value_v1_0.json#/definitions/simple_param_value"
  }
}
CRITICAL WARNING: [IP_Flow 19-183] Failed to load IP instance 'serdes_assembler'.
CRITICAL WARNING: [IP_Flow 19-1835] Failed to recreate IP instance 'serdes_assembler'. Error reading project file(s).
ERROR: [IP_Flow 19-8166] Failed to verify json document against the schema 'xilinx.com:schema:json_instance:1.0'.
{
  "additionalProperties": {
    "disallowed": "resolve_type",
    "instanceRef": "#/ip_inst/parameters/project_parameters/ARCHITECTURE/0",
    "schemaRef": "file:///simple_param_value_v1_0.json#/definitions/simple_param_value"
  }
}
CRITICAL WARNING: [IP_Flow 19-183] Failed to load IP instance 'delay_combiner'.
CRITICAL WARNING: [IP_Flow 19-1835] Failed to recreate IP instance 'delay_combiner'. Error reading project file(s).
ERROR: [IP_Flow 19-8166] Failed to verify json document against the schema 'xilinx.com:schema:json_instance:1.0'.
{
  "additionalProperties": {
    "disallowed": "resolve_type",
    "instanceRef": "#/ip_inst/parameters/project_parameters/ARCHITECTURE/0",
    "schemaRef": "file:///simple_param_value_v1_0.json#/definitions/simple_param_value"
  }
}
CRITICAL WARNING: [IP_Flow 19-183] Failed to load IP instance 'serdes_framer'.
CRITICAL WARNING: [IP_Flow 19-1835] Failed to recreate IP instance 'serdes_framer'. Error reading project file(s).
ERROR: [IP_Flow 19-8166] Failed to verify json document against the schema 'xilinx.com:schema:json_instance:1.0'.
{
  "additionalProperties": {
    "disallowed": "resolve_type",
    "instanceRef": "#/ip_inst/parameters/project_parameters/ARCHITECTURE/0",
    "schemaRef": "file:///simple_param_value_v1_0.json#/definitions/simple_param_value"
  }
}
CRITICAL WARNING: [IP_Flow 19-183] Failed to load IP instance 'cross_logic_gth_load'.
CRITICAL WARNING: [IP_Flow 19-1835] Failed to recreate IP instance 'cross_logic_gth_load'. Error reading project file(s).
ERROR: [IP_Flow 19-8166] Failed to verify json document against the schema 'xilinx.com:schema:json_instance:1.0'.
{
  "additionalProperties": {
    "disallowed": "resolve_type",
    "instanceRef": "#/ip_inst/parameters/project_parameters/ARCHITECTURE/0",
    "schemaRef": "file:///simple_param_value_v1_0.json#/definitions/simple_param_value"
  }
}
CRITICAL WARNING: [IP_Flow 19-183] Failed to load IP instance 'cross_gth_logic_load'.
CRITICAL WARNING: [IP_Flow 19-1835] Failed to recreate IP instance 'cross_gth_logic_load'. Error reading project file(s).
ERROR: [IP_Flow 19-8166] Failed to verify json document against the schema 'xilinx.com:schema:json_instance:1.0'.
{
  "additionalProperties": {
    "disallowed": "resolve_type",
    "instanceRef": "#/ip_inst/parameters/project_parameters/ARCHITECTURE/0",
    "schemaRef": "file:///simple_param_value_v1_0.json#/definitions/simple_param_value"
  }
}
CRITICAL WARNING: [IP_Flow 19-183] Failed to load IP instance 'gt'.
CRITICAL WARNING: [IP_Flow 19-1835] Failed to recreate IP instance 'gt'. Error reading project file(s).
WARNING: [Project 1-231] Project 'gt_ex.xpr' was created with a future version and may or may not perform reliably with this version of Vivado. It has been opened in read-only mode for the protection of unrecognized data. Use 'File | Save Project As...' if you wish to alter a copy of the project.
ERROR: [Common 17-39] 'open_project' failed due to earlier errors.
update_compile_order -fileset sources_1
save_project_as gt_ex_test {/home/williams/MYFPGA/FPGA Training Data Etri_fso/sfp_int/sfp_int_0/gt_ex/gt_ex_test} -force
export_ip_user_files -of_objects  [get_files {{/home/williams/MYFPGA/FPGA Training Data Etri_fso/sfp_int/sfp_int_0/gt_ex/gt_ex_test/gt_ex_test.srcs/sources_1/ip/clk_wiz_0/clk_wiz_0.xci}}] -no_script -reset -force -quiet
remove_files  -fileset clk_wiz_0 {{/home/williams/MYFPGA/FPGA Training Data Etri_fso/sfp_int/sfp_int_0/gt_ex/gt_ex_test/gt_ex_test.srcs/sources_1/ip/clk_wiz_0/clk_wiz_0.xci}}
INFO: [Project 1-386] Moving file '/home/williams/MYFPGA/FPGA Training Data Etri_fso/sfp_int/sfp_int_0/gt_ex/gt_ex_test/gt_ex_test.srcs/sources_1/ip/clk_wiz_0/clk_wiz_0.xci' from fileset 'clk_wiz_0' to fileset 'sources_1'.
export_ip_user_files -of_objects  [get_files {{/home/williams/MYFPGA/FPGA Training Data Etri_fso/sfp_int/sfp_int_0/gt_ex/gt_ex_test/gt_ex_test.srcs/sources_1/ip/reset_0/reset_0.xci}}] -no_script -reset -force -quiet
remove_files  -fileset reset_0 {{/home/williams/MYFPGA/FPGA Training Data Etri_fso/sfp_int/sfp_int_0/gt_ex/gt_ex_test/gt_ex_test.srcs/sources_1/ip/reset_0/reset_0.xci}}
INFO: [Project 1-386] Moving file '/home/williams/MYFPGA/FPGA Training Data Etri_fso/sfp_int/sfp_int_0/gt_ex/gt_ex_test/gt_ex_test.srcs/sources_1/ip/reset_0/reset_0.xci' from fileset 'reset_0' to fileset 'sources_1'.
ERROR: [Vivado 12-106] *** Exception: java.lang.ArrayIndexOutOfBoundsException: Index -1 out of bounds for length 10 (See /home/williams/MYFPGA/FPGA Training Data Etri_fso/sfp_int/sfp_int_0/gt_ex/vivado_pid108199.debug)
ERROR: [Vivado 12-106] *** Exception: java.lang.ArrayIndexOutOfBoundsException: Index -1 out of bounds for length 10 (See /home/williams/MYFPGA/FPGA Training Data Etri_fso/sfp_int/sfp_int_0/gt_ex/vivado_pid108199.debug)
ERROR: [Vivado 12-106] *** Exception: java.lang.ArrayIndexOutOfBoundsException (See /home/williams/MYFPGA/FPGA Training Data Etri_fso/sfp_int/sfp_int_0/gt_ex/vivado_pid108199.debug)
ERROR: [Vivado 12-106] *** Exception: java.lang.ArrayIndexOutOfBoundsException (See /home/williams/MYFPGA/FPGA Training Data Etri_fso/sfp_int/sfp_int_0/gt_ex/vivado_pid108199.debug)
ERROR: [Vivado 12-106] *** Exception: java.lang.ArrayIndexOutOfBoundsException (See /home/williams/MYFPGA/FPGA Training Data Etri_fso/sfp_int/sfp_int_0/gt_ex/vivado_pid108199.debug)
ERROR: [Vivado 12-106] *** Exception: java.lang.ArrayIndexOutOfBoundsException (See /home/williams/MYFPGA/FPGA Training Data Etri_fso/sfp_int/sfp_int_0/gt_ex/vivado_pid108199.debug)
ERROR: [Vivado 12-106] *** Exception: java.lang.ArrayIndexOutOfBoundsException (See /home/williams/MYFPGA/FPGA Training Data Etri_fso/sfp_int/sfp_int_0/gt_ex/vivado_pid108199.debug)
ERROR: [Vivado 12-106] *** Exception: java.lang.ArrayIndexOutOfBoundsException (See /home/williams/MYFPGA/FPGA Training Data Etri_fso/sfp_int/sfp_int_0/gt_ex/vivado_pid108199.debug)
add_files -norecurse {{/home/williams/MYFPGA/FPGA Training Data Etri_fso/sfp_int/sfp_int_0/gt_ex/gt_ex_test/gt_ex_test.srcs/sources_1/ip/clk_wiz_0/clk_wiz_0.xci}}
ERROR: [IP_Flow 19-8166] Failed to verify json document against the schema 'xilinx.com:schema:json_instance:1.0'.
{
  "additionalProperties": {
    "disallowed": "resolve_type",
    "instanceRef": "#/ip_inst/parameters/project_parameters/ARCHITECTURE/0",
    "schemaRef": "file:///simple_param_value_v1_0.json#/definitions/simple_param_value"
  }
}
WARNING: [IP_Flow 19-395] Problem validating against XML schema: : Unexpected end of message
ERROR: [IP_Flow 19-8166] Failed to verify json document against the schema 'xilinx.com:schema:json_instance:1.0'.
{
  "additionalProperties": {
    "disallowed": "resolve_type",
    "instanceRef": "#/ip_inst/parameters/project_parameters/ARCHITECTURE/0",
    "schemaRef": "file:///simple_param_value_v1_0.json#/definitions/simple_param_value"
  }
}
CRITICAL WARNING: [IP_Flow 19-183] Failed to load IP instance 'clk_wiz_0'.
CRITICAL WARNING: [IP_Flow 19-1835] Failed to recreate IP instance 'clk_wiz_0'. Error reading project file(s).
WARNING: [Vivado 12-13650] The IP file '/home/williams/MYFPGA/FPGA Training Data Etri_fso/sfp_int/sfp_int_0/gt_ex/gt_ex_test/gt_ex_test.srcs/sources_1/ip/clk_wiz_0/clk_wiz_0.xci' has been moved from its original location, as a result the outputs for this IP will now be generated in ''. Alternatively a copy of the IP can be imported into the project using one of the 'import_ip' or 'import_files' commands.
ERROR: [Common 17-39] 'add_files' failed due to earlier errors.
update_compile_order -fileset sources_1
ERROR: [Vivado 12-106] *** Exception: java.lang.ArrayIndexOutOfBoundsException (See /home/williams/MYFPGA/FPGA Training Data Etri_fso/sfp_int/sfp_int_0/gt_ex/vivado_pid108199.debug)
ERROR: [Vivado 12-106] *** Exception: java.lang.ArrayIndexOutOfBoundsException (See /home/williams/MYFPGA/FPGA Training Data Etri_fso/sfp_int/sfp_int_0/gt_ex/vivado_pid108199.debug)
ERROR: [Vivado 12-106] *** Exception: java.lang.ArrayIndexOutOfBoundsException (See /home/williams/MYFPGA/FPGA Training Data Etri_fso/sfp_int/sfp_int_0/gt_ex/vivado_pid108199.debug)
ERROR: [Vivado 12-106] *** Exception: java.lang.ArrayIndexOutOfBoundsException (See /home/williams/MYFPGA/FPGA Training Data Etri_fso/sfp_int/sfp_int_0/gt_ex/vivado_pid108199.debug)
ERROR: [Vivado 12-106] *** Exception: java.lang.ArrayIndexOutOfBoundsException (See /home/williams/MYFPGA/FPGA Training Data Etri_fso/sfp_int/sfp_int_0/gt_ex/vivado_pid108199.debug)
ERROR: [Vivado 12-106] *** Exception: java.lang.ArrayIndexOutOfBoundsException (See /home/williams/MYFPGA/FPGA Training Data Etri_fso/sfp_int/sfp_int_0/gt_ex/vivado_pid108199.debug)
ERROR: [Vivado 12-106] *** Exception: java.lang.ArrayIndexOutOfBoundsException (See /home/williams/MYFPGA/FPGA Training Data Etri_fso/sfp_int/sfp_int_0/gt_ex/vivado_pid108199.debug)
ERROR: [Vivado 12-106] *** Exception: java.lang.ArrayIndexOutOfBoundsException (See /home/williams/MYFPGA/FPGA Training Data Etri_fso/sfp_int/sfp_int_0/gt_ex/vivado_pid108199.debug)
ERROR: [Vivado 12-106] *** Exception: java.lang.ArrayIndexOutOfBoundsException (See /home/williams/MYFPGA/FPGA Training Data Etri_fso/sfp_int/sfp_int_0/gt_ex/vivado_pid108199.debug)
ERROR: [Vivado 12-106] *** Exception: java.lang.ArrayIndexOutOfBoundsException (See /home/williams/MYFPGA/FPGA Training Data Etri_fso/sfp_int/sfp_int_0/gt_ex/vivado_pid108199.debug)
ERROR: [Vivado 12-106] *** Exception: java.lang.ArrayIndexOutOfBoundsException (See /home/williams/MYFPGA/FPGA Training Data Etri_fso/sfp_int/sfp_int_0/gt_ex/vivado_pid108199.debug)
ERROR: [Vivado 12-106] *** Exception: java.lang.ArrayIndexOutOfBoundsException (See /home/williams/MYFPGA/FPGA Training Data Etri_fso/sfp_int/sfp_int_0/gt_ex/vivado_pid108199.debug)
ERROR: [Vivado 12-106] *** Exception: java.lang.ArrayIndexOutOfBoundsException (See /home/williams/MYFPGA/FPGA Training Data Etri_fso/sfp_int/sfp_int_0/gt_ex/vivado_pid108199.debug)
ERROR: [Vivado 12-106] *** Exception: java.lang.ArrayIndexOutOfBoundsException (See /home/williams/MYFPGA/FPGA Training Data Etri_fso/sfp_int/sfp_int_0/gt_ex/vivado_pid108199.debug)
ERROR: [Vivado 12-106] *** Exception: java.lang.ArrayIndexOutOfBoundsException (See /home/williams/MYFPGA/FPGA Training Data Etri_fso/sfp_int/sfp_int_0/gt_ex/vivado_pid108199.debug)
ERROR: [Vivado 12-106] *** Exception: java.lang.ArrayIndexOutOfBoundsException (See /home/williams/MYFPGA/FPGA Training Data Etri_fso/sfp_int/sfp_int_0/gt_ex/vivado_pid108199.debug)
ERROR: [Vivado 12-106] *** Exception: java.lang.ArrayIndexOutOfBoundsException (See /home/williams/MYFPGA/FPGA Training Data Etri_fso/sfp_int/sfp_int_0/gt_ex/vivado_pid108199.debug)
ERROR: [Vivado 12-106] *** Exception: java.lang.ArrayIndexOutOfBoundsException (See /home/williams/MYFPGA/FPGA Training Data Etri_fso/sfp_int/sfp_int_0/gt_ex/vivado_pid108199.debug)
ERROR: [Vivado 12-106] *** Exception: java.lang.ArrayIndexOutOfBoundsException (See /home/williams/MYFPGA/FPGA Training Data Etri_fso/sfp_int/sfp_int_0/gt_ex/vivado_pid108199.debug)
ERROR: [Vivado 12-106] *** Exception: java.lang.ArrayIndexOutOfBoundsException (See /home/williams/MYFPGA/FPGA Training Data Etri_fso/sfp_int/sfp_int_0/gt_ex/vivado_pid108199.debug)
ERROR: [Vivado 12-106] *** Exception: java.lang.ArrayIndexOutOfBoundsException (See /home/williams/MYFPGA/FPGA Training Data Etri_fso/sfp_int/sfp_int_0/gt_ex/vivado_pid108199.debug)
ERROR: [Vivado 12-106] *** Exception: java.lang.ArrayIndexOutOfBoundsException (See /home/williams/MYFPGA/FPGA Training Data Etri_fso/sfp_int/sfp_int_0/gt_ex/vivado_pid108199.debug)
ERROR: [Vivado 12-106] *** Exception: java.lang.ArrayIndexOutOfBoundsException (See /home/williams/MYFPGA/FPGA Training Data Etri_fso/sfp_int/sfp_int_0/gt_ex/vivado_pid108199.debug)
ERROR: [Vivado 12-106] *** Exception: java.lang.ArrayIndexOutOfBoundsException (See /home/williams/MYFPGA/FPGA Training Data Etri_fso/sfp_int/sfp_int_0/gt_ex/vivado_pid108199.debug)
ERROR: [Vivado 12-106] *** Exception: java.lang.ArrayIndexOutOfBoundsException (See /home/williams/MYFPGA/FPGA Training Data Etri_fso/sfp_int/sfp_int_0/gt_ex/vivado_pid108199.debug)
ERROR: [Vivado 12-106] *** Exception: java.lang.ArrayIndexOutOfBoundsException (See /home/williams/MYFPGA/FPGA Training Data Etri_fso/sfp_int/sfp_int_0/gt_ex/vivado_pid108199.debug)
ERROR: [Vivado 12-106] *** Exception: java.lang.ArrayIndexOutOfBoundsException (See /home/williams/MYFPGA/FPGA Training Data Etri_fso/sfp_int/sfp_int_0/gt_ex/vivado_pid108199.debug)
ERROR: [Vivado 12-106] *** Exception: java.lang.ArrayIndexOutOfBoundsException (See /home/williams/MYFPGA/FPGA Training Data Etri_fso/sfp_int/sfp_int_0/gt_ex/vivado_pid108199.debug)
ERROR: [Vivado 12-106] *** Exception: java.lang.ArrayIndexOutOfBoundsException (See /home/williams/MYFPGA/FPGA Training Data Etri_fso/sfp_int/sfp_int_0/gt_ex/vivado_pid108199.debug)
ERROR: [Vivado 12-106] *** Exception: java.lang.ArrayIndexOutOfBoundsException (See /home/williams/MYFPGA/FPGA Training Data Etri_fso/sfp_int/sfp_int_0/gt_ex/vivado_pid108199.debug)
ERROR: [Vivado 12-106] *** Exception: java.lang.ArrayIndexOutOfBoundsException (See /home/williams/MYFPGA/FPGA Training Data Etri_fso/sfp_int/sfp_int_0/gt_ex/vivado_pid108199.debug)
ERROR: [Vivado 12-106] *** Exception: java.lang.ArrayIndexOutOfBoundsException (See /home/williams/MYFPGA/FPGA Training Data Etri_fso/sfp_int/sfp_int_0/gt_ex/vivado_pid108199.debug)
ERROR: [Vivado 12-106] *** Exception: java.lang.ArrayIndexOutOfBoundsException (See /home/williams/MYFPGA/FPGA Training Data Etri_fso/sfp_int/sfp_int_0/gt_ex/vivado_pid108199.debug)
ERROR: [Vivado 12-106] *** Exception: java.lang.ArrayIndexOutOfBoundsException (See /home/williams/MYFPGA/FPGA Training Data Etri_fso/sfp_int/sfp_int_0/gt_ex/vivado_pid108199.debug)
ERROR: [Vivado 12-106] *** Exception: java.lang.ArrayIndexOutOfBoundsException (See /home/williams/MYFPGA/FPGA Training Data Etri_fso/sfp_int/sfp_int_0/gt_ex/vivado_pid108199.debug)
ERROR: [Vivado 12-106] *** Exception: java.lang.ArrayIndexOutOfBoundsException (See /home/williams/MYFPGA/FPGA Training Data Etri_fso/sfp_int/sfp_int_0/gt_ex/vivado_pid108199.debug)
ERROR: [Vivado 12-106] *** Exception: java.lang.ArrayIndexOutOfBoundsException (See /home/williams/MYFPGA/FPGA Training Data Etri_fso/sfp_int/sfp_int_0/gt_ex/vivado_pid108199.debug)
ERROR: [Vivado 12-106] *** Exception: java.lang.ArrayIndexOutOfBoundsException (See /home/williams/MYFPGA/FPGA Training Data Etri_fso/sfp_int/sfp_int_0/gt_ex/vivado_pid108199.debug)
ERROR: [Vivado 12-106] *** Exception: java.lang.ArrayIndexOutOfBoundsException (See /home/williams/MYFPGA/FPGA Training Data Etri_fso/sfp_int/sfp_int_0/gt_ex/vivado_pid108199.debug)
ERROR: [Vivado 12-106] *** Exception: java.lang.ArrayIndexOutOfBoundsException (See /home/williams/MYFPGA/FPGA Training Data Etri_fso/sfp_int/sfp_int_0/gt_ex/vivado_pid108199.debug)
ERROR: [Vivado 12-106] *** Exception: java.lang.ArrayIndexOutOfBoundsException (See /home/williams/MYFPGA/FPGA Training Data Etri_fso/sfp_int/sfp_int_0/gt_ex/vivado_pid108199.debug)
ERROR: [Vivado 12-106] *** Exception: java.lang.ArrayIndexOutOfBoundsException (See /home/williams/MYFPGA/FPGA Training Data Etri_fso/sfp_int/sfp_int_0/gt_ex/vivado_pid108199.debug)
ERROR: [Vivado 12-106] *** Exception: java.lang.ArrayIndexOutOfBoundsException (See /home/williams/MYFPGA/FPGA Training Data Etri_fso/sfp_int/sfp_int_0/gt_ex/vivado_pid108199.debug)
ERROR: [Vivado 12-106] *** Exception: java.lang.ArrayIndexOutOfBoundsException (See /home/williams/MYFPGA/FPGA Training Data Etri_fso/sfp_int/sfp_int_0/gt_ex/vivado_pid108199.debug)
ERROR: [Vivado 12-106] *** Exception: java.lang.ArrayIndexOutOfBoundsException (See /home/williams/MYFPGA/FPGA Training Data Etri_fso/sfp_int/sfp_int_0/gt_ex/vivado_pid108199.debug)
ERROR: [Vivado 12-106] *** Exception: java.lang.ArrayIndexOutOfBoundsException (See /home/williams/MYFPGA/FPGA Training Data Etri_fso/sfp_int/sfp_int_0/gt_ex/vivado_pid108199.debug)
ERROR: [Vivado 12-106] *** Exception: java.lang.ArrayIndexOutOfBoundsException (See /home/williams/MYFPGA/FPGA Training Data Etri_fso/sfp_int/sfp_int_0/gt_ex/vivado_pid108199.debug)
ERROR: [Vivado 12-106] *** Exception: java.lang.ArrayIndexOutOfBoundsException (See /home/williams/MYFPGA/FPGA Training Data Etri_fso/sfp_int/sfp_int_0/gt_ex/vivado_pid108199.debug)
ERROR: [Vivado 12-106] *** Exception: java.lang.ArrayIndexOutOfBoundsException (See /home/williams/MYFPGA/FPGA Training Data Etri_fso/sfp_int/sfp_int_0/gt_ex/vivado_pid108199.debug)
ERROR: [Vivado 12-106] *** Exception: java.lang.ArrayIndexOutOfBoundsException (See /home/williams/MYFPGA/FPGA Training Data Etri_fso/sfp_int/sfp_int_0/gt_ex/vivado_pid108199.debug)
ERROR: [Vivado 12-106] *** Exception: java.lang.ArrayIndexOutOfBoundsException (See /home/williams/MYFPGA/FPGA Training Data Etri_fso/sfp_int/sfp_int_0/gt_ex/vivado_pid108199.debug)
ERROR: [Vivado 12-106] *** Exception: java.lang.ArrayIndexOutOfBoundsException (See /home/williams/MYFPGA/FPGA Training Data Etri_fso/sfp_int/sfp_int_0/gt_ex/vivado_pid108199.debug)
ERROR: [Vivado 12-106] *** Exception: java.lang.ArrayIndexOutOfBoundsException (See /home/williams/MYFPGA/FPGA Training Data Etri_fso/sfp_int/sfp_int_0/gt_ex/vivado_pid108199.debug)
ERROR: [Vivado 12-106] *** Exception: java.lang.ArrayIndexOutOfBoundsException (See /home/williams/MYFPGA/FPGA Training Data Etri_fso/sfp_int/sfp_int_0/gt_ex/vivado_pid108199.debug)
ERROR: [Vivado 12-106] *** Exception: java.lang.ArrayIndexOutOfBoundsException (See /home/williams/MYFPGA/FPGA Training Data Etri_fso/sfp_int/sfp_int_0/gt_ex/vivado_pid108199.debug)
ERROR: [Vivado 12-106] *** Exception: java.lang.ArrayIndexOutOfBoundsException (See /home/williams/MYFPGA/FPGA Training Data Etri_fso/sfp_int/sfp_int_0/gt_ex/vivado_pid108199.debug)
ERROR: [Vivado 12-106] *** Exception: java.lang.ArrayIndexOutOfBoundsException (See /home/williams/MYFPGA/FPGA Training Data Etri_fso/sfp_int/sfp_int_0/gt_ex/vivado_pid108199.debug)
ERROR: [Vivado 12-106] *** Exception: java.lang.ArrayIndexOutOfBoundsException (See /home/williams/MYFPGA/FPGA Training Data Etri_fso/sfp_int/sfp_int_0/gt_ex/vivado_pid108199.debug)
ERROR: [Vivado 12-106] *** Exception: java.lang.ArrayIndexOutOfBoundsException (See /home/williams/MYFPGA/FPGA Training Data Etri_fso/sfp_int/sfp_int_0/gt_ex/vivado_pid108199.debug)
ERROR: [Vivado 12-106] *** Exception: java.lang.ArrayIndexOutOfBoundsException (See /home/williams/MYFPGA/FPGA Training Data Etri_fso/sfp_int/sfp_int_0/gt_ex/vivado_pid108199.debug)
ERROR: [Vivado 12-106] *** Exception: java.lang.ArrayIndexOutOfBoundsException (See /home/williams/MYFPGA/FPGA Training Data Etri_fso/sfp_int/sfp_int_0/gt_ex/vivado_pid108199.debug)
ERROR: [Vivado 12-106] *** Exception: java.lang.ArrayIndexOutOfBoundsException (See /home/williams/MYFPGA/FPGA Training Data Etri_fso/sfp_int/sfp_int_0/gt_ex/vivado_pid108199.debug)
ERROR: [Vivado 12-106] *** Exception: java.lang.ArrayIndexOutOfBoundsException (See /home/williams/MYFPGA/FPGA Training Data Etri_fso/sfp_int/sfp_int_0/gt_ex/vivado_pid108199.debug)
ERROR: [Vivado 12-106] *** Exception: java.lang.ArrayIndexOutOfBoundsException (See /home/williams/MYFPGA/FPGA Training Data Etri_fso/sfp_int/sfp_int_0/gt_ex/vivado_pid108199.debug)
ERROR: [Vivado 12-106] *** Exception: java.lang.ArrayIndexOutOfBoundsException (See /home/williams/MYFPGA/FPGA Training Data Etri_fso/sfp_int/sfp_int_0/gt_ex/vivado_pid108199.debug)
ERROR: [Vivado 12-106] *** Exception: java.lang.ArrayIndexOutOfBoundsException (See /home/williams/MYFPGA/FPGA Training Data Etri_fso/sfp_int/sfp_int_0/gt_ex/vivado_pid108199.debug)
ERROR: [Vivado 12-106] *** Exception: java.lang.ArrayIndexOutOfBoundsException (See /home/williams/MYFPGA/FPGA Training Data Etri_fso/sfp_int/sfp_int_0/gt_ex/vivado_pid108199.debug)
ERROR: [Vivado 12-106] *** Exception: java.lang.ArrayIndexOutOfBoundsException (See /home/williams/MYFPGA/FPGA Training Data Etri_fso/sfp_int/sfp_int_0/gt_ex/vivado_pid108199.debug)
ERROR: [Vivado 12-106] *** Exception: java.lang.ArrayIndexOutOfBoundsException (See /home/williams/MYFPGA/FPGA Training Data Etri_fso/sfp_int/sfp_int_0/gt_ex/vivado_pid108199.debug)
ERROR: [Vivado 12-106] *** Exception: java.lang.ArrayIndexOutOfBoundsException (See /home/williams/MYFPGA/FPGA Training Data Etri_fso/sfp_int/sfp_int_0/gt_ex/vivado_pid108199.debug)
ERROR: [Vivado 12-106] *** Exception: java.lang.ArrayIndexOutOfBoundsException (See /home/williams/MYFPGA/FPGA Training Data Etri_fso/sfp_int/sfp_int_0/gt_ex/vivado_pid108199.debug)
ERROR: [Vivado 12-106] *** Exception: java.lang.ArrayIndexOutOfBoundsException (See /home/williams/MYFPGA/FPGA Training Data Etri_fso/sfp_int/sfp_int_0/gt_ex/vivado_pid108199.debug)
ERROR: [Vivado 12-106] *** Exception: java.lang.ArrayIndexOutOfBoundsException (See /home/williams/MYFPGA/FPGA Training Data Etri_fso/sfp_int/sfp_int_0/gt_ex/vivado_pid108199.debug)
ERROR: [Vivado 12-106] *** Exception: java.lang.ArrayIndexOutOfBoundsException (See /home/williams/MYFPGA/FPGA Training Data Etri_fso/sfp_int/sfp_int_0/gt_ex/vivado_pid108199.debug)
ERROR: [Vivado 12-106] *** Exception: java.lang.ArrayIndexOutOfBoundsException (See /home/williams/MYFPGA/FPGA Training Data Etri_fso/sfp_int/sfp_int_0/gt_ex/vivado_pid108199.debug)
ERROR: [Vivado 12-106] *** Exception: java.lang.ArrayIndexOutOfBoundsException (See /home/williams/MYFPGA/FPGA Training Data Etri_fso/sfp_int/sfp_int_0/gt_ex/vivado_pid108199.debug)
ERROR: [Vivado 12-106] *** Exception: java.lang.ArrayIndexOutOfBoundsException (See /home/williams/MYFPGA/FPGA Training Data Etri_fso/sfp_int/sfp_int_0/gt_ex/vivado_pid108199.debug)
ERROR: [Vivado 12-106] *** Exception: java.lang.ArrayIndexOutOfBoundsException (See /home/williams/MYFPGA/FPGA Training Data Etri_fso/sfp_int/sfp_int_0/gt_ex/vivado_pid108199.debug)
ERROR: [Vivado 12-106] *** Exception: java.lang.ArrayIndexOutOfBoundsException (See /home/williams/MYFPGA/FPGA Training Data Etri_fso/sfp_int/sfp_int_0/gt_ex/vivado_pid108199.debug)
ERROR: [Vivado 12-106] *** Exception: java.lang.ArrayIndexOutOfBoundsException (See /home/williams/MYFPGA/FPGA Training Data Etri_fso/sfp_int/sfp_int_0/gt_ex/vivado_pid108199.debug)
ERROR: [Vivado 12-106] *** Exception: java.lang.ArrayIndexOutOfBoundsException (See /home/williams/MYFPGA/FPGA Training Data Etri_fso/sfp_int/sfp_int_0/gt_ex/vivado_pid108199.debug)
ERROR: [Vivado 12-106] *** Exception: java.lang.ArrayIndexOutOfBoundsException (See /home/williams/MYFPGA/FPGA Training Data Etri_fso/sfp_int/sfp_int_0/gt_ex/vivado_pid108199.debug)
ERROR: [Vivado 12-106] *** Exception: java.lang.ArrayIndexOutOfBoundsException (See /home/williams/MYFPGA/FPGA Training Data Etri_fso/sfp_int/sfp_int_0/gt_ex/vivado_pid108199.debug)
ERROR: [Vivado 12-106] *** Exception: java.lang.ArrayIndexOutOfBoundsException (See /home/williams/MYFPGA/FPGA Training Data Etri_fso/sfp_int/sfp_int_0/gt_ex/vivado_pid108199.debug)
ERROR: [Vivado 12-106] *** Exception: java.lang.ArrayIndexOutOfBoundsException (See /home/williams/MYFPGA/FPGA Training Data Etri_fso/sfp_int/sfp_int_0/gt_ex/vivado_pid108199.debug)
exit
INFO: [Common 17-206] Exiting Vivado at Mon Aug  3 16:39:47 2026...
