INFO: [VRFC 10-2263] Analyzing Verilog file "/home/williams/MYFPGA/FSO FPGA/rs_codec_clean/rs_codec_clean/rs_codec_clean.ip_user_files/ipstatic/simulation/blk_mem_gen_v8_4.v" into library blk_mem_gen_v8_4_5
INFO: [VRFC 10-311] analyzing module STATE_LOGIC_v8_4
INFO: [VRFC 10-311] analyzing module beh_vlog_muxf7_v8_4
INFO: [VRFC 10-311] analyzing module beh_vlog_ff_clr_v8_4
INFO: [VRFC 10-311] analyzing module beh_vlog_ff_pre_v8_4
INFO: [VRFC 10-311] analyzing module beh_vlog_ff_ce_clr_v8_4
INFO: [VRFC 10-311] analyzing module write_netlist_v8_4
INFO: [VRFC 10-311] analyzing module read_netlist_v8_4
INFO: [VRFC 10-311] analyzing module blk_mem_axi_write_wrapper_beh_v8_4
INFO: [VRFC 10-311] analyzing module blk_mem_axi_read_wrapper_beh_v8_4
INFO: [VRFC 10-311] analyzing module blk_mem_axi_regs_fwd_v8_4
INFO: [VRFC 10-311] analyzing module blk_mem_gen_v8_4_5_output_stage
INFO: [VRFC 10-311] analyzing module blk_mem_gen_v8_4_5_softecc_output_reg_stage
INFO: [VRFC 10-311] analyzing module blk_mem_gen_v8_4_5_mem_module
INFO: [VRFC 10-311] analyzing module blk_mem_gen_v8_4_5
INFO: [VRFC 10-2263] Analyzing Verilog file "/home/williams/MYFPGA/FSO FPGA/rs_codec_clean/rs_codec_clean/rs_codec_clean.gen/sources_1/ip/bram_rs/sim/bram_rs.v" into library xil_defaultlib
INFO: [VRFC 10-311] analyzing module bram_rs
INFO: [VRFC 10-2263] Analyzing Verilog file "/home/williams/MYFPGA/FSO FPGA/rs_codec_clean/rs_codec_clean/rs_codec_clean.gen/sources_1/ip/clk_wiz_0/clk_wiz_0_clk_wiz.v" into library xil_defaultlib
INFO: [VRFC 10-311] analyzing module clk_wiz_0_clk_wiz
INFO: [VRFC 10-2263] Analyzing Verilog file "/home/williams/MYFPGA/FSO FPGA/rs_codec_clean/rs_codec_clean/rs_codec_clean.gen/sources_1/ip/clk_wiz_0/clk_wiz_0.v" into library xil_defaultlib
INFO: [VRFC 10-311] analyzing module clk_wiz_0
INFO: [VRFC 10-2263] Analyzing Verilog file "/home/williams/MYFPGA/FSO FPGA/rs_codec_clean/rs_codec_clean/rs_codec_clean.srcs/sources_1/imports/new/autorun.v" into library xil_defaultlib
INFO: [VRFC 10-311] analyzing module autorun
INFO: [VRFC 10-2263] Analyzing Verilog file "/home/williams/MYFPGA/FSO FPGA/rs_codec_clean/rs_codec_clean/rs_codec_clean.srcs/sources_1/imports/new/chien_search.v" into library xil_defaultlib
INFO: [VRFC 10-311] analyzing module chien_search
INFO: [VRFC 10-2263] Analyzing Verilog file "/home/williams/MYFPGA/FSO FPGA/rs_codec_clean/rs_codec_clean/rs_codec_clean.srcs/sources_1/imports/new/error_inject.v" into library xil_defaultlib
INFO: [VRFC 10-311] analyzing module error_inject
INFO: [VRFC 10-2263] Analyzing Verilog file "/home/williams/MYFPGA/FSO FPGA/rs_codec_clean/rs_codec_clean/rs_codec_clean.srcs/sources_1/imports/new/euclid_proc.v" into library xil_defaultlib
INFO: [VRFC 10-311] analyzing module euclid_proc
INFO: [VRFC 10-2263] Analyzing Verilog file "/home/williams/MYFPGA/FSO FPGA/rs_codec_clean/rs_codec_clean/rs_codec_clean.srcs/sources_1/imports/new/forney_math.v" into library xil_defaultlib
INFO: [VRFC 10-311] analyzing module forney_math
INFO: [VRFC 10-2263] Analyzing Verilog file "/home/williams/MYFPGA/FSO FPGA/rs_codec_clean/rs_codec_clean/rs_codec_clean.srcs/sources_1/imports/new/inverter.v" into library xil_defaultlib
INFO: [VRFC 10-311] analyzing module inverter
INFO: [VRFC 10-2263] Analyzing Verilog file "/home/williams/MYFPGA/FSO FPGA/rs_codec_clean/rs_codec_clean/rs_codec_clean.srcs/sources_1/imports/new/multiplier.v" into library xil_defaultlib
INFO: [VRFC 10-311] analyzing module multiplier
INFO: [VRFC 10-2263] Analyzing Verilog file "/home/williams/MYFPGA/FSO FPGA/rs_codec_clean/rs_codec_clean/rs_codec_clean.srcs/sources_1/imports/rs_codec_clean/rs_decoder.v" into library xil_defaultlib
INFO: [VRFC 10-311] analyzing module rs_decoder
INFO: [VRFC 10-2263] Analyzing Verilog file "/home/williams/MYFPGA/FSO FPGA/rs_codec_clean/rs_codec_clean/rs_codec_clean.srcs/sources_1/imports/new/rs_encoder.v" into library xil_defaultlib
INFO: [VRFC 10-311] analyzing module rs_encoder
INFO: [VRFC 10-2263] Analyzing Verilog file "/home/williams/MYFPGA/FSO FPGA/rs_codec_clean/rs_codec_clean/rs_codec_clean.srcs/sources_1/imports/new/stream_input.v" into library xil_defaultlib
INFO: [VRFC 10-311] analyzing module stream_input
INFO: [VRFC 10-2263] Analyzing Verilog file "/home/williams/MYFPGA/FSO FPGA/rs_codec_clean/rs_codec_clean/rs_codec_clean.srcs/sources_1/imports/new/syndrome_unit.v" into library xil_defaultlib
INFO: [VRFC 10-311] analyzing module syndrome_unit
INFO: [VRFC 10-2263] Analyzing Verilog file "/home/williams/MYFPGA/FSO FPGA/rs_codec_clean/rs_codec_clean/rs_codec_clean.srcs/sources_1/imports/new/top.v" into library xil_defaultlib
INFO: [VRFC 10-311] analyzing module top
INFO: [VRFC 10-2263] Analyzing Verilog file "/home/williams/MYFPGA/FSO FPGA/rs_codec_clean/rs_codec_clean/rs_codec_clean.sim/sim_1/behav/xsim/glbl.v" into library xil_defaultlib
INFO: [VRFC 10-311] analyzing module glbl
