Copyright 1986-2022 Xilinx, Inc. All Rights Reserved. Copyright 2022-2025 Advanced Micro Devices, Inc. All Rights Reserved.
-------------------------------------------------------------------------------------------------------------------------------------------------
| Tool Version     : Vivado v.2025.2 (lin64) Build 6299465 Fri Nov 14 12:34:56 MST 2025
| Date             : Wed Aug 12 00:04:45 2026
| Host             : Williams running 64-bit Ubuntu 22.04.5 LTS
| Command          : report_power -file top_power_routed.rpt -pb top_power_summary_routed.pb -rpx top_power_routed.rpx
| Design           : top
| Device           : xcku060-ffva1156-2-i
| Design State     : routed
| Grade            : industrial
| Process          : typical
| Characterization : Production
-------------------------------------------------------------------------------------------------------------------------------------------------

Power Report

Table of Contents
-----------------
1. Summary
1.1 On-Chip Components
1.2 Power Supply Summary
1.3 Confidence Level
2. Settings
2.1 Environment
2.2 Clock Constraints
3. Detailed Reports
3.1 By Hierarchy

1. Summary
----------

+--------------------------+--------------+
| Total On-Chip Power (W)  | 4.132        |
| Design Power Budget (W)  | Unspecified* |
| Power Budget Margin (W)  | NA           |
| Dynamic (W)              | 3.406        |
| Device Static (W)        | 0.726        |
| Effective TJA (C/W)      | 1.4          |
| Max Ambient (C)          | 94.2         |
| Junction Temperature (C) | 30.8         |
| Confidence Level         | Low          |
| Setting File             | ---          |
| Simulation Activity File | ---          |
| Design Nets Matched      | NA           |
+--------------------------+--------------+
* Specify Design Power Budget using, set_operating_conditions -design_power_budget <value in Watts>


1.1 On-Chip Components
----------------------

+--------------------------+-----------+----------+-----------+-----------------+
| On-Chip                  | Power (W) | Used     | Available | Utilization (%) |
+--------------------------+-----------+----------+-----------+-----------------+
| Clocks                   |     0.281 |       12 |       --- |             --- |
| CLB Logic                |     1.110 |   181973 |       --- |             --- |
|   LUT as Logic           |     1.077 |   114631 |    331680 |           34.56 |
|   LUT as Shift Register  |     0.019 |      916 |    146880 |            0.62 |
|   Register               |     0.007 |    25388 |    663360 |            3.83 |
|   CARRY8                 |     0.005 |     1876 |     41460 |            4.52 |
|   F7/F8 Muxes            |     0.002 |    25811 |    331680 |            7.78 |
|   LUT as Distributed RAM |    <0.001 |       20 |    146880 |            0.01 |
|   Others                 |     0.000 |     2277 |       --- |             --- |
| Signals                  |     0.900 |   127736 |       --- |             --- |
| Block RAM                |     0.149 |       84 |      1080 |            7.78 |
| MMCM                     |     0.115 |        1 |        12 |            8.33 |
| I/O                      |     0.004 |        5 |       520 |            0.96 |
| GTH                      |     0.846 |        4 |        28 |           14.29 |
| Static Power             |     0.726 |          |           |                 |
| Total                    |     4.132 |          |           |                 |
+--------------------------+-----------+----------+-----------+-----------------+


1.2 Power Supply Summary
------------------------

+------------+-------------+-----------+-------------+------------+-------------+-------------+------------+
| Source     | Voltage (V) | Total (A) | Dynamic (A) | Static (A) | Powerup (A) | Budget (A)  | Margin (A) |
+------------+-------------+-----------+-------------+------------+-------------+-------------+------------+
| Vccint     |       0.950 |     2.928 |       2.676 |      0.253 |       NA    | Unspecified | NA         |
| Vccaux     |       1.800 |     0.184 |       0.064 |      0.120 |       NA    | Unspecified | NA         |
| Vccaux_io  |       1.800 |     0.083 |       0.002 |      0.081 |       NA    | Unspecified | NA         |
| Vccint_io  |       0.950 |     0.023 |       0.001 |      0.022 |       NA    | Unspecified | NA         |
| Vcco33     |       3.300 |     0.000 |       0.000 |      0.000 |       NA    | Unspecified | NA         |
| Vcco25     |       2.500 |     0.000 |       0.000 |      0.000 |       NA    | Unspecified | NA         |
| Vcco18     |       1.800 |     0.000 |       0.000 |      0.000 |       NA    | Unspecified | NA         |
| Vcco15     |       1.500 |     0.000 |       0.000 |      0.000 |       NA    | Unspecified | NA         |
| Vcco135    |       1.350 |     0.000 |       0.000 |      0.000 |       NA    | Unspecified | NA         |
| Vcco12     |       1.200 |     0.000 |       0.000 |      0.000 |       NA    | Unspecified | NA         |
| Vcco10     |       1.000 |     0.000 |       0.000 |      0.000 |       NA    | Unspecified | NA         |
| Vccbram    |       0.950 |     0.026 |       0.004 |      0.022 |       NA    | Unspecified | NA         |
| MGTAVcc    |       1.000 |     0.532 |       0.512 |      0.020 |       NA    | Unspecified | NA         |
| MGTAVtt    |       1.200 |     0.203 |       0.172 |      0.031 |       NA    | Unspecified | NA         |
| MGTVccaux  |       1.800 |     0.013 |       0.013 |      0.000 |       NA    | Unspecified | NA         |
| Vccadc     |       1.800 |     0.014 |       0.000 |      0.014 |       NA    | Unspecified | NA         |
| MGTYVccaux |       1.800 |     0.000 |       0.000 |      0.000 |       NA    | Unspecified | NA         |
| MGTYAVcc   |       1.000 |     0.000 |       0.000 |      0.000 |       NA    | Unspecified | NA         |
| MGTYAVtt   |       1.200 |     0.000 |       0.000 |      0.000 |       NA    | Unspecified | NA         |
+------------+-------------+-----------+-------------+------------+-------------+-------------+------------+


1.3 Confidence Level
--------------------

+-----------------------------+------------+--------------------------------------------------------+------------------------------------------------------------------------------------------------------------+
| User Input Data             | Confidence | Details                                                | Action                                                                                                     |
+-----------------------------+------------+--------------------------------------------------------+------------------------------------------------------------------------------------------------------------+
| Design implementation state | High       | Design is routed                                       |                                                                                                            |
| Clock nodes activity        | High       | User specified more than 95% of clocks                 |                                                                                                            |
| I/O nodes activity          | Low        | More than 75% of inputs are missing user specification | Provide missing input activity with simulation results or by editing the "By Resource Type -> I/Os" view   |
| Internal nodes activity     | Medium     | User specified less than 25% of internal nodes         | Provide missing internal nodes activity with simulation results or by editing the "By Resource Type" views |
| Device models               | High       | Device models are Production                           |                                                                                                            |
|                             |            |                                                        |                                                                                                            |
| Overall confidence level    | Low        |                                                        |                                                                                                            |
+-----------------------------+------------+--------------------------------------------------------+------------------------------------------------------------------------------------------------------------+


2. Settings
-----------

2.1 Environment
---------------

+-----------------------+--------------------------+
| Ambient Temp (C)      | 25.0                     |
| ThetaJA (C/W)         | 1.4                      |
| Airflow (LFM)         | 250                      |
| Heat Sink             | medium (Medium Profile)  |
| ThetaSA (C/W)         | 2.4                      |
| Board Selection       | medium (10"x10")         |
| # of Board Layers     | 12to15 (12 to 15 Layers) |
| Board Temperature (C) | 25.0                     |
+-----------------------+--------------------------+


2.2 Clock Constraints
---------------------

+--------------------------------------------------------------------------------------------+------------------------------------------------------------------------------------------------------------------------------------------------------------------------------------------------------------------------------------+-----------------+
| Clock                                                                                      | Domain                                                                                                                                                                                                                             | Constraint (ns) |
+--------------------------------------------------------------------------------------------+------------------------------------------------------------------------------------------------------------------------------------------------------------------------------------------------------------------------------------+-----------------+
| clk_mgtrefclk_p                                                                            | mgtrefclk_p                                                                                                                                                                                                                        |             6.4 |
| clk_out1_clk_wiz_0                                                                         | clk_wiz_0_inst/inst/clk_out1_clk_wiz_0                                                                                                                                                                                             |            10.0 |
| clk_out2_clk_wiz_0                                                                         | clk_wiz_0_inst/inst/clk_out2_clk_wiz_0                                                                                                                                                                                             |             5.0 |
| clk_wiz_0_inst/inst/clk_in1                                                                | sys_clk_inst/O                                                                                                                                                                                                                     |             5.0 |
| clkfbout_clk_wiz_0                                                                         | clk_wiz_0_inst/inst/clkfbout_clk_wiz_0                                                                                                                                                                                             |             5.0 |
| dbg_hub/inst/BSCANID.u_xsdbm_id/SWITCH_N_EXT_BSCAN.bscan_inst/SERIES7_BSCAN.bscan_inst/TCK | dbg_hub/inst/BSCANID.u_xsdbm_id/SWITCH_N_EXT_BSCAN.bscan_inst/TCK                                                                                                                                                                  |            33.0 |
| qpll0outclk_out[0]                                                                         | gtx_exdes_m0/example_wrapper_inst/gt_inst/inst/gen_gtwizard_gthe3_top.gt_gtwizard_gthe3_inst/gen_gtwizard_gthe3.gen_common.gen_common_container[26].gen_enabled_common.gthe3_common_wrapper_inst/common_inst/qpll0outclk_out[0]    |             0.2 |
| qpll0outrefclk_out[0]                                                                      | gtx_exdes_m0/example_wrapper_inst/gt_inst/inst/gen_gtwizard_gthe3_top.gt_gtwizard_gthe3_inst/gen_gtwizard_gthe3.gen_common.gen_common_container[26].gen_enabled_common.gthe3_common_wrapper_inst/common_inst/qpll0outrefclk_out[0] |             6.4 |
| rxoutclk_out[3]                                                                            | gtx_exdes_m0/example_wrapper_inst/gt_inst/inst/gen_gtwizard_gthe3_top.gt_gtwizard_gthe3_inst/gen_gtwizard_gthe3.gen_channel_container[26].gen_enabled_channel.gthe3_channel_wrapper_inst/channel_inst/rxoutclk_out[3]              |             4.0 |
| txoutclk_out[3]                                                                            | gtx_exdes_m0/example_wrapper_inst/gt_inst/inst/gen_gtwizard_gthe3_top.gt_gtwizard_gthe3_inst/gen_gtwizard_gthe3.gen_channel_container[26].gen_enabled_channel.gthe3_channel_wrapper_inst/channel_inst/txoutclk_out[3]              |             4.0 |
+--------------------------------------------------------------------------------------------+------------------------------------------------------------------------------------------------------------------------------------------------------------------------------------------------------------------------------------+-----------------+


3. Detailed Reports
-------------------

3.1 By Hierarchy
----------------

+--------------------------+-----------+
| Name                     | Power (W) |
+--------------------------+-----------+
| top                      |     3.406 |
|   clk_wiz_0_inst         |     0.118 |
|     inst                 |     0.118 |
|   dbg_hub                |     0.003 |
|     inst                 |     0.003 |
|       BSCANID.u_xsdbm_id |     0.003 |
|   decoder_top_inst       |     1.751 |
|     assembler_top_inst   |     0.019 |
|       assembler_inst     |     0.010 |
|       crc_16_inst        |     0.001 |
|       crc_32_inst        |     0.007 |
|     core_rx_inst         |     1.723 |
|       lpc_dec_top_inst   |     0.002 |
|       rs_decoder_64_inst |     1.508 |
|       rs_decoder_inst    |     0.201 |
|       scrambler_inst     |     0.003 |
|       separator_inst     |     0.010 |
|     rx_gth_logic_inst    |     0.005 |
|       cross_inst         |     0.004 |
|     rx_logic_gth_inst    |     0.004 |
|       cross_head_inst    |     0.001 |
|       cross_payload_inst |     0.003 |
|   encoder_top_inst       |     0.488 |
|     core_tx_inst         |     0.459 |
|       combiner_inst      |     0.008 |
|       lpc_top_inst       |     0.004 |
|       rs_enc_header_inst |     0.046 |
|       rs_encoder_64_inst |     0.389 |
|       scrambler_inst     |     0.011 |
|     framer_top_inst      |     0.016 |
|       crc_16_inst        |     0.001 |
|       crc_32_inst        |     0.008 |
|       framer_inst        |     0.007 |
|     x_gth_logic_inst     |     0.008 |
|       cross_head_inst    |     0.003 |
|       cross_load_inst    |     0.005 |
|     x_logic_gth_inst     |     0.004 |
|       cross_inst         |     0.004 |
|   error_inject_inst      |     0.001 |
|   gtx_exdes_m0           |     0.853 |
|     example_wrapper_inst |     0.849 |
|       gt_inst            |     0.849 |
|     gt_vio_0_inst        |     0.003 |
|       inst               |     0.003 |
|   packet_rec_m0          |     0.006 |
|     word_align_m0        |     0.003 |
|   packet_send_m0         |     0.005 |
|   stream_input_inst      |     0.002 |
|   sys_clk_inst           |     0.004 |
|   u_ila_0                |     0.074 |
|     inst                 |     0.074 |
|       ila_core_inst      |     0.074 |
|   u_ila_1                |     0.046 |
|     inst                 |     0.046 |
|       ila_core_inst      |     0.046 |
|   u_ila_2                |     0.054 |
|     inst                 |     0.054 |
|       ila_core_inst      |     0.054 |
+--------------------------+-----------+


