Copyright 1986-2022 Xilinx, Inc. All Rights Reserved. Copyright 2022-2025 Advanced Micro Devices, Inc. All Rights Reserved.
---------------------------------------------------------------------------------------------------------------------------------------------
| Tool Version : Vivado v.2025.2 (lin64) Build 6299465 Fri Nov 14 12:34:56 MST 2025
| Date         : Mon Aug 24 16:42:18 2026
| Host         : Williams running 64-bit Ubuntu 22.04.5 LTS
| Command      : report_utilization -file top_utilization_placed.rpt -pb top_utilization_placed.pb
| Design       : top
| Device       : xcku060-ffva1156-2-i
| Speed File   : -2
| Design State : Fully Placed
---------------------------------------------------------------------------------------------------------------------------------------------

Utilization Design Information

Table of Contents
-----------------
1. CLB Logic
1.1 Summary of Registers by Type
2. CLB Logic Distribution
3. BLOCKRAM
4. ARITHMETIC
5. I/O
6. CLOCK
7. ADVANCED
8. CONFIGURATION
9. Primitives
10. Black Boxes
11. Instantiated Netlists

1. CLB Logic
------------

+----------------------------+--------+-------+------------+-----------+-------+
|          Site Type         |  Used  | Fixed | Prohibited | Available | Util% |
+----------------------------+--------+-------+------------+-----------+-------+
| CLB LUTs                   | 115664 |     0 |          0 |    331680 | 34.87 |
|   LUT as Logic             | 114728 |     0 |          0 |    331680 | 34.59 |
|   LUT as Memory            |    936 |     0 |          0 |    146880 |  0.64 |
|     LUT as Distributed RAM |     20 |     0 |            |           |       |
|     LUT as Shift Register  |    916 |     0 |            |           |       |
| CLB Registers              |  25389 |     0 |          0 |    663360 |  3.83 |
|   Register as Flip Flop    |  25389 |     0 |          0 |    663360 |  3.83 |
|   Register as Latch        |      0 |     0 |          0 |    663360 |  0.00 |
| CARRY8                     |   1876 |     0 |          0 |     41460 |  4.52 |
| F7 Muxes                   |  19606 |     0 |          0 |    165840 | 11.82 |
| F8 Muxes                   |   6205 |     0 |          0 |     82920 |  7.48 |
| F9 Muxes                   |      0 |     0 |          0 |     41460 |  0.00 |
| Unique Control Sets        |    421 |       |          0 |     82920 |  0.51 |
+----------------------------+--------+-------+------------+-----------+-------+
* Warning! LUT value is adjusted to account for LUT combining.
** Note: Available Control Sets calculated as Slices * 2, Review the Control Sets Report for more information regarding control sets.


1.1 Summary of Registers by Type
--------------------------------

+-------+--------------+-------------+--------------+
| Total | Clock Enable | Synchronous | Asynchronous |
+-------+--------------+-------------+--------------+
| 0     |            _ |           - |            - |
| 0     |            _ |           - |          Set |
| 0     |            _ |           - |        Reset |
| 0     |            _ |         Set |            - |
| 0     |            _ |       Reset |            - |
| 0     |          Yes |           - |            - |
| 123   |          Yes |           - |          Set |
| 534   |          Yes |           - |        Reset |
| 55    |          Yes |         Set |            - |
| 24677 |          Yes |       Reset |            - |
+-------+--------------+-------------+--------------+


2. CLB Logic Distribution
-------------------------

+--------------------------------------------+--------+-------+------------+-----------+-------+
|                  Site Type                 |  Used  | Fixed | Prohibited | Available | Util% |
+--------------------------------------------+--------+-------+------------+-----------+-------+
| CLB                                        |  19566 |     0 |          0 |     41460 | 47.19 |
|   CLBL                                     |  11061 |     0 |            |           |       |
|   CLBM                                     |   8505 |     0 |            |           |       |
| LUT as Logic                               | 114728 |     0 |          0 |    331680 | 34.59 |
|   using O5 output only                     |    189 |       |            |           |       |
|   using O6 output only                     | 104290 |       |            |           |       |
|   using O5 and O6                          |  10249 |       |            |           |       |
| LUT as Memory                              |    936 |     0 |          0 |    146880 |  0.64 |
|   LUT as Distributed RAM                   |     20 |     0 |            |           |       |
|     using O5 output only                   |      0 |       |            |           |       |
|     using O6 output only                   |      0 |       |            |           |       |
|     using O5 and O6                        |     20 |       |            |           |       |
|   LUT as Shift Register                    |    916 |     0 |            |           |       |
|     using O5 output only                   |      0 |       |            |           |       |
|     using O6 output only                   |    156 |       |            |           |       |
|     using O5 and O6                        |    760 |       |            |           |       |
| CLB Registers                              |  25389 |     0 |          0 |    663360 |  3.83 |
|   Register driven from within the CLB      |  19183 |       |            |           |       |
|   Register driven from outside the CLB     |   6206 |       |            |           |       |
|     LUT in front of the register is unused |   3927 |       |            |           |       |
|     LUT in front of the register is used   |   2279 |       |            |           |       |
+--------------------------------------------+--------+-------+------------+-----------+-------+


3. BLOCKRAM
-----------

+-------------------+------+-------+------------+-----------+-------+
|     Site Type     | Used | Fixed | Prohibited | Available | Util% |
+-------------------+------+-------+------------+-----------+-------+
| Block RAM Tile    |   84 |     0 |          0 |      1080 |  7.78 |
|   RAMB36/FIFO*    |   77 |     0 |          0 |      1080 |  7.13 |
|     FIFO36E2 only |    9 |       |            |           |       |
|     RAMB36E2 only |   68 |       |            |           |       |
|   RAMB18          |   14 |     0 |          0 |      2160 |  0.65 |
|     FIFO18E2 only |    2 |       |            |           |       |
|     RAMB18E2 only |   12 |       |            |           |       |
+-------------------+------+-------+------------+-----------+-------+
* Note: Each Block RAM Tile only has one FIFO logic available and therefore can accommodate only one FIFO36E2 or one FIFO18E2. However, if a FIFO18E2 occupies a Block RAM Tile, that tile can still accommodate a RAMB18E2


4. ARITHMETIC
-------------

+-----------+------+-------+------------+-----------+-------+
| Site Type | Used | Fixed | Prohibited | Available | Util% |
+-----------+------+-------+------------+-----------+-------+
| DSPs      |    0 |     0 |          0 |      2760 |  0.00 |
+-----------+------+-------+------------+-----------+-------+


5. I/O
------

+------------------+------+-------+------------+-----------+-------+
|     Site Type    | Used | Fixed | Prohibited | Available | Util% |
+------------------+------+-------+------------+-----------+-------+
| Bonded IOB       |    5 |     5 |          0 |       520 |  0.96 |
|   HPIOB          |    2 |     2 |          0 |       416 |  0.48 |
|     INPUT        |    2 |       |            |           |       |
|     OUTPUT       |    0 |       |            |           |       |
|     BIDIR        |    0 |       |            |           |       |
|   HRIO           |    3 |     3 |          0 |       104 |  2.88 |
|     INPUT        |    0 |       |            |           |       |
|     OUTPUT       |    3 |       |            |           |       |
|     BIDIR        |    0 |       |            |           |       |
| HPIOBDIFFINBUF   |    1 |     1 |          0 |       240 |  0.42 |
|   DIFFINBUF      |    1 |     1 |            |           |       |
| HPIOBDIFFOUTBUF  |    0 |     0 |          0 |       240 |  0.00 |
| HRIODIFFINBUF    |    0 |     0 |          0 |        48 |  0.00 |
| HRIODIFFOUTBUF   |    0 |     0 |          0 |        48 |  0.00 |
| BITSLICE_CONTROL |    0 |     0 |          0 |        96 |  0.00 |
| BITSLICE_RX_TX   |    0 |     0 |          0 |      3744 |  0.00 |
| BITSLICE_TX      |    0 |     0 |          0 |        96 |  0.00 |
| RIU_OR           |    0 |     0 |          0 |        48 |  0.00 |
+------------------+------+-------+------------+-----------+-------+


6. CLOCK
--------

+------------+------+-------+------------+-----------+-------+
|  Site Type | Used | Fixed | Prohibited | Available | Util% |
+------------+------+-------+------------+-----------+-------+
| BUFGCE     |    4 |     0 |          0 |       288 |  1.39 |
| BUFGCE_DIV |    0 |     0 |          0 |        48 |  0.00 |
| BUFG_GT    |    2 |     0 |          0 |       192 |  1.04 |
| BUFGCTRL*  |    0 |     0 |          0 |        96 |  0.00 |
| PLLE3_ADV  |    0 |     0 |          0 |        24 |  0.00 |
| MMCME3_ADV |    1 |     0 |          0 |        12 |  8.33 |
+------------+------+-------+------------+-----------+-------+
* Note: Each used BUFGCTRL counts as two GLOBAL CLOCK BUFFERs. This table does not include global clocking resources, only buffer cell usage. See the Clock Utilization Report (report_clock_utilization) for detailed accounting of global clocking resource availability.


7. ADVANCED
-----------

+-----------------+------+-------+------------+-----------+-------+
|    Site Type    | Used | Fixed | Prohibited | Available | Util% |
+-----------------+------+-------+------------+-----------+-------+
| GTHE3_CHANNEL   |    4 |     4 |          0 |        28 | 14.29 |
| GTHE3_COMMON    |    1 |     0 |          0 |         7 | 14.29 |
| IBUFDS_GTE3     |    1 |     1 |          0 |        14 |  7.14 |
| OBUFDS_GTE3     |    0 |     0 |          0 |        14 |  0.00 |
| OBUFDS_GTE3_ADV |    0 |     0 |          0 |        14 |  0.00 |
| PCIE_3_1        |    0 |     0 |          0 |         3 |  0.00 |
| SYSMONE1        |    0 |     0 |          0 |         1 |  0.00 |
+-----------------+------+-------+------------+-----------+-------+


8. CONFIGURATION
----------------

+-------------+------+-------+------------+-----------+-------+
|  Site Type  | Used | Fixed | Prohibited | Available | Util% |
+-------------+------+-------+------------+-----------+-------+
| BSCANE2     |    1 |     0 |          0 |         4 | 25.00 |
| DNA_PORTE2  |    0 |     0 |          0 |         1 |  0.00 |
| EFUSE_USR   |    0 |     0 |          0 |         1 |  0.00 |
| FRAME_ECCE3 |    0 |     0 |          0 |         1 |  0.00 |
| ICAPE3      |    0 |     0 |          0 |         2 |  0.00 |
| MASTER_JTAG |    0 |     0 |          0 |         1 |  0.00 |
| STARTUPE3   |    0 |     0 |          0 |         1 |  0.00 |
+-------------+------+-------+------------+-----------+-------+


9. Primitives
-------------

+---------------+-------+---------------------+
|    Ref Name   |  Used | Functional Category |
+---------------+-------+---------------------+
| LUT6          | 82768 |                 CLB |
| FDRE          | 24677 |            Register |
| MUXF7         | 19606 |                 CLB |
| LUT5          | 18820 |                 CLB |
| LUT2          |  8753 |                 CLB |
| LUT3          |  7514 |                 CLB |
| LUT4          |  6918 |                 CLB |
| MUXF8         |  6205 |                 CLB |
| CARRY8        |  1876 |                 CLB |
| SRL16E        |  1126 |                 CLB |
| SRLC32E       |   544 |                 CLB |
| FDCE          |   534 |            Register |
| LUT1          |   204 |                 CLB |
| FDPE          |   123 |            Register |
| RAMB36E2      |    68 |            BLOCKRAM |
| FDSE          |    55 |            Register |
| RAMD32        |    36 |                 CLB |
| RAMB18E2      |    12 |            BLOCKRAM |
| FIFO36E2      |     9 |            BLOCKRAM |
| SRLC16E       |     6 |                 CLB |
| RAMS32        |     4 |                 CLB |
| GTHE3_CHANNEL |     4 |            Advanced |
| BUFGCE        |     4 |               Clock |
| OBUF          |     3 |                 I/O |
| FIFO18E2      |     2 |            BLOCKRAM |
| BUFG_GT_SYNC  |     2 |               Clock |
| BUFG_GT       |     2 |               Clock |
| MMCME3_ADV    |     1 |               Clock |
| IBUFDS_GTE3   |     1 |            Advanced |
| IBUFCTRL      |     1 |              Others |
| GTHE3_COMMON  |     1 |            Advanced |
| DIFFINBUF     |     1 |                 I/O |
| BSCANE2       |     1 |       Configuration |
+---------------+-------+---------------------+


10. Black Boxes
---------------

+----------+------+
| Ref Name | Used |
+----------+------+


11. Instantiated Netlists
-------------------------

+----------------------+------+
|       Ref Name       | Used |
+----------------------+------+
| bram_rs              |    9 |
| reset_0              |    2 |
| u_ila_2              |    1 |
| u_ila_1              |    1 |
| u_ila_0              |    1 |
| serdes_framer        |    1 |
| serdes_assembler     |    1 |
| gt_vio_0             |    1 |
| gt                   |    1 |
| delay_combiner       |    1 |
| dbg_hub              |    1 |
| cross_logic_gth_load |    1 |
| cross_logic_gth_head |    1 |
| cross_logic_gth      |    1 |
| cross_gth_logic_load |    1 |
| cross_gth_logic_head |    1 |
| cross_gth_logic      |    1 |
| clk_wiz_0            |    1 |
+----------------------+------+


