INFO: [VRFC 10-2263] Analyzing Verilog file "/home/williams/MYFPGA/FSO FPGA/sda_codec_clean/sda_codec_clean/sda_codec_clean.gen/sources_1/ip/serdes_assembler/sim/serdes_assembler.v" into library xil_defaultlib
INFO: [VRFC 10-311] analyzing module serdes_assembler
INFO: [VRFC 10-2263] Analyzing Verilog file "/home/williams/MYFPGA/FSO FPGA/sda_codec_clean/sda_codec_clean/sda_codec_clean.gen/sources_1/ip/cross_logic_gth_load/sim/cross_logic_gth_load.v" into library xil_defaultlib
INFO: [VRFC 10-311] analyzing module cross_logic_gth_load
INFO: [VRFC 10-2263] Analyzing Verilog file "/home/williams/MYFPGA/FSO FPGA/sda_codec_clean/sda_codec_clean/sda_codec_clean.gen/sources_1/ip/cross_logic_gth_head/sim/cross_logic_gth_head.v" into library xil_defaultlib
INFO: [VRFC 10-311] analyzing module cross_logic_gth_head
INFO: [VRFC 10-2263] Analyzing Verilog file "/home/williams/MYFPGA/FSO FPGA/sda_codec_clean/sda_codec_clean/sda_codec_clean.gen/sources_1/ip/delay_rs/sim/delay_rs.v" into library xil_defaultlib
INFO: [VRFC 10-311] analyzing module delay_rs
INFO: [VRFC 10-2263] Analyzing Verilog file "/home/williams/MYFPGA/FSO FPGA/sda_codec_clean/sda_codec_clean/sda_codec_clean.gen/sources_1/ip/cross_gth_logic/sim/cross_gth_logic.v" into library xil_defaultlib
INFO: [VRFC 10-311] analyzing module cross_gth_logic
INFO: [VRFC 10-2263] Analyzing Verilog file "/home/williams/MYFPGA/FSO FPGA/sda_codec_clean/sda_codec_clean/sda_codec_clean.gen/sources_1/ip/cross_logic_gth/sim/cross_logic_gth.v" into library xil_defaultlib
INFO: [VRFC 10-311] analyzing module cross_logic_gth
INFO: [VRFC 10-2263] Analyzing Verilog file "/home/williams/MYFPGA/FSO FPGA/sda_codec_clean/sda_codec_clean/sda_codec_clean.gen/sources_1/ip/delay_combiner/sim/delay_combiner.v" into library xil_defaultlib
INFO: [VRFC 10-311] analyzing module delay_combiner
INFO: [VRFC 10-2263] Analyzing Verilog file "/home/williams/MYFPGA/FSO FPGA/sda_codec_clean/sda_codec_clean/sda_codec_clean.gen/sources_1/ip/cross_gth_logic_load/sim/cross_gth_logic_load.v" into library xil_defaultlib
INFO: [VRFC 10-311] analyzing module cross_gth_logic_load
INFO: [VRFC 10-2263] Analyzing Verilog file "/home/williams/MYFPGA/FSO FPGA/sda_codec_clean/sda_codec_clean/sda_codec_clean.gen/sources_1/ip/cross_gth_logic_head/sim/cross_gth_logic_head.v" into library xil_defaultlib
INFO: [VRFC 10-311] analyzing module cross_gth_logic_head
INFO: [VRFC 10-2263] Analyzing Verilog file "/home/williams/MYFPGA/FSO FPGA/sda_codec_clean/sda_codec_clean/sda_codec_clean.gen/sources_1/ip/serdes_framer/sim/serdes_framer.v" into library xil_defaultlib
INFO: [VRFC 10-311] analyzing module serdes_framer
INFO: [VRFC 10-2263] Analyzing Verilog file "/home/williams/MYFPGA/FSO FPGA/sda_codec_clean/sda_codec_clean/sda_codec_clean.gen/sources_1/ip/clk_wiz_1/clk_wiz_1_clk_wiz.v" into library xil_defaultlib
INFO: [VRFC 10-311] analyzing module clk_wiz_1_clk_wiz
INFO: [VRFC 10-2263] Analyzing Verilog file "/home/williams/MYFPGA/FSO FPGA/sda_codec_clean/sda_codec_clean/sda_codec_clean.gen/sources_1/ip/clk_wiz_1/clk_wiz_1.v" into library xil_defaultlib
INFO: [VRFC 10-311] analyzing module clk_wiz_1
INFO: [VRFC 10-2263] Analyzing Verilog file "/home/williams/MYFPGA/FSO FPGA/sda_codec_clean/sda_codec_clean/sda_codec_clean.gen/sources_1/ip/clk_wiz_0/clk_wiz_0_clk_wiz.v" into library xil_defaultlib
INFO: [VRFC 10-311] analyzing module clk_wiz_0_clk_wiz
INFO: [VRFC 10-2263] Analyzing Verilog file "/home/williams/MYFPGA/FSO FPGA/sda_codec_clean/sda_codec_clean/sda_codec_clean.gen/sources_1/ip/clk_wiz_0/clk_wiz_0.v" into library xil_defaultlib
INFO: [VRFC 10-311] analyzing module clk_wiz_0
INFO: [VRFC 10-2263] Analyzing Verilog file "/home/williams/MYFPGA/FSO FPGA/sda_codec_clean/sda_codec_clean/sda_codec_clean.srcs/sources_1/imports/Source core file/decoder/assembler.v" into library xil_defaultlib
INFO: [VRFC 10-311] analyzing module assembler
INFO: [VRFC 10-2263] Analyzing Verilog file "/home/williams/MYFPGA/FSO FPGA/sda_codec_clean/sda_codec_clean/sda_codec_clean.srcs/sources_1/imports/Source core file/decoder/assembler_top.v" into library xil_defaultlib
INFO: [VRFC 10-311] analyzing module assembler_top
INFO: [VRFC 10-2263] Analyzing Verilog file "/home/williams/MYFPGA/FSO FPGA/sda_codec_clean/sda_codec_clean/sda_codec_clean.srcs/sources_1/imports/Source core file/autorun.v" into library xil_defaultlib
INFO: [VRFC 10-311] analyzing module autorun
INFO: [VRFC 10-2263] Analyzing Verilog file "/home/williams/MYFPGA/FSO FPGA/sda_codec_clean/sda_codec_clean/sda_codec_clean.srcs/sources_1/imports/Source core file/rs_codec/chien_search.v" into library xil_defaultlib
INFO: [VRFC 10-311] analyzing module chien_search
INFO: [VRFC 10-2263] Analyzing Verilog file "/home/williams/MYFPGA/FSO FPGA/sda_codec_clean/sda_codec_clean/sda_codec_clean.srcs/sources_1/imports/Source core file/encoder/combiner.v" into library xil_defaultlib
INFO: [VRFC 10-311] analyzing module combiner
INFO: [VRFC 10-2263] Analyzing Verilog file "/home/williams/MYFPGA/FSO FPGA/sda_codec_clean/sda_codec_clean/sda_codec_clean.srcs/sources_1/imports/Source core file/decoder/core_rx.v" into library xil_defaultlib
INFO: [VRFC 10-311] analyzing module core_rx
INFO: [VRFC 10-2263] Analyzing Verilog file "/home/williams/MYFPGA/FSO FPGA/sda_codec_clean/sda_codec_clean/sda_codec_clean.srcs/sources_1/imports/Source core file/encoder/core_tx.v" into library xil_defaultlib
INFO: [VRFC 10-311] analyzing module core_tx
INFO: [VRFC 10-2263] Analyzing Verilog file "/home/williams/MYFPGA/FSO FPGA/sda_codec_clean/sda_codec_clean/sda_codec_clean.srcs/sources_1/imports/Source core file/encoder/crc_16.v" into library xil_defaultlib
INFO: [VRFC 10-311] analyzing module crc_16
INFO: [VRFC 10-2263] Analyzing Verilog file "/home/williams/MYFPGA/FSO FPGA/sda_codec_clean/sda_codec_clean/sda_codec_clean.srcs/sources_1/imports/Source core file/encoder/crc_32.v" into library xil_defaultlib
INFO: [VRFC 10-311] analyzing module crc_32
INFO: [VRFC 10-2263] Analyzing Verilog file "/home/williams/MYFPGA/FSO FPGA/sda_codec_clean/sda_codec_clean/sda_codec_clean.srcs/sources_1/imports/Source core file/decoder/decoder_top.v" into library xil_defaultlib
INFO: [VRFC 10-311] analyzing module decoder_top
INFO: [VRFC 10-2263] Analyzing Verilog file "/home/williams/MYFPGA/FSO FPGA/sda_codec_clean/sda_codec_clean/sda_codec_clean.srcs/sources_1/imports/Source core file/encoder/encoder_top.v" into library xil_defaultlib
INFO: [VRFC 10-311] analyzing module encoder_top
INFO: [VRFC 10-2263] Analyzing Verilog file "/home/williams/MYFPGA/FSO FPGA/sda_codec_clean/sda_codec_clean/sda_codec_clean.srcs/sources_1/imports/Source core file/error_inject.v" into library xil_defaultlib
INFO: [VRFC 10-311] analyzing module error_inject
INFO: [VRFC 10-2263] Analyzing Verilog file "/home/williams/MYFPGA/FSO FPGA/sda_codec_clean/sda_codec_clean/sda_codec_clean.srcs/sources_1/imports/Source core file/rs_codec/euclid_proc.v" into library xil_defaultlib
INFO: [VRFC 10-311] analyzing module euclid_proc
INFO: [VRFC 10-2263] Analyzing Verilog file "/home/williams/MYFPGA/FSO FPGA/sda_codec_clean/sda_codec_clean/sda_codec_clean.srcs/sources_1/imports/Source core file/rs_codec/forney_math.v" into library xil_defaultlib
INFO: [VRFC 10-311] analyzing module forney_math
INFO: [VRFC 10-2263] Analyzing Verilog file "/home/williams/MYFPGA/FSO FPGA/sda_codec_clean/sda_codec_clean/sda_codec_clean.srcs/sources_1/imports/Source core file/encoder/framer.v" into library xil_defaultlib
INFO: [VRFC 10-311] analyzing module framer
INFO: [VRFC 10-2263] Analyzing Verilog file "/home/williams/MYFPGA/FSO FPGA/sda_codec_clean/sda_codec_clean/sda_codec_clean.srcs/sources_1/imports/Source core file/encoder/framer_top.v" into library xil_defaultlib
INFO: [VRFC 10-311] analyzing module framer_top
INFO: [VRFC 10-2263] Analyzing Verilog file "/home/williams/MYFPGA/FSO FPGA/sda_codec_clean/sda_codec_clean/sda_codec_clean.srcs/sources_1/imports/Source core file/rs_codec/inverter.v" into library xil_defaultlib
INFO: [VRFC 10-311] analyzing module inverter
INFO: [VRFC 10-2263] Analyzing Verilog file "/home/williams/MYFPGA/FSO FPGA/sda_codec_clean/sda_codec_clean/sda_codec_clean.srcs/sources_1/imports/Source core file/encoder/lpc.v" into library xil_defaultlib
INFO: [VRFC 10-311] analyzing module lpc
INFO: [VRFC 10-2263] Analyzing Verilog file "/home/williams/MYFPGA/FSO FPGA/sda_codec_clean/sda_codec_clean/sda_codec_clean.srcs/sources_1/imports/Source core file/decoder/lpc_dec.v" into library xil_defaultlib
INFO: [VRFC 10-311] analyzing module lpc_dec
INFO: [VRFC 10-2263] Analyzing Verilog file "/home/williams/MYFPGA/FSO FPGA/sda_codec_clean/sda_codec_clean/sda_codec_clean.srcs/sources_1/imports/Source core file/decoder/lpc_dec_top.v" into library xil_defaultlib
INFO: [VRFC 10-311] analyzing module lpc_dec_top
INFO: [VRFC 10-2263] Analyzing Verilog file "/home/williams/MYFPGA/FSO FPGA/sda_codec_clean/sda_codec_clean/sda_codec_clean.srcs/sources_1/imports/Source core file/encoder/lpc_top.v" into library xil_defaultlib
INFO: [VRFC 10-311] analyzing module lpc_top
INFO: [VRFC 10-2263] Analyzing Verilog file "/home/williams/MYFPGA/FSO FPGA/sda_codec_clean/sda_codec_clean/sda_codec_clean.srcs/sources_1/imports/Source core file/rs_codec/multiplier.v" into library xil_defaultlib
INFO: [VRFC 10-311] analyzing module multiplier
INFO: [VRFC 10-2263] Analyzing Verilog file "/home/williams/MYFPGA/FSO FPGA/sda_codec_clean/sda_codec_clean/sda_codec_clean.srcs/sources_1/imports/Source core file/rs_codec/rs_decoder.v" into library xil_defaultlib
INFO: [VRFC 10-311] analyzing module rs_decoder
INFO: [VRFC 10-2263] Analyzing Verilog file "/home/williams/MYFPGA/FSO FPGA/sda_codec_clean/sda_codec_clean/sda_codec_clean.srcs/sources_1/imports/Source core file/decoder/rs_decoder_64.v" into library xil_defaultlib
INFO: [VRFC 10-311] analyzing module rs_decoder_64
INFO: [VRFC 10-2263] Analyzing Verilog file "/home/williams/MYFPGA/FSO FPGA/sda_codec_clean/sda_codec_clean/sda_codec_clean.srcs/sources_1/imports/Source core file/rs_codec/rs_encoder.v" into library xil_defaultlib
INFO: [VRFC 10-311] analyzing module rs_encoder
INFO: [VRFC 10-2263] Analyzing Verilog file "/home/williams/MYFPGA/FSO FPGA/sda_codec_clean/sda_codec_clean/sda_codec_clean.srcs/sources_1/imports/Source core file/encoder/rs_encoder_64.v" into library xil_defaultlib
INFO: [VRFC 10-311] analyzing module rs_encoder_64
INFO: [VRFC 10-2263] Analyzing Verilog file "/home/williams/MYFPGA/FSO FPGA/sda_codec_clean/sda_codec_clean/sda_codec_clean.srcs/sources_1/imports/Source core file/decoder/rx_gth_logic.v" into library xil_defaultlib
INFO: [VRFC 10-311] analyzing module rx_gth_logic
INFO: [VRFC 10-2263] Analyzing Verilog file "/home/williams/MYFPGA/FSO FPGA/sda_codec_clean/sda_codec_clean/sda_codec_clean.srcs/sources_1/imports/Source core file/decoder/rx_logic_gth.v" into library xil_defaultlib
INFO: [VRFC 10-311] analyzing module rx_logic_gth
INFO: [VRFC 10-2263] Analyzing Verilog file "/home/williams/MYFPGA/FSO FPGA/sda_codec_clean/sda_codec_clean/sda_codec_clean.srcs/sources_1/imports/Source core file/encoder/scrambler.v" into library xil_defaultlib
INFO: [VRFC 10-311] analyzing module scrambler
INFO: [VRFC 10-2263] Analyzing Verilog file "/home/williams/MYFPGA/FSO FPGA/sda_codec_clean/sda_codec_clean/sda_codec_clean.srcs/sources_1/imports/Source core file/decoder/separator.v" into library xil_defaultlib
INFO: [VRFC 10-311] analyzing module separator
INFO: [VRFC 10-2263] Analyzing Verilog file "/home/williams/MYFPGA/FSO FPGA/sda_codec_clean/sda_codec_clean/sda_codec_clean.srcs/sources_1/imports/Source core file/stream_input.v" into library xil_defaultlib
INFO: [VRFC 10-311] analyzing module stream_input
INFO: [VRFC 10-2263] Analyzing Verilog file "/home/williams/MYFPGA/FSO FPGA/sda_codec_clean/sda_codec_clean/sda_codec_clean.srcs/sources_1/imports/Source core file/rs_codec/syndrome_unit.v" into library xil_defaultlib
INFO: [VRFC 10-311] analyzing module syndrome_unit
INFO: [VRFC 10-2263] Analyzing Verilog file "/home/williams/MYFPGA/FSO FPGA/sda_codec_clean/sda_codec_clean/sda_codec_clean.srcs/sources_1/imports/Source core file/encoder/x_gth_logic.v" into library xil_defaultlib
INFO: [VRFC 10-311] analyzing module x_gth_logic
INFO: [VRFC 10-2263] Analyzing Verilog file "/home/williams/MYFPGA/FSO FPGA/sda_codec_clean/sda_codec_clean/sda_codec_clean.srcs/sources_1/imports/Source core file/encoder/x_logic_gth.v" into library xil_defaultlib
INFO: [VRFC 10-311] analyzing module x_logic_gth
INFO: [VRFC 10-2263] Analyzing Verilog file "/home/williams/MYFPGA/FSO FPGA/sda_codec_clean/sda_codec_clean/sda_codec_clean.srcs/sources_1/imports/Source core file/top.v" into library xil_defaultlib
INFO: [VRFC 10-311] analyzing module top
INFO: [VRFC 10-2263] Analyzing Verilog file "/home/williams/MYFPGA/FSO FPGA/sda_codec_clean/sda_codec_clean/sda_codec_clean.sim/sim_1/behav/xsim/glbl.v" into library xil_defaultlib
INFO: [VRFC 10-311] analyzing module glbl
