Time resolution is 1 ps
Note: Actual FIFO Depth = 1024
Time: 0 ps  Iteration: 0
Note:  DEPTH = 1024 WIDTH = 36 C_RD_PRIM_WIDTH = 72 C_RD_PRIM_DEPTH = 576 DEEP = 1 WIDE = 1
Time: 0 ps  Iteration: 0
Note: Actual FIFO Depth = 513
Time: 0 ps  Iteration: 0
Note:  DEPTH = 512 WIDTH = 72 C_RD_PRIM_WIDTH = 36 C_RD_PRIM_DEPTH = 1152 DEEP = 1 WIDE = 1
Time: 0 ps  Iteration: 0
Note: Actual FIFO Depth = 513
Time: 0 ps  Iteration: 0
Note:  DEPTH = 512 WIDTH = 36 C_RD_PRIM_WIDTH = 36 C_RD_PRIM_DEPTH = 512 DEEP = 1 WIDE = 1
Time: 0 ps  Iteration: 0
Note: Actual FIFO Depth = 512
Time: 0 ps  Iteration: 0
Note:  DEPTH = 512 WIDTH = 36 C_RD_PRIM_WIDTH = 36 C_RD_PRIM_DEPTH = 512 DEEP = 1 WIDE = 1
Time: 0 ps  Iteration: 0
Note: Actual FIFO Depth = 512
Time: 0 ps  Iteration: 0
Note:  DEPTH = 512 WIDTH = 36 C_RD_PRIM_WIDTH = 36 C_RD_PRIM_DEPTH = 512 DEEP = 1 WIDE = 1
Time: 0 ps  Iteration: 0
Note: Actual FIFO Depth = 512
Time: 0 ps  Iteration: 0
Note:  DEPTH = 512 WIDTH = 36 C_RD_PRIM_WIDTH = 36 C_RD_PRIM_DEPTH = 512 DEEP = 1 WIDE = 1
Time: 0 ps  Iteration: 0
Note: Actual FIFO Depth = 512
Time: 0 ps  Iteration: 0
Note:  DEPTH = 512 WIDTH = 36 C_RD_PRIM_WIDTH = 36 C_RD_PRIM_DEPTH = 512 DEEP = 1 WIDE = 1
Time: 0 ps  Iteration: 0
Note: Actual FIFO Depth = 512
Time: 0 ps  Iteration: 0
Note:  DEPTH = 512 WIDTH = 36 C_RD_PRIM_WIDTH = 36 C_RD_PRIM_DEPTH = 512 DEEP = 1 WIDE = 1
Time: 0 ps  Iteration: 0
Note: Actual FIFO Depth = 512
Time: 0 ps  Iteration: 0
Note:  DEPTH = 512 WIDTH = 36 C_RD_PRIM_WIDTH = 36 C_RD_PRIM_DEPTH = 512 DEEP = 1 WIDE = 1
Time: 0 ps  Iteration: 0
Note: Actual FIFO Depth = 512
Time: 0 ps  Iteration: 0
Note:  DEPTH = 512 WIDTH = 36 C_RD_PRIM_WIDTH = 36 C_RD_PRIM_DEPTH = 512 DEEP = 1 WIDE = 1
Time: 0 ps  Iteration: 0
Note: Actual FIFO Depth = 512
Time: 0 ps  Iteration: 0
Note:  DEPTH = 512 WIDTH = 36 C_RD_PRIM_WIDTH = 36 C_RD_PRIM_DEPTH = 512 DEEP = 1 WIDE = 1
Time: 0 ps  Iteration: 0
Note: Actual FIFO Depth = 512
Time: 0 ps  Iteration: 0
Note:  DEPTH = 512 WIDTH = 36 C_RD_PRIM_WIDTH = 36 C_RD_PRIM_DEPTH = 512 DEEP = 1 WIDE = 1
Time: 0 ps  Iteration: 0
Note: Actual FIFO Depth = 2049
Time: 0 ps  Iteration: 0
Note: Actual FIFO Depth = 2049
Time: 0 ps  Iteration: 0
Note:  DEPTH = 2048 WIDTH = 18 C_RD_PRIM_WIDTH = 72 C_RD_PRIM_DEPTH = 576 DEEP = 1 WIDE = 2
Time: 0 ps  Iteration: 0
Note: Actual FIFO Depth = 513
Time: 0 ps  Iteration: 0
Note: Actual FIFO Depth = 513
Time: 0 ps  Iteration: 0
Note:  DEPTH = 512 WIDTH = 72 C_RD_PRIM_WIDTH = 18 C_RD_PRIM_DEPTH = 2304 DEEP = 1 WIDE = 2
Time: 0 ps  Iteration: 0
Note: Actual FIFO Depth = 4096
Time: 0 ps  Iteration: 0
Note:  DEPTH = 4096 WIDTH = 9 C_RD_PRIM_WIDTH = 72 C_RD_PRIM_DEPTH = 576 DEEP = 1 WIDE = 1
Time: 0 ps  Iteration: 0
Note: Actual FIFO Depth = 1025
Time: 0 ps  Iteration: 0
Note:  DEPTH = 1024 WIDTH = 36 C_RD_PRIM_WIDTH = 72 C_RD_PRIM_DEPTH = 576 DEEP = 1 WIDE = 1
Time: 0 ps  Iteration: 0
Note: Actual FIFO Depth = 513
Time: 0 ps  Iteration: 0
Note:  DEPTH = 512 WIDTH = 36 C_RD_PRIM_WIDTH = 36 C_RD_PRIM_DEPTH = 512 DEEP = 1 WIDE = 1
Time: 0 ps  Iteration: 0
Note: Actual FIFO Depth = 512
Time: 0 ps  Iteration: 0
Note:  DEPTH = 512 WIDTH = 72 C_RD_PRIM_WIDTH = 36 C_RD_PRIM_DEPTH = 1152 DEEP = 1 WIDE = 1
Time: 0 ps  Iteration: 0
INFO: xsimkernel Simulation Memory Usage: 311348 KB (Peak: 359396 KB), Simulation CPU Usage: 700 ms
