
*** Running vivado
    with args -log clk_wiz_0.vds -m64 -product Vivado -mode batch -messageDb vivado.pb -notrace -source clk_wiz_0.tcl


****** Vivado v2022.2 (64-bit)
  **** SW Build 3671981 on Fri Oct 14 04:59:54 MDT 2022
  **** IP Build 3669848 on Fri Oct 14 08:30:02 MDT 2022
    ** Copyright 1986-2022 Xilinx, Inc. All Rights Reserved.

source clk_wiz_0.tcl -notrace
INFO: [IP_Flow 19-6924] IPCACHE: Running cache check for IP inst: clk_wiz_0
Command: synth_design -top clk_wiz_0 -part xcku060-ffva1156-2-i -incremental_mode off -mode out_of_context
Starting synth_design
Attempting to get a license for feature 'Synthesis' and/or device 'xcku060'
INFO: [Common 17-349] Got license for feature 'Synthesis' and/or device 'xcku060'
INFO: [Device 21-403] Loading part xcku060-ffva1156-2-i
INFO: [Synth 8-7079] Multithreading enabled for synth_design using a maximum of 4 processes.
INFO: [Synth 8-7078] Launching helper process for spawning children vivado processes
INFO: [Synth 8-7075] Helper process launched with PID 1395507
INFO: [Synth 8-11241] undeclared symbol 'REGCCE', assumed default net type 'wire' [/tools/Xilinx/Vivado/2022.2/data/verilog/src/unimacro/BRAM_SINGLE_MACRO.v:2170]
---------------------------------------------------------------------------------
Starting RTL Elaboration : Time (s): cpu = 00:00:02 ; elapsed = 00:00:02 . Memory (MB): peak = 3066.195 ; gain = 361.832 ; free physical = 436 ; free virtual = 85210
Synthesis current peak Physical Memory [PSS] (MB): peak = 2250.925; parent = 2127.106; children = 123.818
Synthesis current peak Virtual Memory [VSS] (MB): peak = 4046.070; parent = 3069.168; children = 976.902
---------------------------------------------------------------------------------
INFO: [Synth 8-6157] synthesizing module 'clk_wiz_0' [/home/williams/MYFPGA/FPGA Final/sda_codec_clean/sda_codec_clean/sda_codec_clean.gen/sources_1/ip/clk_wiz_0/clk_wiz_0.v:68]
INFO: [Synth 8-6157] synthesizing module 'clk_wiz_0_clk_wiz' [/home/williams/MYFPGA/FPGA Final/sda_codec_clean/sda_codec_clean/sda_codec_clean.gen/sources_1/ip/clk_wiz_0/clk_wiz_0_clk_wiz.v:68]
INFO: [Synth 8-6157] synthesizing module 'IBUF' [/tools/Xilinx/Vivado/2022.2/scripts/rt/data/unisim_comp.v:71326]
INFO: [Synth 8-6155] done synthesizing module 'IBUF' (0#1) [/tools/Xilinx/Vivado/2022.2/scripts/rt/data/unisim_comp.v:71326]
INFO: [Synth 8-6157] synthesizing module 'MMCME3_ADV' [/tools/Xilinx/Vivado/2022.2/scripts/rt/data/unisim_comp.v:80043]
	Parameter BANDWIDTH bound to: OPTIMIZED - type: string 
	Parameter CLKFBOUT_MULT_F bound to: 40.625000 - type: double 
	Parameter CLKFBOUT_PHASE bound to: 0.000000 - type: double 
	Parameter CLKFBOUT_USE_FINE_PS bound to: FALSE - type: string 
	Parameter CLKIN1_PERIOD bound to: 5.000000 - type: double 
	Parameter CLKOUT0_DIVIDE_F bound to: 3.250000 - type: double 
	Parameter CLKOUT0_DUTY_CYCLE bound to: 0.500000 - type: double 
	Parameter CLKOUT0_PHASE bound to: 0.000000 - type: double 
	Parameter CLKOUT0_USE_FINE_PS bound to: FALSE - type: string 
	Parameter CLKOUT4_CASCADE bound to: FALSE - type: string 
	Parameter COMPENSATION bound to: AUTO - type: string 
	Parameter DIVCLK_DIVIDE bound to: 8 - type: integer 
	Parameter STARTUP_WAIT bound to: FALSE - type: string 
INFO: [Synth 8-6155] done synthesizing module 'MMCME3_ADV' (0#1) [/tools/Xilinx/Vivado/2022.2/scripts/rt/data/unisim_comp.v:80043]
INFO: [Synth 8-6157] synthesizing module 'BUFG' [/tools/Xilinx/Vivado/2022.2/scripts/rt/data/unisim_comp.v:1082]
INFO: [Synth 8-6155] done synthesizing module 'BUFG' (0#1) [/tools/Xilinx/Vivado/2022.2/scripts/rt/data/unisim_comp.v:1082]
INFO: [Synth 8-6155] done synthesizing module 'clk_wiz_0_clk_wiz' (0#1) [/home/williams/MYFPGA/FPGA Final/sda_codec_clean/sda_codec_clean/sda_codec_clean.gen/sources_1/ip/clk_wiz_0/clk_wiz_0_clk_wiz.v:68]
INFO: [Synth 8-6155] done synthesizing module 'clk_wiz_0' (0#1) [/home/williams/MYFPGA/FPGA Final/sda_codec_clean/sda_codec_clean/sda_codec_clean.gen/sources_1/ip/clk_wiz_0/clk_wiz_0.v:68]
---------------------------------------------------------------------------------
Finished RTL Elaboration : Time (s): cpu = 00:00:03 ; elapsed = 00:00:03 . Memory (MB): peak = 3138.133 ; gain = 433.770 ; free physical = 686 ; free virtual = 84937
Synthesis current peak Physical Memory [PSS] (MB): peak = 2250.925; parent = 2127.106; children = 123.818
Synthesis current peak Virtual Memory [VSS] (MB): peak = 4115.039; parent = 3138.137; children = 976.902
---------------------------------------------------------------------------------
---------------------------------------------------------------------------------
Start Handling Custom Attributes
---------------------------------------------------------------------------------
---------------------------------------------------------------------------------
Finished Handling Custom Attributes : Time (s): cpu = 00:00:03 ; elapsed = 00:00:03 . Memory (MB): peak = 3155.945 ; gain = 451.582 ; free physical = 735 ; free virtual = 84987
Synthesis current peak Physical Memory [PSS] (MB): peak = 2250.925; parent = 2127.106; children = 123.818
Synthesis current peak Virtual Memory [VSS] (MB): peak = 4132.852; parent = 3155.949; children = 976.902
---------------------------------------------------------------------------------
---------------------------------------------------------------------------------
Finished RTL Optimization Phase 1 : Time (s): cpu = 00:00:03 ; elapsed = 00:00:03 . Memory (MB): peak = 3155.945 ; gain = 451.582 ; free physical = 719 ; free virtual = 84971
Synthesis current peak Physical Memory [PSS] (MB): peak = 2250.925; parent = 2127.106; children = 123.818
Synthesis current peak Virtual Memory [VSS] (MB): peak = 4132.852; parent = 3155.949; children = 976.902
---------------------------------------------------------------------------------
Netlist sorting complete. Time (s): cpu = 00:00:00 ; elapsed = 00:00:00 . Memory (MB): peak = 3161.883 ; gain = 0.000 ; free physical = 681 ; free virtual = 84932
INFO: [Netlist 29-17] Analyzing 3 Unisim elements for replacement
INFO: [Netlist 29-28] Unisim Transformation completed in 0 CPU seconds
INFO: [Project 1-570] Preparing netlist for logic optimization

Processing XDC Constraints
Initializing timing engine
Parsing XDC File [/home/williams/MYFPGA/FPGA Final/sda_codec_clean/sda_codec_clean/sda_codec_clean.gen/sources_1/ip/clk_wiz_0/clk_wiz_0_ooc.xdc] for cell 'inst'
Finished Parsing XDC File [/home/williams/MYFPGA/FPGA Final/sda_codec_clean/sda_codec_clean/sda_codec_clean.gen/sources_1/ip/clk_wiz_0/clk_wiz_0_ooc.xdc] for cell 'inst'
Parsing XDC File [/home/williams/MYFPGA/FPGA Final/sda_codec_clean/sda_codec_clean/sda_codec_clean.gen/sources_1/ip/clk_wiz_0/clk_wiz_0_board.xdc] for cell 'inst'
Finished Parsing XDC File [/home/williams/MYFPGA/FPGA Final/sda_codec_clean/sda_codec_clean/sda_codec_clean.gen/sources_1/ip/clk_wiz_0/clk_wiz_0_board.xdc] for cell 'inst'
Parsing XDC File [/home/williams/MYFPGA/FPGA Final/sda_codec_clean/sda_codec_clean/sda_codec_clean.gen/sources_1/ip/clk_wiz_0/clk_wiz_0.xdc] for cell 'inst'
Finished Parsing XDC File [/home/williams/MYFPGA/FPGA Final/sda_codec_clean/sda_codec_clean/sda_codec_clean.gen/sources_1/ip/clk_wiz_0/clk_wiz_0.xdc] for cell 'inst'
INFO: [Project 1-236] Implementation specific constraints were found while reading constraint file [/home/williams/MYFPGA/FPGA Final/sda_codec_clean/sda_codec_clean/sda_codec_clean.gen/sources_1/ip/clk_wiz_0/clk_wiz_0.xdc]. These constraints will be ignored for synthesis but will be used in implementation. Impacted constraints are listed in the file [.Xil/clk_wiz_0_propImpl.xdc].
Resolution: To avoid this warning, move constraints listed in [.Xil/clk_wiz_0_propImpl.xdc] to another XDC file and exclude this new file from synthesis with the used_in_synthesis property (File Properties dialog in GUI) and re-run elaboration/synthesis.
INFO: [Timing 38-2] Deriving generated clocks
Parsing XDC File [/home/williams/MYFPGA/FPGA Final/sda_codec_clean/sda_codec_clean/sda_codec_clean.runs/clk_wiz_0_synth_1/dont_touch.xdc]
Finished Parsing XDC File [/home/williams/MYFPGA/FPGA Final/sda_codec_clean/sda_codec_clean/sda_codec_clean.runs/clk_wiz_0_synth_1/dont_touch.xdc]
Completed Processing XDC Constraints

Netlist sorting complete. Time (s): cpu = 00:00:00 ; elapsed = 00:00:00 . Memory (MB): peak = 3237.789 ; gain = 0.000 ; free physical = 538 ; free virtual = 84794
INFO: [Project 1-111] Unisim Transformation Summary:
  A total of 2 instances were transformed.
  BUFG => BUFGCE: 1 instance 
  IBUF => IBUF (IBUFCTRL, INBUF): 1 instance 

Constraint Validation Runtime : Time (s): cpu = 00:00:00 ; elapsed = 00:00:00 . Memory (MB): peak = 3237.789 ; gain = 0.000 ; free physical = 537 ; free virtual = 84793
INFO: [Designutils 20-5008] Incremental synthesis strategy off
INFO: [Synth 8-11241] undeclared symbol 'REGCCE', assumed default net type 'wire' [/tools/Xilinx/Vivado/2022.2/data/verilog/src/unimacro/BRAM_SINGLE_MACRO.v:2170]
---------------------------------------------------------------------------------
Finished Constraint Validation : Time (s): cpu = 00:00:05 ; elapsed = 00:00:06 . Memory (MB): peak = 3237.789 ; gain = 533.426 ; free physical = 493 ; free virtual = 84769
Synthesis current peak Physical Memory [PSS] (MB): peak = 2250.925; parent = 2127.106; children = 123.818
Synthesis current peak Virtual Memory [VSS] (MB): peak = 4182.680; parent = 3205.777; children = 976.902
---------------------------------------------------------------------------------
---------------------------------------------------------------------------------
Start Loading Part and Timing Information
---------------------------------------------------------------------------------
Loading part: xcku060-ffva1156-2-i
INFO: [Synth 8-6742] Reading net delay rules and data
---------------------------------------------------------------------------------
Finished Loading Part and Timing Information : Time (s): cpu = 00:00:05 ; elapsed = 00:00:06 . Memory (MB): peak = 3237.789 ; gain = 533.426 ; free physical = 489 ; free virtual = 84765
Synthesis current peak Physical Memory [PSS] (MB): peak = 2250.925; parent = 2127.106; children = 123.818
Synthesis current peak Virtual Memory [VSS] (MB): peak = 4182.680; parent = 3205.777; children = 976.902
---------------------------------------------------------------------------------
---------------------------------------------------------------------------------
Start Applying 'set_property' XDC Constraints
---------------------------------------------------------------------------------
Applied set_property KEEP_HIERARCHY = SOFT for inst. (constraint file  {/home/williams/MYFPGA/FPGA Final/sda_codec_clean/sda_codec_clean/sda_codec_clean.runs/clk_wiz_0_synth_1/dont_touch.xdc}, line 9).
---------------------------------------------------------------------------------
Finished applying 'set_property' XDC Constraints : Time (s): cpu = 00:00:05 ; elapsed = 00:00:06 . Memory (MB): peak = 3237.789 ; gain = 533.426 ; free physical = 477 ; free virtual = 84753
Synthesis current peak Physical Memory [PSS] (MB): peak = 2250.925; parent = 2127.106; children = 123.818
Synthesis current peak Virtual Memory [VSS] (MB): peak = 4182.680; parent = 3205.777; children = 976.902
---------------------------------------------------------------------------------
---------------------------------------------------------------------------------
Finished RTL Optimization Phase 2 : Time (s): cpu = 00:00:06 ; elapsed = 00:00:06 . Memory (MB): peak = 3237.789 ; gain = 533.426 ; free physical = 470 ; free virtual = 84746
Synthesis current peak Physical Memory [PSS] (MB): peak = 2250.925; parent = 2127.106; children = 123.818
Synthesis current peak Virtual Memory [VSS] (MB): peak = 4182.680; parent = 3205.777; children = 976.902
---------------------------------------------------------------------------------
---------------------------------------------------------------------------------
Start RTL Component Statistics 
---------------------------------------------------------------------------------
Detailed RTL Component Info : 
---------------------------------------------------------------------------------
Finished RTL Component Statistics 
---------------------------------------------------------------------------------
---------------------------------------------------------------------------------
Start Part Resource Summary
---------------------------------------------------------------------------------
Part Resources:
DSPs: 2760 (col length:120)
BRAMs: 2160 (col length: RAMB18 120 RAMB36 60)
---------------------------------------------------------------------------------
Finished Part Resource Summary
---------------------------------------------------------------------------------
---------------------------------------------------------------------------------
Start Cross Boundary and Area Optimization
---------------------------------------------------------------------------------
WARNING: [Synth 8-7080] Parallel synthesis criteria is not met
---------------------------------------------------------------------------------
Finished Cross Boundary and Area Optimization : Time (s): cpu = 00:00:06 ; elapsed = 00:00:07 . Memory (MB): peak = 3237.789 ; gain = 533.426 ; free physical = 440 ; free virtual = 84527
Synthesis current peak Physical Memory [PSS] (MB): peak = 2250.925; parent = 2127.106; children = 123.818
Synthesis current peak Virtual Memory [VSS] (MB): peak = 4182.680; parent = 3205.777; children = 976.902
---------------------------------------------------------------------------------
---------------------------------------------------------------------------------
Start Applying XDC Timing Constraints
---------------------------------------------------------------------------------
---------------------------------------------------------------------------------
Finished Applying XDC Timing Constraints : Time (s): cpu = 00:00:10 ; elapsed = 00:00:11 . Memory (MB): peak = 3252.250 ; gain = 547.887 ; free physical = 1357 ; free virtual = 84610
Synthesis current peak Physical Memory [PSS] (MB): peak = 2420.145; parent = 2293.763; children = 126.382
Synthesis current peak Virtual Memory [VSS] (MB): peak = 4229.156; parent = 3252.254; children = 976.902
---------------------------------------------------------------------------------
---------------------------------------------------------------------------------
Start Timing Optimization
---------------------------------------------------------------------------------
---------------------------------------------------------------------------------
Finished Timing Optimization : Time (s): cpu = 00:00:10 ; elapsed = 00:00:11 . Memory (MB): peak = 3252.250 ; gain = 547.887 ; free physical = 1426 ; free virtual = 84680
Synthesis current peak Physical Memory [PSS] (MB): peak = 2420.178; parent = 2293.816; children = 126.382
Synthesis current peak Virtual Memory [VSS] (MB): peak = 4229.156; parent = 3252.254; children = 976.902
---------------------------------------------------------------------------------
---------------------------------------------------------------------------------
Start Technology Mapping
---------------------------------------------------------------------------------
---------------------------------------------------------------------------------
Finished Technology Mapping : Time (s): cpu = 00:00:10 ; elapsed = 00:00:11 . Memory (MB): peak = 3271.281 ; gain = 566.918 ; free physical = 1390 ; free virtual = 84643
Synthesis current peak Physical Memory [PSS] (MB): peak = 2420.359; parent = 2293.978; children = 126.382
Synthesis current peak Virtual Memory [VSS] (MB): peak = 4248.188; parent = 3271.285; children = 976.902
---------------------------------------------------------------------------------
---------------------------------------------------------------------------------
Start IO Insertion
---------------------------------------------------------------------------------
---------------------------------------------------------------------------------
Start Flattening Before IO Insertion
---------------------------------------------------------------------------------
---------------------------------------------------------------------------------
Finished Flattening Before IO Insertion
---------------------------------------------------------------------------------
---------------------------------------------------------------------------------
Start Final Netlist Cleanup
---------------------------------------------------------------------------------
---------------------------------------------------------------------------------
Finished Final Netlist Cleanup
---------------------------------------------------------------------------------
---------------------------------------------------------------------------------
Finished IO Insertion : Time (s): cpu = 00:00:12 ; elapsed = 00:00:13 . Memory (MB): peak = 3277.219 ; gain = 572.855 ; free physical = 1099 ; free virtual = 84333
Synthesis current peak Physical Memory [PSS] (MB): peak = 2420.359; parent = 2293.978; children = 126.382
Synthesis current peak Virtual Memory [VSS] (MB): peak = 4254.125; parent = 3277.223; children = 976.902
---------------------------------------------------------------------------------
---------------------------------------------------------------------------------
Start Renaming Generated Instances
---------------------------------------------------------------------------------
---------------------------------------------------------------------------------
Finished Renaming Generated Instances : Time (s): cpu = 00:00:12 ; elapsed = 00:00:13 . Memory (MB): peak = 3277.219 ; gain = 572.855 ; free physical = 1105 ; free virtual = 84339
Synthesis current peak Physical Memory [PSS] (MB): peak = 2420.359; parent = 2293.978; children = 126.382
Synthesis current peak Virtual Memory [VSS] (MB): peak = 4254.125; parent = 3277.223; children = 976.902
---------------------------------------------------------------------------------
---------------------------------------------------------------------------------
Start Rebuilding User Hierarchy
---------------------------------------------------------------------------------
---------------------------------------------------------------------------------
Finished Rebuilding User Hierarchy : Time (s): cpu = 00:00:12 ; elapsed = 00:00:13 . Memory (MB): peak = 3277.219 ; gain = 572.855 ; free physical = 1097 ; free virtual = 84331
Synthesis current peak Physical Memory [PSS] (MB): peak = 2420.359; parent = 2293.978; children = 126.382
Synthesis current peak Virtual Memory [VSS] (MB): peak = 4254.125; parent = 3277.223; children = 976.902
---------------------------------------------------------------------------------
---------------------------------------------------------------------------------
Start Renaming Generated Ports
---------------------------------------------------------------------------------
---------------------------------------------------------------------------------
Finished Renaming Generated Ports : Time (s): cpu = 00:00:12 ; elapsed = 00:00:13 . Memory (MB): peak = 3277.219 ; gain = 572.855 ; free physical = 1088 ; free virtual = 84323
Synthesis current peak Physical Memory [PSS] (MB): peak = 2420.359; parent = 2293.978; children = 126.382
Synthesis current peak Virtual Memory [VSS] (MB): peak = 4254.125; parent = 3277.223; children = 976.902
---------------------------------------------------------------------------------
---------------------------------------------------------------------------------
Start Handling Custom Attributes
---------------------------------------------------------------------------------
---------------------------------------------------------------------------------
Finished Handling Custom Attributes : Time (s): cpu = 00:00:12 ; elapsed = 00:00:13 . Memory (MB): peak = 3277.219 ; gain = 572.855 ; free physical = 1087 ; free virtual = 84321
Synthesis current peak Physical Memory [PSS] (MB): peak = 2420.359; parent = 2293.978; children = 126.382
Synthesis current peak Virtual Memory [VSS] (MB): peak = 4254.125; parent = 3277.223; children = 976.902
---------------------------------------------------------------------------------
---------------------------------------------------------------------------------
Start Renaming Generated Nets
---------------------------------------------------------------------------------
---------------------------------------------------------------------------------
Finished Renaming Generated Nets : Time (s): cpu = 00:00:12 ; elapsed = 00:00:13 . Memory (MB): peak = 3277.219 ; gain = 572.855 ; free physical = 1093 ; free virtual = 84327
Synthesis current peak Physical Memory [PSS] (MB): peak = 2420.359; parent = 2293.978; children = 126.382
Synthesis current peak Virtual Memory [VSS] (MB): peak = 4254.125; parent = 3277.223; children = 976.902
---------------------------------------------------------------------------------
---------------------------------------------------------------------------------
Start Writing Synthesis Report
---------------------------------------------------------------------------------

Report BlackBoxes: 
+-+--------------+----------+
| |BlackBox name |Instances |
+-+--------------+----------+
+-+--------------+----------+

Report Cell Usage: 
+------+-----------+------+
|      |Cell       |Count |
+------+-----------+------+
|1     |BUFG       |     1|
|2     |MMCME3_ADV |     1|
|3     |IBUF       |     1|
+------+-----------+------+
---------------------------------------------------------------------------------
Finished Writing Synthesis Report : Time (s): cpu = 00:00:12 ; elapsed = 00:00:13 . Memory (MB): peak = 3277.219 ; gain = 572.855 ; free physical = 1093 ; free virtual = 84327
Synthesis current peak Physical Memory [PSS] (MB): peak = 2420.359; parent = 2293.978; children = 126.382
Synthesis current peak Virtual Memory [VSS] (MB): peak = 4254.125; parent = 3277.223; children = 976.902
---------------------------------------------------------------------------------
Synthesis finished with 0 errors, 0 critical warnings and 1 warnings.
Synthesis Optimization Runtime : Time (s): cpu = 00:00:11 ; elapsed = 00:00:12 . Memory (MB): peak = 3277.219 ; gain = 491.012 ; free physical = 1070 ; free virtual = 84304
Synthesis Optimization Complete : Time (s): cpu = 00:00:12 ; elapsed = 00:00:13 . Memory (MB): peak = 3277.227 ; gain = 572.855 ; free physical = 1074 ; free virtual = 84308
INFO: [Project 1-571] Translating synthesized netlist
Netlist sorting complete. Time (s): cpu = 00:00:00 ; elapsed = 00:00:00 . Memory (MB): peak = 3277.227 ; gain = 0.000 ; free physical = 1074 ; free virtual = 84308
INFO: [Netlist 29-17] Analyzing 3 Unisim elements for replacement
INFO: [Netlist 29-28] Unisim Transformation completed in 0 CPU seconds
INFO: [Project 1-570] Preparing netlist for logic optimization
INFO: [Opt 31-138] Pushed 0 inverter(s) to 0 load pin(s).
INFO: [Opt 31-326] The CLKFBOUT to CLKFBIN net for instance inst/mmcme3_adv_inst with COMPENSATION=INTERNAL is optimized away to aid design routability
Netlist sorting complete. Time (s): cpu = 00:00:00 ; elapsed = 00:00:00 . Memory (MB): peak = 3317.844 ; gain = 0.000 ; free physical = 1134 ; free virtual = 84370
INFO: [Project 1-111] Unisim Transformation Summary:
  A total of 2 instances were transformed.
  BUFG => BUFGCE: 1 instance 
  IBUF => IBUF (IBUFCTRL, INBUF): 1 instance 

Synth Design complete, checksum: ad688e8f
INFO: [Common 17-83] Releasing license: Synthesis
34 Infos, 1 Warnings, 0 Critical Warnings and 0 Errors encountered.
synth_design completed successfully
INFO: [Common 17-600] The following parameters have non-default value.
tcl.statsThreshold
INFO: [Common 17-1381] The checkpoint '/home/williams/MYFPGA/FPGA Final/sda_codec_clean/sda_codec_clean/sda_codec_clean.runs/clk_wiz_0_synth_1/clk_wiz_0.dcp' has been generated.
INFO: [Coretcl 2-1648] Added synthesis output to IP cache for IP clk_wiz_0, cache-ID = f449e2b7cee56109
INFO: [Common 17-1381] The checkpoint '/home/williams/MYFPGA/FPGA Final/sda_codec_clean/sda_codec_clean/sda_codec_clean.runs/clk_wiz_0_synth_1/clk_wiz_0.dcp' has been generated.
INFO: [runtcl-4] Executing : report_utilization -file clk_wiz_0_utilization_synth.rpt -pb clk_wiz_0_utilization_synth.pb
INFO: [Common 17-206] Exiting Vivado at Thu Aug  6 16:38:55 2026...
