Vivado Simulator v2025.2
Copyright 1986-2022 Xilinx, Inc. All Rights Reserved.
Copyright 2022-2025 Advanced Micro Devices, Inc. All Rights Reserved.
Running: /2025.2/2025.2/Vivado/bin/unwrapped/lnx64.o/xelab --incr --debug typical --relax --mt 8 -L xil_defaultlib -L gtwizard_ultrascale_v1_7_22 -L unisims_ver -L unimacro_ver -L secureip -L xpm --snapshot gt_example_top_sim_behav xil_defaultlib.gt_example_top_sim xil_defaultlib.glbl -log elaborate.log 
Using 8 slave threads.
WARNING: [XSIM 43-3431] One or more environment variables have been detected which affect the operation of the C compiler. These are typically not set in standard installations and are not tested by AMD, however they may be appropriate for your system, so the flow will attempt to continue.  If errors occur, try running xelab with the "-mt off -v 1" switches to see more information from the C compiler. The following environment variables have been detected:
Starting static elaboration
Pass Through NonSizing Optimizer
Completed static elaboration
Starting simulation data flow analysis
Completed simulation data flow analysis
Time Resolution for simulation is 1ps
Compiling module unisims_ver.IBUF
Compiling module unisims_ver.BUFG
Compiling module unisims_ver.IBUFDS_GTE3_default
Compiling module xil_defaultlib.gt_example_reset_synchronizer
Compiling module xil_defaultlib.gt_example_bit_synchronizer
Compiling module xil_defaultlib.gt_example_init
Compiling module xil_defaultlib.gt_vio_0
Compiling module unisims_ver.BUFG_GT
Compiling module xil_defaultlib.gt_example_gtwiz_userclk_tx_defa...
Compiling module xil_defaultlib.gt_example_gtwiz_userclk_rx_defa...
Compiling module unisims_ver.GTHE3_COMMON(QPLL0_CFG0=16'b0110...
Compiling module xil_defaultlib.gtwizard_ultrascale_v1_7_22_gthe...
Compiling module xil_defaultlib.gt_gthe3_common_wrapper
Compiling module unisims_ver.GTHE3_CHANNEL(ALIGN_COMMA_ENABLE...
Compiling module xil_defaultlib.gtwizard_ultrascale_v1_7_22_gthe...
Compiling module xil_defaultlib.gt_gthe3_channel_wrapper(NUM_CHA...
Compiling module gtwizard_ultrascale_v1_7_22.gtwizard_ultrascale_v1_7_22_bit_...
Compiling module gtwizard_ultrascale_v1_7_22.gtwizard_ultrascale_v1_7_22_rese...
Compiling module gtwizard_ultrascale_v1_7_22.gtwizard_ultrascale_v1_7_22_rese...
Compiling module gtwizard_ultrascale_v1_7_22.gtwizard_ultrascale_v1_7_22_gtwi...
Compiling module gtwizard_ultrascale_v1_7_22.gtwizard_ultrascale_v1_7_22_gtwi...
Compiling module gtwizard_ultrascale_v1_7_22.gtwizard_ultrascale_v1_7_22_gtwi...
Compiling module xil_defaultlib.gt_gtwizard_gthe3(C_CHANNEL_ENAB...
Compiling module xil_defaultlib.gt_gtwizard_top(C_CHANNEL_ENABLE...
Compiling module xil_defaultlib.gt
Compiling module xil_defaultlib.gt_example_wrapper
Compiling module xil_defaultlib.gt_example_top
Compiling module xil_defaultlib.gt_example_top_sim
Compiling module xil_defaultlib.glbl
Built simulation snapshot gt_example_top_sim_behav
